-- Logs begin at Fri 2019-04-05 02:24:27 UTC, end at Fri 2019-04-05 05:21:35 UTC. --
Apr 05 02:24:27.875068 localhost kernel: Linux version 4.14.94+ (chrome-bot@swarm-cros-645) (gcc version 4.9.x 20150123 (prerelease) (4.9.2_cos_gg_4.9.2-r200-ac6128e0a17a52f011797f33ac3e7d6273a9368d_4.9.2-r200)) #1 SMP Thu Feb 28 00:14:21 PST 2019
Apr 05 02:24:27.875109 localhost kernel: Command line: BOOT_IMAGE=/syslinux/vmlinuz.A init=/usr/lib/systemd/systemd boot=local rootwait ro noresume noswap loglevel=7 noinitrd console=ttyS0 vsyscall=emulate security=apparmor virtio_net.napi_tx=1 systemd.unified_cgroup_hierarchy=false systemd.legacy_systemd_cgroup_controller=true csm.disabled=1 dm_verity.error_behavior=3 dm_verity.max_bios=-1 dm_verity.dev_wait=1 i915.modeset=1 cros_efi root=/dev/dm-0 "dm=1 vroot none ro 1,0 2539520 verity payload=PARTUUID=71913957-D6B1-8948-AFA7-574E312FC408 hashtree=PARTUUID=71913957-D6B1-8948-AFA7-574E312FC408 hashstart=2539520 alg=sha1 root_hexdigest=e582525d12c5f702e39eca88f648e851195d84f7 salt=331684cac74749b4944aedce8c7e5dd9abed70e63b61b9be00d8c9efd9d17444"
Apr 05 02:24:27.875133 localhost kernel: x86/fpu: Supporting XSAVE feature 0x001: 'x87 floating point registers'
Apr 05 02:24:27.875143 localhost kernel: x86/fpu: Supporting XSAVE feature 0x002: 'SSE registers'
Apr 05 02:24:27.875152 localhost kernel: x86/fpu: Supporting XSAVE feature 0x004: 'AVX registers'
Apr 05 02:24:27.875161 localhost kernel: x86/fpu: xstate_offset[2]:  576, xstate_sizes[2]:  256
Apr 05 02:24:27.875175 localhost kernel: x86/fpu: Enabled xstate features 0x7, context size is 832 bytes, using 'standard' format.
Apr 05 02:24:27.875186 localhost kernel: e820: BIOS-provided physical RAM map:
Apr 05 02:24:27.875195 localhost kernel: BIOS-e820: [mem 0x0000000000000000-0x000000000009fbff] usable
Apr 05 02:24:27.875208 localhost kernel: BIOS-e820: [mem 0x000000000009fc00-0x000000000009ffff] reserved
Apr 05 02:24:27.875218 localhost kernel: BIOS-e820: [mem 0x00000000000f0000-0x00000000000fffff] reserved
Apr 05 02:24:27.875227 localhost kernel: BIOS-e820: [mem 0x0000000000100000-0x00000000bfffcfff] usable
Apr 05 02:24:27.875236 localhost kernel: BIOS-e820: [mem 0x00000000bfffd000-0x00000000bfffffff] reserved
Apr 05 02:24:27.875246 localhost kernel: BIOS-e820: [mem 0x00000000fffbc000-0x00000000ffffffff] reserved
Apr 05 02:24:27.875261 localhost kernel: BIOS-e820: [mem 0x0000000100000000-0x000000021fffffff] usable
Apr 05 02:24:27.875271 localhost kernel: NX (Execute Disable) protection: active
Apr 05 02:24:27.875281 localhost kernel: SMBIOS 2.4 present.
Apr 05 02:24:27.875291 localhost kernel: DMI: Google Google Compute Engine/Google Compute Engine, BIOS Google 01/01/2011
Apr 05 02:24:27.875300 localhost kernel: Hypervisor detected: KVM
Apr 05 02:24:27.875309 localhost kernel: kvm-clock: Using msrs 4b564d01 and 4b564d00
Apr 05 02:24:27.875318 localhost kernel: kvm-clock: cpu 0, msr 1ea4e6001, primary cpu clock
Apr 05 02:24:27.875328 localhost kernel: kvm-clock: using sched offset of 1006781721 cycles
Apr 05 02:24:27.875337 localhost kernel: clocksource: kvm-clock: mask: 0xffffffffffffffff max_cycles: 0x1cd42e4dffb, max_idle_ns: 881590591483 ns
Apr 05 02:24:27.875347 localhost kernel: tsc: Initial usec timer 927793
Apr 05 02:24:27.875359 localhost kernel: tsc: Detected 2300.000 MHz processor
Apr 05 02:24:27.875375 localhost kernel: e820: update [mem 0x00000000-0x00000fff] usable ==> reserved
Apr 05 02:24:27.875385 localhost kernel: e820: remove [mem 0x000a0000-0x000fffff] usable
Apr 05 02:24:27.875395 localhost kernel: e820: last_pfn = 0x220000 max_arch_pfn = 0x400000000
Apr 05 02:24:27.875405 localhost kernel: MTRR default type: write-back
Apr 05 02:24:27.875414 localhost kernel: MTRR fixed ranges enabled:
Apr 05 02:24:27.875425 localhost kernel:   00000-9FFFF write-back
Apr 05 02:24:27.875434 localhost kernel:   A0000-BFFFF uncachable
Apr 05 02:24:27.875444 localhost kernel:   C0000-FFFFF write-protect
Apr 05 02:24:27.875454 localhost kernel: MTRR variable ranges enabled:
Apr 05 02:24:27.875463 localhost kernel:   0 base 0000C0000000 mask 3FFFC0000000 uncachable
Apr 05 02:24:27.875472 localhost kernel:   1 disabled
Apr 05 02:24:27.875494 localhost kernel:   2 disabled
Apr 05 02:24:27.875505 localhost kernel:   3 disabled
Apr 05 02:24:27.875514 localhost kernel:   4 disabled
Apr 05 02:24:27.875524 localhost kernel:   5 disabled
Apr 05 02:24:27.875539 localhost kernel:   6 disabled
Apr 05 02:24:27.875549 localhost kernel:   7 disabled
Apr 05 02:24:27.875559 localhost kernel: x86/PAT: Configuration [0-7]: WB  WC  UC- UC  WB  WP  UC- WT  
Apr 05 02:24:27.875570 localhost kernel: e820: last_pfn = 0xbfffd max_arch_pfn = 0x400000000
Apr 05 02:24:27.875580 localhost kernel: found SMP MP-table at [mem 0x000f2c70-0x000f2c7f] mapped at [ffffffffff200c70]
Apr 05 02:24:27.875592 localhost kernel: Scanning 1 areas for low memory corruption
Apr 05 02:24:27.875602 localhost kernel: Base memory trampoline at [ffffa39f40099000] 99000 size 24576
Apr 05 02:24:27.875612 localhost kernel: Using GB pages for direct mapping
Apr 05 02:24:27.875621 localhost kernel: BRK [0x1ea55a000, 0x1ea55afff] PGTABLE
Apr 05 02:24:27.875631 localhost kernel: BRK [0x1ea55b000, 0x1ea55bfff] PGTABLE
Apr 05 02:24:27.875640 localhost kernel: BRK [0x1ea55c000, 0x1ea55cfff] PGTABLE
Apr 05 02:24:27.875652 localhost kernel: BRK [0x1ea55d000, 0x1ea55dfff] PGTABLE
Apr 05 02:24:27.875662 localhost kernel: BRK [0x1ea55e000, 0x1ea55efff] PGTABLE
Apr 05 02:24:27.875671 localhost kernel: BRK [0x1ea55f000, 0x1ea55ffff] PGTABLE
Apr 05 02:24:27.875680 localhost kernel: BRK [0x1ea560000, 0x1ea560fff] PGTABLE
Apr 05 02:24:27.875690 localhost kernel: ACPI: Early table checksum verification disabled
Apr 05 02:24:27.875705 localhost kernel: ACPI: RSDP 0x00000000000F2A00 000014 (v00 Google)
Apr 05 02:24:27.875718 localhost kernel: ACPI: RSDT 0x00000000BFFFDA50 000038 (v01 Google GOOGRSDT 00000001 GOOG 00000001)
Apr 05 02:24:27.875727 localhost kernel: ACPI: FACP 0x00000000BFFFFF00 0000F4 (v02 Google GOOGFACP 00000001 GOOG 00000001)
Apr 05 02:24:27.875737 localhost kernel: ACPI: DSDT 0x00000000BFFFDA90 0018BA (v01 Google GOOGDSDT 00000001 GOOG 00000001)
Apr 05 02:24:27.875747 localhost kernel: ACPI: FACS 0x00000000BFFFFEC0 000040
Apr 05 02:24:27.875756 localhost kernel: ACPI: FACS 0x00000000BFFFFEC0 000040
Apr 05 02:24:27.875766 localhost kernel: ACPI: SSDT 0x00000000BFFFF540 000980 (v01 Google GOOGSSDT 00000001 GOOG 00000001)
Apr 05 02:24:27.875775 localhost kernel: ACPI: APIC 0x00000000BFFFF450 000076 (v01 Google GOOGAPIC 00000001 GOOG 00000001)
Apr 05 02:24:27.875785 localhost kernel: ACPI: WAET 0x00000000BFFFF420 000028 (v01 Google GOOGWAET 00000001 GOOG 00000001)
Apr 05 02:24:27.875795 localhost kernel: ACPI: SRAT 0x00000000BFFFF350 0000C8 (v01 Google GOOGSRAT 00000001 GOOG 00000001)
Apr 05 02:24:27.875804 localhost kernel: ACPI: Local APIC address 0xfee00000
Apr 05 02:24:27.875817 localhost kernel: SRAT: PXM 0 -> APIC 0x00 -> Node 0
Apr 05 02:24:27.875827 localhost kernel: SRAT: PXM 0 -> APIC 0x01 -> Node 0
Apr 05 02:24:27.875837 localhost kernel: ACPI: SRAT: Node 0 PXM 0 [mem 0x00000000-0x0009ffff]
Apr 05 02:24:27.875847 localhost kernel: ACPI: SRAT: Node 0 PXM 0 [mem 0x00100000-0xbfffffff]
Apr 05 02:24:27.875857 localhost kernel: ACPI: SRAT: Node 0 PXM 0 [mem 0x100000000-0x21fffffff]
Apr 05 02:24:27.875867 localhost kernel: NUMA: Node 0 [mem 0x00000000-0x0009ffff] + [mem 0x00100000-0xbfffffff] -> [mem 0x00000000-0xbfffffff]
Apr 05 02:24:27.875878 localhost kernel: NUMA: Node 0 [mem 0x00000000-0xbfffffff] + [mem 0x100000000-0x21fffffff] -> [mem 0x00000000-0x21fffffff]
Apr 05 02:24:27.875887 localhost kernel: NODE_DATA(0) allocated [mem 0x21fffc000-0x21fffffff]
Apr 05 02:24:27.875897 localhost kernel: Zone ranges:
Apr 05 02:24:27.875906 localhost kernel:   DMA      [mem 0x0000000000001000-0x0000000000ffffff]
Apr 05 02:24:27.875916 localhost kernel:   DMA32    [mem 0x0000000001000000-0x00000000ffffffff]
Apr 05 02:24:27.875925 localhost kernel:   Normal   [mem 0x0000000100000000-0x000000021fffffff]
Apr 05 02:24:27.875937 localhost kernel: Movable zone start for each node
Apr 05 02:24:27.875947 localhost kernel: Early memory node ranges
Apr 05 02:24:27.875957 localhost kernel:   node   0: [mem 0x0000000000001000-0x000000000009efff]
Apr 05 02:24:27.875980 localhost kernel:   node   0: [mem 0x0000000000100000-0x00000000bfffcfff]
Apr 05 02:24:27.875994 localhost kernel:   node   0: [mem 0x0000000100000000-0x000000021fffffff]
Apr 05 02:24:27.876007 localhost kernel: Initmem setup node 0 [mem 0x0000000000001000-0x000000021fffffff]
Apr 05 02:24:27.876021 localhost kernel: On node 0 totalpages: 1965979
Apr 05 02:24:27.876034 localhost kernel:   DMA zone: 64 pages used for memmap
Apr 05 02:24:27.876049 localhost kernel:   DMA zone: 21 pages reserved
Apr 05 02:24:27.876062 localhost kernel:   DMA zone: 3998 pages, LIFO batch:0
Apr 05 02:24:27.876075 localhost kernel:   DMA32 zone: 12224 pages used for memmap
Apr 05 02:24:27.876087 localhost kernel:   DMA32 zone: 782333 pages, LIFO batch:31
Apr 05 02:24:27.876101 localhost kernel:   Normal zone: 18432 pages used for memmap
Apr 05 02:24:27.876117 localhost kernel:   Normal zone: 1179648 pages, LIFO batch:31
Apr 05 02:24:27.876134 localhost kernel: ACPI: Local APIC address 0xfee00000
Apr 05 02:24:27.876148 localhost kernel: ACPI: LAPIC_NMI (acpi_id[0xff] dfl dfl lint[0x1])
Apr 05 02:24:27.876394 localhost kernel: IOAPIC[0]: apic_id 0, version 17, address 0xfec00000, GSI 0-23
Apr 05 02:24:27.876605 localhost kernel: ACPI: INT_SRC_OVR (bus 0 bus_irq 5 global_irq 5 high level)
Apr 05 02:24:27.876787 localhost kernel: ACPI: INT_SRC_OVR (bus 0 bus_irq 9 global_irq 9 high level)
Apr 05 02:24:27.876808 localhost kernel: ACPI: INT_SRC_OVR (bus 0 bus_irq 10 global_irq 10 high level)
Apr 05 02:24:27.876820 localhost kernel: ACPI: INT_SRC_OVR (bus 0 bus_irq 11 global_irq 11 high level)
Apr 05 02:24:27.876831 localhost kernel: ACPI: IRQ5 used by override.
Apr 05 02:24:27.876841 localhost kernel: ACPI: IRQ9 used by override.
Apr 05 02:24:27.876851 localhost kernel: ACPI: IRQ10 used by override.
Apr 05 02:24:27.876860 localhost kernel: ACPI: IRQ11 used by override.
Apr 05 02:24:27.876870 localhost kernel: Using ACPI (MADT) for SMP configuration information
Apr 05 02:24:27.876891 localhost kernel: smpboot: Allowing 2 CPUs, 0 hotplug CPUs
Apr 05 02:24:27.876901 localhost kernel: e820: [mem 0xc0000000-0xfffbbfff] available for PCI devices
Apr 05 02:24:27.876911 localhost kernel: Booting paravirtualized kernel on KVM
Apr 05 02:24:27.876921 localhost kernel: clocksource: refined-jiffies: mask: 0xffffffff max_cycles: 0xffffffff, max_idle_ns: 1910969940391419 ns
Apr 05 02:24:27.876932 localhost kernel: random: get_random_bytes called from start_kernel+0x8c/0x487 with crng_init=0
Apr 05 02:24:27.876942 localhost kernel: setup_percpu: NR_CPUS:256 nr_cpumask_bits:256 nr_cpu_ids:2 nr_node_ids:1
Apr 05 02:24:27.876952 localhost kernel: percpu: Embedded 44 pages/cpu @ffffa3a15fc00000 s140136 r8192 d31896 u1048576
Apr 05 02:24:27.876962 localhost kernel: pcpu-alloc: s140136 r8192 d31896 u1048576 alloc=1*2097152
Apr 05 02:24:27.876998 localhost kernel: pcpu-alloc: [0] 0 1 
Apr 05 02:24:27.877015 localhost kernel: Built 1 zonelists, mobility grouping on.  Total pages: 1935238
Apr 05 02:24:27.877030 localhost kernel: Policy zone: Normal
Apr 05 02:24:27.877046 localhost kernel: Kernel command line: BOOT_IMAGE=/syslinux/vmlinuz.A init=/usr/lib/systemd/systemd boot=local rootwait ro noresume noswap loglevel=7 noinitrd console=ttyS0 vsyscall=emulate security=apparmor virtio_net.napi_tx=1 systemd.unified_cgroup_hierarchy=false systemd.legacy_systemd_cgroup_controller=true csm.disabled=1 dm_verity.error_behavior=3 dm_verity.max_bios=-1 dm_verity.dev_wait=1 i915.modeset=1 cros_efi root=/dev/dm-0 "dm=1 vroot none ro 1,0 2539520 verity payload=PARTUUID=71913957-D6B1-8948-AFA7-574E312FC408 hashtree=PARTUUID=71913957-D6B1-8948-AFA7-574E312FC408 hashstart=2539520 alg=sha1 root_hexdigest=e582525d12c5f702e39eca88f648e851195d84f7 salt=331684cac74749b4944aedce8c7e5dd9abed70e63b61b9be00d8c9efd9d17444"
Apr 05 02:24:27.877062 localhost kernel: device-mapper: init: will configure 1 devices
Apr 05 02:24:27.877082 localhost kernel: PID hash table entries: 4096 (order: 3, 32768 bytes)
Apr 05 02:24:27.877095 localhost kernel: Memory: 7652632K/7863916K available (10252K kernel code, 1149K rwdata, 2056K rodata, 1360K init, 540K bss, 211284K reserved, 0K cma-reserved)
Apr 05 02:24:27.877106 localhost kernel: SLUB: HWalign=64, Order=0-3, MinObjects=0, CPUs=2, Nodes=1
Apr 05 02:24:27.877116 localhost kernel: Kernel/User page tables isolation: enabled
Apr 05 02:24:27.877127 localhost kernel: ftrace: allocating 26803 entries in 105 pages
Apr 05 02:24:27.877140 localhost kernel: Hierarchical RCU implementation.
Apr 05 02:24:27.877153 localhost kernel:         RCU restricting CPUs from NR_CPUS=256 to nr_cpu_ids=2.
Apr 05 02:24:27.877163 localhost kernel: RCU: Adjusting geometry for rcu_fanout_leaf=16, nr_cpu_ids=2
Apr 05 02:24:27.877174 localhost kernel: NR_IRQS: 16640, nr_irqs: 440, preallocated irqs: 16
Apr 05 02:24:27.877190 localhost kernel: console [ttyS0] enabled
Apr 05 02:24:27.877210 localhost kernel: clocksource: tsc-early: mask: 0xffffffffffffffff max_cycles: 0x212735223b2, max_idle_ns: 440795277976 ns
Apr 05 02:24:27.877227 localhost kernel: Calibrating delay loop (skipped) preset value.. 4600.00 BogoMIPS (lpj=2300000)
Apr 05 02:24:27.877238 localhost kernel: pid_max: default: 32768 minimum: 301
Apr 05 02:24:27.877248 localhost kernel: ACPI: Core revision 20170728
Apr 05 02:24:27.877259 localhost kernel: ACPI: 2 ACPI AML tables successfully acquired and loaded
Apr 05 02:24:27.877269 localhost kernel: Security Framework initialized
Apr 05 02:24:27.877280 localhost kernel: Yama: becoming mindful.
Apr 05 02:24:27.877292 localhost kernel: LoadPin: ready to pin (currently enabled)
Apr 05 02:24:27.877302 localhost kernel: Chromium OS LSM: enabled
Apr 05 02:24:27.877313 localhost kernel: AppArmor: AppArmor initialized
Apr 05 02:24:27.877326 localhost kernel: Dentry cache hash table entries: 1048576 (order: 11, 8388608 bytes)
Apr 05 02:24:27.877337 localhost kernel: Inode-cache hash table entries: 524288 (order: 10, 4194304 bytes)
Apr 05 02:24:27.877347 localhost kernel: Mount-cache hash table entries: 16384 (order: 5, 131072 bytes)
Apr 05 02:24:27.877358 localhost kernel: Mountpoint-cache hash table entries: 16384 (order: 5, 131072 bytes)
Apr 05 02:24:27.877369 localhost kernel: Last level iTLB entries: 4KB 1024, 2MB 1024, 4MB 1024
Apr 05 02:24:27.877379 localhost kernel: Last level dTLB entries: 4KB 1024, 2MB 1024, 4MB 1024, 1GB 4
Apr 05 02:24:27.877399 localhost kernel: Spectre V2 : Mitigation: Full generic retpoline
Apr 05 02:24:27.877412 localhost kernel: Spectre V2 : Spectre v2 / SpectreRSB mitigation: Filling RSB on context switch
Apr 05 02:24:27.877423 localhost kernel: Spectre V2 : Enabling Restricted Speculation for firmware calls
Apr 05 02:24:27.877439 localhost kernel: Spectre V2 : mitigation: Enabling conditional Indirect Branch Prediction Barrier
Apr 05 02:24:27.877451 localhost kernel: Spectre V2 : User space: Mitigation: STIBP via seccomp and prctl
Apr 05 02:24:27.877464 localhost kernel: Speculative Store Bypass: Mitigation: Speculative Store Bypass disabled via prctl and seccomp
Apr 05 02:24:27.877486 localhost kernel: Freeing SMP alternatives memory: 28K
Apr 05 02:24:27.877498 localhost kernel: smpboot: Max logical packages: 2
Apr 05 02:24:27.877511 localhost kernel: x2apic enabled
Apr 05 02:24:27.877523 localhost kernel: Switched APIC routing to physical x2apic.
Apr 05 02:24:27.877534 localhost kernel: ..TIMER: vector=0x30 apic1=0 pin1=0 apic2=-1 pin2=-1
Apr 05 02:24:27.877544 localhost kernel: smpboot: CPU0: Intel(R) Xeon(R) CPU @ 2.30GHz (family: 0x6, model: 0x3f, stepping: 0x0)
Apr 05 02:24:27.877559 localhost kernel: Performance Events: unsupported p6 CPU model 63 no PMU driver, software events only.
Apr 05 02:24:27.877570 localhost kernel: Hierarchical SRCU implementation.
Apr 05 02:24:27.877580 localhost kernel: random: crng done (trusting CPU's manufacturer)
Apr 05 02:24:27.877591 localhost kernel: NMI watchdog: Perf event create on CPU 0 failed with -2
Apr 05 02:24:27.877601 localhost kernel: NMI watchdog: Perf NMI watchdog permanently disabled
Apr 05 02:24:27.877612 localhost kernel: smp: Bringing up secondary CPUs ...
Apr 05 02:24:27.877623 localhost kernel: x86: Booting SMP configuration:
Apr 05 02:24:27.877635 localhost kernel: .... node  #0, CPUs:      #1
Apr 05 02:24:27.877646 localhost kernel: kvm-clock: cpu 1, msr 1ea4e6041, secondary cpu clock
Apr 05 02:24:27.877656 localhost kernel: smp: Brought up 1 node, 2 CPUs
Apr 05 02:24:27.877666 localhost kernel: smpboot: Total of 2 processors activated (9200.00 BogoMIPS)
Apr 05 02:24:27.877683 localhost kernel: devtmpfs: initialized
Apr 05 02:24:27.877694 localhost kernel: clocksource: jiffies: mask: 0xffffffff max_cycles: 0xffffffff, max_idle_ns: 1911260446275000 ns
Apr 05 02:24:27.877705 localhost kernel: futex hash table entries: 512 (order: 3, 32768 bytes)
Apr 05 02:24:27.877715 localhost kernel: RTC time:  2:24:26, date: 04/05/19
Apr 05 02:24:27.877729 localhost kernel: NET: Registered protocol family 16
Apr 05 02:24:27.877740 localhost kernel: cpuidle: using governor ladder
Apr 05 02:24:27.877756 localhost kernel: cpuidle: using governor menu
Apr 05 02:24:27.877767 localhost kernel: clocksource: Switched to clocksource kvm-clock
Apr 05 02:24:27.877777 localhost kernel: ACPI: bus type PCI registered
Apr 05 02:24:27.877787 localhost kernel: PCI: Using configuration type 1 for base access
Apr 05 02:24:27.877800 localhost kernel: HugeTLB registered 2.00 MiB page size, pre-allocated 0 pages
Apr 05 02:24:27.877811 localhost kernel: ACPI: Added _OSI(Module Device)
Apr 05 02:24:27.877821 localhost kernel: ACPI: Added _OSI(Processor Device)
Apr 05 02:24:27.877834 localhost kernel: ACPI: Added _OSI(3.0 _SCP Extensions)
Apr 05 02:24:27.877845 localhost kernel: ACPI: Added _OSI(Processor Aggregator Device)
Apr 05 02:24:27.877855 localhost kernel: ACPI: Executed 2 blocks of module-level executable AML code
Apr 05 02:24:27.877865 localhost kernel: ACPI: Interpreter enabled
Apr 05 02:24:27.877875 localhost kernel: ACPI: (supports S0 S3 S5)
Apr 05 02:24:27.877895 localhost kernel: ACPI: Using IOAPIC for interrupt routing
Apr 05 02:24:27.877909 localhost kernel: PCI: Using host bridge windows from ACPI; if necessary, use "pci=nocrs" and report a bug
Apr 05 02:24:27.877919 localhost kernel: ACPI: Enabled 16 GPEs in block 00 to 0F
Apr 05 02:24:27.877930 localhost kernel: ACPI: PCI Root Bridge [PCI0] (domain 0000 [bus 00-ff])
Apr 05 02:24:27.878094 localhost kernel: acpi PNP0A03:00: _OSC: OS supports [ASPM ClockPM Segments MSI]
Apr 05 02:24:27.878163 localhost kernel: acpi PNP0A03:00: _OSC failed (AE_NOT_FOUND); disabling ASPM
Apr 05 02:24:27.878221 localhost kernel: acpi PNP0A03:00: fail to add MMCONFIG information, can't access extended PCI configuration space under this bridge.
Apr 05 02:24:27.878234 localhost kernel: PCI host bridge to bus 0000:00
Apr 05 02:24:27.878303 localhost kernel: pci_bus 0000:00: root bus resource [io  0x0000-0x0cf7 window]
Apr 05 02:24:27.878354 localhost kernel: pci_bus 0000:00: root bus resource [io  0x0d00-0xffff window]
Apr 05 02:24:27.878409 localhost kernel: pci_bus 0000:00: root bus resource [mem 0x000a0000-0x000bffff window]
Apr 05 02:24:27.878465 localhost kernel: pci_bus 0000:00: root bus resource [mem 0xc0000000-0xfebfffff window]
Apr 05 02:24:27.878524 localhost kernel: pci_bus 0000:00: root bus resource [bus 00-ff]
Apr 05 02:24:27.878596 localhost kernel: pci 0000:00:00.0: [8086:1237] type 00 class 0x060000
Apr 05 02:24:27.878663 localhost kernel: pci 0000:00:01.0: [8086:7110] type 00 class 0x060100
Apr 05 02:24:27.878744 localhost kernel: pci 0000:00:01.3: [8086:7113] type 00 class 0x068000
Apr 05 02:24:27.878817 localhost kernel: pci 0000:00:01.3: quirk: [io  0xb000-0xb03f] claimed by PIIX4 ACPI
Apr 05 02:24:27.878882 localhost kernel: pci 0000:00:03.0: [1af4:1004] type 00 class 0x000000
Apr 05 02:24:27.878942 localhost kernel: pci 0000:00:03.0: reg 0x10: [io  0xc000-0xc03f]
Apr 05 02:24:27.879033 localhost kernel: pci 0000:00:03.0: reg 0x14: [mem 0xfebfe000-0xfebfe07f]
Apr 05 02:24:27.879129 localhost kernel: pci 0000:00:04.0: [1af4:1000] type 00 class 0x020000
Apr 05 02:24:27.879349 localhost kernel: pci 0000:00:04.0: reg 0x10: [io  0xc040-0xc07f]
Apr 05 02:24:27.879548 localhost kernel: pci 0000:00:04.0: reg 0x14: [mem 0xfebff000-0xfebff07f]
Apr 05 02:24:27.879561 localhost kernel: ACPI: PCI Interrupt Link [LNKA] (IRQs 5 *10 11)
Apr 05 02:24:27.879573 localhost kernel: ACPI: PCI Interrupt Link [LNKB] (IRQs 5 *10 11)
Apr 05 02:24:27.879714 localhost kernel: ACPI: PCI Interrupt Link [LNKC] (IRQs 5 10 *11)
Apr 05 02:24:27.879730 localhost kernel: ACPI: PCI Interrupt Link [LNKD] (IRQs 5 10 *11)
Apr 05 02:24:27.879741 localhost kernel: ACPI: PCI Interrupt Link [LNKS] (IRQs *9)
Apr 05 02:24:27.879754 localhost kernel: SCSI subsystem initialized
Apr 05 02:24:27.879767 localhost kernel: libata version 3.00 loaded.
Apr 05 02:24:27.879778 localhost kernel: PCI: Using ACPI for IRQ routing
Apr 05 02:24:27.879789 localhost kernel: PCI: pci_cache_line_size set to 64 bytes
Apr 05 02:24:27.879801 localhost kernel: e820: reserve RAM buffer [mem 0x0009fc00-0x0009ffff]
Apr 05 02:24:27.879812 localhost kernel: e820: reserve RAM buffer [mem 0xbfffd000-0xbfffffff]
Apr 05 02:24:27.879826 localhost kernel: VFS: Disk quotas dquot_6.6.0
Apr 05 02:24:27.879911 localhost kernel: VFS: Dquot-cache hash table entries: 512 (order 0, 4096 bytes)
Apr 05 02:24:27.879929 localhost kernel: AppArmor: AppArmor Filesystem Enabled
Apr 05 02:24:27.879944 localhost kernel: pnp: PnP ACPI init
Apr 05 02:24:27.880049 localhost kernel: pnp 00:00: Plug and Play ACPI device, IDs PNP0b00 (active)
Apr 05 02:24:27.880113 localhost kernel: pnp 00:01: Plug and Play ACPI device, IDs PNP0303 (active)
Apr 05 02:24:27.880178 localhost kernel: pnp 00:02: Plug and Play ACPI device, IDs PNP0f13 (active)
Apr 05 02:24:27.880243 localhost kernel: pnp 00:03: Plug and Play ACPI device, IDs PNP0501 (active)
Apr 05 02:24:27.880299 localhost kernel: pnp 00:04: Plug and Play ACPI device, IDs PNP0501 (active)
Apr 05 02:24:27.880355 localhost kernel: pnp 00:05: Plug and Play ACPI device, IDs PNP0501 (active)
Apr 05 02:24:27.880410 localhost kernel: pnp 00:06: Plug and Play ACPI device, IDs PNP0501 (active)
Apr 05 02:24:27.880424 localhost kernel: pnp: PnP ACPI: found 7 devices
Apr 05 02:24:27.880487 localhost kernel: pci_bus 0000:00: resource 4 [io  0x0000-0x0cf7 window]
Apr 05 02:24:27.880545 localhost kernel: pci_bus 0000:00: resource 5 [io  0x0d00-0xffff window]
Apr 05 02:24:27.880600 localhost kernel: pci_bus 0000:00: resource 6 [mem 0x000a0000-0x000bffff window]
Apr 05 02:24:27.880648 localhost kernel: pci_bus 0000:00: resource 7 [mem 0xc0000000-0xfebfffff window]
Apr 05 02:24:27.880660 localhost kernel: NET: Registered protocol family 2
Apr 05 02:24:27.880677 localhost kernel: TCP established hash table entries: 65536 (order: 7, 524288 bytes)
Apr 05 02:24:27.880688 localhost kernel: TCP bind hash table entries: 65536 (order: 9, 2097152 bytes)
Apr 05 02:24:27.880699 localhost kernel: TCP: Hash tables configured (established 65536 bind 65536)
Apr 05 02:24:27.880709 localhost kernel: UDP hash table entries: 4096 (order: 6, 393216 bytes)
Apr 05 02:24:27.880722 localhost kernel: UDP-Lite hash table entries: 4096 (order: 6, 393216 bytes)
Apr 05 02:24:27.880733 localhost kernel: NET: Registered protocol family 1
Apr 05 02:24:27.880796 localhost kernel: pci 0000:00:00.0: Limiting direct PCI/PCI transfers
Apr 05 02:24:27.880809 localhost kernel: PCI: CLS 0 bytes, default 64
Apr 05 02:24:27.880820 localhost kernel: PCI-DMA: Using software bounce buffering for IO (SWIOTLB)
Apr 05 02:24:27.880831 localhost kernel: software IO TLB: mapped [mem 0xbbffd000-0xbfffd000] (64MB)
Apr 05 02:24:27.880844 localhost kernel: RAPL PMU: API unit is 2^-32 Joules, 4 fixed counters, 10737418240 ms ovfl timer
Apr 05 02:24:27.880854 localhost kernel: RAPL PMU: hw unit of domain pp0-core 2^-0 Joules
Apr 05 02:24:27.880865 localhost kernel: RAPL PMU: hw unit of domain package 2^-0 Joules
Apr 05 02:24:27.880875 localhost kernel: RAPL PMU: hw unit of domain dram 2^-0 Joules
Apr 05 02:24:27.880886 localhost kernel: RAPL PMU: hw unit of domain pp1-gpu 2^-0 Joules
Apr 05 02:24:27.880899 localhost kernel: clocksource: tsc: mask: 0xffffffffffffffff max_cycles: 0x212735223b2, max_idle_ns: 440795277976 ns
Apr 05 02:24:27.880910 localhost kernel: Scanning for low memory corruption every 60 seconds
Apr 05 02:24:27.880920 localhost kernel: audit: initializing netlink subsys (disabled)
Apr 05 02:24:27.880931 localhost kernel: Initialise system trusted keyrings
Apr 05 02:24:27.880942 localhost kernel: audit: type=2000 audit(1554431066.507:1): state=initialized audit_enabled=0 res=1
Apr 05 02:24:27.880952 localhost kernel: workingset: timestamp_bits=40 max_order=21 bucket_order=0
Apr 05 02:24:27.880963 localhost kernel: Key type asymmetric registered
Apr 05 02:24:27.881003 localhost kernel: Asymmetric key parser 'x509' registered
Apr 05 02:24:27.881015 localhost kernel: Block layer SCSI generic (bsg) driver version 0.4 loaded (major 250)
Apr 05 02:24:27.881029 localhost kernel: io scheduler noop registered (default)
Apr 05 02:24:27.881040 localhost kernel: io scheduler deadline registered
Apr 05 02:24:27.881051 localhost kernel: io scheduler cfq registered
Apr 05 02:24:27.881062 localhost kernel: io scheduler mq-deadline registered
Apr 05 02:24:27.881073 localhost kernel: intel_idle: Please enable MWAIT in BIOS SETUP
Apr 05 02:24:27.881083 localhost kernel: input: Power Button as /devices/LNXSYSTM:00/LNXPWRBN:00/input/input0
Apr 05 02:24:27.881094 localhost kernel: ACPI: Power Button [PWRF]
Apr 05 02:24:27.881105 localhost kernel: input: Sleep Button as /devices/LNXSYSTM:00/LNXSLPBN:00/input/input1
Apr 05 02:24:27.881116 localhost kernel: ACPI: Sleep Button [SLPF]
Apr 05 02:24:27.881129 localhost kernel: ACPI: PCI Interrupt Link [LNKC] enabled at IRQ 11
Apr 05 02:24:27.881195 localhost kernel: virtio-pci 0000:00:03.0: virtio_pci: leaving for legacy driver
Apr 05 02:24:27.881208 localhost kernel: ACPI: PCI Interrupt Link [LNKD] enabled at IRQ 10
Apr 05 02:24:27.881264 localhost kernel: virtio-pci 0000:00:04.0: virtio_pci: leaving for legacy driver
Apr 05 02:24:27.881276 localhost kernel: Serial: 8250/16550 driver, 4 ports, IRQ sharing disabled
Apr 05 02:24:27.881287 localhost kernel: 00:03: ttyS0 at I/O 0x3f8 (irq = 4, base_baud = 115200) is a 16550A
Apr 05 02:24:27.881297 localhost kernel: 00:04: ttyS1 at I/O 0x2f8 (irq = 3, base_baud = 115200) is a 16550A
Apr 05 02:24:27.881308 localhost kernel: 00:05: ttyS2 at I/O 0x3e8 (irq = 6, base_baud = 115200) is a 16550A
Apr 05 02:24:27.881319 localhost kernel: 00:06: ttyS3 at I/O 0x2e8 (irq = 7, base_baud = 115200) is a 16550A
Apr 05 02:24:27.881332 localhost kernel: Non-volatile memory driver v1.3
Apr 05 02:24:27.881343 localhost kernel: loop: module loaded
Apr 05 02:24:27.881416 localhost kernel: scsi host0: Virtio SCSI HBA
Apr 05 02:24:27.881502 localhost kernel: scsi 0:0:1:0: Direct-Access     Google   PersistentDisk   1    PQ: 0 ANSI: 6
Apr 05 02:24:27.881570 localhost kernel: sd 0:0:1:0: [sda] 209715200 512-byte logical blocks: (107 GB/100 GiB)
Apr 05 02:24:27.881633 localhost kernel: sd 0:0:1:0: [sda] 4096-byte physical blocks
Apr 05 02:24:27.881702 localhost kernel: sd 0:0:1:0: [sda] Write Protect is off
Apr 05 02:24:27.881764 localhost kernel: sd 0:0:1:0: [sda] Mode Sense: 1f 00 00 08
Apr 05 02:24:27.881830 localhost kernel: sd 0:0:1:0: [sda] Write cache: enabled, read cache: enabled, doesn't support DPO or FUA
Apr 05 02:24:27.881843 localhost kernel: i8042: PNP: PS/2 Controller [PNP0303:KBD,PNP0f13:MOU] at 0x60,0x64 irq 1,12
Apr 05 02:24:27.881854 localhost kernel: i8042: Warning: Keylock active
Apr 05 02:24:27.881864 localhost kernel: GPT:Primary header thinks Alt. header is not at the end of the disk.
Apr 05 02:24:27.881875 localhost kernel: GPT:18874524 != 209715199
Apr 05 02:24:27.881886 localhost kernel: serio: i8042 KBD port at 0x60,0x64 irq 1
Apr 05 02:24:27.881898 localhost kernel: GPT:Alternate GPT header not at the end of the disk.
Apr 05 02:24:27.881911 localhost kernel: serio: i8042 AUX port at 0x60,0x64 irq 12
Apr 05 02:24:27.881921 localhost kernel: GPT:18874524 != 209715199
Apr 05 02:24:27.882194 localhost kernel: rtc_cmos 00:00: RTC can wake from S4
Apr 05 02:24:27.882221 localhost kernel: GPT: Use GNU Parted to correct GPT errors.
Apr 05 02:24:27.882298 localhost kernel: rtc_cmos 00:00: registered as rtc0
Apr 05 02:24:27.882316 localhost kernel:  sda: sda1 sda2 sda3 sda4 sda5 sda6 sda7 sda8 sda9 sda10 sda11 sda12
Apr 05 02:24:27.882393 localhost kernel: rtc_cmos 00:00: alarms up to one day, 114 bytes nvram
Apr 05 02:24:27.882503 localhost kernel: sd 0:0:1:0: [sda] Attached SCSI disk
Apr 05 02:24:27.882522 localhost kernel: iTCO_wdt: Intel TCO WatchDog Timer Driver v1.11
Apr 05 02:24:27.882543 localhost kernel: iTCO_vendor_support: vendor-support=0
Apr 05 02:24:27.882558 localhost kernel: device-mapper: ioctl: 4.37.0-ioctl (2017-09-20) initialised: dm-devel@redhat.com
Apr 05 02:24:27.882574 localhost kernel: device-mapper: verity-chromeos: dm-verity-chromeos registered
Apr 05 02:24:27.882589 localhost kernel: Mirror/redirect action on
Apr 05 02:24:27.882605 localhost kernel: Netfilter messages via NETLINK v0.30.
Apr 05 02:24:27.882620 localhost kernel: nf_conntrack version 0.5.0 (65536 buckets, 262144 max)
Apr 05 02:24:27.882635 localhost kernel: ctnetlink v0.93: registering with nfnetlink.
Apr 05 02:24:27.882651 localhost kernel: ip_tables: (C) 2000-2006 Netfilter Core Team
Apr 05 02:24:27.882667 localhost kernel: Initializing XFRM netlink socket
Apr 05 02:24:27.882690 localhost kernel: NET: Registered protocol family 10
Apr 05 02:24:27.882710 localhost kernel: Segment Routing with IPv6
Apr 05 02:24:27.882725 localhost kernel: NET: Registered protocol family 17
Apr 05 02:24:27.882741 localhost kernel: bridge: filtering via arp/ip/ip6tables is no longer available by default. Update your scripts to load br_netfilter if you need this.
Apr 05 02:24:27.882756 localhost kernel: sched_clock: Marking stable (669135572, 0)->(1172069486, -502933914)
Apr 05 02:24:27.882772 localhost kernel: registered taskstats version 1
Apr 05 02:24:27.882787 localhost kernel: Loading compiled-in X.509 certificates
Apr 05 02:24:27.882803 localhost kernel: Loaded X.509 cert 'Google LLC: Container-Optimized OS kernel signing key: cdd9ce572db9e71668e71b5a9113908047a21771'
Apr 05 02:24:27.882819 localhost kernel: Loaded X.509 cert 'Google: Container-Optimized OS: 2efea493fc148b35859d0bc8c3dd71a139fc7ab411283e06f6c10b5a6b17e355'
Apr 05 02:24:27.882835 localhost kernel: AppArmor: AppArmor sha1 policy hashing enabled
Apr 05 02:24:27.882854 localhost kernel: ima: No TPM chip found, activating TPM-bypass! (rc=-19)
Apr 05 02:24:27.882869 localhost kernel: ima: Allocated hash algorithm: sha256
Apr 05 02:24:27.882884 localhost kernel:   Magic number: 15:943:408
Apr 05 02:24:27.882899 localhost kernel: device-mapper: init: attempting early device configuration.
Apr 05 02:24:27.882916 localhost kernel: device-mapper: init: adding target '0 2539520 verity payload=PARTUUID=71913957-D6B1-8948-AFA7-574E312FC408 hashtree=PARTUUID=71913957-D6B1-8948-AFA7-574E312FC408 hashstart=2539520 alg=sha1 root_hexdigest=e582525d12c5f702e39eca88f648e851195d84f7 salt=331684cac74749b4944aedce8c7e5dd9abed70e63b61b9be00d8c9efd9d17444'
Apr 05 02:24:27.882933 localhost kernel: device-mapper: verity: Argument 0: 'payload=PARTUUID=71913957-D6B1-8948-AFA7-574E312FC408'
Apr 05 02:24:27.882948 localhost kernel: device-mapper: verity: Argument 1: 'hashtree=PARTUUID=71913957-D6B1-8948-AFA7-574E312FC408'
Apr 05 02:24:27.882963 localhost kernel: device-mapper: verity: Argument 2: 'hashstart=2539520'
Apr 05 02:24:27.882997 localhost kernel: device-mapper: verity: Argument 3: 'alg=sha1'
Apr 05 02:24:27.883014 localhost kernel: device-mapper: verity: Argument 4: 'root_hexdigest=e582525d12c5f702e39eca88f648e851195d84f7'
Apr 05 02:24:27.883029 localhost kernel: device-mapper: verity: Argument 5: 'salt=331684cac74749b4944aedce8c7e5dd9abed70e63b61b9be00d8c9efd9d17444'
Apr 05 02:24:27.883045 localhost kernel: device-mapper: init: dm-0 is ready
Apr 05 02:24:27.883060 localhost kernel: EXT4-fs (dm-0): mounting ext2 file system using the ext4 subsystem
Apr 05 02:24:27.883075 localhost kernel: EXT4-fs (dm-0): mounted filesystem without journal. Opts: (null)
Apr 05 02:24:27.883090 localhost kernel: VFS: Mounted root (ext2 filesystem) readonly on device 254:0.
Apr 05 02:24:27.883105 localhost kernel: devtmpfs: mounted
Apr 05 02:24:27.883120 localhost kernel: Freeing unused kernel memory: 1360K
Apr 05 02:24:27.883138 localhost kernel: Write protecting the kernel read-only data: 16384k
Apr 05 02:24:27.883152 localhost kernel: Freeing unused kernel memory: 2012K
Apr 05 02:24:27.883167 localhost kernel: Freeing unused kernel memory: 2040K
Apr 05 02:24:27.883186 localhost systemd[1]: systemd 232 running in system mode. (+PAM +AUDIT -SELINUX +IMA +APPARMOR +SMACK -SYSVINIT -UTMP -LIBCRYPTSETUP +GCRYPT -GNUTLS -ACL -XZ +LZ4 +SECCOMP +BLKID -ELFUTILS +KMOD -IDN)
Apr 05 02:24:27.883336 localhost systemd[1]: Detected virtualization kvm.
Apr 05 02:24:27.883352 localhost systemd[1]: Detected architecture x86-64.
Apr 05 02:24:27.883364 localhost systemd[1]: Initializing machine ID from KVM UUID.
Apr 05 02:24:27.883375 localhost systemd[1]: Installed transient /etc/machine-id file.
Apr 05 02:24:27.883390 localhost systemd[1]: Listening on Journal Socket.
Apr 05 02:24:27.883403 localhost systemd[1]: Created slice System Slice.
Apr 05 02:24:27.883415 localhost systemd[1]: Listening on udev Kernel Socket.
Apr 05 02:24:27.883427 localhost systemd[1]: Starting Mount /dev/shm with 'noexec'...
Apr 05 02:24:27.883438 localhost systemd[1]: Listening on Process Core Dump Socket.
Apr 05 02:24:28.074063 localhost kernel: LoadPin: dev(254,0): read-only
Apr 05 02:24:28.074191 localhost kernel: LoadPin: load pinning engaged.
Apr 05 02:24:28.081013 localhost kernel: LoadPin: kernel-module pinned obj="/lib/modules/4.14.94+/kernel/arch/x86/crypto/glue_helper.ko" pid=123 cmdline="/usr/lib/systemd/systemd-udevd"
Apr 05 02:24:28.111598 localhost kernel: AVX2 version of gcm_enc/dec engaged.
Apr 05 02:24:28.111694 localhost kernel: AES CTR mode by8 optimization enabled
Apr 05 02:24:28.154514 localhost kernel: EXT4-fs (sda8): mounted filesystem with ordered data mode. Opts: (null)
Apr 05 02:24:28.295029 localhost kernel: EXT4-fs (sda1): mounted filesystem with ordered data mode. Opts: commit=30
Apr 05 02:24:28.376486 localhost kernel: EXT4-fs (sda1): re-mounted. Opts: commit=30,data=ordered
Apr 05 02:24:28.380988 localhost kernel: EXT4-fs (sda1): re-mounted. Opts: commit=30,data=ordered
Apr 05 02:24:28.388052 localhost kernel: EXT4-fs (sda1): re-mounted. Opts: commit=30,data=ordered
Apr 05 02:24:28.512013 localhost kernel: EXT4-fs (sda1): resizing filesystem from 1271296 to 25126395 blocks
Apr 05 02:24:29.525648 localhost kernel: EXT4-fs (sda1): resized filesystem to 25126395
Apr 05 02:24:29.706380 localhost kernel: ip6_tables: (C) 2000-2006 Netfilter Core Team
Apr 05 02:24:31.890272 e2e-test-peterhornyack-minion-group-wsfw kernel: Bridge firewalling registered
Apr 05 02:24:32.171024 e2e-test-peterhornyack-minion-group-wsfw kernel: IPv6: ADDRCONF(NETDEV_UP): docker0: link is not ready
Apr 05 02:24:40.133119 e2e-test-peterhornyack-minion-group-wsfw kernel: EXT4-fs (sda1): re-mounted. Opts: commit=30,data=ordered
Apr 05 02:25:26.581274 e2e-test-peterhornyack-minion-group-wsfw kernel: EXT4-fs (sda1): re-mounted. Opts: commit=30,data=ordered
Apr 05 02:25:27.480090 e2e-test-peterhornyack-minion-group-wsfw kernel: Unsafe core_pattern used with fs.suid_dumpable=2.
                                                                        Pipe handler or fully qualified core dump path required.
                                                                        Set kernel.core_pattern before fs.suid_dumpable.
Apr 05 02:25:35.119043 e2e-test-peterhornyack-minion-group-wsfw kernel: EXT4-fs (sda1): re-mounted. Opts: commit=30,data=ordered
Apr 05 02:25:38.472087 e2e-test-peterhornyack-minion-group-wsfw kernel: IPVS: Registered protocols (TCP, UDP, SCTP, AH, ESP)
Apr 05 02:25:38.472220 e2e-test-peterhornyack-minion-group-wsfw kernel: IPVS: Connection hash table configured (size=4096, memory=64Kbytes)
Apr 05 02:25:38.493961 e2e-test-peterhornyack-minion-group-wsfw kernel: IPVS: ipvs loaded.
Apr 05 02:25:38.501119 e2e-test-peterhornyack-minion-group-wsfw kernel: IPVS: [rr] scheduler registered.
Apr 05 02:25:38.509481 e2e-test-peterhornyack-minion-group-wsfw kernel: IPVS: [wrr] scheduler registered.
Apr 05 02:25:38.517336 e2e-test-peterhornyack-minion-group-wsfw kernel: IPVS: [sh] scheduler registered.
Apr 05 02:25:38.616895 e2e-test-peterhornyack-minion-group-wsfw kernel: ip_set: protocol 6
Apr 05 02:25:40.329242 e2e-test-peterhornyack-minion-group-wsfw kernel: IPv6: ADDRCONF(NETDEV_UP): vethefd063d8: link is not ready
Apr 05 02:25:40.329367 e2e-test-peterhornyack-minion-group-wsfw kernel: IPv6: ADDRCONF(NETDEV_CHANGE): vethefd063d8: link becomes ready
Apr 05 02:25:40.357720 e2e-test-peterhornyack-minion-group-wsfw kernel: cbr0: port 1(vethefd063d8) entered blocking state
Apr 05 02:25:40.358330 e2e-test-peterhornyack-minion-group-wsfw kernel: cbr0: port 1(vethefd063d8) entered disabled state
Apr 05 02:25:40.358375 e2e-test-peterhornyack-minion-group-wsfw kernel: device vethefd063d8 entered promiscuous mode
Apr 05 02:25:40.363281 e2e-test-peterhornyack-minion-group-wsfw kernel: cbr0: port 1(vethefd063d8) entered blocking state
Apr 05 02:25:40.374975 e2e-test-peterhornyack-minion-group-wsfw kernel: cbr0: port 1(vethefd063d8) entered forwarding state
Apr 05 02:25:40.674040 e2e-test-peterhornyack-minion-group-wsfw kernel: cbr0: port 2(vethb80ed12d) entered blocking state
Apr 05 02:25:40.674194 e2e-test-peterhornyack-minion-group-wsfw kernel: cbr0: port 2(vethb80ed12d) entered disabled state
Apr 05 02:25:40.674228 e2e-test-peterhornyack-minion-group-wsfw kernel: device vethb80ed12d entered promiscuous mode
Apr 05 02:25:40.685597 e2e-test-peterhornyack-minion-group-wsfw kernel: cbr0: port 2(vethb80ed12d) entered blocking state
Apr 05 02:25:40.685778 e2e-test-peterhornyack-minion-group-wsfw kernel: cbr0: port 2(vethb80ed12d) entered forwarding state
Apr 05 02:25:40.995015 e2e-test-peterhornyack-minion-group-wsfw kernel: cbr0: port 3(veth6cd31e64) entered blocking state
Apr 05 02:25:40.995143 e2e-test-peterhornyack-minion-group-wsfw kernel: cbr0: port 3(veth6cd31e64) entered disabled state
Apr 05 02:25:40.995193 e2e-test-peterhornyack-minion-group-wsfw kernel: device veth6cd31e64 entered promiscuous mode
Apr 05 02:25:41.009083 e2e-test-peterhornyack-minion-group-wsfw kernel: cbr0: port 3(veth6cd31e64) entered blocking state
Apr 05 02:25:41.009209 e2e-test-peterhornyack-minion-group-wsfw kernel: cbr0: port 3(veth6cd31e64) entered forwarding state
Apr 05 02:25:41.458168 e2e-test-peterhornyack-minion-group-wsfw kernel: cbr0: port 4(veth80c2763d) entered blocking state
Apr 05 02:25:41.458246 e2e-test-peterhornyack-minion-group-wsfw kernel: cbr0: port 4(veth80c2763d) entered disabled state
Apr 05 02:25:41.458273 e2e-test-peterhornyack-minion-group-wsfw kernel: device veth80c2763d entered promiscuous mode
Apr 05 02:25:41.459212 e2e-test-peterhornyack-minion-group-wsfw kernel: cbr0: port 4(veth80c2763d) entered blocking state
Apr 05 02:25:41.459264 e2e-test-peterhornyack-minion-group-wsfw kernel: cbr0: port 4(veth80c2763d) entered forwarding state
Apr 05 02:25:41.555269 e2e-test-peterhornyack-minion-group-wsfw kernel: cbr0: port 5(vethb4159312) entered blocking state
Apr 05 02:25:41.558078 e2e-test-peterhornyack-minion-group-wsfw kernel: cbr0: port 5(vethb4159312) entered disabled state
Apr 05 02:25:41.558153 e2e-test-peterhornyack-minion-group-wsfw kernel: device vethb4159312 entered promiscuous mode
Apr 05 02:25:41.558185 e2e-test-peterhornyack-minion-group-wsfw kernel: cbr0: port 5(vethb4159312) entered blocking state
Apr 05 02:25:41.558209 e2e-test-peterhornyack-minion-group-wsfw kernel: cbr0: port 5(vethb4159312) entered forwarding state
Apr 05 02:25:41.735322 e2e-test-peterhornyack-minion-group-wsfw kernel: cbr0: port 6(veth3bea176e) entered blocking state
Apr 05 02:25:41.735475 e2e-test-peterhornyack-minion-group-wsfw kernel: cbr0: port 6(veth3bea176e) entered disabled state
Apr 05 02:25:41.735520 e2e-test-peterhornyack-minion-group-wsfw kernel: device veth3bea176e entered promiscuous mode
Apr 05 02:25:41.751414 e2e-test-peterhornyack-minion-group-wsfw kernel: cbr0: port 6(veth3bea176e) entered blocking state
Apr 05 02:25:41.751517 e2e-test-peterhornyack-minion-group-wsfw kernel: cbr0: port 6(veth3bea176e) entered forwarding state
Apr 05 02:25:41.966105 e2e-test-peterhornyack-minion-group-wsfw kernel: cbr0: port 7(veth916bb37f) entered blocking state
Apr 05 02:25:41.966216 e2e-test-peterhornyack-minion-group-wsfw kernel: cbr0: port 7(veth916bb37f) entered disabled state
Apr 05 02:25:41.966268 e2e-test-peterhornyack-minion-group-wsfw kernel: device veth916bb37f entered promiscuous mode
Apr 05 02:25:41.977710 e2e-test-peterhornyack-minion-group-wsfw kernel: cbr0: port 7(veth916bb37f) entered blocking state
Apr 05 02:25:41.977861 e2e-test-peterhornyack-minion-group-wsfw kernel: cbr0: port 7(veth916bb37f) entered forwarding state
Apr 05 02:25:48.631255 e2e-test-peterhornyack-minion-group-wsfw kernel: IPv6: ADDRCONF(NETDEV_UP): veth97dbb7d5: link is not ready
Apr 05 02:25:48.631347 e2e-test-peterhornyack-minion-group-wsfw kernel: IPv6: ADDRCONF(NETDEV_CHANGE): veth97dbb7d5: link becomes ready
Apr 05 02:25:48.631379 e2e-test-peterhornyack-minion-group-wsfw kernel: cbr0: port 8(veth97dbb7d5) entered blocking state
Apr 05 02:25:48.639271 e2e-test-peterhornyack-minion-group-wsfw kernel: cbr0: port 8(veth97dbb7d5) entered disabled state
Apr 05 02:25:48.639312 e2e-test-peterhornyack-minion-group-wsfw kernel: device veth97dbb7d5 entered promiscuous mode
Apr 05 02:25:48.650737 e2e-test-peterhornyack-minion-group-wsfw kernel: cbr0: port 8(veth97dbb7d5) entered blocking state
Apr 05 02:25:48.650862 e2e-test-peterhornyack-minion-group-wsfw kernel: cbr0: port 8(veth97dbb7d5) entered forwarding state
Apr 05 02:26:01.024533 e2e-test-peterhornyack-minion-group-wsfw kernel: IPv6: ADDRCONF(NETDEV_UP): veth9fd1d238: link is not ready
Apr 05 02:26:01.026537 e2e-test-peterhornyack-minion-group-wsfw kernel: IPv6: ADDRCONF(NETDEV_CHANGE): veth9fd1d238: link becomes ready
Apr 05 02:26:01.073920 e2e-test-peterhornyack-minion-group-wsfw kernel: cbr0: port 9(veth9fd1d238) entered blocking state
Apr 05 02:26:01.074111 e2e-test-peterhornyack-minion-group-wsfw kernel: cbr0: port 9(veth9fd1d238) entered disabled state
Apr 05 02:26:01.074154 e2e-test-peterhornyack-minion-group-wsfw kernel: device veth9fd1d238 entered promiscuous mode
Apr 05 02:26:01.074186 e2e-test-peterhornyack-minion-group-wsfw kernel: cbr0: port 9(veth9fd1d238) entered blocking state
Apr 05 02:26:01.074214 e2e-test-peterhornyack-minion-group-wsfw kernel: cbr0: port 9(veth9fd1d238) entered forwarding state
Apr 05 02:26:01.346654 e2e-test-peterhornyack-minion-group-wsfw kernel: cbr0: port 10(vethaf788e9a) entered blocking state
Apr 05 02:26:01.346763 e2e-test-peterhornyack-minion-group-wsfw kernel: cbr0: port 10(vethaf788e9a) entered disabled state
Apr 05 02:26:01.346792 e2e-test-peterhornyack-minion-group-wsfw kernel: device vethaf788e9a entered promiscuous mode
Apr 05 02:26:01.346819 e2e-test-peterhornyack-minion-group-wsfw kernel: cbr0: port 10(vethaf788e9a) entered blocking state
Apr 05 02:26:01.346843 e2e-test-peterhornyack-minion-group-wsfw kernel: cbr0: port 10(vethaf788e9a) entered forwarding state
Apr 05 02:26:05.250748 e2e-test-peterhornyack-minion-group-wsfw kernel: cbr0: port 6(veth3bea176e) entered disabled state
Apr 05 02:26:05.262209 e2e-test-peterhornyack-minion-group-wsfw kernel: device veth3bea176e left promiscuous mode
Apr 05 02:26:05.262297 e2e-test-peterhornyack-minion-group-wsfw kernel: cbr0: port 6(veth3bea176e) entered disabled state
Apr 05 02:26:05.863139 e2e-test-peterhornyack-minion-group-wsfw kernel: cbr0: port 2(vethb80ed12d) entered disabled state
Apr 05 02:26:05.877830 e2e-test-peterhornyack-minion-group-wsfw kernel: device vethb80ed12d left promiscuous mode
Apr 05 02:26:05.879780 e2e-test-peterhornyack-minion-group-wsfw kernel: cbr0: port 2(vethb80ed12d) entered disabled state
Apr 05 02:27:32.961420 e2e-test-peterhornyack-minion-group-wsfw kernel: IPv6: ADDRCONF(NETDEV_UP): vethdc24390b: link is not ready
Apr 05 02:27:32.961677 e2e-test-peterhornyack-minion-group-wsfw kernel: IPv6: ADDRCONF(NETDEV_CHANGE): vethdc24390b: link becomes ready
Apr 05 02:27:32.961713 e2e-test-peterhornyack-minion-group-wsfw kernel: cbr0: port 2(vethdc24390b) entered blocking state
Apr 05 02:27:32.973815 e2e-test-peterhornyack-minion-group-wsfw kernel: cbr0: port 2(vethdc24390b) entered disabled state
Apr 05 02:27:32.973960 e2e-test-peterhornyack-minion-group-wsfw kernel: device vethdc24390b entered promiscuous mode
Apr 05 02:27:32.986119 e2e-test-peterhornyack-minion-group-wsfw kernel: cbr0: port 2(vethdc24390b) entered blocking state
Apr 05 02:27:32.986296 e2e-test-peterhornyack-minion-group-wsfw kernel: cbr0: port 2(vethdc24390b) entered forwarding state
Apr 05 02:32:46.816819 e2e-test-peterhornyack-minion-group-wsfw kernel: IPv6: ADDRCONF(NETDEV_UP): veth265641f2: link is not ready
Apr 05 02:32:46.816982 e2e-test-peterhornyack-minion-group-wsfw kernel: IPv6: ADDRCONF(NETDEV_CHANGE): veth265641f2: link becomes ready
Apr 05 02:32:46.853411 e2e-test-peterhornyack-minion-group-wsfw kernel: cbr0: port 6(veth265641f2) entered blocking state
Apr 05 02:32:46.853605 e2e-test-peterhornyack-minion-group-wsfw kernel: cbr0: port 6(veth265641f2) entered disabled state
Apr 05 02:32:46.853641 e2e-test-peterhornyack-minion-group-wsfw kernel: device veth265641f2 entered promiscuous mode
Apr 05 02:32:46.853680 e2e-test-peterhornyack-minion-group-wsfw kernel: cbr0: port 6(veth265641f2) entered blocking state
Apr 05 02:32:46.853709 e2e-test-peterhornyack-minion-group-wsfw kernel: cbr0: port 6(veth265641f2) entered forwarding state
Apr 05 02:32:57.636518 e2e-test-peterhornyack-minion-group-wsfw kernel: IPv6: ADDRCONF(NETDEV_UP): vethb80bf180: link is not ready
Apr 05 02:32:57.636670 e2e-test-peterhornyack-minion-group-wsfw kernel: IPv6: ADDRCONF(NETDEV_CHANGE): vethb80bf180: link becomes ready
Apr 05 02:32:57.650669 e2e-test-peterhornyack-minion-group-wsfw kernel: cbr0: port 11(vethb80bf180) entered blocking state
Apr 05 02:32:57.650777 e2e-test-peterhornyack-minion-group-wsfw kernel: cbr0: port 11(vethb80bf180) entered disabled state
Apr 05 02:32:57.650813 e2e-test-peterhornyack-minion-group-wsfw kernel: device vethb80bf180 entered promiscuous mode
Apr 05 02:32:57.667110 e2e-test-peterhornyack-minion-group-wsfw kernel: cbr0: port 11(vethb80bf180) entered blocking state
Apr 05 02:32:57.667269 e2e-test-peterhornyack-minion-group-wsfw kernel: cbr0: port 11(vethb80bf180) entered forwarding state
Apr 05 02:38:59.222100 e2e-test-peterhornyack-minion-group-wsfw kernel: cbr0: port 6(veth265641f2) entered disabled state
Apr 05 02:38:59.236355 e2e-test-peterhornyack-minion-group-wsfw kernel: device veth265641f2 left promiscuous mode
Apr 05 02:38:59.237986 e2e-test-peterhornyack-minion-group-wsfw kernel: cbr0: port 6(veth265641f2) entered disabled state
Apr 05 02:39:29.219372 e2e-test-peterhornyack-minion-group-wsfw kernel: cbr0: port 11(vethb80bf180) entered disabled state
Apr 05 02:39:29.235843 e2e-test-peterhornyack-minion-group-wsfw kernel: device vethb80bf180 left promiscuous mode
Apr 05 02:39:29.235984 e2e-test-peterhornyack-minion-group-wsfw kernel: cbr0: port 11(vethb80bf180) entered disabled state
Apr 05 02:39:53.921238 e2e-test-peterhornyack-minion-group-wsfw kernel: IPv6: ADDRCONF(NETDEV_UP): vethacf799ee: link is not ready
Apr 05 02:39:53.921376 e2e-test-peterhornyack-minion-group-wsfw kernel: IPv6: ADDRCONF(NETDEV_CHANGE): vethacf799ee: link becomes ready
Apr 05 02:39:53.938231 e2e-test-peterhornyack-minion-group-wsfw kernel: cbr0: port 6(vethacf799ee) entered blocking state
Apr 05 02:39:53.938374 e2e-test-peterhornyack-minion-group-wsfw kernel: cbr0: port 6(vethacf799ee) entered disabled state
Apr 05 02:39:53.938407 e2e-test-peterhornyack-minion-group-wsfw kernel: device vethacf799ee entered promiscuous mode
Apr 05 02:39:53.950669 e2e-test-peterhornyack-minion-group-wsfw kernel: cbr0: port 6(vethacf799ee) entered blocking state
Apr 05 02:39:53.950785 e2e-test-peterhornyack-minion-group-wsfw kernel: cbr0: port 6(vethacf799ee) entered forwarding state
Apr 05 02:40:04.794130 e2e-test-peterhornyack-minion-group-wsfw kernel: IPv6: ADDRCONF(NETDEV_UP): veth6bdcdd18: link is not ready
Apr 05 02:40:04.795801 e2e-test-peterhornyack-minion-group-wsfw kernel: IPv6: ADDRCONF(NETDEV_CHANGE): veth6bdcdd18: link becomes ready
Apr 05 02:40:04.817711 e2e-test-peterhornyack-minion-group-wsfw kernel: cbr0: port 11(veth6bdcdd18) entered blocking state
Apr 05 02:40:04.817860 e2e-test-peterhornyack-minion-group-wsfw kernel: cbr0: port 11(veth6bdcdd18) entered disabled state
Apr 05 02:40:04.817902 e2e-test-peterhornyack-minion-group-wsfw kernel: device veth6bdcdd18 entered promiscuous mode
Apr 05 02:40:04.817936 e2e-test-peterhornyack-minion-group-wsfw kernel: cbr0: port 11(veth6bdcdd18) entered blocking state
Apr 05 02:40:04.828056 e2e-test-peterhornyack-minion-group-wsfw kernel: cbr0: port 11(veth6bdcdd18) entered forwarding state
Apr 05 02:41:28.680428 e2e-test-peterhornyack-minion-group-wsfw kernel: cbr0: port 6(vethacf799ee) entered disabled state
Apr 05 02:41:28.695612 e2e-test-peterhornyack-minion-group-wsfw kernel: device vethacf799ee left promiscuous mode
Apr 05 02:41:28.695761 e2e-test-peterhornyack-minion-group-wsfw kernel: cbr0: port 6(vethacf799ee) entered disabled state
Apr 05 02:41:58.705625 e2e-test-peterhornyack-minion-group-wsfw kernel: cbr0: port 11(veth6bdcdd18) entered disabled state
Apr 05 02:41:58.720285 e2e-test-peterhornyack-minion-group-wsfw kernel: device veth6bdcdd18 left promiscuous mode
Apr 05 02:41:58.720460 e2e-test-peterhornyack-minion-group-wsfw kernel: cbr0: port 11(veth6bdcdd18) entered disabled state
Apr 05 05:03:40.372811 e2e-test-peterhornyack-minion-group-wsfw kernel: IPv6: ADDRCONF(NETDEV_UP): vethe16ed565: link is not ready
Apr 05 05:03:40.373006 e2e-test-peterhornyack-minion-group-wsfw kernel: IPv6: ADDRCONF(NETDEV_CHANGE): vethe16ed565: link becomes ready
Apr 05 05:03:40.401115 e2e-test-peterhornyack-minion-group-wsfw kernel: cbr0: port 6(vethe16ed565) entered blocking state
Apr 05 05:03:40.401286 e2e-test-peterhornyack-minion-group-wsfw kernel: cbr0: port 6(vethe16ed565) entered disabled state
Apr 05 05:03:40.401368 e2e-test-peterhornyack-minion-group-wsfw kernel: device vethe16ed565 entered promiscuous mode
Apr 05 05:03:40.401413 e2e-test-peterhornyack-minion-group-wsfw kernel: cbr0: port 6(vethe16ed565) entered blocking state
Apr 05 05:03:40.410668 e2e-test-peterhornyack-minion-group-wsfw kernel: cbr0: port 6(vethe16ed565) entered forwarding state
Apr 05 05:04:37.355119 e2e-test-peterhornyack-minion-group-wsfw kernel: cbr0: port 6(vethe16ed565) entered disabled state
Apr 05 05:04:37.370922 e2e-test-peterhornyack-minion-group-wsfw kernel: device vethe16ed565 left promiscuous mode
Apr 05 05:04:37.372174 e2e-test-peterhornyack-minion-group-wsfw kernel: cbr0: port 6(vethe16ed565) entered disabled state
