SeaBIOS (version 1.8.2-20190322_093631-google)
Total RAM Size = 0x00000001e0000000 = 7680 MiB
CPUs found: 2     Max CPUs supported: 2
found virtio-scsi at 0:3
virtio-scsi vendor='Google' product='PersistentDisk' rev='1' type=0 removable=0
virtio-scsi blksize=512 sectors=209715200 = 102400 MiB
drive 0x000f29c0: PCHS=0/0/0 translation=lba LCHS=1024/255/63 s=209715200
Booting from Hard Disk 0...
[    0.000000] Linux version 4.14.94+ (chrome-bot@swarm-cros-645) (gcc version 4.9.x 20150123 (prerelease) (4.9.2_cos_gg_4.9.2-r200-ac6128e0a17a52f011797f33ac3e7d6273a9368d_4.9.2-r200)) #1 SMP Thu Feb 28 00:14:21 PST 2019
[    0.000000] Command line: BOOT_IMAGE=/syslinux/vmlinuz.A init=/usr/lib/systemd/systemd boot=local rootwait ro noresume noswap loglevel=7 noinitrd console=ttyS0 vsyscall=emulate security=apparmor virtio_net.napi_tx=1 systemd.unified_cgroup_hierarchy=false systemd.legacy_systemd_cgroup_controller=true csm.disabled=1 dm_verity.error_behavior=3 dm_verity.max_bios=-1 dm_verity.dev_wait=1 i915.modeset=1 cros_efi root=/dev/dm-0 "dm=1 vroot none ro 1,0 2539520 verity payload=PARTUUID=71913957-D6B1-8948-AFA7-574E312FC408 hashtree=PARTUUID=71913957-D6B1-8948-AFA7-574E312FC408 hashstart=2539520 alg=sha1 root_hexdigest=e582525d12c5f702e39eca88f648e851195d84f7 salt=331684cac74749b4944aedce8c7e5dd9abed70e63b61b9be00d8c9efd9d17444"
[    0.000000] x86/fpu: Supporting XSAVE feature 0x001: 'x87 floating point registers'
[    0.000000] x86/fpu: Supporting XSAVE feature 0x002: 'SSE registers'
[    0.000000] x86/fpu: Supporting XSAVE feature 0x004: 'AVX registers'
[    0.000000] x86/fpu: xstate_offset[2]:  576, xstate_sizes[2]:  256
[    0.000000] x86/fpu: Enabled xstate features 0x7, context size is 832 bytes, using 'standard' format.
[    0.000000] e820: BIOS-provided physical RAM map:
[    0.000000] BIOS-e820: [mem 0x0000000000000000-0x000000000009fbff] usable
[    0.000000] BIOS-e820: [mem 0x000000000009fc00-0x000000000009ffff] reserved
[    0.000000] BIOS-e820: [mem 0x00000000000f0000-0x00000000000fffff] reserved
[    0.000000] BIOS-e820: [mem 0x0000000000100000-0x00000000bfffcfff] usable
[    0.000000] BIOS-e820: [mem 0x00000000bfffd000-0x00000000bfffffff] reserved
[    0.000000] BIOS-e820: [mem 0x00000000fffbc000-0x00000000ffffffff] reserved
[    0.000000] BIOS-e820: [mem 0x0000000100000000-0x000000021fffffff] usable
[    0.000000] NX (Execute Disable) protection: active
[    0.000000] SMBIOS 2.4 present.
[    0.000000] DMI: Google Google Compute Engine/Google Compute Engine, BIOS Google 01/01/2011
[    0.000000] Hypervisor detected: KVM
[    0.000000] kvm-clock: Using msrs 4b564d01 and 4b564d00
[    0.000000] kvm-clock: cpu 0, msr 1ea4e6001, primary cpu clock
[    0.000000] kvm-clock: using sched offset of 1006781721 cycles
[    0.000000] clocksource: kvm-clock: mask: 0xffffffffffffffff max_cycles: 0x1cd42e4dffb, max_idle_ns: 881590591483 ns
[    0.000000] tsc: Initial usec timer 927793
[    0.000000] tsc: Detected 2300.000 MHz processor
[    0.000000] e820: last_pfn = 0x220000 max_arch_pfn = 0x400000000
[    0.000000] x86/PAT: Configuration [0-7]: WB  WC  UC- UC  WB  WP  UC- WT  
[    0.000000] e820: last_pfn = 0xbfffd max_arch_pfn = 0x400000000
[    0.000000] found SMP MP-table at [mem 0x000f2c70-0x000f2c7f] mapped at [ffffffffff200c70]
[    0.000000] Scanning 1 areas for low memory corruption
[    0.000000] Using GB pages for direct mapping
[    0.000000] ACPI: Early table checksum verification disabled
[    0.000000] ACPI: RSDP 0x00000000000F2A00 000014 (v00 Google)
[    0.000000] ACPI: RSDT 0x00000000BFFFDA50 000038 (v01 Google GOOGRSDT 00000001 GOOG 00000001)
[    0.000000] ACPI: FACP 0x00000000BFFFFF00 0000F4 (v02 Google GOOGFACP 00000001 GOOG 00000001)
[    0.000000] ACPI: DSDT 0x00000000BFFFDA90 0018BA (v01 Google GOOGDSDT 00000001 GOOG 00000001)
[    0.000000] ACPI: FACS 0x00000000BFFFFEC0 000040
[    0.000000] ACPI: FACS 0x00000000BFFFFEC0 000040
[    0.000000] ACPI: SSDT 0x00000000BFFFF540 000980 (v01 Google GOOGSSDT 00000001 GOOG 00000001)
[    0.000000] ACPI: APIC 0x00000000BFFFF450 000076 (v01 Google GOOGAPIC 00000001 GOOG 00000001)
[    0.000000] ACPI: WAET 0x00000000BFFFF420 000028 (v01 Google GOOGWAET 00000001 GOOG 00000001)
[    0.000000] ACPI: SRAT 0x00000000BFFFF350 0000C8 (v01 Google GOOGSRAT 00000001 GOOG 00000001)
[    0.000000] SRAT: PXM 0 -> APIC 0x00 -> Node 0
[    0.000000] SRAT: PXM 0 -> APIC 0x01 -> Node 0
[    0.000000] ACPI: SRAT: Node 0 PXM 0 [mem 0x00000000-0x0009ffff]
[    0.000000] ACPI: SRAT: Node 0 PXM 0 [mem 0x00100000-0xbfffffff]
[    0.000000] ACPI: SRAT: Node 0 PXM 0 [mem 0x100000000-0x21fffffff]
[    0.000000] NUMA: Node 0 [mem 0x00000000-0x0009ffff] + [mem 0x00100000-0xbfffffff] -> [mem 0x00000000-0xbfffffff]
[    0.000000] NUMA: Node 0 [mem 0x00000000-0xbfffffff] + [mem 0x100000000-0x21fffffff] -> [mem 0x00000000-0x21fffffff]
[    0.000000] NODE_DATA(0) allocated [mem 0x21fffc000-0x21fffffff]
[    0.000000] Zone ranges:
[    0.000000]   DMA      [mem 0x0000000000001000-0x0000000000ffffff]
[    0.000000]   DMA32    [mem 0x0000000001000000-0x00000000ffffffff]
[    0.000000]   Normal   [mem 0x0000000100000000-0x000000021fffffff]
[    0.000000] Movable zone start for each node
[    0.000000] Early memory node ranges
[    0.000000]   node   0: [mem 0x0000000000001000-0x000000000009efff]
[    0.000000]   node   0: [mem 0x0000000000100000-0x00000000bfffcfff]
[    0.000000]   node   0: [mem 0x0000000100000000-0x000000021fffffff]
[    0.000000] Initmem setup node 0 [mem 0x0000000000001000-0x000000021fffffff]
[    0.000000] ACPI: LAPIC_NMI (acpi_id[0xff] dfl dfl lint[0x1])
[    0.000000] IOAPIC[0]: apic_id 0, version 17, address 0xfec00000, GSI 0-23
[    0.000000] ACPI: INT_SRC_OVR (bus 0 bus_irq 5 global_irq 5 high level)
[    0.000000] ACPI: INT_SRC_OVR (bus 0 bus_irq 9 global_irq 9 high level)
[    0.000000] ACPI: INT_SRC_OVR (bus 0 bus_irq 10 global_irq 10 high level)
[    0.000000] ACPI: INT_SRC_OVR (bus 0 bus_irq 11 global_irq 11 high level)
[    0.000000] Using ACPI (MADT) for SMP configuration information
[    0.000000] smpboot: Allowing 2 CPUs, 0 hotplug CPUs
[    0.000000] e820: [mem 0xc0000000-0xfffbbfff] available for PCI devices
[    0.000000] Booting paravirtualized kernel on KVM
[    0.000000] clocksource: refined-jiffies: mask: 0xffffffff max_cycles: 0xffffffff, max_idle_ns: 1910969940391419 ns
[    0.000000] random: get_random_bytes called from start_kernel+0x8c/0x487 with crng_init=0
[    0.000000] setup_percpu: NR_CPUS:256 nr_cpumask_bits:256 nr_cpu_ids:2 nr_node_ids:1
[    0.000000] percpu: Embedded 44 pages/cpu @ffffa3a15fc00000 s140136 r8192 d31896 u1048576
[    0.000000] Built 1 zonelists, mobility grouping on.  Total pages: 1935238
[    0.000000] Policy zone: Normal
[    0.000000] Kernel command line: BOOT_IMAGE=/syslinux/vmlinuz.A init=/usr/lib/systemd/systemd boot=local rootwait ro noresume noswap loglevel=7 noinitrd console=ttyS0 vsyscall=emulate security=apparmor virtio_net.napi_tx=1 systemd.unified_cgroup_hierarchy=false systemd.legacy_systemd_cgroup_controller=true csm.disabled=1 dm_verity.error_behavior=3 dm_verity.max_bios=-1 dm_verity.dev_wait=1 i915.modeset=1 cros_efi root=/dev/dm-0 "dm=1 vroot none ro 1,0 2539520 verity payload=PARTUUID=71913957-D6B1-8948-AFA7-574E312FC408 hashtree=PARTUUID=71913957-D6B1-8948-AFA7-574E312FC408 hashstart=2539520 alg=sha1 root_hexdigest=e582525d12c5f702e39eca88f648e851195d84f7 salt=331684cac74749b4944aedce8c7e5dd9abed70e63b61b9be00d8c9efd9d17444"
[    0.000000] device-mapper: init: will configure 1 devices
[    0.000000] PID hash table entries: 4096 (order: 3, 32768 bytes)
[    0.000000] Memory: 7652632K/7863916K available (10252K kernel code, 1149K rwdata, 2056K rodata, 1360K init, 540K bss, 211284K reserved, 0K cma-reserved)
[    0.000000] SLUB: HWalign=64, Order=0-3, MinObjects=0, CPUs=2, Nodes=1
[    0.000000] Kernel/User page tables isolation: enabled
[    0.000000] ftrace: allocating 26803 entries in 105 pages
[    0.001000] Hierarchical RCU implementation.
[    0.001000] 	RCU restricting CPUs from NR_CPUS=256 to nr_cpu_ids=2.
[    0.001000] RCU: Adjusting geometry for rcu_fanout_leaf=16, nr_cpu_ids=2
[    0.001000] NR_IRQS: 16640, nr_irqs: 440, preallocated irqs: 16
[    0.001000] console [ttyS0] enabled
[    0.001013] clocksource: tsc-early: mask: 0xffffffffffffffff max_cycles: 0x212735223b2, max_idle_ns: 440795277976 ns
[    0.002015] Calibrating delay loop (skipped) preset value.. 4600.00 BogoMIPS (lpj=2300000)
[    0.003010] pid_max: default: 32768 minimum: 301
[    0.004024] ACPI: Core revision 20170728
[    0.006401] ACPI: 2 ACPI AML tables successfully acquired and loaded
[    0.007040] Security Framework initialized
[    0.007902] Yama: becoming mindful.
[    0.008014] LoadPin: ready to pin (currently enabled)
[    0.008049] Chromium OS LSM: enabled
[    0.009025] AppArmor: AppArmor initialized
[    0.015185] Dentry cache hash table entries: 1048576 (order: 11, 8388608 bytes)
[    0.018151] Inode-cache hash table entries: 524288 (order: 10, 4194304 bytes)
[    0.019055] Mount-cache hash table entries: 16384 (order: 5, 131072 bytes)
[    0.020057] Mountpoint-cache hash table entries: 16384 (order: 5, 131072 bytes)
[    0.021310] Last level iTLB entries: 4KB 1024, 2MB 1024, 4MB 1024
[    0.022008] Last level dTLB entries: 4KB 1024, 2MB 1024, 4MB 1024, 1GB 4
[    0.023015] Spectre V2 : Mitigation: Full generic retpoline
[    0.024007] Spectre V2 : Spectre v2 / SpectreRSB mitigation: Filling RSB on context switch
[    0.025017] Spectre V2 : Enabling Restricted Speculation for firmware calls
[    0.026010] Spectre V2 : mitigation: Enabling conditional Indirect Branch Prediction Barrier
[    0.027008] Spectre V2 : User space: Mitigation: STIBP via seccomp and prctl
[    0.028012] Speculative Store Bypass: Mitigation: Speculative Store Bypass disabled via prctl and seccomp
[    0.033667] Freeing SMP alternatives memory: 28K
[    0.035246] smpboot: Max logical packages: 2
[    0.037146] x2apic enabled
[    0.038010] Switched APIC routing to physical x2apic.
[    0.043288] ..TIMER: vector=0x30 apic1=0 pin1=0 apic2=-1 pin2=-1
[    0.145066] smpboot: CPU0: Intel(R) Xeon(R) CPU @ 2.30GHz (family: 0x6, model: 0x3f, stepping: 0x0)
[    0.146120] Performance Events: unsupported p6 CPU model 63 no PMU driver, software events only.
[    0.147063] Hierarchical SRCU implementation.
[    0.148114] random: crng done (trusting CPU's manufacturer)
[    0.149011] NMI watchdog: Perf event create on CPU 0 failed with -2
[    0.150004] NMI watchdog: Perf NMI watchdog permanently disabled
[    0.151079] smp: Bringing up secondary CPUs ...
[    0.153095] x86: Booting SMP configuration:
[    0.154006] .... node  #0, CPUs:      #1
[    0.001000] kvm-clock: cpu 1, msr 1ea4e6041, secondary cpu clock
[    0.156483] smp: Brought up 1 node, 2 CPUs
[    0.158008] smpboot: Total of 2 processors activated (9200.00 BogoMIPS)
[    0.161213] devtmpfs: initialized
[    0.162210] clocksource: jiffies: mask: 0xffffffff max_cycles: 0xffffffff, max_idle_ns: 1911260446275000 ns
[    0.163017] futex hash table entries: 512 (order: 3, 32768 bytes)
[    0.164170] RTC time:  2:24:26, date: 04/05/19
[    0.165143] NET: Registered protocol family 16
[    0.166224] cpuidle: using governor ladder
[    0.167018] cpuidle: using governor menu
[    0.168180] clocksource: Switched to clocksource kvm-clock
[    0.169824] ACPI: bus type PCI registered
[    0.171581] PCI: Using configuration type 1 for base access
[    0.174089] HugeTLB registered 2.00 MiB page size, pre-allocated 0 pages
[    0.176590] ACPI: Added _OSI(Module Device)
[    0.177541] ACPI: Added _OSI(Processor Device)
[    0.178604] ACPI: Added _OSI(3.0 _SCP Extensions)
[    0.179630] ACPI: Added _OSI(Processor Aggregator Device)
[    0.181406] ACPI: Executed 2 blocks of module-level executable AML code
[    0.184504] ACPI: Interpreter enabled
[    0.185124] ACPI: (supports S0 S3 S5)
[    0.185866] ACPI: Using IOAPIC for interrupt routing
[    0.188043] PCI: Using host bridge windows from ACPI; if necessary, use "pci=nocrs" and report a bug
[    0.190786] ACPI: Enabled 16 GPEs in block 00 to 0F
[    0.194217] ACPI: PCI Root Bridge [PCI0] (domain 0000 [bus 00-ff])
[    0.195393] acpi PNP0A03:00: _OSC: OS supports [ASPM ClockPM Segments MSI]
[    0.196846] acpi PNP0A03:00: _OSC failed (AE_NOT_FOUND); disabling ASPM
[    0.198563] acpi PNP0A03:00: fail to add MMCONFIG information, can't access extended PCI configuration space under this bridge.
[    0.201416] PCI host bridge to bus 0000:00
[    0.202397] pci_bus 0000:00: root bus resource [io  0x0000-0x0cf7 window]
[    0.203755] pci_bus 0000:00: root bus resource [io  0x0d00-0xffff window]
[    0.204916] pci_bus 0000:00: root bus resource [mem 0x000a0000-0x000bffff window]
[    0.206082] pci_bus 0000:00: root bus resource [mem 0xc0000000-0xfebfffff window]
[    0.207712] pci_bus 0000:00: root bus resource [bus 00-ff]
[    0.250165] pci 0000:00:01.3: quirk: [io  0xb000-0xb03f] claimed by PIIX4 ACPI
[    0.313689] ACPI: PCI Interrupt Link [LNKA] (IRQs 5 *10 11)
[    0.316572] ACPI: PCI Interrupt Link [LNKB] (IRQs 5 *10 11)
[    0.319217] ACPI: PCI Interrupt Link [LNKC] (IRQs 5 10 *11)
[    0.322220] ACPI: PCI Interrupt Link [LNKD] (IRQs 5 10 *11)
[    0.324911] ACPI: PCI Interrupt Link [LNKS] (IRQs *9)
[    0.326573] SCSI subsystem initialized
[    0.327920] PCI: Using ACPI for IRQ routing
[    0.339357] VFS: Disk quotas dquot_6.6.0
[    0.340554] VFS: Dquot-cache hash table entries: 512 (order 0, 4096 bytes)
[    0.342569] AppArmor: AppArmor Filesystem Enabled
[    0.343622] pnp: PnP ACPI init
[    0.344786] pnp: PnP ACPI: found 7 devices
[    0.346311] NET: Registered protocol family 2
[    0.347480] TCP established hash table entries: 65536 (order: 7, 524288 bytes)
[    0.351198] TCP bind hash table entries: 65536 (order: 9, 2097152 bytes)
[    0.353339] TCP: Hash tables configured (established 65536 bind 65536)
[    0.355305] UDP hash table entries: 4096 (order: 6, 393216 bytes)
[    0.357287] UDP-Lite hash table entries: 4096 (order: 6, 393216 bytes)
[    0.359169] NET: Registered protocol family 1
[    0.360092] pci 0000:00:00.0: Limiting direct PCI/PCI transfers
[    0.361796] PCI-DMA: Using software bounce buffering for IO (SWIOTLB)
[    0.363588] software IO TLB: mapped [mem 0xbbffd000-0xbfffd000] (64MB)
[    0.365056] RAPL PMU: API unit is 2^-32 Joules, 4 fixed counters, 10737418240 ms ovfl timer
[    0.367347] RAPL PMU: hw unit of domain pp0-core 2^-0 Joules
[    0.368561] RAPL PMU: hw unit of domain package 2^-0 Joules
[    0.370141] RAPL PMU: hw unit of domain dram 2^-0 Joules
[    0.371057] RAPL PMU: hw unit of domain pp1-gpu 2^-0 Joules
[    0.372172] clocksource: tsc: mask: 0xffffffffffffffff max_cycles: 0x212735223b2, max_idle_ns: 440795277976 ns
[    0.374873] Scanning for low memory corruption every 60 seconds
[    0.376914] audit: initializing netlink subsys (disabled)
[    0.378567] Initialise system trusted keyrings
[    0.379054] audit: type=2000 audit(1554431066.507:1): state=initialized audit_enabled=0 res=1
[    0.379691] workingset: timestamp_bits=40 max_order=21 bucket_order=0
[    0.385298] Key type asymmetric registered
[    0.386635] Asymmetric key parser 'x509' registered
[    0.387758] Block layer SCSI generic (bsg) driver version 0.4 loaded (major 250)
[    0.389051] io scheduler noop registered (default)
[    0.389907] io scheduler deadline registered
[    0.391030] io scheduler cfq registered
[    0.391621] io scheduler mq-deadline registered
[    0.393519] input: Power Button as /devices/LNXSYSTM:00/LNXPWRBN:00/input/input0
[    0.395058] ACPI: Power Button [PWRF]
[    0.396316] input: Sleep Button as /devices/LNXSYSTM:00/LNXSLPBN:00/input/input1
[    0.397762] ACPI: Sleep Button [SLPF]
[    0.400598] ACPI: PCI Interrupt Link [LNKC] enabled at IRQ 11
[    0.401693] virtio-pci 0000:00:03.0: virtio_pci: leaving for legacy driver
[    0.407373] ACPI: PCI Interrupt Link [LNKD] enabled at IRQ 10
[    0.408573] virtio-pci 0000:00:04.0: virtio_pci: leaving for legacy driver
[    0.415903] Serial: 8250/16550 driver, 4 ports, IRQ sharing disabled
[    0.438903] 00:03: ttyS0 at I/O 0x3f8 (irq = 4, base_baud = 115200) is a 16550A
[    0.462789] 00:04: ttyS1 at I/O 0x2f8 (irq = 3, base_baud = 115200) is a 16550A
[    0.487115] 00:05: ttyS2 at I/O 0x3e8 (irq = 6, base_baud = 115200) is a 16550A
[    0.511802] 00:06: ttyS3 at I/O 0x2e8 (irq = 7, base_baud = 115200) is a 16550A
[    0.514100] Non-volatile memory driver v1.3
[    0.517907] loop: module loaded
[    0.531539] scsi host0: Virtio SCSI HBA
[    0.548689] scsi 0:0:1:0: Direct-Access     Google   PersistentDisk   1    PQ: 0 ANSI: 6
[    0.586652] sd 0:0:1:0: [sda] 209715200 512-byte logical blocks: (107 GB/100 GiB)
[    0.592855] sd 0:0:1:0: [sda] 4096-byte physical blocks
[    0.598047] sd 0:0:1:0: [sda] Write Protect is off
[    0.599382] sd 0:0:1:0: [sda] Write cache: enabled, read cache: enabled, doesn't support DPO or FUA
[    0.623323] i8042: PNP: PS/2 Controller [PNP0303:KBD,PNP0f13:MOU] at 0x60,0x64 irq 1,12
[    0.626649] i8042: Warning: Keylock active
[    0.628306] GPT:Primary header thinks Alt. header is not at the end of the disk.
[    0.630349] GPT:18874524 != 209715199
[    0.631171] serio: i8042 KBD port at 0x60,0x64 irq 1
[    0.631467] GPT:Alternate GPT header not at the end of the disk.
[    0.632769] serio: i8042 AUX port at 0x60,0x64 irq 12
[    0.634305] GPT:18874524 != 209715199
[    0.636156] rtc_cmos 00:00: RTC can wake from S4
[    0.636453] GPT: Use GNU Parted to correct GPT errors.
[    0.638293] rtc_cmos 00:00: registered as rtc0
[    0.638911]  sda: sda1 sda2 sda3 sda4 sda5 sda6 sda7 sda8 sda9 sda10 sda11 sda12
[    0.639923] rtc_cmos 00:00: alarms up to one day, 114 bytes nvram
[    0.642529] sd 0:0:1:0: [sda] Attached SCSI disk
[    0.643429] iTCO_wdt: Intel TCO WatchDog Timer Driver v1.11
[    0.646217] iTCO_vendor_support: vendor-support=0
[    0.648089] device-mapper: ioctl: 4.37.0-ioctl (2017-09-20) initialised: dm-devel@redhat.com
[    0.651102] device-mapper: verity-chromeos: dm-verity-chromeos registered
[    0.653135] Mirror/redirect action on
[    0.654275] Netfilter messages via NETLINK v0.30.
[    0.655565] nf_conntrack version 0.5.0 (65536 buckets, 262144 max)
[    0.657162] ctnetlink v0.93: registering with nfnetlink.
[    0.658699] ip_tables: (C) 2000-2006 Netfilter Core Team
[    0.660068] Initializing XFRM netlink socket
[    0.661218] NET: Registered protocol family 10
[    0.662670] Segment Routing with IPv6
[    0.664090] NET: Registered protocol family 17
[    0.665364] bridge: filtering via arp/ip/ip6tables is no longer available by default. Update your scripts to load br_netfilter if you need this.
[    0.669264] sched_clock: Marking stable (669135572, 0)->(1172069486, -502933914)
[    0.671380] registered taskstats version 1
[    0.673155] Loading compiled-in X.509 certificates
[    0.690892] Loaded X.509 cert 'Google LLC: Container-Optimized OS kernel signing key: cdd9ce572db9e71668e71b5a9113908047a21771'
[    0.711299] Loaded X.509 cert 'Google: Container-Optimized OS: 2efea493fc148b35859d0bc8c3dd71a139fc7ab411283e06f6c10b5a6b17e355'
[    0.715102] AppArmor: AppArmor sha1 policy hashing enabled
[    0.716997] ima: No TPM chip found, activating TPM-bypass! (rc=-19)
[    0.718783] ima: Allocated hash algorithm: sha256
[    0.720829]   Magic number: 15:943:408
[    0.723740] device-mapper: init: attempting early device configuration.
[    0.726000] device-mapper: init: adding target '0 2539520 verity payload=PARTUUID=71913957-D6B1-8948-AFA7-574E312FC408 hashtree=PARTUUID=71913957-D6B1-8948-AFA7-574E312FC408 hashstart=2539520 alg=sha1 root_hexdigest=e582525d12c5f702e39eca88f648e851195d84f7 salt=331684cac74749b4944aedce8c7e5dd9abed70e63b61b9be00d8c9efd9d17444'
[    0.734583] device-mapper: verity: Argument 0: 'payload=PARTUUID=71913957-D6B1-8948-AFA7-574E312FC408'
[    0.736702] device-mapper: verity: Argument 1: 'hashtree=PARTUUID=71913957-D6B1-8948-AFA7-574E312FC408'
[    0.739461] device-mapper: verity: Argument 2: 'hashstart=2539520'
[    0.741004] device-mapper: verity: Argument 3: 'alg=sha1'
[    0.742391] device-mapper: verity: Argument 4: 'root_hexdigest=e582525d12c5f702e39eca88f648e851195d84f7'
[    0.744756] device-mapper: verity: Argument 5: 'salt=331684cac74749b4944aedce8c7e5dd9abed70e63b61b9be00d8c9efd9d17444'
[    0.747952] device-mapper: init: dm-0 is ready
[    0.754800] EXT4-fs (dm-0): mounting ext2 file system using the ext4 subsystem
[    0.769412] EXT4-fs (dm-0): mounted filesystem without journal. Opts: (null)
[    0.771076] VFS: Mounted root (ext2 filesystem) readonly on device 254:0.
[    0.780716] devtmpfs: mounted
[    0.952848] Freeing unused kernel memory: 1360K
[    0.956064] Write protecting the kernel read-only data: 16384k
[    0.958911] Freeing unused kernel memory: 2012K
[    0.964016] Freeing unused kernel memory: 2040K
[    1.204355] systemd[1]: systemd 232 running in system mode. (+PAM +AUDIT -SELINUX +IMA +APPARMOR +SMACK -SYSVINIT -UTMP -LIBCRYPTSETUP +GCRYPT -GNUTLS -ACL -XZ +LZ4 +SECCOMP +BLKID -ELFUTILS +KMOD -IDN)
[    1.209271] systemd[1]: Detected virtualization kvm.
[    1.210624] systemd[1]: Detected architecture x86-64.

Welcome to [1mContainer-Optimized OS from Google[0m!

[    1.231119] systemd[1]: Initializing machine ID from KVM UUID.
[    1.233261] systemd[1]: Installed transient /etc/machine-id file.
[    1.597334] systemd[1]: Listening on Journal Socket.
[[0;32m  OK  [0m] Listening on Journal Socket.
[    1.602491] systemd[1]: Created slice System Slice.
[[0;32m  OK  [0m] Created slice System Slice.
[    1.607171] systemd[1]: Listening on udev Kernel Socket.
[[0;32m  OK  [0m] Listening on udev Kernel Socket.
[    1.610741] systemd[1]: Starting Mount /dev/shm with 'noexec'...
         Starting Mount /dev/shm with 'noexec'...
[    1.617739] systemd[1]: Listening on Process Core Dump Socket.
[[0;32m  OK  [0m] Listening on Process Core Dump Socket.
[[0;32m  OK  [0m] Created slice User and Session Slice.
[[0;32m  OK  [0m] Created slice system-serial\x2dgetty.slice.
[[0;32m  OK  [0m] Reached target Remote File Systems.
         Mounting /mnt/disks...
[[0;32m  OK  [0m] Listening on Journal Audit Socket.
[[0;32m  OK  [0m] Started Forward Password Requests to Wall Directory Watch.
[[0;32m  OK  [0m] Created slice system-systemd\x2dfsck.slice.
         Mounting Debug File System...
         Mounting POSIX Message Queue File System...
[[0;32m  OK  [0m] Listening on Network Service Netlink Socket.
         Starting Remount Root and Kernel File Systems...
[[0;32m  OK  [0m] Started Dispatch Password Requests to Console Directory Watch.
         Mounting Huge Pages File System...
[[0;32m  OK  [0m] Reached target Swap.
[[0;32m  OK  [0m] Listening on udev Control Socket.
         Starting udev Coldplug all Devices...
         Mounting Temporary Directory...
[[0;32m  OK  [0m] Created slice Slice for System Daemons.
[[0;32m  OK  [0m] Reached target Slices.
         Starting Create list of required st?ce nodes for the current kernel...
[[0;32m  OK  [0m] Set up automount Arbitrary Executab?rmats File System Automount Point.
         Starting Apply Kernel Variables...
[[0;32m  OK  [0m] Reached target Paths.
[[0;32m  OK  [0m] Listening on /dev/initctl Compatibility Named Pipe.
[[0;32m  OK  [0m] Listening on Journal Socket (/dev/log).
         Starting Journal Service...
[[0;32m  OK  [0m] Mounted Debug File System.
[[0;32m  OK  [0m] Mounted POSIX Message Queue File System.
[[0;32m  OK  [0m] Mounted Huge Pages File System.
[[0;32m  OK  [0m] Mounted /mnt/disks.
[[0;32m  OK  [0m] Mounted Temporary Directory.
[[0;32m  OK  [0m] Started Mount /dev/shm with 'noexec'.
[[0;32m  OK  [0m] Started Remount Root and Kernel File Systems.
[[0;32m  OK  [0m] Started Create list of required sta?vice nodes for the current kernel.
[[0;32m  OK  [0m] Started Apply Kernel Variables.
[[0;32m  OK  [0m] Started Journal Service.
         Starting Create Static Device Nodes in /dev...
         Starting Mount /etc overlay...
[[0;32m  OK  [0m] Started udev Coldplug all Devices.
[[0;32m  OK  [0m] Started Create Static Device Nodes in /dev.
[[0;32m  OK  [0m] Reached target Local File Systems (Pre).
[[0;32m  OK  [0m] Started stateful-devices.path.
         Starting udev Kernel Device Manager...
[[0;32m  OK  [0m] Started Mount /etc overlay.
[[0;32m  OK  [0m] Started udev Kernel Device Manager.
         Starting Creates the /dev/stateful symlink to the stateful device....
[[0;32m  OK  [0m] Found device /dev/ttyS0.
[    1.940627] LoadPin: dev(254,0): read-only
[    1.942462] LoadPin: load pinning engaged.
[    1.944546] LoadPin: kernel-module pinned obj="/lib/modules/4.14.94+/kernel/arch/x86/crypto/glue_helper.ko" pid=123 cmdline="/usr/lib/systemd/systemd-udevd"
[    1.977916] AVX2 version of gcm_enc/dec engaged.
[    1.979538] AES CTR mode by8 optimization enabled
[[0;32m  OK  [0m] Found device PersistentDisk OEM.
         Mounting /usr/share/oem...
[[0;32m  OK  [0m] Started Creates the /dev/stateful symlink to the stateful device..
[    2.020947] EXT4-fs (sda8): mounted filesystem with ordered data mode. Opts: (null)
[[0;32m  OK  [0m] Mounted /usr/share/oem.
[[0;32m  OK  [0m] Found device PersistentDisk STATE.
         Starting File System Check on /dev/stateful...
[    2.120634] systemd-fsck[178]: STATE: clean, 8420/318240 files, 51812/1271296 blocks
[[0;32m  OK  [0m] Started File System Check on /dev/stateful.
         Mounting /mnt/stateful_partition...
[    2.162508] EXT4-fs (sda1): mounted filesystem with ordered data mode. Opts: commit=30
[[0;32m  OK  [0m] Mounted /mnt/stateful_partition.
         Starting Resize stateful partition...
         Starting Make /mnt/stateful_partition private...
[[0;32m  OK  [0m] Started Make /mnt/stateful_partition private.
         Mounting /home...
         Mounting /var...
[[0;32m  OK  [0m] Mounted /home.
[[0;32m  OK  [0m] Mounted /var.
         Starting Flush Journal to Persistent Storage...
         Mounting Bind mount /var/lib/google to itself...
         Mounting Bind mount /var/lib/toolbox to itself...
         Mounting /var/lib/cloud...
         Mounting Bind mount /var/lib/docker to itself...
[[0;32m  OK  [0m] Mounted Bind mount /var/lib/google to itself.
[[0;32m  OK  [0m] Mounted Bind mount /var/lib/toolbox to itself.
[[0;32m  OK  [0m] Mounted Bind mount /var/lib/docker to itself.
[[0;32m  OK  [0m] Mounted /var/lib/cloud.
         Starting Mount /var/lib/docker with 'exec'...
[    2.243520] EXT4-fs (sda1): re-mounted. Opts: commit=30,data=ordered
         Starting Mount /var/lib/toolbox with 'exec' and 'suid' bits...
[    2.248642] EXT4-fs (sda1): re-mounted. Opts: commit=30,data=ordered
         Starting Mount /var/lib/google with 'exec'...
[    2.255154] EXT4-fs (sda1): re-mounted. Opts: commit=30,data=ordered
[[0;32m  OK  [0m] Started Mount /var/lib/docker with 'exec'.
[[0;32m  OK  [0m] Started Mount /var/lib/toolbox with 'exec' and 'suid' bits.
[[0;32m  OK  [0m] Started Mount /var/lib/google with 'exec'.
[    2.278072] systemd-journald[106]: Received request to flush runtime journal from PID 1
[[0;32m  OK  [0m] Reached target Local File Systems.
         Starting Rebuild Journal Catalog...
         Starting Rebuild Dynamic Linker Cache...
[[0;32m  OK  [0m] Started Flush Journal to Persistent Storage.
         Starting Create Volatile Files and Directories...
[[0;32m  OK  [0m] Started Rebuild Journal Catalog.
[[0;32m  OK  [0m] Started Create Volatile Files and Directories.
         Starting Load Security Auditing Rules...
         Starting Network Time Synchronization...
[[0;32m  OK  [0m] Started Load Security Auditing Rules.
[    2.378780] EXT4-fs (sda1): resizing filesystem from 1271296 to 25126395 blocks
[[0;32m  OK  [0m] Started Network Time Synchronization.
[[0;32m  OK  [0m] Reached target System Time Synchronized.
[[0;32m  OK  [0m] Started Rebuild Dynamic Linker Cache.
         Starting Update is Completed...
[[0;32m  OK  [0m] Started Update is Completed.
[    3.391057] EXT4-fs (sda1): resized filesystem to 25126395
[[0;32m  OK  [0m] Started Resize stateful partition.
[[0;32m  OK  [0m] Reached target System Initialization.
         Starting Docker Socket for the API.
[[0;32m  OK  [0m] Listening on D-Bus System Message Bus Socket.
[[0;32m  OK  [0m] Started Daily Cleanup of Temporary Directories.
[[0;32m  OK  [0m] Started Run Crash Sender hourly.
[[0;32m  OK  [0m] Reached target Timers.
[[0;32m  OK  [0m] Listening on Docker Socket for the API.
[[0;32m  OK  [0m] Reached target Sockets.
[[0;32m  OK  [0m] Reached target Basic System.
         Starting Configure iptables...
         Starting Check if secure boot is enabled...
         Starting Login Service...
         Starting Reports operating system info...
[    3.517725] cat[284]: BUILD_ID=11647.64.0
[    3.524353] cat[284]: NAME="Container-Optimized OS"
[    3.526294] cat[284]: KERNEL_COMMIT_ID=eb49a8f827edb6d8b5926b3ea48c6bc086d7a704
         Starting Configure ip6tables...
         Starting Initialize Crash Reporter...
[    3.539052] ip6_tables: (C) 2000-2006 Netfilter Core Team
[[0;32m  OK  [0m] Started D-Bus System Message Bus.
[    3.531498] cat[284]: GOOGLE_CRASH_ID=Lakitu
[    3.546816] cat[284]: VERSION_ID=73
[    3.548243] cat[284]: BUG_REPORT_URL="https://cloud.google.com/container-optimized-os/docs/resources/support-policy#contact_us"
[    3.554524] cat[284]: PRETTY_NAME="Container-Optimized OS from Google"
[    3.559374] cat[284]: VERSION=73
[    3.564392] cat[284]: GOOGLE_METRICS_PRODUCT_ID=26
[    3.566045] cat[284]: HOME_URL="https://cloud.google.com/container-optimized-os/docs"
[    3.571352] cat[284]: ID=cos
         Starting Network Service...
         Starting Initial cloud-init job (pre-networking)...
[[0;32m  OK  [0m] Reached target Containers.
[[0;32m  OK  [0m] Started Check if secure boot is enabled.
[[0;32m  OK  [0m] Started Login Service.
[    3.617744] echo[309]: Showing disk capacity
[[0;32m  OK  [0m] Started Reports operating system info.
[    3.626759] df[311]: Filesystem      Size  Used Avail Use% Mounted on
[    3.635328] df[311]: /dev/root       1.2G  679M  542M  56% /
[    3.639330] df[311]: devtmpfs        3.7G     0  3.7G   0% /dev
[[0;32m  OK  [0m] Started Network Service.
[    3.643591] [df[0;32m  OK  [0m[311]: ] tmpfs           3.7G     0  3.7G   0% /dev/shmStarted Initialize Crash Reporter.

         Starting Run per-boot crash collection tasks...
         Starting Wait for Network to be Configured...
[[0;32m  OK  [0m] Started Configure ip6tables.
[    3.653775] df[311]: tmpfs           3.7G  232K  3.7G   1% /run
         Starting Hostname Service...
[    3.670309] df[311]: tmpfs           3.7G     0  3.7G   0% /sys/fs/cgroup
[    3.675243] df[311]: tmpfs           1.0M   36K  988K   4% /etc/machine-id
[    3.680253] df[311]: tmpfs           256K     0  256K   0% /mnt/disks
[    3.685207] df[311]: tmpfs           3.7G     0  3.7G   0% /tmp
[    3.686938] df[311]: overlayfs       1.0M   36K  988K   4% /etc
[    3.688929] df[311]: /dev/sda8        12M   28K   12M   1% /usr/share/oem
[    3.694238] df[311]: /dev/sda1        95G   85M   95G   1% /mnt/stateful_partition
[    3.698279] df[311]: tmpfs           1.0M     0  1.0M   0% /var/lib/cloud
[[0;32m  OK  [0m] Started Run per-boot crash collection tasks.
         Starting Crash Sender...
[[0;32m  OK  [0m] Started Hostname Service.
[[0;32m  OK  [0m] Started Crash Sender.
[[0;32m  OK  [0m] Started Configure iptables.
[[0;32m  OK  [0m] Reached target Network.
         Starting containerd container runtime...
         Starting OpenSSH server daemon...
         Starting Network Name Resolution...
         Starting Permit User Sessions...
[[0;32m  OK  [0m] Started containerd container runtime.
[[0;32m  OK  [0m] Started Permit User Sessions.
[[0;32m  OK  [0m] Started Serial Getty on ttyS0.
[[0;32m  OK  [0m] Reached target Login Prompts.
[[0;32m  OK  [0m] Started Network Name Resolution.
[[0;32m  OK  [0m] Started Wait for Network to be Configured.
[[0;32m  OK  [0m] Reached target Network is Online.
         Starting Google Compute Engine Instance Setup...
         Starting Wait for User Data to be accessible...
         Starting Docker Application Container Engine...
         Starting Wait for Google Container Registry (GCR) to be accessible...
         Starting Initialize device policy...
[[0;32m  OK  [0m] Started Wait for User Data to be accessible.
[[0;32m  OK  [0m] Reached target User Data for Cloud Init is accessible.
[[0;32m  OK  [0m] Started OpenSSH server daemon.
[    5.659971] cloud-init[308]: Cloud-init v. 0.7.6 running 'init-local' at Fri, 05 Apr 2019 02:24:31 +0000. Up 5.60 seconds.
[[0;32m  OK  [0m] Started Google Compute Engine Instance Setup.
         Starting Google Compute Engine Network Setup...
[    5.758504] Bridge firewalling registered
[[0;32m  OK  [0m] Started Google Compute Engine Network Setup.
         Starting Google Compute Engine Startup Scripts...
[[0;32m  OK  [0m] Started Google Compute Engine Accounts Daemon.
         Starting Google Compute Engine Shutdown Scripts...
[[0;32m  OK  [0m] Started Google Compute Engine Clock Skew Daemon.
[[0;32m  OK  [0m] Started Google Compute Engine IP Forwarding Daemon.
[[0;32m  OK  [0m] Started Google Compute Engine Shutdown Scripts.
[    6.038049] IPv6: ADDRCONF(NETDEV_UP): docker0: link is not ready
[[0;32m  OK  [0m] Started Initialize device policy.
[[0;32m  OK  [0m] Started GCI Device Policy Service.
[[0;32m  OK  [0m] Started Metrics Daemon.
[[0;32m  OK  [0m] Started Initial cloud-init job (pre-networking).
         Starting Initial cloud-init job (metadata service crawler)...
[[0;32m  OK  [0m] Started Docker Application Container Engine.
[[0;32m  OK  [0m] Started Google Compute Engine Startup Scripts.
[    6.711729] cloud-init[548]: Cloud-init v. 0.7.6 running 'init' at Fri, 05 Apr 2019 02:24:32 +0000. Up 6.66 seconds.
[    6.735511] cloud-init[548]: ci-info: +++++++++++++++++++++++++++Net device info++++++++++++++++++++++++++++
[    6.740466] cloud-init[548]: ci-info: +----------+------+------------+-----------------+-------------------+
[    6.743244] cloud-init[548]: ci-info: |  Device  |  Up  |  Address   |       Mask      |     Hw-Address    |
[    6.745386] cloud-init[548]: ci-info: +----------+------+------------+-----------------+-------------------+
[    6.750371] cloud-init[548]: ci-info: |   lo:    | True | 127.0.0.1  |    255.0.0.0    |         .         |
[    6.755392] cloud-init[548]: ci-info: |  eth0:   | True | 10.40.0.5  | 255.255.255.255 | 42:01:0a:28:00:05 |
[    6.760385] cloud-init[548]: ci-info: | docker0: | True | 172.17.0.1 |   255.255.0.0   | 02:42:23:95:d0:71 |
[    6.762563] cloud-init[548]: ci-info: +----------+------+------------+-----------------+-------------------+
[    6.767313] cloud-init[548]: ci-info: +++++++++++++++++++++++++++++++Route info++++++++++++++++++++++++++++++++
[    6.772332] cloud-init[548]: ci-info: +-------+-------------+-----------+-----------------+-----------+-------+
[    6.777327] cloud-init[548]: ci-info: | Route | Destination |  Gateway  |     Genmask     | Interface | Flags |
[    6.782397] cloud-init[548]: ci-info: +-------+-------------+-----------+-----------------+-----------+-------+
[    6.787356] cloud-init[548]: ci-info: |   0   |   0.0.0.0   | 10.40.0.1 |     0.0.0.0     |    eth0   |   UG  |
[    6.792326] cloud-init[548]: ci-info: |   1   |   0.0.0.0   | 10.40.0.1 |     0.0.0.0     |    eth0   |   UG  |
[    6.797322] cloud-init[548]: ci-info: |   2   |  10.40.0.1  |  0.0.0.0  | 255.255.255.255 |    eth0   |   UH  |
[    6.802286] cloud-init[548]: ci-info: |   3   |  10.40.0.1  |  0.0.0.0  | 255.255.255.255 |    eth0   |   UH  |
[    6.807360] cloud-init[548]: ci-info: |   4   |  172.17.0.0 |  0.0.0.0  |   255.255.0.0   |  docker0  |   U   |
[    6.812321] cloud-init[548]: ci-info: +-------+-------------+-----------+-----------------+-----------+-------+

e2e-test-peterhornyack-minion-group-wsfw login: [   12.004346] konlet-startup[620]: No metadata present - not running containers
[   12.553839] cloud-init[632]: Cloud-init v. 0.7.6 running 'modules:config' at Fri, 05 Apr 2019 02:24:38 +0000. Up 12.47 seconds.
[   13.025929] cloud-init[640]: Cloud-init v. 0.7.6 running 'modules:final' at Fri, 05 Apr 2019 02:24:39 +0000. Up 12.94 seconds.
[   13.124309] cloud-init[640]: Created symlink /etc/systemd/system/kubernetes.target.wants/kube-node-installation.service ? /etc/systemd/system/kube-node-installation.service.
[   13.200777] cloud-init[640]: Created symlink /etc/systemd/system/kubernetes.target.wants/kube-node-configuration.service ? /etc/systemd/system/kube-node-configuration.service.
[   13.277620] cloud-init[640]: Created symlink /etc/systemd/system/kubernetes.target.wants/kube-container-runtime-monitor.service ? /etc/systemd/system/kube-container-runtime-monitor.service.
[   13.354908] cloud-init[640]: Created symlink /etc/systemd/system/kubernetes.target.wants/kubelet-monitor.service ? /etc/systemd/system/kubelet-monitor.service.
[   13.435645] cloud-init[640]: Created symlink /etc/systemd/system/kubernetes.target.wants/kube-logrotate.timer ? /etc/systemd/system/kube-logrotate.timer.
[   13.515872] cloud-init[640]: Created symlink /etc/systemd/system/kubernetes.target.wants/kube-logrotate.service ? /etc/systemd/system/kube-logrotate.service.
[   13.600969] cloud-init[640]: Created symlink /etc/systemd/system/multi-user.target.wants/kubernetes.target ? /etc/systemd/system/kubernetes.target.
         Starting Download and install k8s binaries and configurations...
[[0;32m  OK  [0m] Started Hourly kube-logrotate invocation.
[   13.711805] EXT4-fs (sda1): re-mounted. Opts: commit=30,data=ordered
[   60.156605] EXT4-fs (sda1): re-mounted. Opts: commit=30,data=ordered
[[0;32m  OK  [0m] Started Download and install k8s binaries and configurations.
         Starting Configure kubernetes node...
[   61.040371] Unsafe core_pattern used with fs.suid_dumpable=2.
[   61.040371] Pipe handler or fully qualified core dump path required.
[   61.040371] Set kernel.core_pattern before fs.suid_dumpable.
         Stopping Docker Application Container Engine...
[[0;32m  OK  [0m] Stopped Docker Application Container Engine.
[[0;32m  OK  [0m] Closed Docker Socket for the API.
         Stopping Docker Socket for the API.
         Starting Docker Socket for the API.
[[0;32m  OK  [0m] Listening on Docker Socket for the API.
         Starting Docker Application Container Engine...
[[0;32m  OK  [0m] Started Docker Application Container Engine.
[[0;32m  OK  [0m] Started Kubernetes kubelet.
[[0;32m  OK  [0m] Started Kubernetes node problem detector.
[   68.686484] EXT4-fs (sda1): re-mounted. Opts: commit=30,data=ordered
[[0;32m  OK  [0m] Started Configure kubernetes node.
         Starting Kubernetes health monitoring for kubelet...
         Starting Kubernetes health monitoring for container runtime...
         Starting Kubernetes log rotation...
[[0;32m  OK  [0m] Started Kubernetes health monitoring for container runtime.
[[0;32m  OK  [0m] Started Kubernetes health monitoring for kubelet.
[[0;32m  OK  [0m] Started Kubernetes log rotation.
[[0;32m  OK  [0m] Reached target Kubernetes.
<14>Apr  5 02:25:35 ec2: 
<14>Apr  5 02:25:35 ec2: #############################################################
<14>Apr  5 02:25:35 ec2: -----BEGIN SSH HOST KEY FINGERPRINTS-----
<14>Apr  5 02:25:35 ec2: 256 SHA256:VBq8zrFyJQ0iu/9TSn1ogsVnWHxAE88Ctp0lPdqYXrs root@e2e-test-peterhornyack-minion-group-wsfw (ECDSA)
<14>Apr  5 02:25:35 ec2: 256 SHA256:2ryM4CQ5RSJOoYxiU6zlUbzGnFFpBcOi+JQPjkzAd0I root@e2e-test-peterhornyack-minion-group-wsfw (ED25519)
<14>Apr  5 02:25:35 ec2: 2048 SHA256:Kzvhtyhv7WsgLD10qDmDkkSGz8HKyrQIOzunRWGZasU root@e2e-test-peterhornyack-minion-group-wsfw (RSA)
<14>Apr  5 02:25:35 ec2: -----END SSH HOST KEY FINGERPRINTS-----
<14>Apr  5 02:25:35 ec2: #############################################################
-----BEGIN SSH HOST KEY KEYS-----
ecdsa-sha2-nistp256 AAAAE2VjZHNhLXNoYTItbmlzdHAyNTYAAAAIbmlzdHAyNTYAAABBBEFK8YscH/c78s0iO2qUbu52XIY2GYyIMDsSQHVPp9RjIuiR6Il6C6q/w/UaLRUkWRWkH1qH3my3QXKQZoV6uPE= root@e2e-test-peterhornyack-minion-group-wsfw
ssh-ed25519 AAAAC3NzaC1lZDI1NTE5AAAAIGW0JYeh6VrdDUQaVHV7hbuhVyDKCJdu7r0y0/0NMKcs root@e2e-test-peterhornyack-minion-group-wsfw
ssh-rsa AAAAB3NzaC1yc2EAAAADAQABAAABAQDexMQh75iRsb5qGhagxsXbDVIRJTk5M0AiDVK9xP1aKKMaVgdP7MGNPFdQJDp7gLn/bjXfTqyPAnbVGl5Wtam02wSs7n7pTdGqK8JJc1yy3xwafJDh5bg99HkAFrWZJhCgqr26yRgLqxKl7wySYZTjS7T5n8aix60XcVe6aGE7tZhqhVGNdZMY2D8jklIkDPfZ9BmwojPp5MXV6Qnp5d3oCEfvXI2PzHz1S7Kep9CtUrjJeflMIUyJuRLnZa/M8W0PTQ454YVIKN5/Xf8Mnpso0C9XZRXkwghiKSJsIpU4NZwi7HJYrH2HgwwCuQxR2iwtFlrrF/Hr2AJTVCQoRguh root@e2e-test-peterhornyack-minion-group-wsfw
-----END SSH HOST KEY KEYS-----
[   68.906736] cloud-init[640]: Cloud-init v. 0.7.6 finished at Fri, 05 Apr 2019 02:25:35 +0000. Datasource DataSourceGCE.  Up 68.88 seconds
[[0;32m  OK  [0m] Started Execute cloud user/final scripts.
[[0;32m  OK  [0m] Reached target Multi-User System.
[   72.031372] IPVS: Registered protocols (TCP, UDP, SCTP, AH, ESP)
[   72.037713] IPVS: Connection hash table configured (size=4096, memory=64Kbytes)
[   72.067859] IPVS: ipvs loaded.
[   72.074921] IPVS: [rr] scheduler registered.
[   72.083101] IPVS: [wrr] scheduler registered.
[   72.091333] IPVS: [sh] scheduler registered.
[   72.192038] ip_set: protocol 6
[   73.892248] IPv6: ADDRCONF(NETDEV_UP): vethefd063d8: link is not ready
[   73.899015] IPv6: ADDRCONF(NETDEV_CHANGE): vethefd063d8: link becomes ready
[   73.923951] cbr0: port 1(vethefd063d8) entered blocking state
[   73.929891] cbr0: port 1(vethefd063d8) entered disabled state
[   73.935885] device vethefd063d8 entered promiscuous mode
[   73.941457] cbr0: port 1(vethefd063d8) entered blocking state
[   73.947454] cbr0: port 1(vethefd063d8) entered forwarding state
[   74.240777] cbr0: port 2(vethb80ed12d) entered blocking state
[   74.246784] cbr0: port 2(vethb80ed12d) entered disabled state
[   74.252795] device vethb80ed12d entered promiscuous mode
[   74.258352] cbr0: port 2(vethb80ed12d) entered blocking state
[   74.264267] cbr0: port 2(vethb80ed12d) entered forwarding state
[   74.561719] cbr0: port 3(veth6cd31e64) entered blocking state
[   74.567689] cbr0: port 3(veth6cd31e64) entered disabled state
[   74.573686] device veth6cd31e64 entered promiscuous mode
[   74.579340] cbr0: port 3(veth6cd31e64) entered blocking state
[   74.585313] cbr0: port 3(veth6cd31e64) entered forwarding state
[   75.005986] cbr0: port 4(veth80c2763d) entered blocking state
[   75.011977] cbr0: port 4(veth80c2763d) entered disabled state
[   75.018009] device veth80c2763d entered promiscuous mode
[   75.023520] cbr0: port 4(veth80c2763d) entered blocking state
[   75.029412] cbr0: port 4(veth80c2763d) entered forwarding state
[   75.104558] cbr0: port 5(vethb4159312) entered blocking state
[   75.110520] cbr0: port 5(vethb4159312) entered disabled state
[   75.116501] device vethb4159312 entered promiscuous mode
[   75.122027] cbr0: port 5(vethb4159312) entered blocking state
[   75.127929] cbr0: port 5(vethb4159312) entered forwarding state
[   75.302107] cbr0: port 6(veth3bea176e) entered blocking state
[   75.308065] cbr0: port 6(veth3bea176e) entered disabled state
[   75.314061] device veth3bea176e entered promiscuous mode
[   75.319604] cbr0: port 6(veth3bea176e) entered blocking state
[   75.325515] cbr0: port 6(veth3bea176e) entered forwarding state
[   75.532721] cbr0: port 7(veth916bb37f) entered blocking state
[   75.538699] cbr0: port 7(veth916bb37f) entered disabled state
[   75.544732] device veth916bb37f entered promiscuous mode
[   75.550348] cbr0: port 7(veth916bb37f) entered blocking state
[   75.556262] cbr0: port 7(veth916bb37f) entered forwarding state
[   82.191212] IPv6: ADDRCONF(NETDEV_UP): veth97dbb7d5: link is not ready
[   82.198047] IPv6: ADDRCONF(NETDEV_CHANGE): veth97dbb7d5: link becomes ready
[   82.205840] cbr0: port 8(veth97dbb7d5) entered blocking state
[   82.211805] cbr0: port 8(veth97dbb7d5) entered disabled state
[   82.217790] device veth97dbb7d5 entered promiscuous mode
[   82.223318] cbr0: port 8(veth97dbb7d5) entered blocking state
[   82.229315] cbr0: port 8(veth97dbb7d5) entered forwarding state
[   94.587350] IPv6: ADDRCONF(NETDEV_UP): veth9fd1d238: link is not ready
[   94.594145] IPv6: ADDRCONF(NETDEV_CHANGE): veth9fd1d238: link becomes ready
[   94.622652] cbr0: port 9(veth9fd1d238) entered blocking state
[   94.628733] cbr0: port 9(veth9fd1d238) entered disabled state
[   94.634740] device veth9fd1d238 entered promiscuous mode
[   94.640269] cbr0: port 9(veth9fd1d238) entered blocking state
[   94.646170] cbr0: port 9(veth9fd1d238) entered forwarding state
[   94.836482] cbr0: port 10(vethaf788e9a) entered blocking state
[   94.842539] cbr0: port 10(vethaf788e9a) entered disabled state
[   94.848917] device vethaf788e9a entered promiscuous mode
[   94.854619] cbr0: port 10(vethaf788e9a) entered blocking state
[   94.860699] cbr0: port 10(vethaf788e9a) entered forwarding state
[   98.822039] cbr0: port 6(veth3bea176e) entered disabled state
[   98.832382] device veth3bea176e left promiscuous mode
[   98.837805] cbr0: port 6(veth3bea176e) entered disabled state
[   99.435011] cbr0: port 2(vethb80ed12d) entered disabled state
[   99.444715] device vethb80ed12d left promiscuous mode
[   99.450235] cbr0: port 2(vethb80ed12d) entered disabled state
[  186.523884] IPv6: ADDRCONF(NETDEV_UP): vethdc24390b: link is not ready
[  186.530845] IPv6: ADDRCONF(NETDEV_CHANGE): vethdc24390b: link becomes ready
[  186.538852] cbr0: port 2(vethdc24390b) entered blocking state
[  186.545056] cbr0: port 2(vethdc24390b) entered disabled state
[  186.551087] device vethdc24390b entered promiscuous mode
[  186.556732] cbr0: port 2(vethdc24390b) entered blocking state
[  186.563016] cbr0: port 2(vethdc24390b) entered forwarding state
[  500.371420] IPv6: ADDRCONF(NETDEV_UP): veth265641f2: link is not ready
[  500.378350] IPv6: ADDRCONF(NETDEV_CHANGE): veth265641f2: link becomes ready
[  500.393410] cbr0: port 6(veth265641f2) entered blocking state
[  500.399428] cbr0: port 6(veth265641f2) entered disabled state
[  500.405658] device veth265641f2 entered promiscuous mode
[  500.411383] cbr0: port 6(veth265641f2) entered blocking state
[  500.417420] cbr0: port 6(veth265641f2) entered forwarding state
[  511.192439] IPv6: ADDRCONF(NETDEV_UP): vethb80bf180: link is not ready
[  511.199216] IPv6: ADDRCONF(NETDEV_CHANGE): vethb80bf180: link becomes ready
[  511.208315] cbr0: port 11(vethb80bf180) entered blocking state
[  511.214365] cbr0: port 11(vethb80bf180) entered disabled state
[  511.220574] device vethb80bf180 entered promiscuous mode
[  511.226118] cbr0: port 11(vethb80bf180) entered blocking state
[  511.232132] cbr0: port 11(vethb80bf180) entered forwarding state
[  872.766789] cbr0: port 6(veth265641f2) entered disabled state
[  872.775853] device veth265641f2 left promiscuous mode
[  872.781255] cbr0: port 6(veth265641f2) entered disabled state
[  902.760399] cbr0: port 11(vethb80bf180) entered disabled state
[  902.771722] device vethb80bf180 left promiscuous mode
[  902.777136] cbr0: port 11(vethb80bf180) entered disabled state
[  927.450456] IPv6: ADDRCONF(NETDEV_UP): vethacf799ee: link is not ready
[  927.458581] IPv6: ADDRCONF(NETDEV_CHANGE): vethacf799ee: link becomes ready
[  927.469336] cbr0: port 6(vethacf799ee) entered blocking state
[  927.476622] cbr0: port 6(vethacf799ee) entered disabled state
[  927.484091] device vethacf799ee entered promiscuous mode
[  927.490212] cbr0: port 6(vethacf799ee) entered blocking state
[  927.496457] cbr0: port 6(vethacf799ee) entered forwarding state
[  938.324638] IPv6: ADDRCONF(NETDEV_UP): veth6bdcdd18: link is not ready
[  938.331436] IPv6: ADDRCONF(NETDEV_CHANGE): veth6bdcdd18: link becomes ready
[  938.342504] cbr0: port 11(veth6bdcdd18) entered blocking state
[  938.348602] cbr0: port 11(veth6bdcdd18) entered disabled state
[  938.354700] device veth6bdcdd18 entered promiscuous mode
[  938.360226] cbr0: port 11(veth6bdcdd18) entered blocking state
[  938.366352] cbr0: port 11(veth6bdcdd18) entered forwarding state
[ 1022.211000] cbr0: port 6(vethacf799ee) entered disabled state
[ 1022.221321] device vethacf799ee left promiscuous mode
[ 1022.226750] cbr0: port 6(vethacf799ee) entered disabled state
[ 1052.232822] cbr0: port 11(veth6bdcdd18) entered disabled state
[ 1052.242333] device veth6bdcdd18 left promiscuous mode
[ 1052.247690] cbr0: port 11(veth6bdcdd18) entered disabled state
[ 9553.112997] IPv6: ADDRCONF(NETDEV_UP): vethe16ed565: link is not ready
[ 9553.119807] IPv6: ADDRCONF(NETDEV_CHANGE): vethe16ed565: link becomes ready
[ 9553.138512] cbr0: port 6(vethe16ed565) entered blocking state
[ 9553.144567] cbr0: port 6(vethe16ed565) entered disabled state
[ 9553.150609] device vethe16ed565 entered promiscuous mode
[ 9553.156277] cbr0: port 6(vethe16ed565) entered blocking state
[ 9553.162380] cbr0: port 6(vethe16ed565) entered forwarding state
[ 9610.101971] cbr0: port 6(vethe16ed565) entered disabled state
[ 9610.111984] device vethe16ed565 left promiscuous mode
[ 9610.117214] cbr0: port 6(vethe16ed565) entered disabled state

