-- Logs begin at Tue 2019-04-16 23:06:17 UTC, end at Wed 2019-04-17 00:29:44 UTC. --
Apr 16 23:06:17.858344 localhost kernel: Linux version 4.14.94+ (chrome-bot@swarm-cros-645) (gcc version 4.9.x 20150123 (prerelease) (4.9.2_cos_gg_4.9.2-r200-ac6128e0a17a52f011797f33ac3e7d6273a9368d_4.9.2-r200)) #1 SMP Thu Feb 28 00:14:21 PST 2019
Apr 16 23:06:17.858398 localhost kernel: Command line: BOOT_IMAGE=/syslinux/vmlinuz.A init=/usr/lib/systemd/systemd boot=local rootwait ro noresume noswap loglevel=7 noinitrd console=ttyS0 vsyscall=emulate security=apparmor virtio_net.napi_tx=1 systemd.unified_cgroup_hierarchy=false systemd.legacy_systemd_cgroup_controller=true csm.disabled=1 dm_verity.error_behavior=3 dm_verity.max_bios=-1 dm_verity.dev_wait=1 i915.modeset=1 cros_efi root=/dev/dm-0 "dm=1 vroot none ro 1,0 2539520 verity payload=PARTUUID=71913957-D6B1-8948-AFA7-574E312FC408 hashtree=PARTUUID=71913957-D6B1-8948-AFA7-574E312FC408 hashstart=2539520 alg=sha1 root_hexdigest=e582525d12c5f702e39eca88f648e851195d84f7 salt=331684cac74749b4944aedce8c7e5dd9abed70e63b61b9be00d8c9efd9d17444"
Apr 16 23:06:17.858456 localhost kernel: x86/fpu: Supporting XSAVE feature 0x001: 'x87 floating point registers'
Apr 16 23:06:17.858470 localhost kernel: x86/fpu: Supporting XSAVE feature 0x002: 'SSE registers'
Apr 16 23:06:17.858482 localhost kernel: x86/fpu: Supporting XSAVE feature 0x004: 'AVX registers'
Apr 16 23:06:17.858492 localhost kernel: x86/fpu: xstate_offset[2]:  576, xstate_sizes[2]:  256
Apr 16 23:06:17.858507 localhost kernel: x86/fpu: Enabled xstate features 0x7, context size is 832 bytes, using 'standard' format.
Apr 16 23:06:17.858518 localhost kernel: e820: BIOS-provided physical RAM map:
Apr 16 23:06:17.858527 localhost kernel: BIOS-e820: [mem 0x0000000000000000-0x000000000009fbff] usable
Apr 16 23:06:17.858537 localhost kernel: BIOS-e820: [mem 0x000000000009fc00-0x000000000009ffff] reserved
Apr 16 23:06:17.858547 localhost kernel: BIOS-e820: [mem 0x00000000000f0000-0x00000000000fffff] reserved
Apr 16 23:06:17.858559 localhost kernel: BIOS-e820: [mem 0x0000000000100000-0x00000000bfffcfff] usable
Apr 16 23:06:17.858569 localhost kernel: BIOS-e820: [mem 0x00000000bfffd000-0x00000000bfffffff] reserved
Apr 16 23:06:17.858583 localhost kernel: BIOS-e820: [mem 0x00000000fffbc000-0x00000000ffffffff] reserved
Apr 16 23:06:17.858603 localhost kernel: BIOS-e820: [mem 0x0000000100000000-0x000000021fffffff] usable
Apr 16 23:06:17.858620 localhost kernel: NX (Execute Disable) protection: active
Apr 16 23:06:17.858634 localhost kernel: SMBIOS 2.4 present.
Apr 16 23:06:17.858648 localhost kernel: DMI: Google Google Compute Engine/Google Compute Engine, BIOS Google 01/01/2011
Apr 16 23:06:17.858662 localhost kernel: Hypervisor detected: KVM
Apr 16 23:06:17.858677 localhost kernel: kvm-clock: Using msrs 4b564d01 and 4b564d00
Apr 16 23:06:17.858691 localhost kernel: kvm-clock: cpu 0, msr 9e4e6001, primary cpu clock
Apr 16 23:06:17.858704 localhost kernel: kvm-clock: using sched offset of 1091062754 cycles
Apr 16 23:06:17.858718 localhost kernel: clocksource: kvm-clock: mask: 0xffffffffffffffff max_cycles: 0x1cd42e4dffb, max_idle_ns: 881590591483 ns
Apr 16 23:06:17.858728 localhost kernel: tsc: Initial usec timer 949019
Apr 16 23:06:17.858741 localhost kernel: tsc: Detected 2300.000 MHz processor
Apr 16 23:06:17.858751 localhost kernel: e820: update [mem 0x00000000-0x00000fff] usable ==> reserved
Apr 16 23:06:17.858761 localhost kernel: e820: remove [mem 0x000a0000-0x000fffff] usable
Apr 16 23:06:17.858772 localhost kernel: e820: last_pfn = 0x220000 max_arch_pfn = 0x400000000
Apr 16 23:06:17.858781 localhost kernel: MTRR default type: write-back
Apr 16 23:06:17.858791 localhost kernel: MTRR fixed ranges enabled:
Apr 16 23:06:17.858801 localhost kernel:   00000-9FFFF write-back
Apr 16 23:06:17.858810 localhost kernel:   A0000-BFFFF uncachable
Apr 16 23:06:17.858821 localhost kernel:   C0000-FFFFF write-protect
Apr 16 23:06:17.858832 localhost kernel: MTRR variable ranges enabled:
Apr 16 23:06:17.858842 localhost kernel:   0 base 0000C0000000 mask 3FFFC0000000 uncachable
Apr 16 23:06:17.858851 localhost kernel:   1 disabled
Apr 16 23:06:17.858863 localhost kernel:   2 disabled
Apr 16 23:06:17.858873 localhost kernel:   3 disabled
Apr 16 23:06:17.858883 localhost kernel:   4 disabled
Apr 16 23:06:17.858893 localhost kernel:   5 disabled
Apr 16 23:06:17.858907 localhost kernel:   6 disabled
Apr 16 23:06:17.858917 localhost kernel:   7 disabled
Apr 16 23:06:17.858927 localhost kernel: x86/PAT: Configuration [0-7]: WB  WC  UC- UC  WB  WP  UC- WT  
Apr 16 23:06:17.858937 localhost kernel: e820: last_pfn = 0xbfffd max_arch_pfn = 0x400000000
Apr 16 23:06:17.858947 localhost kernel: found SMP MP-table at [mem 0x000f2c70-0x000f2c7f] mapped at [ffffffffff200c70]
Apr 16 23:06:17.858959 localhost kernel: Scanning 1 areas for low memory corruption
Apr 16 23:06:17.858969 localhost kernel: Base memory trampoline at [ffff9375c0099000] 99000 size 24576
Apr 16 23:06:17.858980 localhost kernel: Using GB pages for direct mapping
Apr 16 23:06:17.858991 localhost kernel: BRK [0x9e55a000, 0x9e55afff] PGTABLE
Apr 16 23:06:17.859001 localhost kernel: BRK [0x9e55b000, 0x9e55bfff] PGTABLE
Apr 16 23:06:17.859011 localhost kernel: BRK [0x9e55c000, 0x9e55cfff] PGTABLE
Apr 16 23:06:17.859021 localhost kernel: BRK [0x9e55d000, 0x9e55dfff] PGTABLE
Apr 16 23:06:17.859031 localhost kernel: BRK [0x9e55e000, 0x9e55efff] PGTABLE
Apr 16 23:06:17.859042 localhost kernel: ACPI: Early table checksum verification disabled
Apr 16 23:06:17.859052 localhost kernel: ACPI: RSDP 0x00000000000F2A00 000014 (v00 Google)
Apr 16 23:06:17.859062 localhost kernel: ACPI: RSDT 0x00000000BFFFDA50 000038 (v01 Google GOOGRSDT 00000001 GOOG 00000001)
Apr 16 23:06:17.859072 localhost kernel: ACPI: FACP 0x00000000BFFFFF00 0000F4 (v02 Google GOOGFACP 00000001 GOOG 00000001)
Apr 16 23:06:17.859090 localhost kernel: ACPI: DSDT 0x00000000BFFFDA90 0018BA (v01 Google GOOGDSDT 00000001 GOOG 00000001)
Apr 16 23:06:17.859100 localhost kernel: ACPI: FACS 0x00000000BFFFFEC0 000040
Apr 16 23:06:17.859109 localhost kernel: ACPI: FACS 0x00000000BFFFFEC0 000040
Apr 16 23:06:17.859120 localhost kernel: ACPI: SSDT 0x00000000BFFFF540 000980 (v01 Google GOOGSSDT 00000001 GOOG 00000001)
Apr 16 23:06:17.859129 localhost kernel: ACPI: APIC 0x00000000BFFFF450 000076 (v01 Google GOOGAPIC 00000001 GOOG 00000001)
Apr 16 23:06:17.859139 localhost kernel: ACPI: WAET 0x00000000BFFFF420 000028 (v01 Google GOOGWAET 00000001 GOOG 00000001)
Apr 16 23:06:17.859149 localhost kernel: ACPI: SRAT 0x00000000BFFFF350 0000C8 (v01 Google GOOGSRAT 00000001 GOOG 00000001)
Apr 16 23:06:17.859160 localhost kernel: ACPI: Local APIC address 0xfee00000
Apr 16 23:06:17.859169 localhost kernel: SRAT: PXM 0 -> APIC 0x00 -> Node 0
Apr 16 23:06:17.859179 localhost kernel: SRAT: PXM 0 -> APIC 0x01 -> Node 0
Apr 16 23:06:17.859191 localhost kernel: ACPI: SRAT: Node 0 PXM 0 [mem 0x00000000-0x0009ffff]
Apr 16 23:06:17.859201 localhost kernel: ACPI: SRAT: Node 0 PXM 0 [mem 0x00100000-0xbfffffff]
Apr 16 23:06:17.859212 localhost kernel: ACPI: SRAT: Node 0 PXM 0 [mem 0x100000000-0x21fffffff]
Apr 16 23:06:17.859222 localhost kernel: NUMA: Node 0 [mem 0x00000000-0x0009ffff] + [mem 0x00100000-0xbfffffff] -> [mem 0x00000000-0xbfffffff]
Apr 16 23:06:17.859232 localhost kernel: NUMA: Node 0 [mem 0x00000000-0xbfffffff] + [mem 0x100000000-0x21fffffff] -> [mem 0x00000000-0x21fffffff]
Apr 16 23:06:17.859242 localhost kernel: NODE_DATA(0) allocated [mem 0x21fffa000-0x21fffdfff]
Apr 16 23:06:17.859251 localhost kernel: Zone ranges:
Apr 16 23:06:17.859262 localhost kernel:   DMA      [mem 0x0000000000001000-0x0000000000ffffff]
Apr 16 23:06:17.859272 localhost kernel:   DMA32    [mem 0x0000000001000000-0x00000000ffffffff]
Apr 16 23:06:17.859282 localhost kernel:   Normal   [mem 0x0000000100000000-0x000000021fffffff]
Apr 16 23:06:17.859292 localhost kernel: Movable zone start for each node
Apr 16 23:06:17.859301 localhost kernel: Early memory node ranges
Apr 16 23:06:17.859314 localhost kernel:   node   0: [mem 0x0000000000001000-0x000000000009efff]
Apr 16 23:06:17.859323 localhost kernel:   node   0: [mem 0x0000000000100000-0x00000000bfffcfff]
Apr 16 23:06:17.859333 localhost kernel:   node   0: [mem 0x0000000100000000-0x000000021fffffff]
Apr 16 23:06:17.859343 localhost kernel: Initmem setup node 0 [mem 0x0000000000001000-0x000000021fffffff]
Apr 16 23:06:17.859353 localhost kernel: On node 0 totalpages: 1965979
Apr 16 23:06:17.859362 localhost kernel:   DMA zone: 64 pages used for memmap
Apr 16 23:06:17.859372 localhost kernel:   DMA zone: 21 pages reserved
Apr 16 23:06:17.859382 localhost kernel:   DMA zone: 3998 pages, LIFO batch:0
Apr 16 23:06:17.859393 localhost kernel:   DMA32 zone: 12224 pages used for memmap
Apr 16 23:06:17.859402 localhost kernel:   DMA32 zone: 782333 pages, LIFO batch:31
Apr 16 23:06:17.859448 localhost kernel:   Normal zone: 18432 pages used for memmap
Apr 16 23:06:17.859460 localhost kernel:   Normal zone: 1179648 pages, LIFO batch:31
Apr 16 23:06:17.859470 localhost kernel: ACPI: Local APIC address 0xfee00000
Apr 16 23:06:17.859483 localhost kernel: ACPI: LAPIC_NMI (acpi_id[0xff] dfl dfl lint[0x1])
Apr 16 23:06:17.859493 localhost kernel: IOAPIC[0]: apic_id 0, version 17, address 0xfec00000, GSI 0-23
Apr 16 23:06:17.859502 localhost kernel: ACPI: INT_SRC_OVR (bus 0 bus_irq 5 global_irq 5 high level)
Apr 16 23:06:17.859513 localhost kernel: ACPI: INT_SRC_OVR (bus 0 bus_irq 9 global_irq 9 high level)
Apr 16 23:06:17.859524 localhost kernel: ACPI: INT_SRC_OVR (bus 0 bus_irq 10 global_irq 10 high level)
Apr 16 23:06:17.859534 localhost kernel: ACPI: INT_SRC_OVR (bus 0 bus_irq 11 global_irq 11 high level)
Apr 16 23:06:17.859544 localhost kernel: ACPI: IRQ5 used by override.
Apr 16 23:06:17.859554 localhost kernel: ACPI: IRQ9 used by override.
Apr 16 23:06:17.859564 localhost kernel: ACPI: IRQ10 used by override.
Apr 16 23:06:17.859573 localhost kernel: ACPI: IRQ11 used by override.
Apr 16 23:06:17.859584 localhost kernel: Using ACPI (MADT) for SMP configuration information
Apr 16 23:06:17.859595 localhost kernel: smpboot: Allowing 2 CPUs, 0 hotplug CPUs
Apr 16 23:06:17.859605 localhost kernel: e820: [mem 0xc0000000-0xfffbbfff] available for PCI devices
Apr 16 23:06:17.859617 localhost kernel: Booting paravirtualized kernel on KVM
Apr 16 23:06:17.859627 localhost kernel: clocksource: refined-jiffies: mask: 0xffffffff max_cycles: 0xffffffff, max_idle_ns: 1910969940391419 ns
Apr 16 23:06:17.859637 localhost kernel: random: get_random_bytes called from start_kernel+0x8c/0x487 with crng_init=0
Apr 16 23:06:17.859648 localhost kernel: setup_percpu: NR_CPUS:256 nr_cpumask_bits:256 nr_cpu_ids:2 nr_node_ids:1
Apr 16 23:06:17.859659 localhost kernel: percpu: Embedded 44 pages/cpu @ffff9377dfc00000 s140136 r8192 d31896 u1048576
Apr 16 23:06:17.859669 localhost kernel: pcpu-alloc: s140136 r8192 d31896 u1048576 alloc=1*2097152
Apr 16 23:06:17.859679 localhost kernel: pcpu-alloc: [0] 0 1 
Apr 16 23:06:17.859688 localhost kernel: Built 1 zonelists, mobility grouping on.  Total pages: 1935238
Apr 16 23:06:17.859698 localhost kernel: Policy zone: Normal
Apr 16 23:06:17.859712 localhost kernel: Kernel command line: BOOT_IMAGE=/syslinux/vmlinuz.A init=/usr/lib/systemd/systemd boot=local rootwait ro noresume noswap loglevel=7 noinitrd console=ttyS0 vsyscall=emulate security=apparmor virtio_net.napi_tx=1 systemd.unified_cgroup_hierarchy=false systemd.legacy_systemd_cgroup_controller=true csm.disabled=1 dm_verity.error_behavior=3 dm_verity.max_bios=-1 dm_verity.dev_wait=1 i915.modeset=1 cros_efi root=/dev/dm-0 "dm=1 vroot none ro 1,0 2539520 verity payload=PARTUUID=71913957-D6B1-8948-AFA7-574E312FC408 hashtree=PARTUUID=71913957-D6B1-8948-AFA7-574E312FC408 hashstart=2539520 alg=sha1 root_hexdigest=e582525d12c5f702e39eca88f648e851195d84f7 salt=331684cac74749b4944aedce8c7e5dd9abed70e63b61b9be00d8c9efd9d17444"
Apr 16 23:06:17.859728 localhost kernel: device-mapper: init: will configure 1 devices
Apr 16 23:06:17.859738 localhost kernel: PID hash table entries: 4096 (order: 3, 32768 bytes)
Apr 16 23:06:17.859750 localhost kernel: Memory: 7652624K/7863916K available (10252K kernel code, 1149K rwdata, 2056K rodata, 1360K init, 540K bss, 211292K reserved, 0K cma-reserved)
Apr 16 23:06:17.859768 localhost kernel: SLUB: HWalign=64, Order=0-3, MinObjects=0, CPUs=2, Nodes=1
Apr 16 23:06:17.859780 localhost kernel: Kernel/User page tables isolation: enabled
Apr 16 23:06:17.859791 localhost kernel: ftrace: allocating 26803 entries in 105 pages
Apr 16 23:06:17.859801 localhost kernel: Hierarchical RCU implementation.
Apr 16 23:06:17.859813 localhost kernel:         RCU restricting CPUs from NR_CPUS=256 to nr_cpu_ids=2.
Apr 16 23:06:17.859823 localhost kernel: RCU: Adjusting geometry for rcu_fanout_leaf=16, nr_cpu_ids=2
Apr 16 23:06:17.859834 localhost kernel: NR_IRQS: 16640, nr_irqs: 440, preallocated irqs: 16
Apr 16 23:06:17.859844 localhost kernel: console [ttyS0] enabled
Apr 16 23:06:17.859854 localhost kernel: clocksource: tsc-early: mask: 0xffffffffffffffff max_cycles: 0x212735223b2, max_idle_ns: 440795277976 ns
Apr 16 23:06:17.859866 localhost kernel: Calibrating delay loop (skipped) preset value.. 4600.00 BogoMIPS (lpj=2300000)
Apr 16 23:06:17.859876 localhost kernel: pid_max: default: 32768 minimum: 301
Apr 16 23:06:17.859889 localhost kernel: ACPI: Core revision 20170728
Apr 16 23:06:17.859899 localhost kernel: ACPI: 2 ACPI AML tables successfully acquired and loaded
Apr 16 23:06:17.859910 localhost kernel: Security Framework initialized
Apr 16 23:06:17.859920 localhost kernel: Yama: becoming mindful.
Apr 16 23:06:17.859931 localhost kernel: LoadPin: ready to pin (currently enabled)
Apr 16 23:06:17.859941 localhost kernel: Chromium OS LSM: enabled
Apr 16 23:06:17.859951 localhost kernel: AppArmor: AppArmor initialized
Apr 16 23:06:17.859962 localhost kernel: Dentry cache hash table entries: 1048576 (order: 11, 8388608 bytes)
Apr 16 23:06:17.859972 localhost kernel: Inode-cache hash table entries: 524288 (order: 10, 4194304 bytes)
Apr 16 23:06:17.859984 localhost kernel: Mount-cache hash table entries: 16384 (order: 5, 131072 bytes)
Apr 16 23:06:17.859996 localhost kernel: Mountpoint-cache hash table entries: 16384 (order: 5, 131072 bytes)
Apr 16 23:06:17.860007 localhost kernel: Last level iTLB entries: 4KB 1024, 2MB 1024, 4MB 1024
Apr 16 23:06:17.860020 localhost kernel: Last level dTLB entries: 4KB 1024, 2MB 1024, 4MB 1024, 1GB 4
Apr 16 23:06:17.860030 localhost kernel: Spectre V2 : Mitigation: Full generic retpoline
Apr 16 23:06:17.860040 localhost kernel: Spectre V2 : Spectre v2 / SpectreRSB mitigation: Filling RSB on context switch
Apr 16 23:06:17.860051 localhost kernel: Spectre V2 : Enabling Restricted Speculation for firmware calls
Apr 16 23:06:17.860063 localhost kernel: Spectre V2 : mitigation: Enabling conditional Indirect Branch Prediction Barrier
Apr 16 23:06:17.860074 localhost kernel: Spectre V2 : User space: Mitigation: STIBP via seccomp and prctl
Apr 16 23:06:17.860090 localhost kernel: Speculative Store Bypass: Mitigation: Speculative Store Bypass disabled via prctl and seccomp
Apr 16 23:06:17.860103 localhost kernel: Freeing SMP alternatives memory: 28K
Apr 16 23:06:17.860113 localhost kernel: smpboot: Max logical packages: 2
Apr 16 23:06:17.860123 localhost kernel: x2apic enabled
Apr 16 23:06:17.860134 localhost kernel: Switched APIC routing to physical x2apic.
Apr 16 23:06:17.860144 localhost kernel: ..TIMER: vector=0x30 apic1=0 pin1=0 apic2=-1 pin2=-1
Apr 16 23:06:17.860155 localhost kernel: smpboot: CPU0: Intel(R) Xeon(R) CPU @ 2.30GHz (family: 0x6, model: 0x3f, stepping: 0x0)
Apr 16 23:06:17.860165 localhost kernel: Performance Events: unsupported p6 CPU model 63 no PMU driver, software events only.
Apr 16 23:06:17.860176 localhost kernel: Hierarchical SRCU implementation.
Apr 16 23:06:17.860186 localhost kernel: random: crng done (trusting CPU's manufacturer)
Apr 16 23:06:17.860199 localhost kernel: NMI watchdog: Perf event create on CPU 0 failed with -2
Apr 16 23:06:17.860210 localhost kernel: NMI watchdog: Perf NMI watchdog permanently disabled
Apr 16 23:06:17.860221 localhost kernel: smp: Bringing up secondary CPUs ...
Apr 16 23:06:17.860232 localhost kernel: x86: Booting SMP configuration:
Apr 16 23:06:17.860242 localhost kernel: .... node  #0, CPUs:      #1
Apr 16 23:06:17.860255 localhost kernel: kvm-clock: cpu 1, msr 9e4e6041, secondary cpu clock
Apr 16 23:06:17.860267 localhost kernel: smp: Brought up 1 node, 2 CPUs
Apr 16 23:06:17.860277 localhost kernel: smpboot: Total of 2 processors activated (9200.00 BogoMIPS)
Apr 16 23:06:17.860288 localhost kernel: devtmpfs: initialized
Apr 16 23:06:17.860298 localhost kernel: clocksource: jiffies: mask: 0xffffffff max_cycles: 0xffffffff, max_idle_ns: 1911260446275000 ns
Apr 16 23:06:17.860310 localhost kernel: futex hash table entries: 512 (order: 3, 32768 bytes)
Apr 16 23:06:17.860320 localhost kernel: RTC time: 23:06:16, date: 04/16/19
Apr 16 23:06:17.860331 localhost kernel: NET: Registered protocol family 16
Apr 16 23:06:17.860341 localhost kernel: cpuidle: using governor ladder
Apr 16 23:06:17.860352 localhost kernel: cpuidle: using governor menu
Apr 16 23:06:17.860364 localhost kernel: clocksource: Switched to clocksource kvm-clock
Apr 16 23:06:17.860375 localhost kernel: ACPI: bus type PCI registered
Apr 16 23:06:17.860385 localhost kernel: PCI: Using configuration type 1 for base access
Apr 16 23:06:17.860396 localhost kernel: HugeTLB registered 2.00 MiB page size, pre-allocated 0 pages
Apr 16 23:06:17.860407 localhost kernel: ACPI: Added _OSI(Module Device)
Apr 16 23:06:17.860449 localhost kernel: ACPI: Added _OSI(Processor Device)
Apr 16 23:06:17.860463 localhost kernel: ACPI: Added _OSI(3.0 _SCP Extensions)
Apr 16 23:06:17.860473 localhost kernel: ACPI: Added _OSI(Processor Aggregator Device)
Apr 16 23:06:17.860485 localhost kernel: ACPI: Executed 2 blocks of module-level executable AML code
Apr 16 23:06:17.860500 localhost kernel: ACPI: Interpreter enabled
Apr 16 23:06:17.860511 localhost kernel: ACPI: (supports S0 S3 S5)
Apr 16 23:06:17.860521 localhost kernel: ACPI: Using IOAPIC for interrupt routing
Apr 16 23:06:17.860531 localhost kernel: PCI: Using host bridge windows from ACPI; if necessary, use "pci=nocrs" and report a bug
Apr 16 23:06:17.860542 localhost kernel: ACPI: Enabled 16 GPEs in block 00 to 0F
Apr 16 23:06:17.860552 localhost kernel: ACPI: PCI Root Bridge [PCI0] (domain 0000 [bus 00-ff])
Apr 16 23:06:17.860693 localhost kernel: acpi PNP0A03:00: _OSC: OS supports [ASPM ClockPM Segments MSI]
Apr 16 23:06:17.860758 localhost kernel: acpi PNP0A03:00: _OSC failed (AE_NOT_FOUND); disabling ASPM
Apr 16 23:06:17.860814 localhost kernel: acpi PNP0A03:00: fail to add MMCONFIG information, can't access extended PCI configuration space under this bridge.
Apr 16 23:06:17.860827 localhost kernel: PCI host bridge to bus 0000:00
Apr 16 23:06:17.860893 localhost kernel: pci_bus 0000:00: root bus resource [io  0x0000-0x0cf7 window]
Apr 16 23:06:17.860945 localhost kernel: pci_bus 0000:00: root bus resource [io  0x0d00-0xffff window]
Apr 16 23:06:17.860993 localhost kernel: pci_bus 0000:00: root bus resource [mem 0x000a0000-0x000bffff window]
Apr 16 23:06:17.861044 localhost kernel: pci_bus 0000:00: root bus resource [mem 0xc0000000-0xfebfffff window]
Apr 16 23:06:17.861102 localhost kernel: pci_bus 0000:00: root bus resource [bus 00-ff]
Apr 16 23:06:17.861178 localhost kernel: pci 0000:00:00.0: [8086:1237] type 00 class 0x060000
Apr 16 23:06:17.861246 localhost kernel: pci 0000:00:01.0: [8086:7110] type 00 class 0x060100
Apr 16 23:06:17.861319 localhost kernel: pci 0000:00:01.3: [8086:7113] type 00 class 0x068000
Apr 16 23:06:17.861377 localhost kernel: pci 0000:00:01.3: quirk: [io  0xb000-0xb03f] claimed by PIIX4 ACPI
Apr 16 23:06:17.861488 localhost kernel: pci 0000:00:03.0: [1af4:1004] type 00 class 0x000000
Apr 16 23:06:17.861579 localhost kernel: pci 0000:00:03.0: reg 0x10: [io  0xc000-0xc03f]
Apr 16 23:06:17.861664 localhost kernel: pci 0000:00:03.0: reg 0x14: [mem 0xfebfe000-0xfebfe07f]
Apr 16 23:06:17.861761 localhost kernel: pci 0000:00:04.0: [1af4:1000] type 00 class 0x020000
Apr 16 23:06:17.861844 localhost kernel: pci 0000:00:04.0: reg 0x10: [io  0xc040-0xc07f]
Apr 16 23:06:17.861913 localhost kernel: pci 0000:00:04.0: reg 0x14: [mem 0xfebff000-0xfebff07f]
Apr 16 23:06:17.861925 localhost kernel: ACPI: PCI Interrupt Link [LNKA] (IRQs 5 *10 11)
Apr 16 23:06:17.861939 localhost kernel: ACPI: PCI Interrupt Link [LNKB] (IRQs 5 *10 11)
Apr 16 23:06:17.861950 localhost kernel: ACPI: PCI Interrupt Link [LNKC] (IRQs 5 10 *11)
Apr 16 23:06:17.861964 localhost kernel: ACPI: PCI Interrupt Link [LNKD] (IRQs 5 10 *11)
Apr 16 23:06:17.861975 localhost kernel: ACPI: PCI Interrupt Link [LNKS] (IRQs *9)
Apr 16 23:06:17.861986 localhost kernel: SCSI subsystem initialized
Apr 16 23:06:17.862000 localhost kernel: libata version 3.00 loaded.
Apr 16 23:06:17.862011 localhost kernel: PCI: Using ACPI for IRQ routing
Apr 16 23:06:17.862026 localhost kernel: PCI: pci_cache_line_size set to 64 bytes
Apr 16 23:06:17.862041 localhost kernel: e820: reserve RAM buffer [mem 0x0009fc00-0x0009ffff]
Apr 16 23:06:17.862057 localhost kernel: e820: reserve RAM buffer [mem 0xbfffd000-0xbfffffff]
Apr 16 23:06:17.862072 localhost kernel: VFS: Disk quotas dquot_6.6.0
Apr 16 23:06:17.862098 localhost kernel: VFS: Dquot-cache hash table entries: 512 (order 0, 4096 bytes)
Apr 16 23:06:17.862119 localhost kernel: AppArmor: AppArmor Filesystem Enabled
Apr 16 23:06:17.862134 localhost kernel: pnp: PnP ACPI init
Apr 16 23:06:17.862220 localhost kernel: pnp 00:00: Plug and Play ACPI device, IDs PNP0b00 (active)
Apr 16 23:06:17.862292 localhost kernel: pnp 00:01: Plug and Play ACPI device, IDs PNP0303 (active)
Apr 16 23:06:17.862388 localhost kernel: pnp 00:02: Plug and Play ACPI device, IDs PNP0f13 (active)
Apr 16 23:06:17.862496 localhost kernel: pnp 00:03: Plug and Play ACPI device, IDs PNP0501 (active)
Apr 16 23:06:17.862561 localhost kernel: pnp 00:04: Plug and Play ACPI device, IDs PNP0501 (active)
Apr 16 23:06:17.862618 localhost kernel: pnp 00:05: Plug and Play ACPI device, IDs PNP0501 (active)
Apr 16 23:06:17.862673 localhost kernel: pnp 00:06: Plug and Play ACPI device, IDs PNP0501 (active)
Apr 16 23:06:17.862687 localhost kernel: pnp: PnP ACPI: found 7 devices
Apr 16 23:06:17.862744 localhost kernel: pci_bus 0000:00: resource 4 [io  0x0000-0x0cf7 window]
Apr 16 23:06:17.862793 localhost kernel: pci_bus 0000:00: resource 5 [io  0x0d00-0xffff window]
Apr 16 23:06:17.862840 localhost kernel: pci_bus 0000:00: resource 6 [mem 0x000a0000-0x000bffff window]
Apr 16 23:06:17.862891 localhost kernel: pci_bus 0000:00: resource 7 [mem 0xc0000000-0xfebfffff window]
Apr 16 23:06:17.862904 localhost kernel: NET: Registered protocol family 2
Apr 16 23:06:17.862915 localhost kernel: TCP established hash table entries: 65536 (order: 7, 524288 bytes)
Apr 16 23:06:17.862927 localhost kernel: TCP bind hash table entries: 65536 (order: 9, 2097152 bytes)
Apr 16 23:06:17.862938 localhost kernel: TCP: Hash tables configured (established 65536 bind 65536)
Apr 16 23:06:17.862949 localhost kernel: UDP hash table entries: 4096 (order: 6, 393216 bytes)
Apr 16 23:06:17.862960 localhost kernel: UDP-Lite hash table entries: 4096 (order: 6, 393216 bytes)
Apr 16 23:06:17.862970 localhost kernel: NET: Registered protocol family 1
Apr 16 23:06:17.863030 localhost kernel: pci 0000:00:00.0: Limiting direct PCI/PCI transfers
Apr 16 23:06:17.863046 localhost kernel: PCI: CLS 0 bytes, default 64
Apr 16 23:06:17.863057 localhost kernel: PCI-DMA: Using software bounce buffering for IO (SWIOTLB)
Apr 16 23:06:17.863067 localhost kernel: software IO TLB: mapped [mem 0xbbffd000-0xbfffd000] (64MB)
Apr 16 23:06:17.863078 localhost kernel: RAPL PMU: API unit is 2^-32 Joules, 4 fixed counters, 10737418240 ms ovfl timer
Apr 16 23:06:17.863095 localhost kernel: RAPL PMU: hw unit of domain pp0-core 2^-0 Joules
Apr 16 23:06:17.863106 localhost kernel: RAPL PMU: hw unit of domain package 2^-0 Joules
Apr 16 23:06:17.863117 localhost kernel: RAPL PMU: hw unit of domain dram 2^-0 Joules
Apr 16 23:06:17.863128 localhost kernel: RAPL PMU: hw unit of domain pp1-gpu 2^-0 Joules
Apr 16 23:06:17.863138 localhost kernel: clocksource: tsc: mask: 0xffffffffffffffff max_cycles: 0x212735223b2, max_idle_ns: 440795277976 ns
Apr 16 23:06:17.863152 localhost kernel: Scanning for low memory corruption every 60 seconds
Apr 16 23:06:17.863165 localhost kernel: audit: initializing netlink subsys (disabled)
Apr 16 23:06:17.863176 localhost kernel: Initialise system trusted keyrings
Apr 16 23:06:17.863186 localhost kernel: audit: type=2000 audit(1555455976.685:1): state=initialized audit_enabled=0 res=1
Apr 16 23:06:17.863197 localhost kernel: workingset: timestamp_bits=40 max_order=21 bucket_order=0
Apr 16 23:06:17.863208 localhost kernel: Key type asymmetric registered
Apr 16 23:06:17.863218 localhost kernel: Asymmetric key parser 'x509' registered
Apr 16 23:06:17.863229 localhost kernel: Block layer SCSI generic (bsg) driver version 0.4 loaded (major 250)
Apr 16 23:06:17.863239 localhost kernel: io scheduler noop registered (default)
Apr 16 23:06:17.863252 localhost kernel: io scheduler deadline registered
Apr 16 23:06:17.863263 localhost kernel: io scheduler cfq registered
Apr 16 23:06:17.863273 localhost kernel: io scheduler mq-deadline registered
Apr 16 23:06:17.863286 localhost kernel: intel_idle: Please enable MWAIT in BIOS SETUP
Apr 16 23:06:17.863297 localhost kernel: input: Power Button as /devices/LNXSYSTM:00/LNXPWRBN:00/input/input0
Apr 16 23:06:17.863308 localhost kernel: ACPI: Power Button [PWRF]
Apr 16 23:06:17.863319 localhost kernel: input: Sleep Button as /devices/LNXSYSTM:00/LNXSLPBN:00/input/input1
Apr 16 23:06:17.863330 localhost kernel: ACPI: Sleep Button [SLPF]
Apr 16 23:06:17.863340 localhost kernel: ACPI: PCI Interrupt Link [LNKC] enabled at IRQ 11
Apr 16 23:06:17.863402 localhost kernel: virtio-pci 0000:00:03.0: virtio_pci: leaving for legacy driver
Apr 16 23:06:17.863456 localhost kernel: ACPI: PCI Interrupt Link [LNKD] enabled at IRQ 10
Apr 16 23:06:17.863524 localhost kernel: virtio-pci 0000:00:04.0: virtio_pci: leaving for legacy driver
Apr 16 23:06:17.863537 localhost kernel: Serial: 8250/16550 driver, 4 ports, IRQ sharing disabled
Apr 16 23:06:17.863548 localhost kernel: 00:03: ttyS0 at I/O 0x3f8 (irq = 4, base_baud = 115200) is a 16550A
Apr 16 23:06:17.863559 localhost kernel: 00:04: ttyS1 at I/O 0x2f8 (irq = 3, base_baud = 115200) is a 16550A
Apr 16 23:06:17.863570 localhost kernel: 00:05: ttyS2 at I/O 0x3e8 (irq = 6, base_baud = 115200) is a 16550A
Apr 16 23:06:17.863581 localhost kernel: 00:06: ttyS3 at I/O 0x2e8 (irq = 7, base_baud = 115200) is a 16550A
Apr 16 23:06:17.863594 localhost kernel: Non-volatile memory driver v1.3
Apr 16 23:06:17.863605 localhost kernel: loop: module loaded
Apr 16 23:06:17.863686 localhost kernel: scsi host0: Virtio SCSI HBA
Apr 16 23:06:17.863760 localhost kernel: scsi 0:0:1:0: Direct-Access     Google   PersistentDisk   1    PQ: 0 ANSI: 6
Apr 16 23:06:17.863827 localhost kernel: sd 0:0:1:0: [sda] 209715200 512-byte logical blocks: (107 GB/100 GiB)
Apr 16 23:06:17.863890 localhost kernel: sd 0:0:1:0: [sda] 4096-byte physical blocks
Apr 16 23:06:17.863952 localhost kernel: sd 0:0:1:0: [sda] Write Protect is off
Apr 16 23:06:17.864015 localhost kernel: sd 0:0:1:0: [sda] Mode Sense: 1f 00 00 08
Apr 16 23:06:17.864079 localhost kernel: sd 0:0:1:0: [sda] Write cache: enabled, read cache: enabled, doesn't support DPO or FUA
Apr 16 23:06:17.864098 localhost kernel: i8042: PNP: PS/2 Controller [PNP0303:KBD,PNP0f13:MOU] at 0x60,0x64 irq 1,12
Apr 16 23:06:17.864109 localhost kernel: i8042: Warning: Keylock active
Apr 16 23:06:17.864121 localhost kernel: serio: i8042 KBD port at 0x60,0x64 irq 1
Apr 16 23:06:17.864132 localhost kernel: serio: i8042 AUX port at 0x60,0x64 irq 12
Apr 16 23:06:17.864183 localhost kernel: rtc_cmos 00:00: RTC can wake from S4
Apr 16 23:06:17.864231 localhost kernel: rtc_cmos 00:00: registered as rtc0
Apr 16 23:06:17.864280 localhost kernel: rtc_cmos 00:00: alarms up to one day, 114 bytes nvram
Apr 16 23:06:17.864294 localhost kernel: iTCO_wdt: Intel TCO WatchDog Timer Driver v1.11
Apr 16 23:06:17.864307 localhost kernel: iTCO_vendor_support: vendor-support=0
Apr 16 23:06:17.864318 localhost kernel: device-mapper: ioctl: 4.37.0-ioctl (2017-09-20) initialised: dm-devel@redhat.com
Apr 16 23:06:17.864329 localhost kernel: device-mapper: verity-chromeos: dm-verity-chromeos registered
Apr 16 23:06:17.864339 localhost kernel: GPT:Primary header thinks Alt. header is not at the end of the disk.
Apr 16 23:06:17.864349 localhost kernel: Mirror/redirect action on
Apr 16 23:06:17.864360 localhost kernel: GPT:18874524 != 209715199
Apr 16 23:06:17.864372 localhost kernel: Netfilter messages via NETLINK v0.30.
Apr 16 23:06:17.864382 localhost kernel: GPT:Alternate GPT header not at the end of the disk.
Apr 16 23:06:17.864393 localhost kernel: nf_conntrack version 0.5.0 (65536 buckets, 262144 max)
Apr 16 23:06:17.864406 localhost kernel: GPT:18874524 != 209715199
Apr 16 23:06:17.864664 localhost kernel: ctnetlink v0.93: registering with nfnetlink.
Apr 16 23:06:17.864685 localhost kernel: GPT: Use GNU Parted to correct GPT errors.
Apr 16 23:06:17.864701 localhost kernel: ip_tables: (C) 2000-2006 Netfilter Core Team
Apr 16 23:06:17.864717 localhost kernel:  sda: sda1 sda2 sda3 sda4 sda5 sda6 sda7 sda8 sda9 sda10 sda11 sda12
Apr 16 23:06:17.864732 localhost kernel: Initializing XFRM netlink socket
Apr 16 23:06:17.864748 localhost kernel: NET: Registered protocol family 10
Apr 16 23:06:17.864763 localhost kernel: Segment Routing with IPv6
Apr 16 23:06:17.864779 localhost kernel: NET: Registered protocol family 17
Apr 16 23:06:17.864801 localhost kernel: bridge: filtering via arp/ip/ip6tables is no longer available by default. Update your scripts to load br_netfilter if you need this.
Apr 16 23:06:17.864891 localhost kernel: sd 0:0:1:0: [sda] Attached SCSI disk
Apr 16 23:06:17.864904 localhost kernel: sched_clock: Marking stable (661005878, 0)->(1145251200, -484245322)
Apr 16 23:06:17.864915 localhost kernel: registered taskstats version 1
Apr 16 23:06:17.864930 localhost kernel: Loading compiled-in X.509 certificates
Apr 16 23:06:17.864946 localhost kernel: Loaded X.509 cert 'Google LLC: Container-Optimized OS kernel signing key: cdd9ce572db9e71668e71b5a9113908047a21771'
Apr 16 23:06:17.864962 localhost kernel: Loaded X.509 cert 'Google: Container-Optimized OS: 2efea493fc148b35859d0bc8c3dd71a139fc7ab411283e06f6c10b5a6b17e355'
Apr 16 23:06:17.864978 localhost kernel: AppArmor: AppArmor sha1 policy hashing enabled
Apr 16 23:06:17.864993 localhost kernel: ima: No TPM chip found, activating TPM-bypass! (rc=-19)
Apr 16 23:06:17.865012 localhost kernel: ima: Allocated hash algorithm: sha256
Apr 16 23:06:17.865027 localhost kernel:   Magic number: 15:694:150
Apr 16 23:06:17.865121 localhost kernel: virtio_net virtio1: hash matches
Apr 16 23:06:17.865137 localhost kernel: device-mapper: init: attempting early device configuration.
Apr 16 23:06:17.865150 localhost kernel: device-mapper: init: adding target '0 2539520 verity payload=PARTUUID=71913957-D6B1-8948-AFA7-574E312FC408 hashtree=PARTUUID=71913957-D6B1-8948-AFA7-574E312FC408 hashstart=2539520 alg=sha1 root_hexdigest=e582525d12c5f702e39eca88f648e851195d84f7 salt=331684cac74749b4944aedce8c7e5dd9abed70e63b61b9be00d8c9efd9d17444'
Apr 16 23:06:17.865166 localhost kernel: device-mapper: verity: Argument 0: 'payload=PARTUUID=71913957-D6B1-8948-AFA7-574E312FC408'
Apr 16 23:06:17.865183 localhost kernel: device-mapper: verity: Argument 1: 'hashtree=PARTUUID=71913957-D6B1-8948-AFA7-574E312FC408'
Apr 16 23:06:17.865198 localhost kernel: device-mapper: verity: Argument 2: 'hashstart=2539520'
Apr 16 23:06:17.865217 localhost kernel: device-mapper: verity: Argument 3: 'alg=sha1'
Apr 16 23:06:17.865232 localhost kernel: device-mapper: verity: Argument 4: 'root_hexdigest=e582525d12c5f702e39eca88f648e851195d84f7'
Apr 16 23:06:17.865248 localhost kernel: device-mapper: verity: Argument 5: 'salt=331684cac74749b4944aedce8c7e5dd9abed70e63b61b9be00d8c9efd9d17444'
Apr 16 23:06:17.865263 localhost kernel: device-mapper: init: dm-0 is ready
Apr 16 23:06:17.865278 localhost kernel: EXT4-fs (dm-0): mounting ext2 file system using the ext4 subsystem
Apr 16 23:06:17.865294 localhost kernel: EXT4-fs (dm-0): mounted filesystem without journal. Opts: (null)
Apr 16 23:06:17.865308 localhost kernel: VFS: Mounted root (ext2 filesystem) readonly on device 254:0.
Apr 16 23:06:17.865322 localhost kernel: devtmpfs: mounted
Apr 16 23:06:17.865333 localhost kernel: Freeing unused kernel memory: 1360K
Apr 16 23:06:17.865346 localhost kernel: Write protecting the kernel read-only data: 16384k
Apr 16 23:06:17.865356 localhost kernel: Freeing unused kernel memory: 2012K
Apr 16 23:06:17.865367 localhost kernel: Freeing unused kernel memory: 2040K
Apr 16 23:06:17.865381 localhost systemd[1]: systemd 232 running in system mode. (+PAM +AUDIT -SELINUX +IMA +APPARMOR +SMACK -SYSVINIT -UTMP -LIBCRYPTSETUP +GCRYPT -GNUTLS -ACL -XZ +LZ4 +SECCOMP +BLKID -ELFUTILS +KMOD -IDN)
Apr 16 23:06:17.865395 localhost systemd[1]: Detected virtualization kvm.
Apr 16 23:06:17.865426 localhost systemd[1]: Detected architecture x86-64.
Apr 16 23:06:17.865457 localhost systemd[1]: Initializing machine ID from KVM UUID.
Apr 16 23:06:17.865473 localhost systemd[1]: Installed transient /etc/machine-id file.
Apr 16 23:06:17.865494 localhost systemd[1]: Created slice System Slice.
Apr 16 23:06:17.865513 localhost systemd[1]: Mounting Huge Pages File System...
Apr 16 23:06:17.865528 localhost systemd[1]: Reached target Remote File Systems.
Apr 16 23:06:17.865543 localhost systemd[1]: Started Forward Password Requests to Wall Directory Watch.
Apr 16 23:06:17.865560 localhost systemd[1]: Listening on Process Core Dump Socket.
Apr 16 23:06:18.082678 localhost kernel: LoadPin: dev(254,0): read-only
Apr 16 23:06:18.082804 localhost kernel: LoadPin: load pinning engaged.
Apr 16 23:06:18.088468 localhost kernel: LoadPin: kernel-module pinned obj="/lib/modules/4.14.94+/kernel/arch/x86/crypto/glue_helper.ko" pid=131 cmdline="/usr/lib/systemd/systemd-udevd"
Apr 16 23:06:18.119122 localhost kernel: AVX2 version of gcm_enc/dec engaged.
Apr 16 23:06:18.119208 localhost kernel: AES CTR mode by8 optimization enabled
Apr 16 23:06:18.157050 localhost kernel: EXT4-fs (sda8): mounted filesystem with ordered data mode. Opts: (null)
Apr 16 23:06:18.294508 localhost kernel: EXT4-fs (sda1): mounted filesystem with ordered data mode. Opts: commit=30
Apr 16 23:06:18.378873 localhost kernel: EXT4-fs (sda1): re-mounted. Opts: commit=30,data=ordered
Apr 16 23:06:18.378981 localhost kernel: EXT4-fs (sda1): re-mounted. Opts: commit=30,data=ordered
Apr 16 23:06:18.385446 localhost kernel: EXT4-fs (sda1): re-mounted. Opts: commit=30,data=ordered
Apr 16 23:06:18.500510 localhost kernel: EXT4-fs (sda1): resizing filesystem from 1271296 to 25126395 blocks
Apr 16 23:06:19.478482 localhost kernel: EXT4-fs (sda1): resized filesystem to 25126395
Apr 16 23:06:19.755350 localhost kernel: ip6_tables: (C) 2000-2006 Netfilter Core Team
Apr 16 23:06:22.711760 e2e-test-peterhornyack-minion-group-qrc7 kernel: Bridge firewalling registered
Apr 16 23:06:22.929512 e2e-test-peterhornyack-minion-group-qrc7 kernel: IPv6: ADDRCONF(NETDEV_UP): docker0: link is not ready
Apr 16 23:06:29.973401 e2e-test-peterhornyack-minion-group-qrc7 kernel: EXT4-fs (sda1): re-mounted. Opts: commit=30,data=ordered
Apr 16 23:07:29.550407 e2e-test-peterhornyack-minion-group-qrc7 kernel: EXT4-fs (sda1): re-mounted. Opts: commit=30,data=ordered
Apr 16 23:07:30.516624 e2e-test-peterhornyack-minion-group-qrc7 kernel: Unsafe core_pattern used with fs.suid_dumpable=2.
                                                                        Pipe handler or fully qualified core dump path required.
                                                                        Set kernel.core_pattern before fs.suid_dumpable.
Apr 16 23:07:38.215394 e2e-test-peterhornyack-minion-group-qrc7 kernel: EXT4-fs (sda1): re-mounted. Opts: commit=30,data=ordered
Apr 16 23:07:42.305481 e2e-test-peterhornyack-minion-group-qrc7 kernel: IPVS: Registered protocols (TCP, UDP, SCTP, AH, ESP)
Apr 16 23:07:42.314416 e2e-test-peterhornyack-minion-group-qrc7 kernel: IPVS: Connection hash table configured (size=4096, memory=64Kbytes)
Apr 16 23:07:42.347894 e2e-test-peterhornyack-minion-group-qrc7 kernel: IPVS: ipvs loaded.
Apr 16 23:07:42.359342 e2e-test-peterhornyack-minion-group-qrc7 kernel: IPVS: [rr] scheduler registered.
Apr 16 23:07:42.359434 e2e-test-peterhornyack-minion-group-qrc7 kernel: IPVS: [wrr] scheduler registered.
Apr 16 23:07:42.377422 e2e-test-peterhornyack-minion-group-qrc7 kernel: IPVS: [sh] scheduler registered.
Apr 16 23:07:42.480402 e2e-test-peterhornyack-minion-group-qrc7 kernel: ip_set: protocol 6
Apr 16 23:07:43.933883 e2e-test-peterhornyack-minion-group-qrc7 kernel: IPv6: ADDRCONF(NETDEV_UP): vethf8489473: link is not ready
Apr 16 23:07:43.934044 e2e-test-peterhornyack-minion-group-qrc7 kernel: IPv6: ADDRCONF(NETDEV_CHANGE): vethf8489473: link becomes ready
Apr 16 23:07:43.967880 e2e-test-peterhornyack-minion-group-qrc7 kernel: cbr0: port 1(vethf8489473) entered blocking state
Apr 16 23:07:43.967959 e2e-test-peterhornyack-minion-group-qrc7 kernel: cbr0: port 1(vethf8489473) entered disabled state
Apr 16 23:07:43.967990 e2e-test-peterhornyack-minion-group-qrc7 kernel: device vethf8489473 entered promiscuous mode
Apr 16 23:07:43.983060 e2e-test-peterhornyack-minion-group-qrc7 kernel: cbr0: port 1(vethf8489473) entered blocking state
Apr 16 23:07:43.983212 e2e-test-peterhornyack-minion-group-qrc7 kernel: cbr0: port 1(vethf8489473) entered forwarding state
Apr 16 23:07:44.566332 e2e-test-peterhornyack-minion-group-qrc7 kernel: cbr0: port 2(vethad64a21d) entered blocking state
Apr 16 23:07:44.566472 e2e-test-peterhornyack-minion-group-qrc7 kernel: cbr0: port 2(vethad64a21d) entered disabled state
Apr 16 23:07:44.566508 e2e-test-peterhornyack-minion-group-qrc7 kernel: device vethad64a21d entered promiscuous mode
Apr 16 23:07:44.577863 e2e-test-peterhornyack-minion-group-qrc7 kernel: cbr0: port 2(vethad64a21d) entered blocking state
Apr 16 23:07:44.578023 e2e-test-peterhornyack-minion-group-qrc7 kernel: cbr0: port 2(vethad64a21d) entered forwarding state
Apr 16 23:07:44.827641 e2e-test-peterhornyack-minion-group-qrc7 kernel: cbr0: port 3(veth3df13ae8) entered blocking state
Apr 16 23:07:44.827839 e2e-test-peterhornyack-minion-group-qrc7 kernel: cbr0: port 3(veth3df13ae8) entered disabled state
Apr 16 23:07:44.827880 e2e-test-peterhornyack-minion-group-qrc7 kernel: device veth3df13ae8 entered promiscuous mode
Apr 16 23:07:44.827917 e2e-test-peterhornyack-minion-group-qrc7 kernel: cbr0: port 3(veth3df13ae8) entered blocking state
Apr 16 23:07:44.827947 e2e-test-peterhornyack-minion-group-qrc7 kernel: cbr0: port 3(veth3df13ae8) entered forwarding state
Apr 16 23:07:44.937881 e2e-test-peterhornyack-minion-group-qrc7 kernel: IPv6: ADDRCONF(NETDEV_UP): veth42f85a16: link is not ready
Apr 16 23:07:44.937971 e2e-test-peterhornyack-minion-group-qrc7 kernel: IPv6: ADDRCONF(NETDEV_CHANGE): veth42f85a16: link becomes ready
Apr 16 23:07:44.971599 e2e-test-peterhornyack-minion-group-qrc7 kernel: cbr0: port 4(veth42f85a16) entered blocking state
Apr 16 23:07:44.971769 e2e-test-peterhornyack-minion-group-qrc7 kernel: cbr0: port 4(veth42f85a16) entered disabled state
Apr 16 23:07:44.971809 e2e-test-peterhornyack-minion-group-qrc7 kernel: device veth42f85a16 entered promiscuous mode
Apr 16 23:07:44.982857 e2e-test-peterhornyack-minion-group-qrc7 kernel: cbr0: port 4(veth42f85a16) entered blocking state
Apr 16 23:07:44.983010 e2e-test-peterhornyack-minion-group-qrc7 kernel: cbr0: port 4(veth42f85a16) entered forwarding state
Apr 16 23:07:45.139963 e2e-test-peterhornyack-minion-group-qrc7 kernel: cbr0: port 5(vethacf478d5) entered blocking state
Apr 16 23:07:45.140101 e2e-test-peterhornyack-minion-group-qrc7 kernel: cbr0: port 5(vethacf478d5) entered disabled state
Apr 16 23:07:45.140136 e2e-test-peterhornyack-minion-group-qrc7 kernel: device vethacf478d5 entered promiscuous mode
Apr 16 23:07:45.140161 e2e-test-peterhornyack-minion-group-qrc7 kernel: cbr0: port 5(vethacf478d5) entered blocking state
Apr 16 23:07:45.140190 e2e-test-peterhornyack-minion-group-qrc7 kernel: cbr0: port 5(vethacf478d5) entered forwarding state
Apr 16 23:07:45.330335 e2e-test-peterhornyack-minion-group-qrc7 kernel: cbr0: port 6(vethd8631c61) entered blocking state
Apr 16 23:07:45.330513 e2e-test-peterhornyack-minion-group-qrc7 kernel: cbr0: port 6(vethd8631c61) entered disabled state
Apr 16 23:07:45.330547 e2e-test-peterhornyack-minion-group-qrc7 kernel: device vethd8631c61 entered promiscuous mode
Apr 16 23:07:45.341537 e2e-test-peterhornyack-minion-group-qrc7 kernel: cbr0: port 6(vethd8631c61) entered blocking state
Apr 16 23:07:45.341699 e2e-test-peterhornyack-minion-group-qrc7 kernel: cbr0: port 6(vethd8631c61) entered forwarding state
Apr 16 23:07:45.622014 e2e-test-peterhornyack-minion-group-qrc7 kernel: cbr0: port 7(vethd60670aa) entered blocking state
Apr 16 23:07:45.622116 e2e-test-peterhornyack-minion-group-qrc7 kernel: cbr0: port 7(vethd60670aa) entered disabled state
Apr 16 23:07:45.622145 e2e-test-peterhornyack-minion-group-qrc7 kernel: device vethd60670aa entered promiscuous mode
Apr 16 23:07:45.633779 e2e-test-peterhornyack-minion-group-qrc7 kernel: cbr0: port 7(vethd60670aa) entered blocking state
Apr 16 23:07:45.633931 e2e-test-peterhornyack-minion-group-qrc7 kernel: cbr0: port 7(vethd60670aa) entered forwarding state
Apr 16 23:07:50.827045 e2e-test-peterhornyack-minion-group-qrc7 kernel: IPv6: ADDRCONF(NETDEV_UP): veth3c3d0f20: link is not ready
Apr 16 23:07:50.827178 e2e-test-peterhornyack-minion-group-qrc7 kernel: IPv6: ADDRCONF(NETDEV_CHANGE): veth3c3d0f20: link becomes ready
Apr 16 23:07:50.845747 e2e-test-peterhornyack-minion-group-qrc7 kernel: cbr0: port 8(veth3c3d0f20) entered blocking state
Apr 16 23:07:50.852017 e2e-test-peterhornyack-minion-group-qrc7 kernel: cbr0: port 8(veth3c3d0f20) entered disabled state
Apr 16 23:07:50.852083 e2e-test-peterhornyack-minion-group-qrc7 kernel: device veth3c3d0f20 entered promiscuous mode
Apr 16 23:07:50.852126 e2e-test-peterhornyack-minion-group-qrc7 kernel: cbr0: port 8(veth3c3d0f20) entered blocking state
Apr 16 23:07:50.857702 e2e-test-peterhornyack-minion-group-qrc7 kernel: cbr0: port 8(veth3c3d0f20) entered forwarding state
Apr 16 23:08:04.967548 e2e-test-peterhornyack-minion-group-qrc7 kernel: IPv6: ADDRCONF(NETDEV_UP): vethba7f8c0c: link is not ready
Apr 16 23:08:04.967688 e2e-test-peterhornyack-minion-group-qrc7 kernel: IPv6: ADDRCONF(NETDEV_CHANGE): vethba7f8c0c: link becomes ready
Apr 16 23:08:05.001464 e2e-test-peterhornyack-minion-group-qrc7 kernel: cbr0: port 9(vethba7f8c0c) entered blocking state
Apr 16 23:08:05.031384 e2e-test-peterhornyack-minion-group-qrc7 kernel: cbr0: port 9(vethba7f8c0c) entered disabled state
Apr 16 23:08:05.031452 e2e-test-peterhornyack-minion-group-qrc7 kernel: device vethba7f8c0c entered promiscuous mode
Apr 16 23:08:05.031486 e2e-test-peterhornyack-minion-group-qrc7 kernel: cbr0: port 9(vethba7f8c0c) entered blocking state
Apr 16 23:08:05.031514 e2e-test-peterhornyack-minion-group-qrc7 kernel: cbr0: port 9(vethba7f8c0c) entered forwarding state
Apr 16 23:08:05.031544 e2e-test-peterhornyack-minion-group-qrc7 kernel: cbr0: port 10(vethb2086b1e) entered blocking state
Apr 16 23:08:05.031573 e2e-test-peterhornyack-minion-group-qrc7 kernel: cbr0: port 10(vethb2086b1e) entered disabled state
Apr 16 23:08:05.031602 e2e-test-peterhornyack-minion-group-qrc7 kernel: device vethb2086b1e entered promiscuous mode
Apr 16 23:08:05.034890 e2e-test-peterhornyack-minion-group-qrc7 kernel: cbr0: port 10(vethb2086b1e) entered blocking state
Apr 16 23:08:05.052484 e2e-test-peterhornyack-minion-group-qrc7 kernel: cbr0: port 10(vethb2086b1e) entered forwarding state
Apr 16 23:08:08.705399 e2e-test-peterhornyack-minion-group-qrc7 kernel: cbr0: port 1(vethf8489473) entered disabled state
Apr 16 23:08:08.723308 e2e-test-peterhornyack-minion-group-qrc7 kernel: device vethf8489473 left promiscuous mode
Apr 16 23:08:08.723505 e2e-test-peterhornyack-minion-group-qrc7 kernel: cbr0: port 1(vethf8489473) entered disabled state
Apr 16 23:08:09.540758 e2e-test-peterhornyack-minion-group-qrc7 kernel: cbr0: port 4(veth42f85a16) entered disabled state
Apr 16 23:08:09.556782 e2e-test-peterhornyack-minion-group-qrc7 kernel: device veth42f85a16 left promiscuous mode
Apr 16 23:08:09.556919 e2e-test-peterhornyack-minion-group-qrc7 kernel: cbr0: port 4(veth42f85a16) entered disabled state
Apr 16 23:09:28.698501 e2e-test-peterhornyack-minion-group-qrc7 kernel: IPv6: ADDRCONF(NETDEV_UP): veth971d2428: link is not ready
Apr 16 23:09:28.698663 e2e-test-peterhornyack-minion-group-qrc7 kernel: IPv6: ADDRCONF(NETDEV_CHANGE): veth971d2428: link becomes ready
Apr 16 23:09:28.719664 e2e-test-peterhornyack-minion-group-qrc7 kernel: cbr0: port 1(veth971d2428) entered blocking state
Apr 16 23:09:28.719864 e2e-test-peterhornyack-minion-group-qrc7 kernel: cbr0: port 1(veth971d2428) entered disabled state
Apr 16 23:09:28.719891 e2e-test-peterhornyack-minion-group-qrc7 kernel: device veth971d2428 entered promiscuous mode
Apr 16 23:09:28.730268 e2e-test-peterhornyack-minion-group-qrc7 kernel: cbr0: port 1(veth971d2428) entered blocking state
Apr 16 23:09:28.730485 e2e-test-peterhornyack-minion-group-qrc7 kernel: cbr0: port 1(veth971d2428) entered forwarding state
Apr 16 23:43:40.839754 e2e-test-peterhornyack-minion-group-qrc7 kernel: IPv6: ADDRCONF(NETDEV_UP): veth33d0624f: link is not ready
Apr 16 23:43:40.839944 e2e-test-peterhornyack-minion-group-qrc7 kernel: IPv6: ADDRCONF(NETDEV_CHANGE): veth33d0624f: link becomes ready
Apr 16 23:43:40.857549 e2e-test-peterhornyack-minion-group-qrc7 kernel: cbr0: port 4(veth33d0624f) entered blocking state
Apr 16 23:43:40.857709 e2e-test-peterhornyack-minion-group-qrc7 kernel: cbr0: port 4(veth33d0624f) entered disabled state
Apr 16 23:43:40.857739 e2e-test-peterhornyack-minion-group-qrc7 kernel: device veth33d0624f entered promiscuous mode
Apr 16 23:43:40.862456 e2e-test-peterhornyack-minion-group-qrc7 kernel: cbr0: port 4(veth33d0624f) entered blocking state
Apr 16 23:43:40.868645 e2e-test-peterhornyack-minion-group-qrc7 kernel: cbr0: port 4(veth33d0624f) entered forwarding state
Apr 16 23:43:50.708858 e2e-test-peterhornyack-minion-group-qrc7 kernel: IPv6: ADDRCONF(NETDEV_UP): veth223288d0: link is not ready
Apr 16 23:43:50.709017 e2e-test-peterhornyack-minion-group-qrc7 kernel: IPv6: ADDRCONF(NETDEV_CHANGE): veth223288d0: link becomes ready
Apr 16 23:43:50.726469 e2e-test-peterhornyack-minion-group-qrc7 kernel: cbr0: port 11(veth223288d0) entered blocking state
Apr 16 23:43:50.726638 e2e-test-peterhornyack-minion-group-qrc7 kernel: cbr0: port 11(veth223288d0) entered disabled state
Apr 16 23:43:50.726687 e2e-test-peterhornyack-minion-group-qrc7 kernel: device veth223288d0 entered promiscuous mode
Apr 16 23:43:50.737299 e2e-test-peterhornyack-minion-group-qrc7 kernel: cbr0: port 11(veth223288d0) entered blocking state
Apr 16 23:43:50.737490 e2e-test-peterhornyack-minion-group-qrc7 kernel: cbr0: port 11(veth223288d0) entered forwarding state
Apr 16 23:47:06.965615 e2e-test-peterhornyack-minion-group-qrc7 kernel: cbr0: port 4(veth33d0624f) entered disabled state
Apr 16 23:47:06.978067 e2e-test-peterhornyack-minion-group-qrc7 kernel: device veth33d0624f left promiscuous mode
Apr 16 23:47:06.978142 e2e-test-peterhornyack-minion-group-qrc7 kernel: cbr0: port 4(veth33d0624f) entered disabled state
Apr 16 23:47:37.033151 e2e-test-peterhornyack-minion-group-qrc7 kernel: cbr0: port 11(veth223288d0) entered disabled state
Apr 16 23:47:37.051205 e2e-test-peterhornyack-minion-group-qrc7 kernel: device veth223288d0 left promiscuous mode
Apr 16 23:47:37.051581 e2e-test-peterhornyack-minion-group-qrc7 kernel: cbr0: port 11(veth223288d0) entered disabled state
Apr 16 23:50:08.766745 e2e-test-peterhornyack-minion-group-qrc7 kernel: IPv6: ADDRCONF(NETDEV_UP): veth59f37987: link is not ready
Apr 16 23:50:08.766876 e2e-test-peterhornyack-minion-group-qrc7 kernel: IPv6: ADDRCONF(NETDEV_CHANGE): veth59f37987: link becomes ready
Apr 16 23:50:08.766904 e2e-test-peterhornyack-minion-group-qrc7 kernel: cbr0: port 4(veth59f37987) entered blocking state
Apr 16 23:50:08.779419 e2e-test-peterhornyack-minion-group-qrc7 kernel: cbr0: port 4(veth59f37987) entered disabled state
Apr 16 23:50:08.779565 e2e-test-peterhornyack-minion-group-qrc7 kernel: device veth59f37987 entered promiscuous mode
Apr 16 23:50:08.791218 e2e-test-peterhornyack-minion-group-qrc7 kernel: cbr0: port 4(veth59f37987) entered blocking state
Apr 16 23:50:08.791437 e2e-test-peterhornyack-minion-group-qrc7 kernel: cbr0: port 4(veth59f37987) entered forwarding state
Apr 16 23:50:19.581107 e2e-test-peterhornyack-minion-group-qrc7 kernel: IPv6: ADDRCONF(NETDEV_UP): veth70a551cd: link is not ready
Apr 16 23:50:19.581265 e2e-test-peterhornyack-minion-group-qrc7 kernel: IPv6: ADDRCONF(NETDEV_CHANGE): veth70a551cd: link becomes ready
Apr 16 23:50:19.598615 e2e-test-peterhornyack-minion-group-qrc7 kernel: cbr0: port 11(veth70a551cd) entered blocking state
Apr 16 23:50:19.599572 e2e-test-peterhornyack-minion-group-qrc7 kernel: cbr0: port 11(veth70a551cd) entered disabled state
Apr 16 23:50:19.599647 e2e-test-peterhornyack-minion-group-qrc7 kernel: device veth70a551cd entered promiscuous mode
Apr 16 23:50:19.610645 e2e-test-peterhornyack-minion-group-qrc7 kernel: cbr0: port 11(veth70a551cd) entered blocking state
Apr 16 23:50:19.610823 e2e-test-peterhornyack-minion-group-qrc7 kernel: cbr0: port 11(veth70a551cd) entered forwarding state
Apr 16 23:51:54.317464 e2e-test-peterhornyack-minion-group-qrc7 kernel: cbr0: port 4(veth59f37987) entered disabled state
Apr 16 23:51:54.332219 e2e-test-peterhornyack-minion-group-qrc7 kernel: device veth59f37987 left promiscuous mode
Apr 16 23:51:54.332403 e2e-test-peterhornyack-minion-group-qrc7 kernel: cbr0: port 4(veth59f37987) entered disabled state
Apr 16 23:52:24.447036 e2e-test-peterhornyack-minion-group-qrc7 kernel: cbr0: port 11(veth70a551cd) entered disabled state
Apr 16 23:52:24.462613 e2e-test-peterhornyack-minion-group-qrc7 kernel: device veth70a551cd left promiscuous mode
Apr 16 23:52:24.463142 e2e-test-peterhornyack-minion-group-qrc7 kernel: cbr0: port 11(veth70a551cd) entered disabled state
