-- Logs begin at Wed 2019-05-29 22:59:18 UTC, end at Thu 2019-05-30 08:52:42 UTC. --
May 29 22:59:18.779506 localhost kernel: Linux version 4.14.94+ (chrome-bot@swarm-cros-608) (gcc version 4.9.x 20150123 (prerelease) (4.9.2_cos_gg_4.9.2-r200-ac6128e0a17a52f011797f33ac3e7d6273a9368d_4.9.2-r200)) #1 SMP Thu Apr 18 18:53:20 PDT 2019
May 29 22:59:18.779558 localhost kernel: Command line: BOOT_IMAGE=/syslinux/vmlinuz.A init=/usr/lib/systemd/systemd boot=local rootwait ro noresume noswap loglevel=7 noinitrd console=ttyS0 vsyscall=emulate security=apparmor virtio_net.napi_tx=1 systemd.unified_cgroup_hierarchy=false systemd.legacy_systemd_cgroup_controller=true csm.disabled=1 dm_verity.error_behavior=3 dm_verity.max_bios=-1 dm_verity.dev_wait=1 i915.modeset=1 cros_efi root=/dev/dm-0 "dm=1 vroot none ro 1,0 2539520 verity payload=PARTUUID=8BD177DC-EA86-1A42-B8A1-0D8B83573F5C hashtree=PARTUUID=8BD177DC-EA86-1A42-B8A1-0D8B83573F5C hashstart=2539520 alg=sha1 root_hexdigest=30ae72b75923daafb5d95b649d639f6220dfcbec salt=a1e12a9d10ec838443fdb6809b92b22832cb4850081f329b3986b707dac5fa54"
May 29 22:59:18.779587 localhost kernel: x86/fpu: Supporting XSAVE feature 0x001: 'x87 floating point registers'
May 29 22:59:18.779599 localhost kernel: x86/fpu: Supporting XSAVE feature 0x002: 'SSE registers'
May 29 22:59:18.779608 localhost kernel: x86/fpu: Supporting XSAVE feature 0x004: 'AVX registers'
May 29 22:59:18.779629 localhost kernel: x86/fpu: xstate_offset[2]:  576, xstate_sizes[2]:  256
May 29 22:59:18.779645 localhost kernel: x86/fpu: Enabled xstate features 0x7, context size is 832 bytes, using 'standard' format.
May 29 22:59:18.779659 localhost kernel: e820: BIOS-provided physical RAM map:
May 29 22:59:18.779668 localhost kernel: BIOS-e820: [mem 0x0000000000000000-0x000000000009fbff] usable
May 29 22:59:18.779677 localhost kernel: BIOS-e820: [mem 0x000000000009fc00-0x000000000009ffff] reserved
May 29 22:59:18.779689 localhost kernel: BIOS-e820: [mem 0x00000000000f0000-0x00000000000fffff] reserved
May 29 22:59:18.779697 localhost kernel: BIOS-e820: [mem 0x0000000000100000-0x00000000bfffcfff] usable
May 29 22:59:18.779707 localhost kernel: BIOS-e820: [mem 0x00000000bfffd000-0x00000000bfffffff] reserved
May 29 22:59:18.779719 localhost kernel: BIOS-e820: [mem 0x00000000fffbc000-0x00000000ffffffff] reserved
May 29 22:59:18.779733 localhost kernel: BIOS-e820: [mem 0x0000000100000000-0x000000012fffffff] usable
May 29 22:59:18.779745 localhost kernel: NX (Execute Disable) protection: active
May 29 22:59:18.779756 localhost kernel: SMBIOS 2.4 present.
May 29 22:59:18.779765 localhost kernel: DMI: Google Google Compute Engine/Google Compute Engine, BIOS Google 01/01/2011
May 29 22:59:18.779778 localhost kernel: Hypervisor detected: KVM
May 29 22:59:18.779788 localhost kernel: kvm-clock: Using msrs 4b564d01 and 4b564d00
May 29 22:59:18.779796 localhost kernel: kvm-clock: cpu 0, msr ae4e6001, primary cpu clock
May 29 22:59:18.779808 localhost kernel: kvm-clock: using sched offset of 888583496 cycles
May 29 22:59:18.779823 localhost kernel: clocksource: kvm-clock: mask: 0xffffffffffffffff max_cycles: 0x1cd42e4dffb, max_idle_ns: 881590591483 ns
May 29 22:59:18.779835 localhost kernel: tsc: Initial usec timer 796938
May 29 22:59:18.779848 localhost kernel: tsc: Detected 2300.000 MHz processor
May 29 22:59:18.779857 localhost kernel: e820: update [mem 0x00000000-0x00000fff] usable ==> reserved
May 29 22:59:18.779869 localhost kernel: e820: remove [mem 0x000a0000-0x000fffff] usable
May 29 22:59:18.779879 localhost kernel: e820: last_pfn = 0x130000 max_arch_pfn = 0x400000000
May 29 22:59:18.779890 localhost kernel: MTRR default type: write-back
May 29 22:59:18.779901 localhost kernel: MTRR fixed ranges enabled:
May 29 22:59:18.779911 localhost kernel:   00000-9FFFF write-back
May 29 22:59:18.779921 localhost kernel:   A0000-BFFFF uncachable
May 29 22:59:18.779930 localhost kernel:   C0000-FFFFF write-protect
May 29 22:59:18.779938 localhost kernel: MTRR variable ranges enabled:
May 29 22:59:18.779949 localhost kernel:   0 base 0000C0000000 mask 3FFFC0000000 uncachable
May 29 22:59:18.779958 localhost kernel:   1 disabled
May 29 22:59:18.779973 localhost kernel:   2 disabled
May 29 22:59:18.782077 localhost kernel:   3 disabled
May 29 22:59:18.782094 localhost kernel:   4 disabled
May 29 22:59:18.782103 localhost kernel:   5 disabled
May 29 22:59:18.782123 localhost kernel:   6 disabled
May 29 22:59:18.782260 localhost kernel:   7 disabled
May 29 22:59:18.782272 localhost kernel: x86/PAT: Configuration [0-7]: WB  WC  UC- UC  WB  WP  UC- WT  
May 29 22:59:18.782281 localhost kernel: e820: last_pfn = 0xbfffd max_arch_pfn = 0x400000000
May 29 22:59:18.782290 localhost kernel: found SMP MP-table at [mem 0x000f2a10-0x000f2a1f] mapped at [ffffffffff200a10]
May 29 22:59:18.782302 localhost kernel: Scanning 1 areas for low memory corruption
May 29 22:59:18.782311 localhost kernel: Base memory trampoline at [ffff90a980099000] 99000 size 24576
May 29 22:59:18.782322 localhost kernel: Using GB pages for direct mapping
May 29 22:59:18.782343 localhost kernel: BRK [0xae55a000, 0xae55afff] PGTABLE
May 29 22:59:18.782352 localhost kernel: BRK [0xae55b000, 0xae55bfff] PGTABLE
May 29 22:59:18.782361 localhost kernel: BRK [0xae55c000, 0xae55cfff] PGTABLE
May 29 22:59:18.782370 localhost kernel: BRK [0xae55d000, 0xae55dfff] PGTABLE
May 29 22:59:18.782378 localhost kernel: BRK [0xae55e000, 0xae55efff] PGTABLE
May 29 22:59:18.782387 localhost kernel: ACPI: Early table checksum verification disabled
May 29 22:59:18.782396 localhost kernel: ACPI: RSDP 0x00000000000F27D0 000014 (v00 Google)
May 29 22:59:18.782405 localhost kernel: ACPI: RSDT 0x00000000BFFFDAC0 000038 (v01 Google GOOGRSDT 00000001 GOOG 00000001)
May 29 22:59:18.782414 localhost kernel: ACPI: FACP 0x00000000BFFFFF00 0000F4 (v02 Google GOOGFACP 00000001 GOOG 00000001)
May 29 22:59:18.782534 localhost kernel: ACPI: DSDT 0x00000000BFFFDB00 0018BA (v01 Google GOOGDSDT 00000001 GOOG 00000001)
May 29 22:59:18.782545 localhost kernel: ACPI: FACS 0x00000000BFFFFEC0 000040
May 29 22:59:18.782554 localhost kernel: ACPI: FACS 0x00000000BFFFFEC0 000040
May 29 22:59:18.782563 localhost kernel: ACPI: SSDT 0x00000000BFFFF5A0 00091F (v01 Google GOOGSSDT 00000001 GOOG 00000001)
May 29 22:59:18.782578 localhost kernel: ACPI: APIC 0x00000000BFFFF4B0 00006E (v01 Google GOOGAPIC 00000001 GOOG 00000001)
May 29 22:59:18.782587 localhost kernel: ACPI: WAET 0x00000000BFFFF480 000028 (v01 Google GOOGWAET 00000001 GOOG 00000001)
May 29 22:59:18.782596 localhost kernel: ACPI: SRAT 0x00000000BFFFF3C0 0000B8 (v01 Google GOOGSRAT 00000001 GOOG 00000001)
May 29 22:59:18.782605 localhost kernel: ACPI: Local APIC address 0xfee00000
May 29 22:59:18.782614 localhost kernel: SRAT: PXM 0 -> APIC 0x00 -> Node 0
May 29 22:59:18.782623 localhost kernel: ACPI: SRAT: Node 0 PXM 0 [mem 0x00000000-0x0009ffff]
May 29 22:59:18.782634 localhost kernel: ACPI: SRAT: Node 0 PXM 0 [mem 0x00100000-0xbfffffff]
May 29 22:59:18.782643 localhost kernel: ACPI: SRAT: Node 0 PXM 0 [mem 0x100000000-0x12fffffff]
May 29 22:59:18.782651 localhost kernel: NUMA: Node 0 [mem 0x00000000-0x0009ffff] + [mem 0x00100000-0xbfffffff] -> [mem 0x00000000-0xbfffffff]
May 29 22:59:18.782661 localhost kernel: NUMA: Node 0 [mem 0x00000000-0xbfffffff] + [mem 0x100000000-0x12fffffff] -> [mem 0x00000000-0x12fffffff]
May 29 22:59:18.782790 localhost kernel: NODE_DATA(0) allocated [mem 0x12fffa000-0x12fffdfff]
May 29 22:59:18.782799 localhost kernel: Zone ranges:
May 29 22:59:18.782808 localhost kernel:   DMA      [mem 0x0000000000001000-0x0000000000ffffff]
May 29 22:59:18.782823 localhost kernel:   DMA32    [mem 0x0000000001000000-0x00000000ffffffff]
May 29 22:59:18.782832 localhost kernel:   Normal   [mem 0x0000000100000000-0x000000012fffffff]
May 29 22:59:18.782842 localhost kernel: Movable zone start for each node
May 29 22:59:18.782851 localhost kernel: Early memory node ranges
May 29 22:59:18.782860 localhost kernel:   node   0: [mem 0x0000000000001000-0x000000000009efff]
May 29 22:59:18.783893 localhost kernel:   node   0: [mem 0x0000000000100000-0x00000000bfffcfff]
May 29 22:59:18.783934 localhost kernel:   node   0: [mem 0x0000000100000000-0x000000012fffffff]
May 29 22:59:18.783944 localhost kernel: Initmem setup node 0 [mem 0x0000000000001000-0x000000012fffffff]
May 29 22:59:18.783954 localhost kernel: On node 0 totalpages: 982939
May 29 22:59:18.783963 localhost kernel:   DMA zone: 64 pages used for memmap
May 29 22:59:18.783973 localhost kernel:   DMA zone: 21 pages reserved
May 29 22:59:18.784062 localhost kernel:   DMA zone: 3998 pages, LIFO batch:0
May 29 22:59:18.784072 localhost kernel:   DMA32 zone: 12224 pages used for memmap
May 29 22:59:18.784081 localhost kernel:   DMA32 zone: 782333 pages, LIFO batch:31
May 29 22:59:18.784090 localhost kernel:   Normal zone: 3072 pages used for memmap
May 29 22:59:18.784098 localhost kernel:   Normal zone: 196608 pages, LIFO batch:31
May 29 22:59:18.784108 localhost kernel: ACPI: Local APIC address 0xfee00000
May 29 22:59:18.784116 localhost kernel: ACPI: LAPIC_NMI (acpi_id[0xff] dfl dfl lint[0x1])
May 29 22:59:18.784131 localhost kernel: IOAPIC[0]: apic_id 0, version 17, address 0xfec00000, GSI 0-23
May 29 22:59:18.784140 localhost kernel: ACPI: INT_SRC_OVR (bus 0 bus_irq 5 global_irq 5 high level)
May 29 22:59:18.784149 localhost kernel: ACPI: INT_SRC_OVR (bus 0 bus_irq 9 global_irq 9 high level)
May 29 22:59:18.784158 localhost kernel: ACPI: INT_SRC_OVR (bus 0 bus_irq 10 global_irq 10 high level)
May 29 22:59:18.784167 localhost kernel: ACPI: INT_SRC_OVR (bus 0 bus_irq 11 global_irq 11 high level)
May 29 22:59:18.784176 localhost kernel: ACPI: IRQ5 used by override.
May 29 22:59:18.784185 localhost kernel: ACPI: IRQ9 used by override.
May 29 22:59:18.784199 localhost kernel: ACPI: IRQ10 used by override.
May 29 22:59:18.784213 localhost kernel: ACPI: IRQ11 used by override.
May 29 22:59:18.784226 localhost kernel: Using ACPI (MADT) for SMP configuration information
May 29 22:59:18.784235 localhost kernel: smpboot: Allowing 1 CPUs, 0 hotplug CPUs
May 29 22:59:18.784244 localhost kernel: e820: [mem 0xc0000000-0xfffbbfff] available for PCI devices
May 29 22:59:18.784255 localhost kernel: Booting paravirtualized kernel on KVM
May 29 22:59:18.784264 localhost kernel: clocksource: refined-jiffies: mask: 0xffffffff max_cycles: 0xffffffff, max_idle_ns: 1910969940391419 ns
May 29 22:59:18.784273 localhost kernel: random: get_random_bytes called from start_kernel+0x8c/0x487 with crng_init=0
May 29 22:59:18.784283 localhost kernel: setup_percpu: NR_CPUS:256 nr_cpumask_bits:256 nr_cpu_ids:1 nr_node_ids:1
May 29 22:59:18.784293 localhost kernel: percpu: Embedded 44 pages/cpu @ffff90aaafc00000 s140136 r8192 d31896 u2097152
May 29 22:59:18.784301 localhost kernel: pcpu-alloc: s140136 r8192 d31896 u2097152 alloc=1*2097152
May 29 22:59:18.784310 localhost kernel: pcpu-alloc: [0] 0 
May 29 22:59:18.784319 localhost kernel: Built 1 zonelists, mobility grouping on.  Total pages: 967558
May 29 22:59:18.784342 localhost kernel: Policy zone: Normal
May 29 22:59:18.784357 localhost kernel: Kernel command line: BOOT_IMAGE=/syslinux/vmlinuz.A init=/usr/lib/systemd/systemd boot=local rootwait ro noresume noswap loglevel=7 noinitrd console=ttyS0 vsyscall=emulate security=apparmor virtio_net.napi_tx=1 systemd.unified_cgroup_hierarchy=false systemd.legacy_systemd_cgroup_controller=true csm.disabled=1 dm_verity.error_behavior=3 dm_verity.max_bios=-1 dm_verity.dev_wait=1 i915.modeset=1 cros_efi root=/dev/dm-0 "dm=1 vroot none ro 1,0 2539520 verity payload=PARTUUID=8BD177DC-EA86-1A42-B8A1-0D8B83573F5C hashtree=PARTUUID=8BD177DC-EA86-1A42-B8A1-0D8B83573F5C hashstart=2539520 alg=sha1 root_hexdigest=30ae72b75923daafb5d95b649d639f6220dfcbec salt=a1e12a9d10ec838443fdb6809b92b22832cb4850081f329b3986b707dac5fa54"
May 29 22:59:18.784372 localhost kernel: device-mapper: init: will configure 1 devices
May 29 22:59:18.784384 localhost kernel: PID hash table entries: 4096 (order: 3, 32768 bytes)
May 29 22:59:18.784393 localhost kernel: Memory: 3782080K/3931756K available (10252K kernel code, 1149K rwdata, 2056K rodata, 1360K init, 540K bss, 149676K reserved, 0K cma-reserved)
May 29 22:59:18.784402 localhost kernel: SLUB: HWalign=64, Order=0-3, MinObjects=0, CPUs=1, Nodes=1
May 29 22:59:18.784420 localhost kernel: Kernel/User page tables isolation: enabled
May 29 22:59:18.784431 localhost kernel: ftrace: allocating 26807 entries in 105 pages
May 29 22:59:18.784440 localhost kernel: Hierarchical RCU implementation.
May 29 22:59:18.784452 localhost kernel:         RCU restricting CPUs from NR_CPUS=256 to nr_cpu_ids=1.
May 29 22:59:18.784461 localhost kernel: RCU: Adjusting geometry for rcu_fanout_leaf=16, nr_cpu_ids=1
May 29 22:59:18.784470 localhost kernel: NR_IRQS: 16640, nr_irqs: 256, preallocated irqs: 16
May 29 22:59:18.784479 localhost kernel: console [ttyS0] enabled
May 29 22:59:18.784488 localhost kernel: clocksource: tsc-early: mask: 0xffffffffffffffff max_cycles: 0x212735223b2, max_idle_ns: 440795277976 ns
May 29 22:59:18.784498 localhost kernel: Calibrating delay loop (skipped) preset value.. 4600.00 BogoMIPS (lpj=2300000)
May 29 22:59:18.784507 localhost kernel: pid_max: default: 32768 minimum: 301
May 29 22:59:18.784519 localhost kernel: ACPI: Core revision 20170728
May 29 22:59:18.784530 localhost kernel: ACPI: 2 ACPI AML tables successfully acquired and loaded
May 29 22:59:18.784539 localhost kernel: Security Framework initialized
May 29 22:59:18.784549 localhost kernel: Yama: becoming mindful.
May 29 22:59:18.784558 localhost kernel: LoadPin: ready to pin (currently enabled)
May 29 22:59:18.784567 localhost kernel: Chromium OS LSM: enabled
May 29 22:59:18.784578 localhost kernel: AppArmor: AppArmor initialized
May 29 22:59:18.784588 localhost kernel: Dentry cache hash table entries: 524288 (order: 10, 4194304 bytes)
May 29 22:59:18.784597 localhost kernel: Inode-cache hash table entries: 262144 (order: 9, 2097152 bytes)
May 29 22:59:18.784606 localhost kernel: Mount-cache hash table entries: 8192 (order: 4, 65536 bytes)
May 29 22:59:18.784618 localhost kernel: Mountpoint-cache hash table entries: 8192 (order: 4, 65536 bytes)
May 29 22:59:18.784627 localhost kernel: Last level iTLB entries: 4KB 1024, 2MB 1024, 4MB 1024
May 29 22:59:18.784637 localhost kernel: Last level dTLB entries: 4KB 1024, 2MB 1024, 4MB 1024, 1GB 4
May 29 22:59:18.784646 localhost kernel: Spectre V2 : Mitigation: Full generic retpoline
May 29 22:59:18.784656 localhost kernel: Spectre V2 : Spectre v2 / SpectreRSB mitigation: Filling RSB on context switch
May 29 22:59:18.784665 localhost kernel: Spectre V2 : Enabling Restricted Speculation for firmware calls
May 29 22:59:18.784689 localhost kernel: Spectre V2 : mitigation: Enabling conditional Indirect Branch Prediction Barrier
May 29 22:59:18.784703 localhost kernel: Speculative Store Bypass: Mitigation: Speculative Store Bypass disabled via prctl and seccomp
May 29 22:59:18.784712 localhost kernel: Freeing SMP alternatives memory: 28K
May 29 22:59:18.784722 localhost kernel: smpboot: Max logical packages: 1
May 29 22:59:18.784734 localhost kernel: x2apic enabled
May 29 22:59:18.784744 localhost kernel: Switched APIC routing to physical x2apic.
May 29 22:59:18.784753 localhost kernel: ..TIMER: vector=0x30 apic1=0 pin1=0 apic2=-1 pin2=-1
May 29 22:59:18.784763 localhost kernel: smpboot: CPU0: Intel(R) Xeon(R) CPU @ 2.30GHz (family: 0x6, model: 0x3f, stepping: 0x0)
May 29 22:59:18.784774 localhost kernel: Performance Events: unsupported p6 CPU model 63 no PMU driver, software events only.
May 29 22:59:18.784783 localhost kernel: Hierarchical SRCU implementation.
May 29 22:59:18.784793 localhost kernel: random: crng done (trusting CPU's manufacturer)
May 29 22:59:18.784802 localhost kernel: NMI watchdog: Perf event create on CPU 0 failed with -2
May 29 22:59:18.784813 localhost kernel: NMI watchdog: Perf NMI watchdog permanently disabled
May 29 22:59:18.784825 localhost kernel: smp: Bringing up secondary CPUs ...
May 29 22:59:18.784835 localhost kernel: smp: Brought up 1 node, 1 CPU
May 29 22:59:18.784844 localhost kernel: smpboot: Total of 1 processors activated (4600.00 BogoMIPS)
May 29 22:59:18.784854 localhost kernel: devtmpfs: initialized
May 29 22:59:18.784863 localhost kernel: clocksource: jiffies: mask: 0xffffffff max_cycles: 0xffffffff, max_idle_ns: 1911260446275000 ns
May 29 22:59:18.784875 localhost kernel: futex hash table entries: 256 (order: 2, 16384 bytes)
May 29 22:59:18.784885 localhost kernel: RTC time: 22:59:17, date: 05/29/19
May 29 22:59:18.784894 localhost kernel: NET: Registered protocol family 16
May 29 22:59:18.784903 localhost kernel: cpuidle: using governor ladder
May 29 22:59:18.784913 localhost kernel: cpuidle: using governor menu
May 29 22:59:18.784922 localhost kernel: clocksource: Switched to clocksource kvm-clock
May 29 22:59:18.784932 localhost kernel: ACPI: bus type PCI registered
May 29 22:59:18.784945 localhost kernel: PCI: Using configuration type 1 for base access
May 29 22:59:18.784955 localhost kernel: HugeTLB registered 2.00 MiB page size, pre-allocated 0 pages
May 29 22:59:18.784965 localhost kernel: ACPI: Added _OSI(Module Device)
May 29 22:59:18.785040 localhost kernel: ACPI: Added _OSI(Processor Device)
May 29 22:59:18.785051 localhost kernel: ACPI: Added _OSI(3.0 _SCP Extensions)
May 29 22:59:18.785061 localhost kernel: ACPI: Added _OSI(Processor Aggregator Device)
May 29 22:59:18.785070 localhost kernel: ACPI: Executed 2 blocks of module-level executable AML code
May 29 22:59:18.785079 localhost kernel: ACPI: Interpreter enabled
May 29 22:59:18.785089 localhost kernel: ACPI: (supports S0 S3 S5)
May 29 22:59:18.785098 localhost kernel: ACPI: Using IOAPIC for interrupt routing
May 29 22:59:18.785108 localhost kernel: PCI: Using host bridge windows from ACPI; if necessary, use "pci=nocrs" and report a bug
May 29 22:59:18.785117 localhost kernel: ACPI: Enabled 16 GPEs in block 00 to 0F
May 29 22:59:18.785129 localhost kernel: ACPI: PCI Root Bridge [PCI0] (domain 0000 [bus 00-ff])
May 29 22:59:18.785250 localhost kernel: acpi PNP0A03:00: _OSC: OS supports [ASPM ClockPM Segments MSI]
May 29 22:59:18.785310 localhost kernel: acpi PNP0A03:00: _OSC failed (AE_NOT_FOUND); disabling ASPM
May 29 22:59:18.785373 localhost kernel: acpi PNP0A03:00: fail to add MMCONFIG information, can't access extended PCI configuration space under this bridge.
May 29 22:59:18.785385 localhost kernel: PCI host bridge to bus 0000:00
May 29 22:59:18.785450 localhost kernel: pci_bus 0000:00: root bus resource [io  0x0000-0x0cf7 window]
May 29 22:59:18.785506 localhost kernel: pci_bus 0000:00: root bus resource [io  0x0d00-0xffff window]
May 29 22:59:18.785556 localhost kernel: pci_bus 0000:00: root bus resource [mem 0x000a0000-0x000bffff window]
May 29 22:59:18.785603 localhost kernel: pci_bus 0000:00: root bus resource [mem 0xc0000000-0xfebfffff window]
May 29 22:59:18.785650 localhost kernel: pci_bus 0000:00: root bus resource [bus 00-ff]
May 29 22:59:18.785724 localhost kernel: pci 0000:00:00.0: [8086:1237] type 00 class 0x060000
May 29 22:59:18.785789 localhost kernel: pci 0000:00:01.0: [8086:7110] type 00 class 0x060100
May 29 22:59:18.785852 localhost kernel: pci 0000:00:01.3: [8086:7113] type 00 class 0x068000
May 29 22:59:18.785907 localhost kernel: pci 0000:00:01.3: quirk: [io  0xb000-0xb03f] claimed by PIIX4 ACPI
May 29 22:59:18.785973 localhost kernel: pci 0000:00:03.0: [1af4:1004] type 00 class 0x000000
May 29 22:59:18.796866 localhost kernel: pci 0000:00:03.0: reg 0x10: [io  0xc000-0xc03f]
May 29 22:59:18.796934 localhost kernel: pci 0000:00:03.0: reg 0x14: [mem 0xfebfe000-0xfebfe07f]
May 29 22:59:18.797025 localhost kernel: pci 0000:00:04.0: [1af4:1000] type 00 class 0x020000
May 29 22:59:18.797084 localhost kernel: pci 0000:00:04.0: reg 0x10: [io  0xc040-0xc07f]
May 29 22:59:18.797147 localhost kernel: pci 0000:00:04.0: reg 0x14: [mem 0xfebff000-0xfebff03f]
May 29 22:59:18.797159 localhost kernel: ACPI: PCI Interrupt Link [LNKA] (IRQs 5 *10 11)
May 29 22:59:18.797171 localhost kernel: ACPI: PCI Interrupt Link [LNKB] (IRQs 5 *10 11)
May 29 22:59:18.797182 localhost kernel: ACPI: PCI Interrupt Link [LNKC] (IRQs 5 10 *11)
May 29 22:59:18.797195 localhost kernel: ACPI: PCI Interrupt Link [LNKD] (IRQs 5 10 *11)
May 29 22:59:18.797205 localhost kernel: ACPI: PCI Interrupt Link [LNKS] (IRQs *9)
May 29 22:59:18.797217 localhost kernel: SCSI subsystem initialized
May 29 22:59:18.797228 localhost kernel: libata version 3.00 loaded.
May 29 22:59:18.797237 localhost kernel: PCI: Using ACPI for IRQ routing
May 29 22:59:18.797250 localhost kernel: PCI: pci_cache_line_size set to 64 bytes
May 29 22:59:18.797262 localhost kernel: e820: reserve RAM buffer [mem 0x0009fc00-0x0009ffff]
May 29 22:59:18.797273 localhost kernel: e820: reserve RAM buffer [mem 0xbfffd000-0xbfffffff]
May 29 22:59:18.797283 localhost kernel: VFS: Disk quotas dquot_6.6.0
May 29 22:59:18.797293 localhost kernel: VFS: Dquot-cache hash table entries: 512 (order 0, 4096 bytes)
May 29 22:59:18.798101 localhost kernel: AppArmor: AppArmor Filesystem Enabled
May 29 22:59:18.798122 localhost kernel: pnp: PnP ACPI init
May 29 22:59:18.798193 localhost kernel: pnp 00:00: Plug and Play ACPI device, IDs PNP0b00 (active)
May 29 22:59:18.798263 localhost kernel: pnp 00:01: Plug and Play ACPI device, IDs PNP0303 (active)
May 29 22:59:18.798316 localhost kernel: pnp 00:02: Plug and Play ACPI device, IDs PNP0f13 (active)
May 29 22:59:18.798382 localhost kernel: pnp 00:03: Plug and Play ACPI device, IDs PNP0501 (active)
May 29 22:59:18.802039 localhost kernel: pnp 00:04: Plug and Play ACPI device, IDs PNP0501 (active)
May 29 22:59:18.802285 localhost kernel: pnp 00:05: Plug and Play ACPI device, IDs PNP0501 (active)
May 29 22:59:18.802360 localhost kernel: pnp 00:06: Plug and Play ACPI device, IDs PNP0501 (active)
May 29 22:59:18.802379 localhost kernel: pnp: PnP ACPI: found 7 devices
May 29 22:59:18.802435 localhost kernel: pci_bus 0000:00: resource 4 [io  0x0000-0x0cf7 window]
May 29 22:59:18.802485 localhost kernel: pci_bus 0000:00: resource 5 [io  0x0d00-0xffff window]
May 29 22:59:18.802531 localhost kernel: pci_bus 0000:00: resource 6 [mem 0x000a0000-0x000bffff window]
May 29 22:59:18.802575 localhost kernel: pci_bus 0000:00: resource 7 [mem 0xc0000000-0xfebfffff window]
May 29 22:59:18.802586 localhost kernel: NET: Registered protocol family 2
May 29 22:59:18.802596 localhost kernel: TCP established hash table entries: 32768 (order: 6, 262144 bytes)
May 29 22:59:18.802606 localhost kernel: TCP bind hash table entries: 32768 (order: 8, 1048576 bytes)
May 29 22:59:18.802618 localhost kernel: TCP: Hash tables configured (established 32768 bind 32768)
May 29 22:59:18.802628 localhost kernel: UDP hash table entries: 2048 (order: 5, 196608 bytes)
May 29 22:59:18.803103 localhost kernel: UDP-Lite hash table entries: 2048 (order: 5, 196608 bytes)
May 29 22:59:18.803120 localhost kernel: NET: Registered protocol family 1
May 29 22:59:18.803198 localhost kernel: pci 0000:00:00.0: Limiting direct PCI/PCI transfers
May 29 22:59:18.803211 localhost kernel: PCI: CLS 0 bytes, default 64
May 29 22:59:18.803222 localhost kernel: PCI-DMA: Using software bounce buffering for IO (SWIOTLB)
May 29 22:59:18.803232 localhost kernel: software IO TLB: mapped [mem 0xbbffd000-0xbfffd000] (64MB)
May 29 22:59:18.803243 localhost kernel: RAPL PMU: API unit is 2^-32 Joules, 4 fixed counters, 10737418240 ms ovfl timer
May 29 22:59:18.803259 localhost kernel: RAPL PMU: hw unit of domain pp0-core 2^-0 Joules
May 29 22:59:18.803269 localhost kernel: RAPL PMU: hw unit of domain package 2^-0 Joules
May 29 22:59:18.803279 localhost kernel: RAPL PMU: hw unit of domain dram 2^-0 Joules
May 29 22:59:18.803288 localhost kernel: RAPL PMU: hw unit of domain pp1-gpu 2^-0 Joules
May 29 22:59:18.803298 localhost kernel: clocksource: tsc: mask: 0xffffffffffffffff max_cycles: 0x212735223b2, max_idle_ns: 440795277976 ns
May 29 22:59:18.803308 localhost kernel: Scanning for low memory corruption every 60 seconds
May 29 22:59:18.803318 localhost kernel: audit: initializing netlink subsys (disabled)
May 29 22:59:18.803343 localhost kernel: Initialise system trusted keyrings
May 29 22:59:18.803354 localhost kernel: audit: type=2000 audit(1559170757.607:1): state=initialized audit_enabled=0 res=1
May 29 22:59:18.803363 localhost kernel: workingset: timestamp_bits=40 max_order=20 bucket_order=0
May 29 22:59:18.804045 localhost kernel: Key type asymmetric registered
May 29 22:59:18.804059 localhost kernel: Asymmetric key parser 'x509' registered
May 29 22:59:18.804069 localhost kernel: Block layer SCSI generic (bsg) driver version 0.4 loaded (major 250)
May 29 22:59:18.804079 localhost kernel: io scheduler noop registered (default)
May 29 22:59:18.804089 localhost kernel: io scheduler deadline registered
May 29 22:59:18.804099 localhost kernel: io scheduler cfq registered
May 29 22:59:18.804108 localhost kernel: io scheduler mq-deadline registered
May 29 22:59:18.804119 localhost kernel: intel_idle: Please enable MWAIT in BIOS SETUP
May 29 22:59:18.804129 localhost kernel: input: Power Button as /devices/LNXSYSTM:00/LNXPWRBN:00/input/input0
May 29 22:59:18.804532 localhost kernel: ACPI: Power Button [PWRF]
May 29 22:59:18.804547 localhost kernel: input: Sleep Button as /devices/LNXSYSTM:00/LNXSLPBN:00/input/input1
May 29 22:59:18.804557 localhost kernel: ACPI: Sleep Button [SLPF]
May 29 22:59:18.804567 localhost kernel: ACPI: PCI Interrupt Link [LNKC] enabled at IRQ 11
May 29 22:59:18.804650 localhost kernel: virtio-pci 0000:00:03.0: virtio_pci: leaving for legacy driver
May 29 22:59:18.804664 localhost kernel: ACPI: PCI Interrupt Link [LNKD] enabled at IRQ 10
May 29 22:59:18.804723 localhost kernel: virtio-pci 0000:00:04.0: virtio_pci: leaving for legacy driver
May 29 22:59:18.804735 localhost kernel: Serial: 8250/16550 driver, 4 ports, IRQ sharing disabled
May 29 22:59:18.804745 localhost kernel: 00:03: ttyS0 at I/O 0x3f8 (irq = 4, base_baud = 115200) is a 16550A
May 29 22:59:18.804767 localhost kernel: 00:04: ttyS1 at I/O 0x2f8 (irq = 3, base_baud = 115200) is a 16550A
May 29 22:59:18.804777 localhost kernel: 00:05: ttyS2 at I/O 0x3e8 (irq = 6, base_baud = 115200) is a 16550A
May 29 22:59:18.804787 localhost kernel: 00:06: ttyS3 at I/O 0x2e8 (irq = 7, base_baud = 115200) is a 16550A
May 29 22:59:18.804796 localhost kernel: Non-volatile memory driver v1.3
May 29 22:59:18.804806 localhost kernel: loop: module loaded
May 29 22:59:18.804866 localhost kernel: scsi host0: Virtio SCSI HBA
May 29 22:59:18.804936 localhost kernel: scsi 0:0:1:0: Direct-Access     Google   PersistentDisk   1    PQ: 0 ANSI: 6
May 29 22:59:18.809867 localhost kernel: scsi 0:0:2:0: Direct-Access     Google   PersistentDisk   1    PQ: 0 ANSI: 6
May 29 22:59:18.809909 localhost kernel: i8042: PNP: PS/2 Controller [PNP0303:KBD,PNP0f13:MOU] at 0x60,0x64 irq 1,12
May 29 22:59:18.809922 localhost kernel: i8042: Warning: Keylock active
May 29 22:59:18.809932 localhost kernel: serio: i8042 KBD port at 0x60,0x64 irq 1
May 29 22:59:18.809942 localhost kernel: serio: i8042 AUX port at 0x60,0x64 irq 12
May 29 22:59:18.810562 localhost kernel: rtc_cmos 00:00: RTC can wake from S4
May 29 22:59:18.810627 localhost kernel: rtc_cmos 00:00: registered as rtc0
May 29 22:59:18.810674 localhost kernel: rtc_cmos 00:00: alarms up to one day, 114 bytes nvram
May 29 22:59:18.810687 localhost kernel: iTCO_wdt: Intel TCO WatchDog Timer Driver v1.11
May 29 22:59:18.810702 localhost kernel: iTCO_vendor_support: vendor-support=0
May 29 22:59:18.810712 localhost kernel: device-mapper: ioctl: 4.37.0-ioctl (2017-09-20) initialised: dm-devel@redhat.com
May 29 22:59:18.810792 localhost kernel: sd 0:0:1:0: [sda] 41943040 512-byte logical blocks: (21.5 GB/20.0 GiB)
May 29 22:59:18.810857 localhost kernel: sd 0:0:1:0: [sda] 4096-byte physical blocks
May 29 22:59:18.810919 localhost kernel: sd 0:0:2:0: [sdb] 41943040 512-byte logical blocks: (21.5 GB/20.0 GiB)
May 29 22:59:18.811698 localhost kernel: sd 0:0:2:0: [sdb] 4096-byte physical blocks
May 29 22:59:18.811799 localhost kernel: sd 0:0:1:0: [sda] Write Protect is off
May 29 22:59:18.811862 localhost kernel: sd 0:0:1:0: [sda] Mode Sense: 1f 00 00 08
May 29 22:59:18.811929 localhost kernel: sd 0:0:2:0: [sdb] Write Protect is off
May 29 22:59:18.813776 localhost kernel: sd 0:0:2:0: [sdb] Mode Sense: 1f 00 00 08
May 29 22:59:18.813801 localhost kernel: device-mapper: verity-chromeos: dm-verity-chromeos registered
May 29 22:59:18.813813 localhost kernel: Mirror/redirect action on
May 29 22:59:18.813823 localhost kernel: Netfilter messages via NETLINK v0.30.
May 29 22:59:18.813833 localhost kernel: nf_conntrack version 0.5.0 (16384 buckets, 65536 max)
May 29 22:59:18.813843 localhost kernel: ctnetlink v0.93: registering with nfnetlink.
May 29 22:59:18.813854 localhost kernel: ip_tables: (C) 2000-2006 Netfilter Core Team
May 29 22:59:18.813863 localhost kernel: Initializing XFRM netlink socket
May 29 22:59:18.813878 localhost kernel: NET: Registered protocol family 10
May 29 22:59:18.813888 localhost kernel: Segment Routing with IPv6
May 29 22:59:18.813897 localhost kernel: NET: Registered protocol family 17
May 29 22:59:18.813908 localhost kernel: bridge: filtering via arp/ip/ip6tables is no longer available by default. Update your scripts to load br_netfilter if you need this.
May 29 22:59:18.813918 localhost kernel: sched_clock: Marking stable (659163001, 0)->(1090032324, -430869323)
May 29 22:59:18.814043 localhost kernel: sd 0:0:1:0: [sda] Write cache: enabled, read cache: enabled, doesn't support DPO or FUA
May 29 22:59:18.814109 localhost kernel: sd 0:0:2:0: [sdb] Write cache: enabled, read cache: enabled, doesn't support DPO or FUA
May 29 22:59:18.814120 localhost kernel: registered taskstats version 1
May 29 22:59:18.814134 localhost kernel: Loading compiled-in X.509 certificates
May 29 22:59:18.814144 localhost kernel: Loaded X.509 cert 'Google LLC: Container-Optimized OS kernel signing key: 4841dbba8a8d0303ae6d20db806d454ca37d269f'
May 29 22:59:18.814153 localhost kernel: Loaded X.509 cert 'Google: Container-Optimized OS: 2efea493fc148b35859d0bc8c3dd71a139fc7ab411283e06f6c10b5a6b17e355'
May 29 22:59:18.814163 localhost kernel: AppArmor: AppArmor sha1 policy hashing enabled
May 29 22:59:18.814178 localhost kernel: ima: No TPM chip found, activating TPM-bypass! (rc=-19)
May 29 22:59:18.814188 localhost kernel: ima: Allocated hash algorithm: sha256
May 29 22:59:18.814197 localhost kernel:   Magic number: 3:950:1008
May 29 22:59:18.814258 localhost kernel: sd 0:0:2:0: [sdb] Attached SCSI disk
May 29 22:59:18.814271 localhost kernel: GPT:Primary header thinks Alt. header is not at the end of the disk.
May 29 22:59:18.814284 localhost kernel: GPT:18874524 != 41943039
May 29 22:59:18.814294 localhost kernel: GPT:Alternate GPT header not at the end of the disk.
May 29 22:59:18.814414 localhost kernel: GPT:18874524 != 41943039
May 29 22:59:18.814425 localhost kernel: GPT: Use GNU Parted to correct GPT errors.
May 29 22:59:18.814434 localhost kernel:  sda: sda1 sda2 sda3 sda4 sda5 sda6 sda7 sda8 sda9 sda10 sda11 sda12
May 29 22:59:18.814501 localhost kernel: sd 0:0:1:0: [sda] Attached SCSI disk
May 29 22:59:18.814513 localhost kernel: device-mapper: init: attempting early device configuration.
May 29 22:59:18.814523 localhost kernel: device-mapper: init: adding target '0 2539520 verity payload=PARTUUID=8BD177DC-EA86-1A42-B8A1-0D8B83573F5C hashtree=PARTUUID=8BD177DC-EA86-1A42-B8A1-0D8B83573F5C hashstart=2539520 alg=sha1 root_hexdigest=30ae72b75923daafb5d95b649d639f6220dfcbec salt=a1e12a9d10ec838443fdb6809b92b22832cb4850081f329b3986b707dac5fa54'
May 29 22:59:18.814537 localhost kernel: device-mapper: verity: Argument 0: 'payload=PARTUUID=8BD177DC-EA86-1A42-B8A1-0D8B83573F5C'
May 29 22:59:18.814547 localhost kernel: device-mapper: verity: Argument 1: 'hashtree=PARTUUID=8BD177DC-EA86-1A42-B8A1-0D8B83573F5C'
May 29 22:59:18.814556 localhost kernel: device-mapper: verity: Argument 2: 'hashstart=2539520'
May 29 22:59:18.814566 localhost kernel: device-mapper: verity: Argument 3: 'alg=sha1'
May 29 22:59:18.814575 localhost kernel: device-mapper: verity: Argument 4: 'root_hexdigest=30ae72b75923daafb5d95b649d639f6220dfcbec'
May 29 22:59:18.814585 localhost kernel: device-mapper: verity: Argument 5: 'salt=a1e12a9d10ec838443fdb6809b92b22832cb4850081f329b3986b707dac5fa54'
May 29 22:59:18.814594 localhost kernel: device-mapper: init: dm-0 is ready
May 29 22:59:18.814604 localhost kernel: EXT4-fs (dm-0): mounting ext2 file system using the ext4 subsystem
May 29 22:59:18.814613 localhost kernel: EXT4-fs (dm-0): mounted filesystem without journal. Opts: (null)
May 29 22:59:18.814626 localhost kernel: VFS: Mounted root (ext2 filesystem) readonly on device 254:0.
May 29 22:59:18.814637 localhost kernel: devtmpfs: mounted
May 29 22:59:18.814647 localhost kernel: Freeing unused kernel memory: 1360K
May 29 22:59:18.814658 localhost kernel: Write protecting the kernel read-only data: 16384k
May 29 22:59:18.814668 localhost kernel: Freeing unused kernel memory: 2012K
May 29 22:59:18.814678 localhost kernel: Freeing unused kernel memory: 2040K
May 29 22:59:18.814693 localhost systemd[1]: systemd 232 running in system mode. (+PAM +AUDIT -SELINUX +IMA +APPARMOR +SMACK -SYSVINIT -UTMP -LIBCRYPTSETUP +GCRYPT -GNUTLS -ACL -XZ +LZ4 +SECCOMP +BLKID -ELFUTILS +KMOD -IDN)
May 29 22:59:18.814707 localhost systemd[1]: Detected virtualization kvm.
May 29 22:59:18.814721 localhost systemd[1]: Detected architecture x86-64.
May 29 22:59:18.814732 localhost systemd[1]: Initializing machine ID from KVM UUID.
May 29 22:59:18.814742 localhost systemd[1]: Installed transient /etc/machine-id file.
May 29 22:59:18.814761 localhost systemd[1]: Listening on Journal Audit Socket.
May 29 22:59:18.814773 localhost systemd[1]: Listening on Network Service Netlink Socket.
May 29 22:59:18.814783 localhost systemd[1]: Listening on Journal Socket.
May 29 22:59:18.814794 localhost systemd[1]: Listening on Journal Socket (/dev/log).
May 29 22:59:18.814804 localhost systemd[1]: Reached target Swap.
May 29 22:59:18.966529 localhost kernel: LoadPin: dev(254,0): read-only
May 29 22:59:18.966627 localhost kernel: LoadPin: load pinning engaged.
May 29 22:59:18.971682 localhost kernel: LoadPin: kernel-module pinned obj="/lib/modules/4.14.94+/kernel/arch/x86/crypto/glue_helper.ko" pid=120 cmdline="/usr/lib/systemd/systemd-udevd"
May 29 22:59:19.036561 localhost kernel: AVX2 version of gcm_enc/dec engaged.
May 29 22:59:19.036663 localhost kernel: AES CTR mode by8 optimization enabled
May 29 22:59:19.079109 localhost kernel: EXT4-fs (sda8): mounted filesystem with ordered data mode. Opts: (null)
May 29 22:59:19.244188 localhost kernel: EXT4-fs (sda1): mounted filesystem with ordered data mode. Opts: commit=30
May 29 22:59:19.345648 localhost kernel: EXT4-fs (sda1): re-mounted. Opts: commit=30,data=ordered
May 29 22:59:19.345731 localhost kernel: EXT4-fs (sda1): re-mounted. Opts: commit=30,data=ordered
May 29 22:59:19.345748 localhost kernel: EXT4-fs (sda1): re-mounted. Opts: commit=30,data=ordered
May 29 22:59:19.504032 localhost kernel: EXT4-fs (sda1): resizing filesystem from 1271296 to 4154875 blocks
May 29 22:59:20.281810 localhost kernel: EXT4-fs (sda1): resized filesystem to 4154875
May 29 22:59:20.434916 localhost kernel: ip6_tables: (C) 2000-2006 Netfilter Core Team
May 29 22:59:23.562010 e2e-test-peterhornyack-master kernel: Bridge firewalling registered
May 29 22:59:24.073264 e2e-test-peterhornyack-master kernel: IPv6: ADDRCONF(NETDEV_UP): docker0: link is not ready
May 29 22:59:32.203874 e2e-test-peterhornyack-master kernel: EXT4-fs (sda1): re-mounted. Opts: commit=30,data=ordered
May 29 23:00:57.516266 e2e-test-peterhornyack-master kernel: EXT4-fs (sda1): re-mounted. Opts: commit=30,data=ordered
May 29 23:00:58.254828 e2e-test-peterhornyack-master kernel: Unsafe core_pattern used with fs.suid_dumpable=2.
                                                             Pipe handler or fully qualified core dump path required.
                                                             Set kernel.core_pattern before fs.suid_dumpable.
May 29 23:01:00.315824 e2e-test-peterhornyack-master kernel: EXT4-fs (sdb): mounted filesystem with ordered data mode. Opts: discard
May 29 23:01:08.403582 e2e-test-peterhornyack-master kernel: EXT4-fs (sda1): re-mounted. Opts: commit=30,data=ordered
