-- Logs begin at Tue 2019-04-16 23:02:10 UTC, end at Wed 2019-04-17 00:28:46 UTC. --
Apr 16 23:02:10.322900 localhost kernel: Linux version 4.14.94+ (chrome-bot@swarm-cros-645) (gcc version 4.9.x 20150123 (prerelease) (4.9.2_cos_gg_4.9.2-r200-ac6128e0a17a52f011797f33ac3e7d6273a9368d_4.9.2-r200)) #1 SMP Thu Feb 28 00:14:21 PST 2019
Apr 16 23:02:10.322953 localhost kernel: Command line: BOOT_IMAGE=/syslinux/vmlinuz.A init=/usr/lib/systemd/systemd boot=local rootwait ro noresume noswap loglevel=7 noinitrd console=ttyS0 vsyscall=emulate security=apparmor virtio_net.napi_tx=1 systemd.unified_cgroup_hierarchy=false systemd.legacy_systemd_cgroup_controller=true csm.disabled=1 dm_verity.error_behavior=3 dm_verity.max_bios=-1 dm_verity.dev_wait=1 i915.modeset=1 cros_efi root=/dev/dm-0 "dm=1 vroot none ro 1,0 2539520 verity payload=PARTUUID=71913957-D6B1-8948-AFA7-574E312FC408 hashtree=PARTUUID=71913957-D6B1-8948-AFA7-574E312FC408 hashstart=2539520 alg=sha1 root_hexdigest=e582525d12c5f702e39eca88f648e851195d84f7 salt=331684cac74749b4944aedce8c7e5dd9abed70e63b61b9be00d8c9efd9d17444"
Apr 16 23:02:10.322977 localhost kernel: x86/fpu: Supporting XSAVE feature 0x001: 'x87 floating point registers'
Apr 16 23:02:10.322986 localhost kernel: x86/fpu: Supporting XSAVE feature 0x002: 'SSE registers'
Apr 16 23:02:10.322994 localhost kernel: x86/fpu: Supporting XSAVE feature 0x004: 'AVX registers'
Apr 16 23:02:10.323003 localhost kernel: x86/fpu: xstate_offset[2]:  576, xstate_sizes[2]:  256
Apr 16 23:02:10.323018 localhost kernel: x86/fpu: Enabled xstate features 0x7, context size is 832 bytes, using 'standard' format.
Apr 16 23:02:10.323028 localhost kernel: e820: BIOS-provided physical RAM map:
Apr 16 23:02:10.323039 localhost kernel: BIOS-e820: [mem 0x0000000000000000-0x000000000009fbff] usable
Apr 16 23:02:10.323047 localhost kernel: BIOS-e820: [mem 0x000000000009fc00-0x000000000009ffff] reserved
Apr 16 23:02:10.323056 localhost kernel: BIOS-e820: [mem 0x00000000000f0000-0x00000000000fffff] reserved
Apr 16 23:02:10.323064 localhost kernel: BIOS-e820: [mem 0x0000000000100000-0x00000000bfffcfff] usable
Apr 16 23:02:10.323072 localhost kernel: BIOS-e820: [mem 0x00000000bfffd000-0x00000000bfffffff] reserved
Apr 16 23:02:10.323089 localhost kernel: BIOS-e820: [mem 0x00000000fffbc000-0x00000000ffffffff] reserved
Apr 16 23:02:10.326915 localhost kernel: BIOS-e820: [mem 0x0000000100000000-0x000000012fffffff] usable
Apr 16 23:02:10.326945 localhost kernel: NX (Execute Disable) protection: active
Apr 16 23:02:10.326956 localhost kernel: SMBIOS 2.4 present.
Apr 16 23:02:10.326965 localhost kernel: DMI: Google Google Compute Engine/Google Compute Engine, BIOS Google 01/01/2011
Apr 16 23:02:10.326974 localhost kernel: Hypervisor detected: KVM
Apr 16 23:02:10.326982 localhost kernel: kvm-clock: Using msrs 4b564d01 and 4b564d00
Apr 16 23:02:10.326991 localhost kernel: kvm-clock: cpu 0, msr a34e6001, primary cpu clock
Apr 16 23:02:10.327000 localhost kernel: kvm-clock: using sched offset of 1017895901 cycles
Apr 16 23:02:10.327009 localhost kernel: clocksource: kvm-clock: mask: 0xffffffffffffffff max_cycles: 0x1cd42e4dffb, max_idle_ns: 881590591483 ns
Apr 16 23:02:10.327023 localhost kernel: tsc: Initial usec timer 930593
Apr 16 23:02:10.327039 localhost kernel: tsc: Detected 2300.000 MHz processor
Apr 16 23:02:10.327047 localhost kernel: e820: update [mem 0x00000000-0x00000fff] usable ==> reserved
Apr 16 23:02:10.327057 localhost kernel: e820: remove [mem 0x000a0000-0x000fffff] usable
Apr 16 23:02:10.327066 localhost kernel: e820: last_pfn = 0x130000 max_arch_pfn = 0x400000000
Apr 16 23:02:10.327080 localhost kernel: MTRR default type: write-back
Apr 16 23:02:10.328794 localhost kernel: MTRR fixed ranges enabled:
Apr 16 23:02:10.328814 localhost kernel:   00000-9FFFF write-back
Apr 16 23:02:10.328823 localhost kernel:   A0000-BFFFF uncachable
Apr 16 23:02:10.328832 localhost kernel:   C0000-FFFFF write-protect
Apr 16 23:02:10.328841 localhost kernel: MTRR variable ranges enabled:
Apr 16 23:02:10.328851 localhost kernel:   0 base 0000C0000000 mask 3FFFC0000000 uncachable
Apr 16 23:02:10.328860 localhost kernel:   1 disabled
Apr 16 23:02:10.328874 localhost kernel:   2 disabled
Apr 16 23:02:10.328883 localhost kernel:   3 disabled
Apr 16 23:02:10.328891 localhost kernel:   4 disabled
Apr 16 23:02:10.328902 localhost kernel:   5 disabled
Apr 16 23:02:10.328916 localhost kernel:   6 disabled
Apr 16 23:02:10.328925 localhost kernel:   7 disabled
Apr 16 23:02:10.328934 localhost kernel: x86/PAT: Configuration [0-7]: WB  WC  UC- UC  WB  WP  UC- WT  
Apr 16 23:02:10.328943 localhost kernel: e820: last_pfn = 0xbfffd max_arch_pfn = 0x400000000
Apr 16 23:02:10.328952 localhost kernel: found SMP MP-table at [mem 0x000f2c70-0x000f2c7f] mapped at [ffffffffff200c70]
Apr 16 23:02:10.328964 localhost kernel: Scanning 1 areas for low memory corruption
Apr 16 23:02:10.328973 localhost kernel: Base memory trampoline at [ffff99c6c0099000] 99000 size 24576
Apr 16 23:02:10.328982 localhost kernel: Using GB pages for direct mapping
Apr 16 23:02:10.328991 localhost kernel: BRK [0xa355a000, 0xa355afff] PGTABLE
Apr 16 23:02:10.329003 localhost kernel: BRK [0xa355b000, 0xa355bfff] PGTABLE
Apr 16 23:02:10.329012 localhost kernel: BRK [0xa355c000, 0xa355cfff] PGTABLE
Apr 16 23:02:10.329021 localhost kernel: BRK [0xa355d000, 0xa355dfff] PGTABLE
Apr 16 23:02:10.329030 localhost kernel: BRK [0xa355e000, 0xa355efff] PGTABLE
Apr 16 23:02:10.329039 localhost kernel: ACPI: Early table checksum verification disabled
Apr 16 23:02:10.329047 localhost kernel: ACPI: RSDP 0x00000000000F2A30 000014 (v00 Google)
Apr 16 23:02:10.329056 localhost kernel: ACPI: RSDT 0x00000000BFFFDAC0 000038 (v01 Google GOOGRSDT 00000001 GOOG 00000001)
Apr 16 23:02:10.329065 localhost kernel: ACPI: FACP 0x00000000BFFFFF00 0000F4 (v02 Google GOOGFACP 00000001 GOOG 00000001)
Apr 16 23:02:10.329076 localhost kernel: ACPI: DSDT 0x00000000BFFFDB00 0018BA (v01 Google GOOGDSDT 00000001 GOOG 00000001)
Apr 16 23:02:10.334211 localhost kernel: ACPI: FACS 0x00000000BFFFFEC0 000040
Apr 16 23:02:10.334249 localhost kernel: ACPI: FACS 0x00000000BFFFFEC0 000040
Apr 16 23:02:10.334260 localhost kernel: ACPI: SSDT 0x00000000BFFFF5A0 00091F (v01 Google GOOGSSDT 00000001 GOOG 00000001)
Apr 16 23:02:10.334270 localhost kernel: ACPI: APIC 0x00000000BFFFF4B0 00006E (v01 Google GOOGAPIC 00000001 GOOG 00000001)
Apr 16 23:02:10.334279 localhost kernel: ACPI: WAET 0x00000000BFFFF480 000028 (v01 Google GOOGWAET 00000001 GOOG 00000001)
Apr 16 23:02:10.334289 localhost kernel: ACPI: SRAT 0x00000000BFFFF3C0 0000B8 (v01 Google GOOGSRAT 00000001 GOOG 00000001)
Apr 16 23:02:10.334305 localhost kernel: ACPI: Local APIC address 0xfee00000
Apr 16 23:02:10.334315 localhost kernel: SRAT: PXM 0 -> APIC 0x00 -> Node 0
Apr 16 23:02:10.334325 localhost kernel: ACPI: SRAT: Node 0 PXM 0 [mem 0x00000000-0x0009ffff]
Apr 16 23:02:10.334341 localhost kernel: ACPI: SRAT: Node 0 PXM 0 [mem 0x00100000-0xbfffffff]
Apr 16 23:02:10.334350 localhost kernel: ACPI: SRAT: Node 0 PXM 0 [mem 0x100000000-0x12fffffff]
Apr 16 23:02:10.334379 localhost kernel: NUMA: Node 0 [mem 0x00000000-0x0009ffff] + [mem 0x00100000-0xbfffffff] -> [mem 0x00000000-0xbfffffff]
Apr 16 23:02:10.334389 localhost kernel: NUMA: Node 0 [mem 0x00000000-0xbfffffff] + [mem 0x100000000-0x12fffffff] -> [mem 0x00000000-0x12fffffff]
Apr 16 23:02:10.334398 localhost kernel: NODE_DATA(0) allocated [mem 0x12fffa000-0x12fffdfff]
Apr 16 23:02:10.334407 localhost kernel: Zone ranges:
Apr 16 23:02:10.334416 localhost kernel:   DMA      [mem 0x0000000000001000-0x0000000000ffffff]
Apr 16 23:02:10.334425 localhost kernel:   DMA32    [mem 0x0000000001000000-0x00000000ffffffff]
Apr 16 23:02:10.334439 localhost kernel:   Normal   [mem 0x0000000100000000-0x000000012fffffff]
Apr 16 23:02:10.334449 localhost kernel: Movable zone start for each node
Apr 16 23:02:10.334458 localhost kernel: Early memory node ranges
Apr 16 23:02:10.334467 localhost kernel:   node   0: [mem 0x0000000000001000-0x000000000009efff]
Apr 16 23:02:10.334479 localhost kernel:   node   0: [mem 0x0000000000100000-0x00000000bfffcfff]
Apr 16 23:02:10.334488 localhost kernel:   node   0: [mem 0x0000000100000000-0x000000012fffffff]
Apr 16 23:02:10.334497 localhost kernel: Initmem setup node 0 [mem 0x0000000000001000-0x000000012fffffff]
Apr 16 23:02:10.334506 localhost kernel: On node 0 totalpages: 982939
Apr 16 23:02:10.334515 localhost kernel:   DMA zone: 64 pages used for memmap
Apr 16 23:02:10.334524 localhost kernel:   DMA zone: 21 pages reserved
Apr 16 23:02:10.334533 localhost kernel:   DMA zone: 3998 pages, LIFO batch:0
Apr 16 23:02:10.334542 localhost kernel:   DMA32 zone: 12224 pages used for memmap
Apr 16 23:02:10.334551 localhost kernel:   DMA32 zone: 782333 pages, LIFO batch:31
Apr 16 23:02:10.334560 localhost kernel:   Normal zone: 3072 pages used for memmap
Apr 16 23:02:10.334569 localhost kernel:   Normal zone: 196608 pages, LIFO batch:31
Apr 16 23:02:10.334578 localhost kernel: ACPI: Local APIC address 0xfee00000
Apr 16 23:02:10.334587 localhost kernel: ACPI: LAPIC_NMI (acpi_id[0xff] dfl dfl lint[0x1])
Apr 16 23:02:10.334598 localhost kernel: IOAPIC[0]: apic_id 0, version 17, address 0xfec00000, GSI 0-23
Apr 16 23:02:10.334607 localhost kernel: ACPI: INT_SRC_OVR (bus 0 bus_irq 5 global_irq 5 high level)
Apr 16 23:02:10.334616 localhost kernel: ACPI: INT_SRC_OVR (bus 0 bus_irq 9 global_irq 9 high level)
Apr 16 23:02:10.334625 localhost kernel: ACPI: INT_SRC_OVR (bus 0 bus_irq 10 global_irq 10 high level)
Apr 16 23:02:10.334638 localhost kernel: ACPI: INT_SRC_OVR (bus 0 bus_irq 11 global_irq 11 high level)
Apr 16 23:02:10.334647 localhost kernel: ACPI: IRQ5 used by override.
Apr 16 23:02:10.334655 localhost kernel: ACPI: IRQ9 used by override.
Apr 16 23:02:10.334664 localhost kernel: ACPI: IRQ10 used by override.
Apr 16 23:02:10.334673 localhost kernel: ACPI: IRQ11 used by override.
Apr 16 23:02:10.334682 localhost kernel: Using ACPI (MADT) for SMP configuration information
Apr 16 23:02:10.334690 localhost kernel: smpboot: Allowing 1 CPUs, 0 hotplug CPUs
Apr 16 23:02:10.334699 localhost kernel: e820: [mem 0xc0000000-0xfffbbfff] available for PCI devices
Apr 16 23:02:10.334710 localhost kernel: Booting paravirtualized kernel on KVM
Apr 16 23:02:10.334721 localhost kernel: clocksource: refined-jiffies: mask: 0xffffffff max_cycles: 0xffffffff, max_idle_ns: 1910969940391419 ns
Apr 16 23:02:10.334730 localhost kernel: random: get_random_bytes called from start_kernel+0x8c/0x487 with crng_init=0
Apr 16 23:02:10.334739 localhost kernel: setup_percpu: NR_CPUS:256 nr_cpumask_bits:256 nr_cpu_ids:1 nr_node_ids:1
Apr 16 23:02:10.334749 localhost kernel: percpu: Embedded 44 pages/cpu @ffff99c7efc00000 s140136 r8192 d31896 u2097152
Apr 16 23:02:10.334757 localhost kernel: pcpu-alloc: s140136 r8192 d31896 u2097152 alloc=1*2097152
Apr 16 23:02:10.334766 localhost kernel: pcpu-alloc: [0] 0 
Apr 16 23:02:10.334775 localhost kernel: Built 1 zonelists, mobility grouping on.  Total pages: 967558
Apr 16 23:02:10.334784 localhost kernel: Policy zone: Normal
Apr 16 23:02:10.334798 localhost kernel: Kernel command line: BOOT_IMAGE=/syslinux/vmlinuz.A init=/usr/lib/systemd/systemd boot=local rootwait ro noresume noswap loglevel=7 noinitrd console=ttyS0 vsyscall=emulate security=apparmor virtio_net.napi_tx=1 systemd.unified_cgroup_hierarchy=false systemd.legacy_systemd_cgroup_controller=true csm.disabled=1 dm_verity.error_behavior=3 dm_verity.max_bios=-1 dm_verity.dev_wait=1 i915.modeset=1 cros_efi root=/dev/dm-0 "dm=1 vroot none ro 1,0 2539520 verity payload=PARTUUID=71913957-D6B1-8948-AFA7-574E312FC408 hashtree=PARTUUID=71913957-D6B1-8948-AFA7-574E312FC408 hashstart=2539520 alg=sha1 root_hexdigest=e582525d12c5f702e39eca88f648e851195d84f7 salt=331684cac74749b4944aedce8c7e5dd9abed70e63b61b9be00d8c9efd9d17444"
Apr 16 23:02:10.334816 localhost kernel: device-mapper: init: will configure 1 devices
Apr 16 23:02:10.334828 localhost kernel: PID hash table entries: 4096 (order: 3, 32768 bytes)
Apr 16 23:02:10.334838 localhost kernel: Memory: 3782080K/3931756K available (10252K kernel code, 1149K rwdata, 2056K rodata, 1360K init, 540K bss, 149676K reserved, 0K cma-reserved)
Apr 16 23:02:10.334848 localhost kernel: SLUB: HWalign=64, Order=0-3, MinObjects=0, CPUs=1, Nodes=1
Apr 16 23:02:10.341850 localhost kernel: Kernel/User page tables isolation: enabled
Apr 16 23:02:10.341876 localhost kernel: ftrace: allocating 26803 entries in 105 pages
Apr 16 23:02:10.341887 localhost kernel: Hierarchical RCU implementation.
Apr 16 23:02:10.341899 localhost kernel:         RCU restricting CPUs from NR_CPUS=256 to nr_cpu_ids=1.
Apr 16 23:02:10.341910 localhost kernel: RCU: Adjusting geometry for rcu_fanout_leaf=16, nr_cpu_ids=1
Apr 16 23:02:10.341920 localhost kernel: NR_IRQS: 16640, nr_irqs: 256, preallocated irqs: 16
Apr 16 23:02:10.341929 localhost kernel: console [ttyS0] enabled
Apr 16 23:02:10.341939 localhost kernel: clocksource: tsc-early: mask: 0xffffffffffffffff max_cycles: 0x212735223b2, max_idle_ns: 440795277976 ns
Apr 16 23:02:10.341949 localhost kernel: Calibrating delay loop (skipped) preset value.. 4600.00 BogoMIPS (lpj=2300000)
Apr 16 23:02:10.341958 localhost kernel: pid_max: default: 32768 minimum: 301
Apr 16 23:02:10.341968 localhost kernel: ACPI: Core revision 20170728
Apr 16 23:02:10.341980 localhost kernel: ACPI: 2 ACPI AML tables successfully acquired and loaded
Apr 16 23:02:10.341991 localhost kernel: Security Framework initialized
Apr 16 23:02:10.342000 localhost kernel: Yama: becoming mindful.
Apr 16 23:02:10.342012 localhost kernel: LoadPin: ready to pin (currently enabled)
Apr 16 23:02:10.342021 localhost kernel: Chromium OS LSM: enabled
Apr 16 23:02:10.342031 localhost kernel: AppArmor: AppArmor initialized
Apr 16 23:02:10.342041 localhost kernel: Dentry cache hash table entries: 524288 (order: 10, 4194304 bytes)
Apr 16 23:02:10.342050 localhost kernel: Inode-cache hash table entries: 262144 (order: 9, 2097152 bytes)
Apr 16 23:02:10.342060 localhost kernel: Mount-cache hash table entries: 8192 (order: 4, 65536 bytes)
Apr 16 23:02:10.342072 localhost kernel: Mountpoint-cache hash table entries: 8192 (order: 4, 65536 bytes)
Apr 16 23:02:10.342089 localhost kernel: Last level iTLB entries: 4KB 1024, 2MB 1024, 4MB 1024
Apr 16 23:02:10.342698 localhost kernel: Last level dTLB entries: 4KB 1024, 2MB 1024, 4MB 1024, 1GB 4
Apr 16 23:02:10.342717 localhost kernel: Spectre V2 : Mitigation: Full generic retpoline
Apr 16 23:02:10.342727 localhost kernel: Spectre V2 : Spectre v2 / SpectreRSB mitigation: Filling RSB on context switch
Apr 16 23:02:10.342737 localhost kernel: Spectre V2 : Enabling Restricted Speculation for firmware calls
Apr 16 23:02:10.342747 localhost kernel: Spectre V2 : mitigation: Enabling conditional Indirect Branch Prediction Barrier
Apr 16 23:02:10.342757 localhost kernel: Speculative Store Bypass: Mitigation: Speculative Store Bypass disabled via prctl and seccomp
Apr 16 23:02:10.342766 localhost kernel: Freeing SMP alternatives memory: 28K
Apr 16 23:02:10.342776 localhost kernel: smpboot: Max logical packages: 1
Apr 16 23:02:10.342790 localhost kernel: x2apic enabled
Apr 16 23:02:10.342800 localhost kernel: Switched APIC routing to physical x2apic.
Apr 16 23:02:10.342809 localhost kernel: ..TIMER: vector=0x30 apic1=0 pin1=0 apic2=-1 pin2=-1
Apr 16 23:02:10.342819 localhost kernel: random: fast init done
Apr 16 23:02:10.342829 localhost kernel: APIC timer disabled due to verification failure
Apr 16 23:02:10.342840 localhost kernel: smpboot: CPU0: Intel(R) Xeon(R) CPU @ 2.30GHz (family: 0x6, model: 0x3f, stepping: 0x0)
Apr 16 23:02:10.342849 localhost kernel: Performance Events: unsupported p6 CPU model 63 no PMU driver, software events only.
Apr 16 23:02:10.342859 localhost kernel: Hierarchical SRCU implementation.
Apr 16 23:02:10.342869 localhost kernel: random: crng done (trusting CPU's manufacturer)
Apr 16 23:02:10.342881 localhost kernel: NMI watchdog: Perf event create on CPU 0 failed with -2
Apr 16 23:02:10.342890 localhost kernel: NMI watchdog: Perf NMI watchdog permanently disabled
Apr 16 23:02:10.342900 localhost kernel: smp: Bringing up secondary CPUs ...
Apr 16 23:02:10.342910 localhost kernel: smp: Brought up 1 node, 1 CPU
Apr 16 23:02:10.342919 localhost kernel: smpboot: Total of 1 processors activated (4600.00 BogoMIPS)
Apr 16 23:02:10.342929 localhost kernel: devtmpfs: initialized
Apr 16 23:02:10.342942 localhost kernel: clocksource: jiffies: mask: 0xffffffff max_cycles: 0xffffffff, max_idle_ns: 1911260446275000 ns
Apr 16 23:02:10.342951 localhost kernel: futex hash table entries: 256 (order: 2, 16384 bytes)
Apr 16 23:02:10.342961 localhost kernel: RTC time: 23:02:09, date: 04/16/19
Apr 16 23:02:10.342970 localhost kernel: NET: Registered protocol family 16
Apr 16 23:02:10.342979 localhost kernel: cpuidle: using governor ladder
Apr 16 23:02:10.342989 localhost kernel: cpuidle: using governor menu
Apr 16 23:02:10.342998 localhost kernel: clocksource: Switched to clocksource kvm-clock
Apr 16 23:02:10.343011 localhost kernel: ACPI: bus type PCI registered
Apr 16 23:02:10.343023 localhost kernel: PCI: Using configuration type 1 for base access
Apr 16 23:02:10.343032 localhost kernel: HugeTLB registered 2.00 MiB page size, pre-allocated 0 pages
Apr 16 23:02:10.343042 localhost kernel: ACPI: Added _OSI(Module Device)
Apr 16 23:02:10.343052 localhost kernel: ACPI: Added _OSI(Processor Device)
Apr 16 23:02:10.343062 localhost kernel: ACPI: Added _OSI(3.0 _SCP Extensions)
Apr 16 23:02:10.343071 localhost kernel: ACPI: Added _OSI(Processor Aggregator Device)
Apr 16 23:02:10.343088 localhost kernel: ACPI: Executed 2 blocks of module-level executable AML code
Apr 16 23:02:10.345328 localhost kernel: ACPI: Interpreter enabled
Apr 16 23:02:10.345347 localhost kernel: ACPI: (supports S0 S3 S5)
Apr 16 23:02:10.345369 localhost kernel: ACPI: Using IOAPIC for interrupt routing
Apr 16 23:02:10.345386 localhost kernel: PCI: Using host bridge windows from ACPI; if necessary, use "pci=nocrs" and report a bug
Apr 16 23:02:10.345396 localhost kernel: ACPI: Enabled 16 GPEs in block 00 to 0F
Apr 16 23:02:10.345406 localhost kernel: ACPI: PCI Root Bridge [PCI0] (domain 0000 [bus 00-ff])
Apr 16 23:02:10.345535 localhost kernel: acpi PNP0A03:00: _OSC: OS supports [ASPM ClockPM Segments MSI]
Apr 16 23:02:10.345594 localhost kernel: acpi PNP0A03:00: _OSC failed (AE_NOT_FOUND); disabling ASPM
Apr 16 23:02:10.345644 localhost kernel: acpi PNP0A03:00: fail to add MMCONFIG information, can't access extended PCI configuration space under this bridge.
Apr 16 23:02:10.345655 localhost kernel: PCI host bridge to bus 0000:00
Apr 16 23:02:10.345722 localhost kernel: pci_bus 0000:00: root bus resource [io  0x0000-0x0cf7 window]
Apr 16 23:02:10.345770 localhost kernel: pci_bus 0000:00: root bus resource [io  0x0d00-0xffff window]
Apr 16 23:02:10.346199 localhost kernel: pci_bus 0000:00: root bus resource [mem 0x000a0000-0x000bffff window]
Apr 16 23:02:10.346253 localhost kernel: pci_bus 0000:00: root bus resource [mem 0xc0000000-0xfebfffff window]
Apr 16 23:02:10.349244 localhost kernel: pci_bus 0000:00: root bus resource [bus 00-ff]
Apr 16 23:02:10.349323 localhost kernel: pci 0000:00:00.0: [8086:1237] type 00 class 0x060000
Apr 16 23:02:10.349403 localhost kernel: pci 0000:00:01.0: [8086:7110] type 00 class 0x060100
Apr 16 23:02:10.349478 localhost kernel: pci 0000:00:01.3: [8086:7113] type 00 class 0x068000
Apr 16 23:02:10.349542 localhost kernel: pci 0000:00:01.3: quirk: [io  0xb000-0xb03f] claimed by PIIX4 ACPI
Apr 16 23:02:10.349614 localhost kernel: pci 0000:00:03.0: [1af4:1004] type 00 class 0x000000
Apr 16 23:02:10.349668 localhost kernel: pci 0000:00:03.0: reg 0x10: [io  0xc000-0xc03f]
Apr 16 23:02:10.349721 localhost kernel: pci 0000:00:03.0: reg 0x14: [mem 0xfebfe000-0xfebfe07f]
Apr 16 23:02:10.349784 localhost kernel: pci 0000:00:04.0: [1af4:1000] type 00 class 0x020000
Apr 16 23:02:10.349837 localhost kernel: pci 0000:00:04.0: reg 0x10: [io  0xc040-0xc07f]
Apr 16 23:02:10.349888 localhost kernel: pci 0000:00:04.0: reg 0x14: [mem 0xfebff000-0xfebff03f]
Apr 16 23:02:10.349899 localhost kernel: ACPI: PCI Interrupt Link [LNKA] (IRQs 5 *10 11)
Apr 16 23:02:10.349917 localhost kernel: ACPI: PCI Interrupt Link [LNKB] (IRQs 5 *10 11)
Apr 16 23:02:10.349927 localhost kernel: ACPI: PCI Interrupt Link [LNKC] (IRQs 5 10 *11)
Apr 16 23:02:10.349937 localhost kernel: ACPI: PCI Interrupt Link [LNKD] (IRQs 5 10 *11)
Apr 16 23:02:10.349946 localhost kernel: ACPI: PCI Interrupt Link [LNKS] (IRQs *9)
Apr 16 23:02:10.349956 localhost kernel: SCSI subsystem initialized
Apr 16 23:02:10.349969 localhost kernel: libata version 3.00 loaded.
Apr 16 23:02:10.349981 localhost kernel: PCI: Using ACPI for IRQ routing
Apr 16 23:02:10.349991 localhost kernel: PCI: pci_cache_line_size set to 64 bytes
Apr 16 23:02:10.350001 localhost kernel: e820: reserve RAM buffer [mem 0x0009fc00-0x0009ffff]
Apr 16 23:02:10.350012 localhost kernel: e820: reserve RAM buffer [mem 0xbfffd000-0xbfffffff]
Apr 16 23:02:10.350021 localhost kernel: VFS: Disk quotas dquot_6.6.0
Apr 16 23:02:10.350031 localhost kernel: VFS: Dquot-cache hash table entries: 512 (order 0, 4096 bytes)
Apr 16 23:02:10.350040 localhost kernel: AppArmor: AppArmor Filesystem Enabled
Apr 16 23:02:10.350050 localhost kernel: pnp: PnP ACPI init
Apr 16 23:02:10.356325 localhost kernel: pnp 00:00: Plug and Play ACPI device, IDs PNP0b00 (active)
Apr 16 23:02:10.356423 localhost kernel: pnp 00:01: Plug and Play ACPI device, IDs PNP0303 (active)
Apr 16 23:02:10.356485 localhost kernel: pnp 00:02: Plug and Play ACPI device, IDs PNP0f13 (active)
Apr 16 23:02:10.356546 localhost kernel: pnp 00:03: Plug and Play ACPI device, IDs PNP0501 (active)
Apr 16 23:02:10.356600 localhost kernel: pnp 00:04: Plug and Play ACPI device, IDs PNP0501 (active)
Apr 16 23:02:10.356655 localhost kernel: pnp 00:05: Plug and Play ACPI device, IDs PNP0501 (active)
Apr 16 23:02:10.356715 localhost kernel: pnp 00:06: Plug and Play ACPI device, IDs PNP0501 (active)
Apr 16 23:02:10.356727 localhost kernel: pnp: PnP ACPI: found 7 devices
Apr 16 23:02:10.356782 localhost kernel: pci_bus 0000:00: resource 4 [io  0x0000-0x0cf7 window]
Apr 16 23:02:10.356830 localhost kernel: pci_bus 0000:00: resource 5 [io  0x0d00-0xffff window]
Apr 16 23:02:10.356879 localhost kernel: pci_bus 0000:00: resource 6 [mem 0x000a0000-0x000bffff window]
Apr 16 23:02:10.356923 localhost kernel: pci_bus 0000:00: resource 7 [mem 0xc0000000-0xfebfffff window]
Apr 16 23:02:10.360347 localhost kernel: NET: Registered protocol family 2
Apr 16 23:02:10.360404 localhost kernel: TCP established hash table entries: 32768 (order: 6, 262144 bytes)
Apr 16 23:02:10.360416 localhost kernel: TCP bind hash table entries: 32768 (order: 8, 1048576 bytes)
Apr 16 23:02:10.360427 localhost kernel: TCP: Hash tables configured (established 32768 bind 32768)
Apr 16 23:02:10.360460 localhost kernel: UDP hash table entries: 2048 (order: 5, 196608 bytes)
Apr 16 23:02:10.360471 localhost kernel: UDP-Lite hash table entries: 2048 (order: 5, 196608 bytes)
Apr 16 23:02:10.360481 localhost kernel: NET: Registered protocol family 1
Apr 16 23:02:10.360581 localhost kernel: pci 0000:00:00.0: Limiting direct PCI/PCI transfers
Apr 16 23:02:10.360595 localhost kernel: PCI: CLS 0 bytes, default 64
Apr 16 23:02:10.360606 localhost kernel: PCI-DMA: Using software bounce buffering for IO (SWIOTLB)
Apr 16 23:02:10.360619 localhost kernel: software IO TLB: mapped [mem 0xbbffd000-0xbfffd000] (64MB)
Apr 16 23:02:10.360629 localhost kernel: RAPL PMU: API unit is 2^-32 Joules, 4 fixed counters, 10737418240 ms ovfl timer
Apr 16 23:02:10.360638 localhost kernel: RAPL PMU: hw unit of domain pp0-core 2^-0 Joules
Apr 16 23:02:10.360648 localhost kernel: RAPL PMU: hw unit of domain package 2^-0 Joules
Apr 16 23:02:10.360658 localhost kernel: RAPL PMU: hw unit of domain dram 2^-0 Joules
Apr 16 23:02:10.360667 localhost kernel: RAPL PMU: hw unit of domain pp1-gpu 2^-0 Joules
Apr 16 23:02:10.360678 localhost kernel: clocksource: tsc: mask: 0xffffffffffffffff max_cycles: 0x212735223b2, max_idle_ns: 440795277976 ns
Apr 16 23:02:10.360688 localhost kernel: Scanning for low memory corruption every 60 seconds
Apr 16 23:02:10.360698 localhost kernel: audit: initializing netlink subsys (disabled)
Apr 16 23:02:10.360708 localhost kernel: Initialise system trusted keyrings
Apr 16 23:02:10.360721 localhost kernel: audit: type=2000 audit(1555455729.156:1): state=initialized audit_enabled=0 res=1
Apr 16 23:02:10.360736 localhost kernel: workingset: timestamp_bits=40 max_order=20 bucket_order=0
Apr 16 23:02:10.360746 localhost kernel: Key type asymmetric registered
Apr 16 23:02:10.360756 localhost kernel: Asymmetric key parser 'x509' registered
Apr 16 23:02:10.360766 localhost kernel: Block layer SCSI generic (bsg) driver version 0.4 loaded (major 250)
Apr 16 23:02:10.360776 localhost kernel: io scheduler noop registered (default)
Apr 16 23:02:10.360786 localhost kernel: io scheduler deadline registered
Apr 16 23:02:10.360795 localhost kernel: io scheduler cfq registered
Apr 16 23:02:10.360805 localhost kernel: io scheduler mq-deadline registered
Apr 16 23:02:10.360817 localhost kernel: intel_idle: Please enable MWAIT in BIOS SETUP
Apr 16 23:02:10.360826 localhost kernel: input: Power Button as /devices/LNXSYSTM:00/LNXPWRBN:00/input/input0
Apr 16 23:02:10.360836 localhost kernel: ACPI: Power Button [PWRF]
Apr 16 23:02:10.360846 localhost kernel: input: Sleep Button as /devices/LNXSYSTM:00/LNXSLPBN:00/input/input1
Apr 16 23:02:10.360856 localhost kernel: ACPI: Sleep Button [SLPF]
Apr 16 23:02:10.360866 localhost kernel: ACPI: PCI Interrupt Link [LNKC] enabled at IRQ 11
Apr 16 23:02:10.360931 localhost kernel: virtio-pci 0000:00:03.0: virtio_pci: leaving for legacy driver
Apr 16 23:02:10.360946 localhost kernel: ACPI: PCI Interrupt Link [LNKD] enabled at IRQ 10
Apr 16 23:02:10.361017 localhost kernel: virtio-pci 0000:00:04.0: virtio_pci: leaving for legacy driver
Apr 16 23:02:10.361032 localhost kernel: Serial: 8250/16550 driver, 4 ports, IRQ sharing disabled
Apr 16 23:02:10.361043 localhost kernel: 00:03: ttyS0 at I/O 0x3f8 (irq = 4, base_baud = 115200) is a 16550A
Apr 16 23:02:10.361052 localhost kernel: 00:04: ttyS1 at I/O 0x2f8 (irq = 3, base_baud = 115200) is a 16550A
Apr 16 23:02:10.361067 localhost kernel: 00:05: ttyS2 at I/O 0x3e8 (irq = 6, base_baud = 115200) is a 16550A
Apr 16 23:02:10.361077 localhost kernel: 00:06: ttyS3 at I/O 0x2e8 (irq = 7, base_baud = 115200) is a 16550A
Apr 16 23:02:10.361087 localhost kernel: Non-volatile memory driver v1.3
Apr 16 23:02:10.370883 localhost kernel: loop: module loaded
Apr 16 23:02:10.372401 localhost kernel: scsi host0: Virtio SCSI HBA
Apr 16 23:02:10.372501 localhost kernel: scsi 0:0:1:0: Direct-Access     Google   PersistentDisk   1    PQ: 0 ANSI: 6
Apr 16 23:02:10.372581 localhost kernel: scsi 0:0:2:0: Direct-Access     Google   PersistentDisk   1    PQ: 0 ANSI: 6
Apr 16 23:02:10.372595 localhost kernel: i8042: PNP: PS/2 Controller [PNP0303:KBD,PNP0f13:MOU] at 0x60,0x64 irq 1,12
Apr 16 23:02:10.372607 localhost kernel: i8042: Warning: Keylock active
Apr 16 23:02:10.372618 localhost kernel: serio: i8042 KBD port at 0x60,0x64 irq 1
Apr 16 23:02:10.372628 localhost kernel: serio: i8042 AUX port at 0x60,0x64 irq 12
Apr 16 23:02:10.372683 localhost kernel: rtc_cmos 00:00: RTC can wake from S4
Apr 16 23:02:10.372730 localhost kernel: rtc_cmos 00:00: registered as rtc0
Apr 16 23:02:10.372779 localhost kernel: rtc_cmos 00:00: alarms up to one day, 114 bytes nvram
Apr 16 23:02:10.372790 localhost kernel: iTCO_wdt: Intel TCO WatchDog Timer Driver v1.11
Apr 16 23:02:10.372800 localhost kernel: iTCO_vendor_support: vendor-support=0
Apr 16 23:02:10.372810 localhost kernel: device-mapper: ioctl: 4.37.0-ioctl (2017-09-20) initialised: dm-devel@redhat.com
Apr 16 23:02:10.372820 localhost kernel: device-mapper: verity-chromeos: dm-verity-chromeos registered
Apr 16 23:02:10.372830 localhost kernel: Mirror/redirect action on
Apr 16 23:02:10.372840 localhost kernel: Netfilter messages via NETLINK v0.30.
Apr 16 23:02:10.372851 localhost kernel: nf_conntrack version 0.5.0 (16384 buckets, 65536 max)
Apr 16 23:02:10.372860 localhost kernel: ctnetlink v0.93: registering with nfnetlink.
Apr 16 23:02:10.372870 localhost kernel: ip_tables: (C) 2000-2006 Netfilter Core Team
Apr 16 23:02:10.372882 localhost kernel: Initializing XFRM netlink socket
Apr 16 23:02:10.372892 localhost kernel: NET: Registered protocol family 10
Apr 16 23:02:10.376231 localhost kernel: sd 0:0:2:0: [sdb] 41943040 512-byte logical blocks: (21.5 GB/20.0 GiB)
Apr 16 23:02:10.376316 localhost kernel: sd 0:0:2:0: [sdb] 4096-byte physical blocks
Apr 16 23:02:10.376403 localhost kernel: sd 0:0:1:0: [sda] 41943040 512-byte logical blocks: (21.5 GB/20.0 GiB)
Apr 16 23:02:10.376466 localhost kernel: sd 0:0:1:0: [sda] 4096-byte physical blocks
Apr 16 23:02:10.376526 localhost kernel: sd 0:0:2:0: [sdb] Write Protect is off
Apr 16 23:02:10.376592 localhost kernel: sd 0:0:2:0: [sdb] Mode Sense: 1f 00 00 08
Apr 16 23:02:10.376653 localhost kernel: sd 0:0:1:0: [sda] Write Protect is off
Apr 16 23:02:10.376711 localhost kernel: sd 0:0:1:0: [sda] Mode Sense: 1f 00 00 08
Apr 16 23:02:10.376722 localhost kernel: Segment Routing with IPv6
Apr 16 23:02:10.376734 localhost kernel: NET: Registered protocol family 17
Apr 16 23:02:10.376744 localhost kernel: bridge: filtering via arp/ip/ip6tables is no longer available by default. Update your scripts to load br_netfilter if you need this.
Apr 16 23:02:10.376754 localhost kernel: sched_clock: Marking stable (659026050, 0)->(1121256391, -462230341)
Apr 16 23:02:10.376811 localhost kernel: sd 0:0:2:0: [sdb] Write cache: enabled, read cache: enabled, doesn't support DPO or FUA
Apr 16 23:02:10.376870 localhost kernel: sd 0:0:1:0: [sda] Write cache: enabled, read cache: enabled, doesn't support DPO or FUA
Apr 16 23:02:10.376884 localhost kernel: registered taskstats version 1
Apr 16 23:02:10.376895 localhost kernel: Loading compiled-in X.509 certificates
Apr 16 23:02:10.376906 localhost kernel: Loaded X.509 cert 'Google LLC: Container-Optimized OS kernel signing key: cdd9ce572db9e71668e71b5a9113908047a21771'
Apr 16 23:02:10.376916 localhost kernel: Loaded X.509 cert 'Google: Container-Optimized OS: 2efea493fc148b35859d0bc8c3dd71a139fc7ab411283e06f6c10b5a6b17e355'
Apr 16 23:02:10.376926 localhost kernel: AppArmor: AppArmor sha1 policy hashing enabled
Apr 16 23:02:10.376936 localhost kernel: ima: No TPM chip found, activating TPM-bypass! (rc=-19)
Apr 16 23:02:10.376946 localhost kernel: ima: Allocated hash algorithm: sha256
Apr 16 23:02:10.376955 localhost kernel:   Magic number: 15:591:49
Apr 16 23:02:10.381414 localhost kernel: sd 0:0:2:0: [sdb] Attached SCSI disk
Apr 16 23:02:10.381439 localhost kernel: GPT:Primary header thinks Alt. header is not at the end of the disk.
Apr 16 23:02:10.381451 localhost kernel: GPT:18874524 != 41943039
Apr 16 23:02:10.381461 localhost kernel: GPT:Alternate GPT header not at the end of the disk.
Apr 16 23:02:10.381472 localhost kernel: GPT:18874524 != 41943039
Apr 16 23:02:10.381482 localhost kernel: GPT: Use GNU Parted to correct GPT errors.
Apr 16 23:02:10.381492 localhost kernel:  sda: sda1 sda2 sda3 sda4 sda5 sda6 sda7 sda8 sda9 sda10 sda11 sda12
Apr 16 23:02:10.381557 localhost kernel: sd 0:0:1:0: [sda] Attached SCSI disk
Apr 16 23:02:10.381570 localhost kernel: device-mapper: init: attempting early device configuration.
Apr 16 23:02:10.381588 localhost kernel: device-mapper: init: adding target '0 2539520 verity payload=PARTUUID=71913957-D6B1-8948-AFA7-574E312FC408 hashtree=PARTUUID=71913957-D6B1-8948-AFA7-574E312FC408 hashstart=2539520 alg=sha1 root_hexdigest=e582525d12c5f702e39eca88f648e851195d84f7 salt=331684cac74749b4944aedce8c7e5dd9abed70e63b61b9be00d8c9efd9d17444'
Apr 16 23:02:10.381598 localhost kernel: device-mapper: verity: Argument 0: 'payload=PARTUUID=71913957-D6B1-8948-AFA7-574E312FC408'
Apr 16 23:02:10.381608 localhost kernel: device-mapper: verity: Argument 1: 'hashtree=PARTUUID=71913957-D6B1-8948-AFA7-574E312FC408'
Apr 16 23:02:10.381618 localhost kernel: device-mapper: verity: Argument 2: 'hashstart=2539520'
Apr 16 23:02:10.381628 localhost kernel: device-mapper: verity: Argument 3: 'alg=sha1'
Apr 16 23:02:10.381637 localhost kernel: device-mapper: verity: Argument 4: 'root_hexdigest=e582525d12c5f702e39eca88f648e851195d84f7'
Apr 16 23:02:10.381648 localhost kernel: device-mapper: verity: Argument 5: 'salt=331684cac74749b4944aedce8c7e5dd9abed70e63b61b9be00d8c9efd9d17444'
Apr 16 23:02:10.381658 localhost kernel: device-mapper: init: dm-0 is ready
Apr 16 23:02:10.381671 localhost kernel: EXT4-fs (dm-0): mounting ext2 file system using the ext4 subsystem
Apr 16 23:02:10.381681 localhost kernel: EXT4-fs (dm-0): mounted filesystem without journal. Opts: (null)
Apr 16 23:02:10.381690 localhost kernel: VFS: Mounted root (ext2 filesystem) readonly on device 254:0.
Apr 16 23:02:10.381700 localhost kernel: devtmpfs: mounted
Apr 16 23:02:10.381710 localhost kernel: Freeing unused kernel memory: 1360K
Apr 16 23:02:10.381719 localhost kernel: Write protecting the kernel read-only data: 16384k
Apr 16 23:02:10.381729 localhost kernel: Freeing unused kernel memory: 2012K
Apr 16 23:02:10.381738 localhost kernel: Freeing unused kernel memory: 2040K
Apr 16 23:02:10.381751 localhost systemd[1]: systemd 232 running in system mode. (+PAM +AUDIT -SELINUX +IMA +APPARMOR +SMACK -SYSVINIT -UTMP -LIBCRYPTSETUP +GCRYPT -GNUTLS -ACL -XZ +LZ4 +SECCOMP +BLKID -ELFUTILS +KMOD -IDN)
Apr 16 23:02:10.381767 localhost systemd[1]: Detected virtualization kvm.
Apr 16 23:02:10.381778 localhost systemd[1]: Detected architecture x86-64.
Apr 16 23:02:10.381788 localhost systemd[1]: Initializing machine ID from KVM UUID.
Apr 16 23:02:10.381799 localhost systemd[1]: Installed transient /etc/machine-id file.
Apr 16 23:02:10.381809 localhost systemd[1]: Created slice User and Session Slice.
Apr 16 23:02:10.381821 localhost systemd[1]: Reached target Remote File Systems.
Apr 16 23:02:10.381831 localhost systemd[1]: Started Dispatch Password Requests to Console Directory Watch.
Apr 16 23:02:10.381844 localhost systemd[1]: Listening on Journal Socket (/dev/log).
Apr 16 23:02:10.381864 localhost systemd[1]: Reached target Swap.
Apr 16 23:02:10.504575 localhost kernel: LoadPin: dev(254,0): read-only
Apr 16 23:02:10.504655 localhost kernel: LoadPin: load pinning engaged.
Apr 16 23:02:10.508466 localhost kernel: LoadPin: kernel-module pinned obj="/lib/modules/4.14.94+/kernel/arch/x86/crypto/glue_helper.ko" pid=124 cmdline="/usr/lib/systemd/systemd-udevd"
Apr 16 23:02:10.589603 localhost kernel: AVX2 version of gcm_enc/dec engaged.
Apr 16 23:02:10.589699 localhost kernel: AES CTR mode by8 optimization enabled
Apr 16 23:02:10.610354 localhost kernel: EXT4-fs (sda8): mounted filesystem with ordered data mode. Opts: (null)
Apr 16 23:02:10.806307 localhost kernel: EXT4-fs (sda1): mounted filesystem with ordered data mode. Opts: commit=30
Apr 16 23:02:10.907280 localhost kernel: EXT4-fs (sda1): re-mounted. Opts: commit=30,data=ordered
Apr 16 23:02:10.960357 localhost kernel: EXT4-fs (sda1): re-mounted. Opts: commit=30,data=ordered
Apr 16 23:02:10.960401 localhost kernel: EXT4-fs (sda1): re-mounted. Opts: commit=30,data=ordered
Apr 16 23:02:11.087143 localhost kernel: EXT4-fs (sda1): resizing filesystem from 1271296 to 4154875 blocks
Apr 16 23:02:11.692829 localhost kernel: EXT4-fs (sda1): resized filesystem to 4154875
Apr 16 23:02:11.883318 localhost kernel: ip6_tables: (C) 2000-2006 Netfilter Core Team
Apr 16 23:02:14.576138 e2e-test-peterhornyack-master kernel: Bridge firewalling registered
Apr 16 23:02:14.977306 e2e-test-peterhornyack-master kernel: IPv6: ADDRCONF(NETDEV_UP): docker0: link is not ready
Apr 16 23:02:23.119296 e2e-test-peterhornyack-master kernel: EXT4-fs (sda1): re-mounted. Opts: commit=30,data=ordered
Apr 16 23:03:44.887490 e2e-test-peterhornyack-master kernel: EXT4-fs (sda1): re-mounted. Opts: commit=30,data=ordered
Apr 16 23:03:45.642062 e2e-test-peterhornyack-master kernel: Unsafe core_pattern used with fs.suid_dumpable=2.
                                                             Pipe handler or fully qualified core dump path required.
                                                             Set kernel.core_pattern before fs.suid_dumpable.
Apr 16 23:03:47.696258 e2e-test-peterhornyack-master kernel: EXT4-fs (sdb): mounted filesystem with ordered data mode. Opts: discard
Apr 16 23:03:55.918205 e2e-test-peterhornyack-master kernel: EXT4-fs (sda1): re-mounted. Opts: commit=30,data=ordered
