-- Logs begin at Tue 2019-04-16 21:00:44 UTC, end at Tue 2019-04-16 22:20:33 UTC. --
Apr 16 21:00:44.520456 localhost kernel: Linux version 4.14.94+ (chrome-bot@swarm-cros-645) (gcc version 4.9.x 20150123 (prerelease) (4.9.2_cos_gg_4.9.2-r200-ac6128e0a17a52f011797f33ac3e7d6273a9368d_4.9.2-r200)) #1 SMP Thu Feb 28 00:14:21 PST 2019
Apr 16 21:00:44.520503 localhost kernel: Command line: BOOT_IMAGE=/syslinux/vmlinuz.A init=/usr/lib/systemd/systemd boot=local rootwait ro noresume noswap loglevel=7 noinitrd console=ttyS0 vsyscall=emulate security=apparmor virtio_net.napi_tx=1 systemd.unified_cgroup_hierarchy=false systemd.legacy_systemd_cgroup_controller=true csm.disabled=1 dm_verity.error_behavior=3 dm_verity.max_bios=-1 dm_verity.dev_wait=1 i915.modeset=1 cros_efi root=/dev/dm-0 "dm=1 vroot none ro 1,0 2539520 verity payload=PARTUUID=71913957-D6B1-8948-AFA7-574E312FC408 hashtree=PARTUUID=71913957-D6B1-8948-AFA7-574E312FC408 hashstart=2539520 alg=sha1 root_hexdigest=e582525d12c5f702e39eca88f648e851195d84f7 salt=331684cac74749b4944aedce8c7e5dd9abed70e63b61b9be00d8c9efd9d17444"
Apr 16 21:00:44.520527 localhost kernel: x86/fpu: Supporting XSAVE feature 0x001: 'x87 floating point registers'
Apr 16 21:00:44.520537 localhost kernel: x86/fpu: Supporting XSAVE feature 0x002: 'SSE registers'
Apr 16 21:00:44.520545 localhost kernel: x86/fpu: Supporting XSAVE feature 0x004: 'AVX registers'
Apr 16 21:00:44.520554 localhost kernel: x86/fpu: xstate_offset[2]:  576, xstate_sizes[2]:  256
Apr 16 21:00:44.520569 localhost kernel: x86/fpu: Enabled xstate features 0x7, context size is 832 bytes, using 'standard' format.
Apr 16 21:00:44.520581 localhost kernel: e820: BIOS-provided physical RAM map:
Apr 16 21:00:44.520589 localhost kernel: BIOS-e820: [mem 0x0000000000000000-0x000000000009fbff] usable
Apr 16 21:00:44.520597 localhost kernel: BIOS-e820: [mem 0x000000000009fc00-0x000000000009ffff] reserved
Apr 16 21:00:44.520606 localhost kernel: BIOS-e820: [mem 0x00000000000f0000-0x00000000000fffff] reserved
Apr 16 21:00:44.520614 localhost kernel: BIOS-e820: [mem 0x0000000000100000-0x00000000bfffcfff] usable
Apr 16 21:00:44.520622 localhost kernel: BIOS-e820: [mem 0x00000000bfffd000-0x00000000bfffffff] reserved
Apr 16 21:00:44.520631 localhost kernel: BIOS-e820: [mem 0x00000000fffbc000-0x00000000ffffffff] reserved
Apr 16 21:00:44.520644 localhost kernel: BIOS-e820: [mem 0x0000000100000000-0x000000012fffffff] usable
Apr 16 21:00:44.520654 localhost kernel: NX (Execute Disable) protection: active
Apr 16 21:00:44.520663 localhost kernel: SMBIOS 2.4 present.
Apr 16 21:00:44.520672 localhost kernel: DMI: Google Google Compute Engine/Google Compute Engine, BIOS Google 01/01/2011
Apr 16 21:00:44.520682 localhost kernel: Hypervisor detected: KVM
Apr 16 21:00:44.520692 localhost kernel: kvm-clock: Using msrs 4b564d01 and 4b564d00
Apr 16 21:00:44.520707 localhost kernel: kvm-clock: cpu 0, msr 8f4e6001, primary cpu clock
Apr 16 21:00:44.520716 localhost kernel: kvm-clock: using sched offset of 1124596503 cycles
Apr 16 21:00:44.520725 localhost kernel: clocksource: kvm-clock: mask: 0xffffffffffffffff max_cycles: 0x1cd42e4dffb, max_idle_ns: 881590591483 ns
Apr 16 21:00:44.520733 localhost kernel: tsc: Initial usec timer 1037256
Apr 16 21:00:44.520745 localhost kernel: tsc: Detected 2300.000 MHz processor
Apr 16 21:00:44.520757 localhost kernel: e820: update [mem 0x00000000-0x00000fff] usable ==> reserved
Apr 16 21:00:44.520767 localhost kernel: e820: remove [mem 0x000a0000-0x000fffff] usable
Apr 16 21:00:44.520778 localhost kernel: e820: last_pfn = 0x130000 max_arch_pfn = 0x400000000
Apr 16 21:00:44.520788 localhost kernel: MTRR default type: write-back
Apr 16 21:00:44.520796 localhost kernel: MTRR fixed ranges enabled:
Apr 16 21:00:44.520805 localhost kernel:   00000-9FFFF write-back
Apr 16 21:00:44.520813 localhost kernel:   A0000-BFFFF uncachable
Apr 16 21:00:44.520822 localhost kernel:   C0000-FFFFF write-protect
Apr 16 21:00:44.520831 localhost kernel: MTRR variable ranges enabled:
Apr 16 21:00:44.520840 localhost kernel:   0 base 0000C0000000 mask 3FFFC0000000 uncachable
Apr 16 21:00:44.520848 localhost kernel:   1 disabled
Apr 16 21:00:44.520861 localhost kernel:   2 disabled
Apr 16 21:00:44.520869 localhost kernel:   3 disabled
Apr 16 21:00:44.520878 localhost kernel:   4 disabled
Apr 16 21:00:44.520887 localhost kernel:   5 disabled
Apr 16 21:00:44.523926 localhost kernel:   6 disabled
Apr 16 21:00:44.523950 localhost kernel:   7 disabled
Apr 16 21:00:44.523960 localhost kernel: x86/PAT: Configuration [0-7]: WB  WC  UC- UC  WB  WP  UC- WT  
Apr 16 21:00:44.523970 localhost kernel: e820: last_pfn = 0xbfffd max_arch_pfn = 0x400000000
Apr 16 21:00:44.523980 localhost kernel: found SMP MP-table at [mem 0x000f2c70-0x000f2c7f] mapped at [ffffffffff200c70]
Apr 16 21:00:44.523995 localhost kernel: Scanning 1 areas for low memory corruption
Apr 16 21:00:44.524004 localhost kernel: Base memory trampoline at [ffff9e1c40099000] 99000 size 24576
Apr 16 21:00:44.524014 localhost kernel: Using GB pages for direct mapping
Apr 16 21:00:44.524067 localhost kernel: BRK [0x8f55a000, 0x8f55afff] PGTABLE
Apr 16 21:00:44.524077 localhost kernel: BRK [0x8f55b000, 0x8f55bfff] PGTABLE
Apr 16 21:00:44.524097 localhost kernel: BRK [0x8f55c000, 0x8f55cfff] PGTABLE
Apr 16 21:00:44.524106 localhost kernel: BRK [0x8f55d000, 0x8f55dfff] PGTABLE
Apr 16 21:00:44.524116 localhost kernel: BRK [0x8f55e000, 0x8f55efff] PGTABLE
Apr 16 21:00:44.524125 localhost kernel: ACPI: Early table checksum verification disabled
Apr 16 21:00:44.524134 localhost kernel: ACPI: RSDP 0x00000000000F2A30 000014 (v00 Google)
Apr 16 21:00:44.524143 localhost kernel: ACPI: RSDT 0x00000000BFFFDAC0 000038 (v01 Google GOOGRSDT 00000001 GOOG 00000001)
Apr 16 21:00:44.524153 localhost kernel: ACPI: FACP 0x00000000BFFFFF00 0000F4 (v02 Google GOOGFACP 00000001 GOOG 00000001)
Apr 16 21:00:44.524166 localhost kernel: ACPI: DSDT 0x00000000BFFFDB00 0018BA (v01 Google GOOGDSDT 00000001 GOOG 00000001)
Apr 16 21:00:44.524175 localhost kernel: ACPI: FACS 0x00000000BFFFFEC0 000040
Apr 16 21:00:44.524184 localhost kernel: ACPI: FACS 0x00000000BFFFFEC0 000040
Apr 16 21:00:44.524193 localhost kernel: ACPI: SSDT 0x00000000BFFFF5A0 00091F (v01 Google GOOGSSDT 00000001 GOOG 00000001)
Apr 16 21:00:44.524202 localhost kernel: ACPI: APIC 0x00000000BFFFF4B0 00006E (v01 Google GOOGAPIC 00000001 GOOG 00000001)
Apr 16 21:00:44.524212 localhost kernel: ACPI: WAET 0x00000000BFFFF480 000028 (v01 Google GOOGWAET 00000001 GOOG 00000001)
Apr 16 21:00:44.524221 localhost kernel: ACPI: SRAT 0x00000000BFFFF3C0 0000B8 (v01 Google GOOGSRAT 00000001 GOOG 00000001)
Apr 16 21:00:44.524230 localhost kernel: ACPI: Local APIC address 0xfee00000
Apr 16 21:00:44.524239 localhost kernel: SRAT: PXM 0 -> APIC 0x00 -> Node 0
Apr 16 21:00:44.524248 localhost kernel: ACPI: SRAT: Node 0 PXM 0 [mem 0x00000000-0x0009ffff]
Apr 16 21:00:44.524267 localhost kernel: ACPI: SRAT: Node 0 PXM 0 [mem 0x00100000-0xbfffffff]
Apr 16 21:00:44.524276 localhost kernel: ACPI: SRAT: Node 0 PXM 0 [mem 0x100000000-0x12fffffff]
Apr 16 21:00:44.524285 localhost kernel: NUMA: Node 0 [mem 0x00000000-0x0009ffff] + [mem 0x00100000-0xbfffffff] -> [mem 0x00000000-0xbfffffff]
Apr 16 21:00:44.524295 localhost kernel: NUMA: Node 0 [mem 0x00000000-0xbfffffff] + [mem 0x100000000-0x12fffffff] -> [mem 0x00000000-0x12fffffff]
Apr 16 21:00:44.524303 localhost kernel: NODE_DATA(0) allocated [mem 0x12fffa000-0x12fffdfff]
Apr 16 21:00:44.524312 localhost kernel: Zone ranges:
Apr 16 21:00:44.524321 localhost kernel:   DMA      [mem 0x0000000000001000-0x0000000000ffffff]
Apr 16 21:00:44.524331 localhost kernel:   DMA32    [mem 0x0000000001000000-0x00000000ffffffff]
Apr 16 21:00:44.524339 localhost kernel:   Normal   [mem 0x0000000100000000-0x000000012fffffff]
Apr 16 21:00:44.524348 localhost kernel: Movable zone start for each node
Apr 16 21:00:44.524358 localhost kernel: Early memory node ranges
Apr 16 21:00:44.524367 localhost kernel:   node   0: [mem 0x0000000000001000-0x000000000009efff]
Apr 16 21:00:44.524379 localhost kernel:   node   0: [mem 0x0000000000100000-0x00000000bfffcfff]
Apr 16 21:00:44.524388 localhost kernel:   node   0: [mem 0x0000000100000000-0x000000012fffffff]
Apr 16 21:00:44.524398 localhost kernel: Initmem setup node 0 [mem 0x0000000000001000-0x000000012fffffff]
Apr 16 21:00:44.524407 localhost kernel: On node 0 totalpages: 982939
Apr 16 21:00:44.524416 localhost kernel:   DMA zone: 64 pages used for memmap
Apr 16 21:00:44.524425 localhost kernel:   DMA zone: 21 pages reserved
Apr 16 21:00:44.524435 localhost kernel:   DMA zone: 3998 pages, LIFO batch:0
Apr 16 21:00:44.524444 localhost kernel:   DMA32 zone: 12224 pages used for memmap
Apr 16 21:00:44.524453 localhost kernel:   DMA32 zone: 782333 pages, LIFO batch:31
Apr 16 21:00:44.524462 localhost kernel:   Normal zone: 3072 pages used for memmap
Apr 16 21:00:44.524472 localhost kernel:   Normal zone: 196608 pages, LIFO batch:31
Apr 16 21:00:44.524482 localhost kernel: ACPI: Local APIC address 0xfee00000
Apr 16 21:00:44.524490 localhost kernel: ACPI: LAPIC_NMI (acpi_id[0xff] dfl dfl lint[0x1])
Apr 16 21:00:44.524502 localhost kernel: IOAPIC[0]: apic_id 0, version 17, address 0xfec00000, GSI 0-23
Apr 16 21:00:44.524512 localhost kernel: ACPI: INT_SRC_OVR (bus 0 bus_irq 5 global_irq 5 high level)
Apr 16 21:00:44.524521 localhost kernel: ACPI: INT_SRC_OVR (bus 0 bus_irq 9 global_irq 9 high level)
Apr 16 21:00:44.524531 localhost kernel: ACPI: INT_SRC_OVR (bus 0 bus_irq 10 global_irq 10 high level)
Apr 16 21:00:44.524539 localhost kernel: ACPI: INT_SRC_OVR (bus 0 bus_irq 11 global_irq 11 high level)
Apr 16 21:00:44.524548 localhost kernel: ACPI: IRQ5 used by override.
Apr 16 21:00:44.524557 localhost kernel: ACPI: IRQ9 used by override.
Apr 16 21:00:44.524566 localhost kernel: ACPI: IRQ10 used by override.
Apr 16 21:00:44.524575 localhost kernel: ACPI: IRQ11 used by override.
Apr 16 21:00:44.524584 localhost kernel: Using ACPI (MADT) for SMP configuration information
Apr 16 21:00:44.528048 localhost kernel: smpboot: Allowing 1 CPUs, 0 hotplug CPUs
Apr 16 21:00:44.528111 localhost kernel: e820: [mem 0xc0000000-0xfffbbfff] available for PCI devices
Apr 16 21:00:44.528129 localhost kernel: Booting paravirtualized kernel on KVM
Apr 16 21:00:44.528139 localhost kernel: clocksource: refined-jiffies: mask: 0xffffffff max_cycles: 0xffffffff, max_idle_ns: 1910969940391419 ns
Apr 16 21:00:44.528149 localhost kernel: random: get_random_bytes called from start_kernel+0x8c/0x487 with crng_init=0
Apr 16 21:00:44.528159 localhost kernel: setup_percpu: NR_CPUS:256 nr_cpumask_bits:256 nr_cpu_ids:1 nr_node_ids:1
Apr 16 21:00:44.528168 localhost kernel: percpu: Embedded 44 pages/cpu @ffff9e1d6fc00000 s140136 r8192 d31896 u2097152
Apr 16 21:00:44.528178 localhost kernel: pcpu-alloc: s140136 r8192 d31896 u2097152 alloc=1*2097152
Apr 16 21:00:44.528187 localhost kernel: pcpu-alloc: [0] 0 
Apr 16 21:00:44.528196 localhost kernel: Built 1 zonelists, mobility grouping on.  Total pages: 967558
Apr 16 21:00:44.528205 localhost kernel: Policy zone: Normal
Apr 16 21:00:44.528220 localhost kernel: Kernel command line: BOOT_IMAGE=/syslinux/vmlinuz.A init=/usr/lib/systemd/systemd boot=local rootwait ro noresume noswap loglevel=7 noinitrd console=ttyS0 vsyscall=emulate security=apparmor virtio_net.napi_tx=1 systemd.unified_cgroup_hierarchy=false systemd.legacy_systemd_cgroup_controller=true csm.disabled=1 dm_verity.error_behavior=3 dm_verity.max_bios=-1 dm_verity.dev_wait=1 i915.modeset=1 cros_efi root=/dev/dm-0 "dm=1 vroot none ro 1,0 2539520 verity payload=PARTUUID=71913957-D6B1-8948-AFA7-574E312FC408 hashtree=PARTUUID=71913957-D6B1-8948-AFA7-574E312FC408 hashstart=2539520 alg=sha1 root_hexdigest=e582525d12c5f702e39eca88f648e851195d84f7 salt=331684cac74749b4944aedce8c7e5dd9abed70e63b61b9be00d8c9efd9d17444"
Apr 16 21:00:44.528236 localhost kernel: device-mapper: init: will configure 1 devices
Apr 16 21:00:44.528257 localhost kernel: PID hash table entries: 4096 (order: 3, 32768 bytes)
Apr 16 21:00:44.528268 localhost kernel: Memory: 3782080K/3931756K available (10252K kernel code, 1149K rwdata, 2056K rodata, 1360K init, 540K bss, 149676K reserved, 0K cma-reserved)
Apr 16 21:00:44.528279 localhost kernel: SLUB: HWalign=64, Order=0-3, MinObjects=0, CPUs=1, Nodes=1
Apr 16 21:00:44.528299 localhost kernel: Kernel/User page tables isolation: enabled
Apr 16 21:00:44.528835 localhost kernel: ftrace: allocating 26803 entries in 105 pages
Apr 16 21:00:44.528852 localhost kernel: Hierarchical RCU implementation.
Apr 16 21:00:44.528864 localhost kernel:         RCU restricting CPUs from NR_CPUS=256 to nr_cpu_ids=1.
Apr 16 21:00:44.528875 localhost kernel: RCU: Adjusting geometry for rcu_fanout_leaf=16, nr_cpu_ids=1
Apr 16 21:00:44.528885 localhost kernel: NR_IRQS: 16640, nr_irqs: 256, preallocated irqs: 16
Apr 16 21:00:44.528895 localhost kernel: console [ttyS0] enabled
Apr 16 21:00:44.528904 localhost kernel: clocksource: tsc-early: mask: 0xffffffffffffffff max_cycles: 0x212735223b2, max_idle_ns: 440795277976 ns
Apr 16 21:00:44.528914 localhost kernel: Calibrating delay loop (skipped) preset value.. 4600.00 BogoMIPS (lpj=2300000)
Apr 16 21:00:44.528924 localhost kernel: pid_max: default: 32768 minimum: 301
Apr 16 21:00:44.528934 localhost kernel: ACPI: Core revision 20170728
Apr 16 21:00:44.528949 localhost kernel: ACPI: 2 ACPI AML tables successfully acquired and loaded
Apr 16 21:00:44.528967 localhost kernel: Security Framework initialized
Apr 16 21:00:44.528977 localhost kernel: Yama: becoming mindful.
Apr 16 21:00:44.528989 localhost kernel: LoadPin: ready to pin (currently enabled)
Apr 16 21:00:44.528999 localhost kernel: Chromium OS LSM: enabled
Apr 16 21:00:44.529009 localhost kernel: AppArmor: AppArmor initialized
Apr 16 21:00:44.529019 localhost kernel: Dentry cache hash table entries: 524288 (order: 10, 4194304 bytes)
Apr 16 21:00:44.529303 localhost kernel: Inode-cache hash table entries: 262144 (order: 9, 2097152 bytes)
Apr 16 21:00:44.529315 localhost kernel: Mount-cache hash table entries: 8192 (order: 4, 65536 bytes)
Apr 16 21:00:44.529330 localhost kernel: Mountpoint-cache hash table entries: 8192 (order: 4, 65536 bytes)
Apr 16 21:00:44.529341 localhost kernel: Last level iTLB entries: 4KB 1024, 2MB 1024, 4MB 1024
Apr 16 21:00:44.529352 localhost kernel: Last level dTLB entries: 4KB 1024, 2MB 1024, 4MB 1024, 1GB 4
Apr 16 21:00:44.529363 localhost kernel: Spectre V2 : Mitigation: Full generic retpoline
Apr 16 21:00:44.529373 localhost kernel: Spectre V2 : Spectre v2 / SpectreRSB mitigation: Filling RSB on context switch
Apr 16 21:00:44.529386 localhost kernel: Spectre V2 : Enabling Restricted Speculation for firmware calls
Apr 16 21:00:44.529401 localhost kernel: Spectre V2 : mitigation: Enabling conditional Indirect Branch Prediction Barrier
Apr 16 21:00:44.529411 localhost kernel: Speculative Store Bypass: Mitigation: Speculative Store Bypass disabled via prctl and seccomp
Apr 16 21:00:44.529421 localhost kernel: Freeing SMP alternatives memory: 28K
Apr 16 21:00:44.529431 localhost kernel: smpboot: Max logical packages: 1
Apr 16 21:00:44.529445 localhost kernel: x2apic enabled
Apr 16 21:00:44.529455 localhost kernel: Switched APIC routing to physical x2apic.
Apr 16 21:00:44.529465 localhost kernel: ..TIMER: vector=0x30 apic1=0 pin1=0 apic2=-1 pin2=-1
Apr 16 21:00:44.529475 localhost kernel: smpboot: CPU0: Intel(R) Xeon(R) CPU @ 2.30GHz (family: 0x6, model: 0x3f, stepping: 0x0)
Apr 16 21:00:44.529485 localhost kernel: Performance Events: unsupported p6 CPU model 63 no PMU driver, software events only.
Apr 16 21:00:44.529495 localhost kernel: Hierarchical SRCU implementation.
Apr 16 21:00:44.529505 localhost kernel: random: crng done (trusting CPU's manufacturer)
Apr 16 21:00:44.529515 localhost kernel: NMI watchdog: Perf event create on CPU 0 failed with -2
Apr 16 21:00:44.529525 localhost kernel: NMI watchdog: Perf NMI watchdog permanently disabled
Apr 16 21:00:44.530272 localhost kernel: smp: Bringing up secondary CPUs ...
Apr 16 21:00:44.530285 localhost kernel: smp: Brought up 1 node, 1 CPU
Apr 16 21:00:44.530296 localhost kernel: smpboot: Total of 1 processors activated (4600.00 BogoMIPS)
Apr 16 21:00:44.530306 localhost kernel: devtmpfs: initialized
Apr 16 21:00:44.530317 localhost kernel: clocksource: jiffies: mask: 0xffffffff max_cycles: 0xffffffff, max_idle_ns: 1911260446275000 ns
Apr 16 21:00:44.530330 localhost kernel: futex hash table entries: 256 (order: 2, 16384 bytes)
Apr 16 21:00:44.531710 localhost kernel: RTC time: 21:00:43, date: 04/16/19
Apr 16 21:00:44.531726 localhost kernel: NET: Registered protocol family 16
Apr 16 21:00:44.531736 localhost kernel: cpuidle: using governor ladder
Apr 16 21:00:44.531747 localhost kernel: cpuidle: using governor menu
Apr 16 21:00:44.531759 localhost kernel: clocksource: Switched to clocksource kvm-clock
Apr 16 21:00:44.531769 localhost kernel: ACPI: bus type PCI registered
Apr 16 21:00:44.531780 localhost kernel: PCI: Using configuration type 1 for base access
Apr 16 21:00:44.531790 localhost kernel: HugeTLB registered 2.00 MiB page size, pre-allocated 0 pages
Apr 16 21:00:44.531800 localhost kernel: ACPI: Added _OSI(Module Device)
Apr 16 21:00:44.531817 localhost kernel: ACPI: Added _OSI(Processor Device)
Apr 16 21:00:44.531827 localhost kernel: ACPI: Added _OSI(3.0 _SCP Extensions)
Apr 16 21:00:44.531837 localhost kernel: ACPI: Added _OSI(Processor Aggregator Device)
Apr 16 21:00:44.531847 localhost kernel: ACPI: Executed 2 blocks of module-level executable AML code
Apr 16 21:00:44.531857 localhost kernel: ACPI: Interpreter enabled
Apr 16 21:00:44.531867 localhost kernel: ACPI: (supports S0 S3 S5)
Apr 16 21:00:44.531885 localhost kernel: ACPI: Using IOAPIC for interrupt routing
Apr 16 21:00:44.531896 localhost kernel: PCI: Using host bridge windows from ACPI; if necessary, use "pci=nocrs" and report a bug
Apr 16 21:00:44.531905 localhost kernel: ACPI: Enabled 16 GPEs in block 00 to 0F
Apr 16 21:00:44.531918 localhost kernel: ACPI: PCI Root Bridge [PCI0] (domain 0000 [bus 00-ff])
Apr 16 21:00:44.535096 localhost kernel: acpi PNP0A03:00: _OSC: OS supports [ASPM ClockPM Segments MSI]
Apr 16 21:00:44.535204 localhost kernel: acpi PNP0A03:00: _OSC failed (AE_NOT_FOUND); disabling ASPM
Apr 16 21:00:44.535265 localhost kernel: acpi PNP0A03:00: fail to add MMCONFIG information, can't access extended PCI configuration space under this bridge.
Apr 16 21:00:44.535279 localhost kernel: PCI host bridge to bus 0000:00
Apr 16 21:00:44.535347 localhost kernel: pci_bus 0000:00: root bus resource [io  0x0000-0x0cf7 window]
Apr 16 21:00:44.535395 localhost kernel: pci_bus 0000:00: root bus resource [io  0x0d00-0xffff window]
Apr 16 21:00:44.535449 localhost kernel: pci_bus 0000:00: root bus resource [mem 0x000a0000-0x000bffff window]
Apr 16 21:00:44.535497 localhost kernel: pci_bus 0000:00: root bus resource [mem 0xc0000000-0xfebfffff window]
Apr 16 21:00:44.535543 localhost kernel: pci_bus 0000:00: root bus resource [bus 00-ff]
Apr 16 21:00:44.537163 localhost kernel: pci 0000:00:00.0: [8086:1237] type 00 class 0x060000
Apr 16 21:00:44.537243 localhost kernel: pci 0000:00:01.0: [8086:7110] type 00 class 0x060100
Apr 16 21:00:44.538102 localhost kernel: pci 0000:00:01.3: [8086:7113] type 00 class 0x068000
Apr 16 21:00:44.538198 localhost kernel: pci 0000:00:01.3: quirk: [io  0xb000-0xb03f] claimed by PIIX4 ACPI
Apr 16 21:00:44.538270 localhost kernel: pci 0000:00:03.0: [1af4:1004] type 00 class 0x000000
Apr 16 21:00:44.538328 localhost kernel: pci 0000:00:03.0: reg 0x10: [io  0xc000-0xc03f]
Apr 16 21:00:44.538383 localhost kernel: pci 0000:00:03.0: reg 0x14: [mem 0xfebfe000-0xfebfe07f]
Apr 16 21:00:44.538441 localhost kernel: pci 0000:00:04.0: [1af4:1000] type 00 class 0x020000
Apr 16 21:00:44.538495 localhost kernel: pci 0000:00:04.0: reg 0x10: [io  0xc040-0xc07f]
Apr 16 21:00:44.538552 localhost kernel: pci 0000:00:04.0: reg 0x14: [mem 0xfebff000-0xfebff03f]
Apr 16 21:00:44.538564 localhost kernel: ACPI: PCI Interrupt Link [LNKA] (IRQs 5 *10 11)
Apr 16 21:00:44.538574 localhost kernel: ACPI: PCI Interrupt Link [LNKB] (IRQs 5 *10 11)
Apr 16 21:00:44.538585 localhost kernel: ACPI: PCI Interrupt Link [LNKC] (IRQs 5 10 *11)
Apr 16 21:00:44.538595 localhost kernel: ACPI: PCI Interrupt Link [LNKD] (IRQs 5 10 *11)
Apr 16 21:00:44.538605 localhost kernel: ACPI: PCI Interrupt Link [LNKS] (IRQs *9)
Apr 16 21:00:44.538615 localhost kernel: SCSI subsystem initialized
Apr 16 21:00:44.538627 localhost kernel: libata version 3.00 loaded.
Apr 16 21:00:44.538637 localhost kernel: PCI: Using ACPI for IRQ routing
Apr 16 21:00:44.538651 localhost kernel: PCI: pci_cache_line_size set to 64 bytes
Apr 16 21:00:44.538660 localhost kernel: e820: reserve RAM buffer [mem 0x0009fc00-0x0009ffff]
Apr 16 21:00:44.538671 localhost kernel: e820: reserve RAM buffer [mem 0xbfffd000-0xbfffffff]
Apr 16 21:00:44.538680 localhost kernel: VFS: Disk quotas dquot_6.6.0
Apr 16 21:00:44.538691 localhost kernel: VFS: Dquot-cache hash table entries: 512 (order 0, 4096 bytes)
Apr 16 21:00:44.538700 localhost kernel: AppArmor: AppArmor Filesystem Enabled
Apr 16 21:00:44.538716 localhost kernel: pnp: PnP ACPI init
Apr 16 21:00:44.538775 localhost kernel: pnp 00:00: Plug and Play ACPI device, IDs PNP0b00 (active)
Apr 16 21:00:44.538833 localhost kernel: pnp 00:01: Plug and Play ACPI device, IDs PNP0303 (active)
Apr 16 21:00:44.538882 localhost kernel: pnp 00:02: Plug and Play ACPI device, IDs PNP0f13 (active)
Apr 16 21:00:44.538932 localhost kernel: pnp 00:03: Plug and Play ACPI device, IDs PNP0501 (active)
Apr 16 21:00:44.538984 localhost kernel: pnp 00:04: Plug and Play ACPI device, IDs PNP0501 (active)
Apr 16 21:00:44.542097 localhost kernel: pnp 00:05: Plug and Play ACPI device, IDs PNP0501 (active)
Apr 16 21:00:44.542179 localhost kernel: pnp 00:06: Plug and Play ACPI device, IDs PNP0501 (active)
Apr 16 21:00:44.542200 localhost kernel: pnp: PnP ACPI: found 7 devices
Apr 16 21:00:44.542370 localhost kernel: pci_bus 0000:00: resource 4 [io  0x0000-0x0cf7 window]
Apr 16 21:00:44.542423 localhost kernel: pci_bus 0000:00: resource 5 [io  0x0d00-0xffff window]
Apr 16 21:00:44.542468 localhost kernel: pci_bus 0000:00: resource 6 [mem 0x000a0000-0x000bffff window]
Apr 16 21:00:44.542513 localhost kernel: pci_bus 0000:00: resource 7 [mem 0xc0000000-0xfebfffff window]
Apr 16 21:00:44.542525 localhost kernel: NET: Registered protocol family 2
Apr 16 21:00:44.542536 localhost kernel: TCP established hash table entries: 32768 (order: 6, 262144 bytes)
Apr 16 21:00:44.542546 localhost kernel: TCP bind hash table entries: 32768 (order: 8, 1048576 bytes)
Apr 16 21:00:44.542561 localhost kernel: TCP: Hash tables configured (established 32768 bind 32768)
Apr 16 21:00:44.542571 localhost kernel: UDP hash table entries: 2048 (order: 5, 196608 bytes)
Apr 16 21:00:44.542581 localhost kernel: UDP-Lite hash table entries: 2048 (order: 5, 196608 bytes)
Apr 16 21:00:44.542590 localhost kernel: NET: Registered protocol family 1
Apr 16 21:00:44.542653 localhost kernel: pci 0000:00:00.0: Limiting direct PCI/PCI transfers
Apr 16 21:00:44.542666 localhost kernel: PCI: CLS 0 bytes, default 64
Apr 16 21:00:44.542676 localhost kernel: PCI-DMA: Using software bounce buffering for IO (SWIOTLB)
Apr 16 21:00:44.542686 localhost kernel: software IO TLB: mapped [mem 0xbbffd000-0xbfffd000] (64MB)
Apr 16 21:00:44.542696 localhost kernel: RAPL PMU: API unit is 2^-32 Joules, 4 fixed counters, 10737418240 ms ovfl timer
Apr 16 21:00:44.542710 localhost kernel: RAPL PMU: hw unit of domain pp0-core 2^-0 Joules
Apr 16 21:00:44.542720 localhost kernel: RAPL PMU: hw unit of domain package 2^-0 Joules
Apr 16 21:00:44.542730 localhost kernel: RAPL PMU: hw unit of domain dram 2^-0 Joules
Apr 16 21:00:44.542740 localhost kernel: RAPL PMU: hw unit of domain pp1-gpu 2^-0 Joules
Apr 16 21:00:44.542751 localhost kernel: clocksource: tsc: mask: 0xffffffffffffffff max_cycles: 0x212735223b2, max_idle_ns: 440795277976 ns
Apr 16 21:00:44.542762 localhost kernel: Scanning for low memory corruption every 60 seconds
Apr 16 21:00:44.542772 localhost kernel: audit: initializing netlink subsys (disabled)
Apr 16 21:00:44.542782 localhost kernel: Initialise system trusted keyrings
Apr 16 21:00:44.542794 localhost kernel: audit: type=2000 audit(1555448443.275:1): state=initialized audit_enabled=0 res=1
Apr 16 21:00:44.542804 localhost kernel: workingset: timestamp_bits=40 max_order=20 bucket_order=0
Apr 16 21:00:44.542817 localhost kernel: Key type asymmetric registered
Apr 16 21:00:44.544158 localhost kernel: Asymmetric key parser 'x509' registered
Apr 16 21:00:44.544191 localhost kernel: Block layer SCSI generic (bsg) driver version 0.4 loaded (major 250)
Apr 16 21:00:44.544202 localhost kernel: io scheduler noop registered (default)
Apr 16 21:00:44.544213 localhost kernel: io scheduler deadline registered
Apr 16 21:00:44.544223 localhost kernel: io scheduler cfq registered
Apr 16 21:00:44.544233 localhost kernel: io scheduler mq-deadline registered
Apr 16 21:00:44.544243 localhost kernel: intel_idle: Please enable MWAIT in BIOS SETUP
Apr 16 21:00:44.544261 localhost kernel: input: Power Button as /devices/LNXSYSTM:00/LNXPWRBN:00/input/input0
Apr 16 21:00:44.544277 localhost kernel: ACPI: Power Button [PWRF]
Apr 16 21:00:44.544287 localhost kernel: input: Sleep Button as /devices/LNXSYSTM:00/LNXSLPBN:00/input/input1
Apr 16 21:00:44.544297 localhost kernel: ACPI: Sleep Button [SLPF]
Apr 16 21:00:44.544307 localhost kernel: ACPI: PCI Interrupt Link [LNKC] enabled at IRQ 11
Apr 16 21:00:44.544389 localhost kernel: virtio-pci 0000:00:03.0: virtio_pci: leaving for legacy driver
Apr 16 21:00:44.544402 localhost kernel: ACPI: PCI Interrupt Link [LNKD] enabled at IRQ 10
Apr 16 21:00:44.544461 localhost kernel: virtio-pci 0000:00:04.0: virtio_pci: leaving for legacy driver
Apr 16 21:00:44.544474 localhost kernel: Serial: 8250/16550 driver, 4 ports, IRQ sharing disabled
Apr 16 21:00:44.544484 localhost kernel: 00:03: ttyS0 at I/O 0x3f8 (irq = 4, base_baud = 115200) is a 16550A
Apr 16 21:00:44.544497 localhost kernel: 00:04: ttyS1 at I/O 0x2f8 (irq = 3, base_baud = 115200) is a 16550A
Apr 16 21:00:44.544507 localhost kernel: 00:05: ttyS2 at I/O 0x3e8 (irq = 6, base_baud = 115200) is a 16550A
Apr 16 21:00:44.544517 localhost kernel: 00:06: ttyS3 at I/O 0x2e8 (irq = 7, base_baud = 115200) is a 16550A
Apr 16 21:00:44.544527 localhost kernel: Non-volatile memory driver v1.3
Apr 16 21:00:44.544537 localhost kernel: loop: module loaded
Apr 16 21:00:44.547062 localhost kernel: scsi host0: Virtio SCSI HBA
Apr 16 21:00:44.547270 localhost kernel: scsi 0:0:1:0: Direct-Access     Google   PersistentDisk   1    PQ: 0 ANSI: 6
Apr 16 21:00:44.547351 localhost kernel: scsi 0:0:2:0: Direct-Access     Google   PersistentDisk   1    PQ: 0 ANSI: 6
Apr 16 21:00:44.547372 localhost kernel: i8042: PNP: PS/2 Controller [PNP0303:KBD,PNP0f13:MOU] at 0x60,0x64 irq 1,12
Apr 16 21:00:44.547383 localhost kernel: i8042: Warning: Keylock active
Apr 16 21:00:44.547394 localhost kernel: serio: i8042 KBD port at 0x60,0x64 irq 1
Apr 16 21:00:44.547409 localhost kernel: serio: i8042 AUX port at 0x60,0x64 irq 12
Apr 16 21:00:44.547465 localhost kernel: rtc_cmos 00:00: RTC can wake from S4
Apr 16 21:00:44.547519 localhost kernel: rtc_cmos 00:00: registered as rtc0
Apr 16 21:00:44.547565 localhost kernel: rtc_cmos 00:00: alarms up to one day, 114 bytes nvram
Apr 16 21:00:44.547577 localhost kernel: iTCO_wdt: Intel TCO WatchDog Timer Driver v1.11
Apr 16 21:00:44.547591 localhost kernel: iTCO_vendor_support: vendor-support=0
Apr 16 21:00:44.547602 localhost kernel: device-mapper: ioctl: 4.37.0-ioctl (2017-09-20) initialised: dm-devel@redhat.com
Apr 16 21:00:44.547612 localhost kernel: device-mapper: verity-chromeos: dm-verity-chromeos registered
Apr 16 21:00:44.547623 localhost kernel: Mirror/redirect action on
Apr 16 21:00:44.547633 localhost kernel: Netfilter messages via NETLINK v0.30.
Apr 16 21:00:44.547643 localhost kernel: nf_conntrack version 0.5.0 (16384 buckets, 65536 max)
Apr 16 21:00:44.547656 localhost kernel: ctnetlink v0.93: registering with nfnetlink.
Apr 16 21:00:44.547668 localhost kernel: ip_tables: (C) 2000-2006 Netfilter Core Team
Apr 16 21:00:44.547678 localhost kernel: Initializing XFRM netlink socket
Apr 16 21:00:44.547689 localhost kernel: NET: Registered protocol family 10
Apr 16 21:00:44.547757 localhost kernel: sd 0:0:2:0: [sdb] 41943040 512-byte logical blocks: (21.5 GB/20.0 GiB)
Apr 16 21:00:44.547823 localhost kernel: sd 0:0:2:0: [sdb] 4096-byte physical blocks
Apr 16 21:00:44.547884 localhost kernel: sd 0:0:1:0: [sda] 41943040 512-byte logical blocks: (21.5 GB/20.0 GiB)
Apr 16 21:00:44.547943 localhost kernel: sd 0:0:1:0: [sda] 4096-byte physical blocks
Apr 16 21:00:44.548003 localhost kernel: sd 0:0:1:0: [sda] Write Protect is off
Apr 16 21:00:44.553951 localhost kernel: sd 0:0:1:0: [sda] Mode Sense: 1f 00 00 08
Apr 16 21:00:44.560018 localhost kernel: sd 0:0:2:0: [sdb] Write Protect is off
Apr 16 21:00:44.560310 localhost kernel: sd 0:0:2:0: [sdb] Mode Sense: 1f 00 00 08
Apr 16 21:00:44.560325 localhost kernel: Segment Routing with IPv6
Apr 16 21:00:44.560338 localhost kernel: NET: Registered protocol family 17
Apr 16 21:00:44.560348 localhost kernel: bridge: filtering via arp/ip/ip6tables is no longer available by default. Update your scripts to load br_netfilter if you need this.
Apr 16 21:00:44.560359 localhost kernel: sched_clock: Marking stable (736524125, 0)->(1253179614, -516655489)
Apr 16 21:00:44.560426 localhost kernel: sd 0:0:1:0: [sda] Write cache: enabled, read cache: enabled, doesn't support DPO or FUA
Apr 16 21:00:44.560489 localhost kernel: sd 0:0:2:0: [sdb] Write cache: enabled, read cache: enabled, doesn't support DPO or FUA
Apr 16 21:00:44.560501 localhost kernel: registered taskstats version 1
Apr 16 21:00:44.560514 localhost kernel: Loading compiled-in X.509 certificates
Apr 16 21:00:44.560525 localhost kernel: Loaded X.509 cert 'Google LLC: Container-Optimized OS kernel signing key: cdd9ce572db9e71668e71b5a9113908047a21771'
Apr 16 21:00:44.560535 localhost kernel: Loaded X.509 cert 'Google: Container-Optimized OS: 2efea493fc148b35859d0bc8c3dd71a139fc7ab411283e06f6c10b5a6b17e355'
Apr 16 21:00:44.560552 localhost kernel: AppArmor: AppArmor sha1 policy hashing enabled
Apr 16 21:00:44.560563 localhost kernel: ima: No TPM chip found, activating TPM-bypass! (rc=-19)
Apr 16 21:00:44.560572 localhost kernel: ima: Allocated hash algorithm: sha256
Apr 16 21:00:44.560583 localhost kernel:   Magic number: 15:379:45
Apr 16 21:00:44.560643 localhost kernel: sd 0:0:2:0: [sdb] Attached SCSI disk
Apr 16 21:00:44.560654 localhost kernel: GPT:Primary header thinks Alt. header is not at the end of the disk.
Apr 16 21:00:44.560668 localhost kernel: GPT:18874524 != 41943039
Apr 16 21:00:44.560678 localhost kernel: GPT:Alternate GPT header not at the end of the disk.
Apr 16 21:00:44.560688 localhost kernel: GPT:18874524 != 41943039
Apr 16 21:00:44.560697 localhost kernel: GPT: Use GNU Parted to correct GPT errors.
Apr 16 21:00:44.560707 localhost kernel:  sda: sda1 sda2 sda3 sda4 sda5 sda6 sda7 sda8 sda9 sda10 sda11 sda12
Apr 16 21:00:44.560768 localhost kernel: sd 0:0:1:0: [sda] Attached SCSI disk
Apr 16 21:00:44.560779 localhost kernel: device-mapper: init: attempting early device configuration.
Apr 16 21:00:44.560790 localhost kernel: device-mapper: init: adding target '0 2539520 verity payload=PARTUUID=71913957-D6B1-8948-AFA7-574E312FC408 hashtree=PARTUUID=71913957-D6B1-8948-AFA7-574E312FC408 hashstart=2539520 alg=sha1 root_hexdigest=e582525d12c5f702e39eca88f648e851195d84f7 salt=331684cac74749b4944aedce8c7e5dd9abed70e63b61b9be00d8c9efd9d17444'
Apr 16 21:00:44.560805 localhost kernel: device-mapper: verity: Argument 0: 'payload=PARTUUID=71913957-D6B1-8948-AFA7-574E312FC408'
Apr 16 21:00:44.560814 localhost kernel: device-mapper: verity: Argument 1: 'hashtree=PARTUUID=71913957-D6B1-8948-AFA7-574E312FC408'
Apr 16 21:00:44.560824 localhost kernel: device-mapper: verity: Argument 2: 'hashstart=2539520'
Apr 16 21:00:44.560835 localhost kernel: device-mapper: verity: Argument 3: 'alg=sha1'
Apr 16 21:00:44.560845 localhost kernel: device-mapper: verity: Argument 4: 'root_hexdigest=e582525d12c5f702e39eca88f648e851195d84f7'
Apr 16 21:00:44.560856 localhost kernel: device-mapper: verity: Argument 5: 'salt=331684cac74749b4944aedce8c7e5dd9abed70e63b61b9be00d8c9efd9d17444'
Apr 16 21:00:44.560865 localhost kernel: device-mapper: init: dm-0 is ready
Apr 16 21:00:44.560875 localhost kernel: EXT4-fs (dm-0): mounting ext2 file system using the ext4 subsystem
Apr 16 21:00:44.560884 localhost kernel: EXT4-fs (dm-0): mounted filesystem without journal. Opts: (null)
Apr 16 21:00:44.560898 localhost kernel: VFS: Mounted root (ext2 filesystem) readonly on device 254:0.
Apr 16 21:00:44.560907 localhost kernel: devtmpfs: mounted
Apr 16 21:00:44.560917 localhost kernel: Freeing unused kernel memory: 1360K
Apr 16 21:00:44.560927 localhost kernel: Write protecting the kernel read-only data: 16384k
Apr 16 21:00:44.560937 localhost kernel: Freeing unused kernel memory: 2012K
Apr 16 21:00:44.560946 localhost kernel: Freeing unused kernel memory: 2040K
Apr 16 21:00:44.560960 localhost systemd[1]: systemd 232 running in system mode. (+PAM +AUDIT -SELINUX +IMA +APPARMOR +SMACK -SYSVINIT -UTMP -LIBCRYPTSETUP +GCRYPT -GNUTLS -ACL -XZ +LZ4 +SECCOMP +BLKID -ELFUTILS +KMOD -IDN)
Apr 16 21:00:44.560974 localhost systemd[1]: Detected virtualization kvm.
Apr 16 21:00:44.560990 localhost systemd[1]: Detected architecture x86-64.
Apr 16 21:00:44.561001 localhost systemd[1]: Initializing machine ID from KVM UUID.
Apr 16 21:00:44.561012 localhost systemd[1]: Installed transient /etc/machine-id file.
Apr 16 21:00:44.564775 localhost systemd[1]: Listening on Network Service Netlink Socket.
Apr 16 21:00:44.564824 localhost systemd[1]: Reached target Remote File Systems.
Apr 16 21:00:44.564836 localhost systemd[1]: Created slice User and Session Slice.
Apr 16 21:00:44.564848 localhost systemd[1]: Listening on Process Core Dump Socket.
Apr 16 21:00:44.564859 localhost systemd[1]: Listening on udev Control Socket.
Apr 16 21:00:44.691788 localhost kernel: LoadPin: dev(254,0): read-only
Apr 16 21:00:44.691888 localhost kernel: LoadPin: load pinning engaged.
Apr 16 21:00:44.697137 localhost kernel: LoadPin: kernel-module pinned obj="/lib/modules/4.14.94+/kernel/arch/x86/crypto/glue_helper.ko" pid=122 cmdline="/usr/lib/systemd/systemd-udevd"
Apr 16 21:00:44.779051 localhost kernel: AVX2 version of gcm_enc/dec engaged.
Apr 16 21:00:44.779192 localhost kernel: AES CTR mode by8 optimization enabled
Apr 16 21:00:44.807409 localhost kernel: EXT4-fs (sda8): mounted filesystem with ordered data mode. Opts: (null)
Apr 16 21:00:44.941784 localhost kernel: EXT4-fs (sda1): mounted filesystem with ordered data mode. Opts: commit=30
Apr 16 21:00:45.047298 localhost kernel: EXT4-fs (sda1): re-mounted. Opts: commit=30,data=ordered
Apr 16 21:00:45.047386 localhost kernel: EXT4-fs (sda1): re-mounted. Opts: commit=30,data=ordered
Apr 16 21:00:45.047402 localhost kernel: EXT4-fs (sda1): re-mounted. Opts: commit=30,data=ordered
Apr 16 21:00:45.221100 localhost kernel: EXT4-fs (sda1): resizing filesystem from 1271296 to 4154875 blocks
Apr 16 21:00:45.885488 localhost kernel: EXT4-fs (sda1): resized filesystem to 4154875
Apr 16 21:00:47.108053 e2e-test-peterhornyack-master kernel: ip6_tables: (C) 2000-2006 Netfilter Core Team
Apr 16 21:00:48.931110 e2e-test-peterhornyack-master kernel: Bridge firewalling registered
Apr 16 21:00:49.290206 e2e-test-peterhornyack-master kernel: IPv6: ADDRCONF(NETDEV_UP): docker0: link is not ready
Apr 16 21:00:57.446596 e2e-test-peterhornyack-master kernel: EXT4-fs (sda1): re-mounted. Opts: commit=30,data=ordered
Apr 16 21:02:39.318577 e2e-test-peterhornyack-master kernel: EXT4-fs (sda1): re-mounted. Opts: commit=30,data=ordered
Apr 16 21:02:40.087610 e2e-test-peterhornyack-master kernel: Unsafe core_pattern used with fs.suid_dumpable=2.
                                                             Pipe handler or fully qualified core dump path required.
                                                             Set kernel.core_pattern before fs.suid_dumpable.
Apr 16 21:02:42.144882 e2e-test-peterhornyack-master kernel: EXT4-fs (sdb): mounted filesystem with ordered data mode. Opts: discard
Apr 16 21:02:50.244446 e2e-test-peterhornyack-master kernel: EXT4-fs (sda1): re-mounted. Opts: commit=30,data=ordered
