-- Logs begin at Tue 2019-03-19 16:46:07 UTC, end at Tue 2019-03-19 20:08:48 UTC. --
Mar 19 16:46:07.705175 localhost kernel: Linux version 4.14.94+ (chrome-bot@swarm-cros-645) (gcc version 4.9.x 20150123 (prerelease) (4.9.2_cos_gg_4.9.2-r200-ac6128e0a17a52f011797f33ac3e7d6273a9368d_4.9.2-r200)) #1 SMP Thu Feb 28 00:14:21 PST 2019
Mar 19 16:46:07.705335 localhost kernel: Command line: BOOT_IMAGE=/syslinux/vmlinuz.A init=/usr/lib/systemd/systemd boot=local rootwait ro noresume noswap loglevel=7 noinitrd console=ttyS0 vsyscall=emulate security=apparmor virtio_net.napi_tx=1 systemd.unified_cgroup_hierarchy=false systemd.legacy_systemd_cgroup_controller=true csm.disabled=1 dm_verity.error_behavior=3 dm_verity.max_bios=-1 dm_verity.dev_wait=1 i915.modeset=1 cros_efi root=/dev/dm-0 "dm=1 vroot none ro 1,0 2539520 verity payload=PARTUUID=71913957-D6B1-8948-AFA7-574E312FC408 hashtree=PARTUUID=71913957-D6B1-8948-AFA7-574E312FC408 hashstart=2539520 alg=sha1 root_hexdigest=e582525d12c5f702e39eca88f648e851195d84f7 salt=331684cac74749b4944aedce8c7e5dd9abed70e63b61b9be00d8c9efd9d17444"
Mar 19 16:46:07.705358 localhost kernel: x86/fpu: Supporting XSAVE feature 0x001: 'x87 floating point registers'
Mar 19 16:46:07.705368 localhost kernel: x86/fpu: Supporting XSAVE feature 0x002: 'SSE registers'
Mar 19 16:46:07.705377 localhost kernel: x86/fpu: Supporting XSAVE feature 0x004: 'AVX registers'
Mar 19 16:46:07.705388 localhost kernel: x86/fpu: xstate_offset[2]:  576, xstate_sizes[2]:  256
Mar 19 16:46:07.705535 localhost kernel: x86/fpu: Enabled xstate features 0x7, context size is 832 bytes, using 'standard' format.
Mar 19 16:46:07.705550 localhost kernel: e820: BIOS-provided physical RAM map:
Mar 19 16:46:07.705561 localhost kernel: BIOS-e820: [mem 0x0000000000000000-0x000000000009fbff] usable
Mar 19 16:46:07.705570 localhost kernel: BIOS-e820: [mem 0x000000000009fc00-0x000000000009ffff] reserved
Mar 19 16:46:07.705580 localhost kernel: BIOS-e820: [mem 0x00000000000f0000-0x00000000000fffff] reserved
Mar 19 16:46:07.705589 localhost kernel: BIOS-e820: [mem 0x0000000000100000-0x00000000bfffcfff] usable
Mar 19 16:46:07.705598 localhost kernel: BIOS-e820: [mem 0x00000000bfffd000-0x00000000bfffffff] reserved
Mar 19 16:46:07.705608 localhost kernel: BIOS-e820: [mem 0x00000000fffbc000-0x00000000ffffffff] reserved
Mar 19 16:46:07.705622 localhost kernel: BIOS-e820: [mem 0x0000000100000000-0x000000021fffffff] usable
Mar 19 16:46:07.705631 localhost kernel: NX (Execute Disable) protection: active
Mar 19 16:46:07.705740 localhost kernel: SMBIOS 2.4 present.
Mar 19 16:46:07.705755 localhost kernel: DMI: Google Google Compute Engine/Google Compute Engine, BIOS Google 01/01/2011
Mar 19 16:46:07.705765 localhost kernel: Hypervisor detected: KVM
Mar 19 16:46:07.705776 localhost kernel: kvm-clock: Using msrs 4b564d01 and 4b564d00
Mar 19 16:46:07.705786 localhost kernel: kvm-clock: cpu 0, msr 1314e6001, primary cpu clock
Mar 19 16:46:07.705795 localhost kernel: kvm-clock: using sched offset of 920918858 cycles
Mar 19 16:46:07.705805 localhost kernel: clocksource: kvm-clock: mask: 0xffffffffffffffff max_cycles: 0x1cd42e4dffb, max_idle_ns: 881590591483 ns
Mar 19 16:46:07.705815 localhost kernel: tsc: Initial usec timer 854551
Mar 19 16:46:07.705830 localhost kernel: tsc: Detected 2300.000 MHz processor
Mar 19 16:46:07.705839 localhost kernel: e820: update [mem 0x00000000-0x00000fff] usable ==> reserved
Mar 19 16:46:07.705849 localhost kernel: e820: remove [mem 0x000a0000-0x000fffff] usable
Mar 19 16:46:07.705859 localhost kernel: e820: last_pfn = 0x220000 max_arch_pfn = 0x400000000
Mar 19 16:46:07.705868 localhost kernel: MTRR default type: write-back
Mar 19 16:46:07.705878 localhost kernel: MTRR fixed ranges enabled:
Mar 19 16:46:07.705887 localhost kernel:   00000-9FFFF write-back
Mar 19 16:46:07.705896 localhost kernel:   A0000-BFFFF uncachable
Mar 19 16:46:07.705906 localhost kernel:   C0000-FFFFF write-protect
Mar 19 16:46:07.705927 localhost kernel: MTRR variable ranges enabled:
Mar 19 16:46:07.705936 localhost kernel:   0 base 0000C0000000 mask 3FFFC0000000 uncachable
Mar 19 16:46:07.705946 localhost kernel:   1 disabled
Mar 19 16:46:07.705958 localhost kernel:   2 disabled
Mar 19 16:46:07.705968 localhost kernel:   3 disabled
Mar 19 16:46:07.705977 localhost kernel:   4 disabled
Mar 19 16:46:07.705987 localhost kernel:   5 disabled
Mar 19 16:46:07.706002 localhost kernel:   6 disabled
Mar 19 16:46:07.706013 localhost kernel:   7 disabled
Mar 19 16:46:07.706023 localhost kernel: x86/PAT: Configuration [0-7]: WB  WC  UC- UC  WB  WP  UC- WT  
Mar 19 16:46:07.706032 localhost kernel: e820: last_pfn = 0xbfffd max_arch_pfn = 0x400000000
Mar 19 16:46:07.706042 localhost kernel: found SMP MP-table at [mem 0x000f2c70-0x000f2c7f] mapped at [ffffffffff200c70]
Mar 19 16:46:07.706054 localhost kernel: Scanning 1 areas for low memory corruption
Mar 19 16:46:07.706064 localhost kernel: Base memory trampoline at [ffff937680099000] 99000 size 24576
Mar 19 16:46:07.706073 localhost kernel: Using GB pages for direct mapping
Mar 19 16:46:07.706083 localhost kernel: BRK [0x13155a000, 0x13155afff] PGTABLE
Mar 19 16:46:07.706093 localhost kernel: BRK [0x13155b000, 0x13155bfff] PGTABLE
Mar 19 16:46:07.706102 localhost kernel: BRK [0x13155c000, 0x13155cfff] PGTABLE
Mar 19 16:46:07.706112 localhost kernel: BRK [0x13155d000, 0x13155dfff] PGTABLE
Mar 19 16:46:07.706121 localhost kernel: BRK [0x13155e000, 0x13155efff] PGTABLE
Mar 19 16:46:07.706131 localhost kernel: BRK [0x13155f000, 0x13155ffff] PGTABLE
Mar 19 16:46:07.706141 localhost kernel: BRK [0x131560000, 0x131560fff] PGTABLE
Mar 19 16:46:07.706150 localhost kernel: ACPI: Early table checksum verification disabled
Mar 19 16:46:07.706160 localhost kernel: ACPI: RSDP 0x00000000000F2A00 000014 (v00 Google)
Mar 19 16:46:07.706172 localhost kernel: ACPI: RSDT 0x00000000BFFFDA50 000038 (v01 Google GOOGRSDT 00000001 GOOG 00000001)
Mar 19 16:46:07.706182 localhost kernel: ACPI: FACP 0x00000000BFFFFF00 0000F4 (v02 Google GOOGFACP 00000001 GOOG 00000001)
Mar 19 16:46:07.706194 localhost kernel: ACPI: DSDT 0x00000000BFFFDA90 0018BA (v01 Google GOOGDSDT 00000001 GOOG 00000001)
Mar 19 16:46:07.706204 localhost kernel: ACPI: FACS 0x00000000BFFFFEC0 000040
Mar 19 16:46:07.706215 localhost kernel: ACPI: FACS 0x00000000BFFFFEC0 000040
Mar 19 16:46:07.706230 localhost kernel: ACPI: SSDT 0x00000000BFFFF540 000980 (v01 Google GOOGSSDT 00000001 GOOG 00000001)
Mar 19 16:46:07.706239 localhost kernel: ACPI: APIC 0x00000000BFFFF450 000076 (v01 Google GOOGAPIC 00000001 GOOG 00000001)
Mar 19 16:46:07.706249 localhost kernel: ACPI: WAET 0x00000000BFFFF420 000028 (v01 Google GOOGWAET 00000001 GOOG 00000001)
Mar 19 16:46:07.706259 localhost kernel: ACPI: SRAT 0x00000000BFFFF350 0000C8 (v01 Google GOOGSRAT 00000001 GOOG 00000001)
Mar 19 16:46:07.706269 localhost kernel: ACPI: Local APIC address 0xfee00000
Mar 19 16:46:07.706281 localhost kernel: SRAT: PXM 0 -> APIC 0x00 -> Node 0
Mar 19 16:46:07.706291 localhost kernel: SRAT: PXM 0 -> APIC 0x01 -> Node 0
Mar 19 16:46:07.706301 localhost kernel: ACPI: SRAT: Node 0 PXM 0 [mem 0x00000000-0x0009ffff]
Mar 19 16:46:07.706310 localhost kernel: ACPI: SRAT: Node 0 PXM 0 [mem 0x00100000-0xbfffffff]
Mar 19 16:46:07.706320 localhost kernel: ACPI: SRAT: Node 0 PXM 0 [mem 0x100000000-0x21fffffff]
Mar 19 16:46:07.706329 localhost kernel: NUMA: Node 0 [mem 0x00000000-0x0009ffff] + [mem 0x00100000-0xbfffffff] -> [mem 0x00000000-0xbfffffff]
Mar 19 16:46:07.706339 localhost kernel: NUMA: Node 0 [mem 0x00000000-0xbfffffff] + [mem 0x100000000-0x21fffffff] -> [mem 0x00000000-0x21fffffff]
Mar 19 16:46:07.706349 localhost kernel: NODE_DATA(0) allocated [mem 0x21fffc000-0x21fffffff]
Mar 19 16:46:07.706358 localhost kernel: Zone ranges:
Mar 19 16:46:07.706368 localhost kernel:   DMA      [mem 0x0000000000001000-0x0000000000ffffff]
Mar 19 16:46:07.706378 localhost kernel:   DMA32    [mem 0x0000000001000000-0x00000000ffffffff]
Mar 19 16:46:07.706388 localhost kernel:   Normal   [mem 0x0000000100000000-0x000000021fffffff]
Mar 19 16:46:07.706421 localhost kernel: Movable zone start for each node
Mar 19 16:46:07.706436 localhost kernel: Early memory node ranges
Mar 19 16:46:07.706450 localhost kernel:   node   0: [mem 0x0000000000001000-0x000000000009efff]
Mar 19 16:46:07.706464 localhost kernel:   node   0: [mem 0x0000000000100000-0x00000000bfffcfff]
Mar 19 16:46:07.706477 localhost kernel:   node   0: [mem 0x0000000100000000-0x000000021fffffff]
Mar 19 16:46:07.706492 localhost kernel: Initmem setup node 0 [mem 0x0000000000001000-0x000000021fffffff]
Mar 19 16:46:07.706508 localhost kernel: On node 0 totalpages: 1965979
Mar 19 16:46:07.706522 localhost kernel:   DMA zone: 64 pages used for memmap
Mar 19 16:46:07.706536 localhost kernel:   DMA zone: 21 pages reserved
Mar 19 16:46:07.706550 localhost kernel:   DMA zone: 3998 pages, LIFO batch:0
Mar 19 16:46:07.706564 localhost kernel:   DMA32 zone: 12224 pages used for memmap
Mar 19 16:46:07.706578 localhost kernel:   DMA32 zone: 782333 pages, LIFO batch:31
Mar 19 16:46:07.706591 localhost kernel:   Normal zone: 18432 pages used for memmap
Mar 19 16:46:07.706609 localhost kernel:   Normal zone: 1179648 pages, LIFO batch:31
Mar 19 16:46:07.706623 localhost kernel: ACPI: Local APIC address 0xfee00000
Mar 19 16:46:07.706637 localhost kernel: ACPI: LAPIC_NMI (acpi_id[0xff] dfl dfl lint[0x1])
Mar 19 16:46:07.706653 localhost kernel: IOAPIC[0]: apic_id 0, version 17, address 0xfec00000, GSI 0-23
Mar 19 16:46:07.706667 localhost kernel: ACPI: INT_SRC_OVR (bus 0 bus_irq 5 global_irq 5 high level)
Mar 19 16:46:07.706681 localhost kernel: ACPI: INT_SRC_OVR (bus 0 bus_irq 9 global_irq 9 high level)
Mar 19 16:46:07.706696 localhost kernel: ACPI: INT_SRC_OVR (bus 0 bus_irq 10 global_irq 10 high level)
Mar 19 16:46:07.706709 localhost kernel: ACPI: INT_SRC_OVR (bus 0 bus_irq 11 global_irq 11 high level)
Mar 19 16:46:07.706724 localhost kernel: ACPI: IRQ5 used by override.
Mar 19 16:46:07.706739 localhost kernel: ACPI: IRQ9 used by override.
Mar 19 16:46:07.706753 localhost kernel: ACPI: IRQ10 used by override.
Mar 19 16:46:07.706769 localhost kernel: ACPI: IRQ11 used by override.
Mar 19 16:46:07.706783 localhost kernel: Using ACPI (MADT) for SMP configuration information
Mar 19 16:46:07.706800 localhost kernel: smpboot: Allowing 2 CPUs, 0 hotplug CPUs
Mar 19 16:46:07.706814 localhost kernel: e820: [mem 0xc0000000-0xfffbbfff] available for PCI devices
Mar 19 16:46:07.706830 localhost kernel: Booting paravirtualized kernel on KVM
Mar 19 16:46:07.706844 localhost kernel: clocksource: refined-jiffies: mask: 0xffffffff max_cycles: 0xffffffff, max_idle_ns: 1910969940391419 ns
Mar 19 16:46:07.706858 localhost kernel: random: get_random_bytes called from start_kernel+0x8c/0x487 with crng_init=0
Mar 19 16:46:07.706873 localhost kernel: setup_percpu: NR_CPUS:256 nr_cpumask_bits:256 nr_cpu_ids:2 nr_node_ids:1
Mar 19 16:46:07.706887 localhost kernel: percpu: Embedded 44 pages/cpu @ffff93789fc00000 s140136 r8192 d31896 u1048576
Mar 19 16:46:07.706902 localhost kernel: pcpu-alloc: s140136 r8192 d31896 u1048576 alloc=1*2097152
Mar 19 16:46:07.706928 localhost kernel: pcpu-alloc: [0] 0 1 
Mar 19 16:46:07.706943 localhost kernel: Built 1 zonelists, mobility grouping on.  Total pages: 1935238
Mar 19 16:46:07.706961 localhost kernel: Policy zone: Normal
Mar 19 16:46:07.706982 localhost kernel: Kernel command line: BOOT_IMAGE=/syslinux/vmlinuz.A init=/usr/lib/systemd/systemd boot=local rootwait ro noresume noswap loglevel=7 noinitrd console=ttyS0 vsyscall=emulate security=apparmor virtio_net.napi_tx=1 systemd.unified_cgroup_hierarchy=false systemd.legacy_systemd_cgroup_controller=true csm.disabled=1 dm_verity.error_behavior=3 dm_verity.max_bios=-1 dm_verity.dev_wait=1 i915.modeset=1 cros_efi root=/dev/dm-0 "dm=1 vroot none ro 1,0 2539520 verity payload=PARTUUID=71913957-D6B1-8948-AFA7-574E312FC408 hashtree=PARTUUID=71913957-D6B1-8948-AFA7-574E312FC408 hashstart=2539520 alg=sha1 root_hexdigest=e582525d12c5f702e39eca88f648e851195d84f7 salt=331684cac74749b4944aedce8c7e5dd9abed70e63b61b9be00d8c9efd9d17444"
Mar 19 16:46:07.707002 localhost kernel: device-mapper: init: will configure 1 devices
Mar 19 16:46:07.707028 localhost kernel: PID hash table entries: 4096 (order: 3, 32768 bytes)
Mar 19 16:46:07.707046 localhost kernel: Memory: 7652632K/7863916K available (10252K kernel code, 1149K rwdata, 2056K rodata, 1360K init, 540K bss, 211284K reserved, 0K cma-reserved)
Mar 19 16:46:07.707061 localhost kernel: SLUB: HWalign=64, Order=0-3, MinObjects=0, CPUs=2, Nodes=1
Mar 19 16:46:07.707076 localhost kernel: Kernel/User page tables isolation: enabled
Mar 19 16:46:07.707090 localhost kernel: ftrace: allocating 26803 entries in 105 pages
Mar 19 16:46:07.707105 localhost kernel: Hierarchical RCU implementation.
Mar 19 16:46:07.707123 localhost kernel:         RCU restricting CPUs from NR_CPUS=256 to nr_cpu_ids=2.
Mar 19 16:46:07.707139 localhost kernel: RCU: Adjusting geometry for rcu_fanout_leaf=16, nr_cpu_ids=2
Mar 19 16:46:07.707155 localhost kernel: NR_IRQS: 16640, nr_irqs: 440, preallocated irqs: 16
Mar 19 16:46:07.707170 localhost kernel: console [ttyS0] enabled
Mar 19 16:46:07.707188 localhost kernel: clocksource: tsc-early: mask: 0xffffffffffffffff max_cycles: 0x212735223b2, max_idle_ns: 440795277976 ns
Mar 19 16:46:07.707204 localhost kernel: Calibrating delay loop (skipped) preset value.. 4600.00 BogoMIPS (lpj=2300000)
Mar 19 16:46:07.707226 localhost kernel: pid_max: default: 32768 minimum: 301
Mar 19 16:46:07.707242 localhost kernel: ACPI: Core revision 20170728
Mar 19 16:46:07.707258 localhost kernel: ACPI: 2 ACPI AML tables successfully acquired and loaded
Mar 19 16:46:07.707273 localhost kernel: Security Framework initialized
Mar 19 16:46:07.707288 localhost kernel: Yama: becoming mindful.
Mar 19 16:46:07.707303 localhost kernel: LoadPin: ready to pin (currently enabled)
Mar 19 16:46:07.707318 localhost kernel: Chromium OS LSM: enabled
Mar 19 16:46:07.707334 localhost kernel: AppArmor: AppArmor initialized
Mar 19 16:46:07.707353 localhost kernel: Dentry cache hash table entries: 1048576 (order: 11, 8388608 bytes)
Mar 19 16:46:07.707368 localhost kernel: Inode-cache hash table entries: 524288 (order: 10, 4194304 bytes)
Mar 19 16:46:07.707383 localhost kernel: Mount-cache hash table entries: 16384 (order: 5, 131072 bytes)
Mar 19 16:46:07.707420 localhost kernel: Mountpoint-cache hash table entries: 16384 (order: 5, 131072 bytes)
Mar 19 16:46:07.707436 localhost kernel: Last level iTLB entries: 4KB 1024, 2MB 1024, 4MB 1024
Mar 19 16:46:07.707451 localhost kernel: Last level dTLB entries: 4KB 1024, 2MB 1024, 4MB 1024, 1GB 4
Mar 19 16:46:07.707466 localhost kernel: Spectre V2 : Mitigation: Full generic retpoline
Mar 19 16:46:07.707482 localhost kernel: Spectre V2 : Spectre v2 / SpectreRSB mitigation: Filling RSB on context switch
Mar 19 16:46:07.707497 localhost kernel: Spectre V2 : Enabling Restricted Speculation for firmware calls
Mar 19 16:46:07.707515 localhost kernel: Spectre V2 : mitigation: Enabling conditional Indirect Branch Prediction Barrier
Mar 19 16:46:07.707531 localhost kernel: Spectre V2 : User space: Mitigation: STIBP via seccomp and prctl
Mar 19 16:46:07.707547 localhost kernel: Speculative Store Bypass: Mitigation: Speculative Store Bypass disabled via prctl and seccomp
Mar 19 16:46:07.707562 localhost kernel: Freeing SMP alternatives memory: 28K
Mar 19 16:46:07.707577 localhost kernel: smpboot: Max logical packages: 2
Mar 19 16:46:07.707592 localhost kernel: x2apic enabled
Mar 19 16:46:07.707607 localhost kernel: Switched APIC routing to physical x2apic.
Mar 19 16:46:07.707622 localhost kernel: ..TIMER: vector=0x30 apic1=0 pin1=0 apic2=-1 pin2=-1
Mar 19 16:46:07.707638 localhost kernel: smpboot: CPU0: Intel(R) Xeon(R) CPU @ 2.30GHz (family: 0x6, model: 0x3f, stepping: 0x0)
Mar 19 16:46:07.707656 localhost kernel: Performance Events: unsupported p6 CPU model 63 no PMU driver, software events only.
Mar 19 16:46:07.707671 localhost kernel: Hierarchical SRCU implementation.
Mar 19 16:46:07.707686 localhost kernel: random: crng done (trusting CPU's manufacturer)
Mar 19 16:46:07.707701 localhost kernel: NMI watchdog: Perf event create on CPU 0 failed with -2
Mar 19 16:46:07.707716 localhost kernel: NMI watchdog: Perf NMI watchdog permanently disabled
Mar 19 16:46:07.707739 localhost kernel: smp: Bringing up secondary CPUs ...
Mar 19 16:46:07.707754 localhost kernel: x86: Booting SMP configuration:
Mar 19 16:46:07.707773 localhost kernel: .... node  #0, CPUs:      #1
Mar 19 16:46:07.707789 localhost kernel: kvm-clock: cpu 1, msr 1314e6041, secondary cpu clock
Mar 19 16:46:07.707803 localhost kernel: smp: Brought up 1 node, 2 CPUs
Mar 19 16:46:07.707820 localhost kernel: smpboot: Total of 2 processors activated (9200.00 BogoMIPS)
Mar 19 16:46:07.707836 localhost kernel: devtmpfs: initialized
Mar 19 16:46:07.707852 localhost kernel: clocksource: jiffies: mask: 0xffffffff max_cycles: 0xffffffff, max_idle_ns: 1911260446275000 ns
Mar 19 16:46:07.707867 localhost kernel: futex hash table entries: 512 (order: 3, 32768 bytes)
Mar 19 16:46:07.707883 localhost kernel: RTC time: 16:46:06, date: 03/19/19
Mar 19 16:46:07.707901 localhost kernel: NET: Registered protocol family 16
Mar 19 16:46:07.707927 localhost kernel: cpuidle: using governor ladder
Mar 19 16:46:07.707942 localhost kernel: cpuidle: using governor menu
Mar 19 16:46:07.707956 localhost kernel: clocksource: Switched to clocksource kvm-clock
Mar 19 16:46:07.707971 localhost kernel: ACPI: bus type PCI registered
Mar 19 16:46:07.707987 localhost kernel: PCI: Using configuration type 1 for base access
Mar 19 16:46:07.708002 localhost kernel: HugeTLB registered 2.00 MiB page size, pre-allocated 0 pages
Mar 19 16:46:07.708017 localhost kernel: ACPI: Added _OSI(Module Device)
Mar 19 16:46:07.708031 localhost kernel: ACPI: Added _OSI(Processor Device)
Mar 19 16:46:07.708049 localhost kernel: ACPI: Added _OSI(3.0 _SCP Extensions)
Mar 19 16:46:07.708065 localhost kernel: ACPI: Added _OSI(Processor Aggregator Device)
Mar 19 16:46:07.708081 localhost kernel: ACPI: Executed 2 blocks of module-level executable AML code
Mar 19 16:46:07.708095 localhost kernel: ACPI: Interpreter enabled
Mar 19 16:46:07.708110 localhost kernel: ACPI: (supports S0 S3 S5)
Mar 19 16:46:07.708126 localhost kernel: ACPI: Using IOAPIC for interrupt routing
Mar 19 16:46:07.708141 localhost kernel: PCI: Using host bridge windows from ACPI; if necessary, use "pci=nocrs" and report a bug
Mar 19 16:46:07.708157 localhost kernel: ACPI: Enabled 16 GPEs in block 00 to 0F
Mar 19 16:46:07.708172 localhost kernel: ACPI: PCI Root Bridge [PCI0] (domain 0000 [bus 00-ff])
Mar 19 16:46:07.708333 localhost kernel: acpi PNP0A03:00: _OSC: OS supports [ASPM ClockPM Segments MSI]
Mar 19 16:46:07.708446 localhost kernel: acpi PNP0A03:00: _OSC failed (AE_NOT_FOUND); disabling ASPM
Mar 19 16:46:07.708524 localhost kernel: acpi PNP0A03:00: fail to add MMCONFIG information, can't access extended PCI configuration space under this bridge.
Mar 19 16:46:07.708542 localhost kernel: PCI host bridge to bus 0000:00
Mar 19 16:46:07.708773 localhost kernel: pci_bus 0000:00: root bus resource [io  0x0000-0x0cf7 window]
Mar 19 16:46:07.708838 localhost kernel: pci_bus 0000:00: root bus resource [io  0x0d00-0xffff window]
Mar 19 16:46:07.709006 localhost kernel: pci_bus 0000:00: root bus resource [mem 0x000a0000-0x000bffff window]
Mar 19 16:46:07.709072 localhost kernel: pci_bus 0000:00: root bus resource [mem 0xc0000000-0xfebfffff window]
Mar 19 16:46:07.709121 localhost kernel: pci_bus 0000:00: root bus resource [bus 00-ff]
Mar 19 16:46:07.709542 localhost kernel: pci 0000:00:00.0: [8086:1237] type 00 class 0x060000
Mar 19 16:46:07.709759 localhost kernel: pci 0000:00:01.0: [8086:7110] type 00 class 0x060100
Mar 19 16:46:07.709996 localhost kernel: pci 0000:00:01.3: [8086:7113] type 00 class 0x068000
Mar 19 16:46:07.710066 localhost kernel: pci 0000:00:01.3: quirk: [io  0xb000-0xb03f] claimed by PIIX4 ACPI
Mar 19 16:46:07.710133 localhost kernel: pci 0000:00:03.0: [1af4:1004] type 00 class 0x000000
Mar 19 16:46:07.710207 localhost kernel: pci 0000:00:03.0: reg 0x10: [io  0xc000-0xc03f]
Mar 19 16:46:07.710265 localhost kernel: pci 0000:00:03.0: reg 0x14: [mem 0xfebfe000-0xfebfe07f]
Mar 19 16:46:07.710331 localhost kernel: pci 0000:00:04.0: [1af4:1000] type 00 class 0x020000
Mar 19 16:46:07.710519 localhost kernel: pci 0000:00:04.0: reg 0x10: [io  0xc040-0xc07f]
Mar 19 16:46:07.710588 localhost kernel: pci 0000:00:04.0: reg 0x14: [mem 0xfebff000-0xfebff07f]
Mar 19 16:46:07.710601 localhost kernel: ACPI: PCI Interrupt Link [LNKA] (IRQs 5 *10 11)
Mar 19 16:46:07.710616 localhost kernel: ACPI: PCI Interrupt Link [LNKB] (IRQs 5 *10 11)
Mar 19 16:46:07.710631 localhost kernel: ACPI: PCI Interrupt Link [LNKC] (IRQs 5 10 *11)
Mar 19 16:46:07.710642 localhost kernel: ACPI: PCI Interrupt Link [LNKD] (IRQs 5 10 *11)
Mar 19 16:46:07.710653 localhost kernel: ACPI: PCI Interrupt Link [LNKS] (IRQs *9)
Mar 19 16:46:07.710663 localhost kernel: SCSI subsystem initialized
Mar 19 16:46:07.710674 localhost kernel: libata version 3.00 loaded.
Mar 19 16:46:07.710685 localhost kernel: PCI: Using ACPI for IRQ routing
Mar 19 16:46:07.710695 localhost kernel: PCI: pci_cache_line_size set to 64 bytes
Mar 19 16:46:07.710706 localhost kernel: e820: reserve RAM buffer [mem 0x0009fc00-0x0009ffff]
Mar 19 16:46:07.710716 localhost kernel: e820: reserve RAM buffer [mem 0xbfffd000-0xbfffffff]
Mar 19 16:46:07.710729 localhost kernel: VFS: Disk quotas dquot_6.6.0
Mar 19 16:46:07.710741 localhost kernel: VFS: Dquot-cache hash table entries: 512 (order 0, 4096 bytes)
Mar 19 16:46:07.710751 localhost kernel: AppArmor: AppArmor Filesystem Enabled
Mar 19 16:46:07.710762 localhost kernel: pnp: PnP ACPI init
Mar 19 16:46:07.710825 localhost kernel: pnp 00:00: Plug and Play ACPI device, IDs PNP0b00 (active)
Mar 19 16:46:07.710891 localhost kernel: pnp 00:01: Plug and Play ACPI device, IDs PNP0303 (active)
Mar 19 16:46:07.710969 localhost kernel: pnp 00:02: Plug and Play ACPI device, IDs PNP0f13 (active)
Mar 19 16:46:07.711028 localhost kernel: pnp 00:03: Plug and Play ACPI device, IDs PNP0501 (active)
Mar 19 16:46:07.711082 localhost kernel: pnp 00:04: Plug and Play ACPI device, IDs PNP0501 (active)
Mar 19 16:46:07.711135 localhost kernel: pnp 00:05: Plug and Play ACPI device, IDs PNP0501 (active)
Mar 19 16:46:07.711198 localhost kernel: pnp 00:06: Plug and Play ACPI device, IDs PNP0501 (active)
Mar 19 16:46:07.711212 localhost kernel: pnp: PnP ACPI: found 7 devices
Mar 19 16:46:07.711267 localhost kernel: pci_bus 0000:00: resource 4 [io  0x0000-0x0cf7 window]
Mar 19 16:46:07.711316 localhost kernel: pci_bus 0000:00: resource 5 [io  0x0d00-0xffff window]
Mar 19 16:46:07.711372 localhost kernel: pci_bus 0000:00: resource 6 [mem 0x000a0000-0x000bffff window]
Mar 19 16:46:07.711455 localhost kernel: pci_bus 0000:00: resource 7 [mem 0xc0000000-0xfebfffff window]
Mar 19 16:46:07.711469 localhost kernel: NET: Registered protocol family 2
Mar 19 16:46:07.711481 localhost kernel: TCP established hash table entries: 65536 (order: 7, 524288 bytes)
Mar 19 16:46:07.711492 localhost kernel: TCP bind hash table entries: 65536 (order: 9, 2097152 bytes)
Mar 19 16:46:07.711502 localhost kernel: TCP: Hash tables configured (established 65536 bind 65536)
Mar 19 16:46:07.711513 localhost kernel: UDP hash table entries: 4096 (order: 6, 393216 bytes)
Mar 19 16:46:07.711524 localhost kernel: UDP-Lite hash table entries: 4096 (order: 6, 393216 bytes)
Mar 19 16:46:07.711534 localhost kernel: NET: Registered protocol family 1
Mar 19 16:46:07.711604 localhost kernel: pci 0000:00:00.0: Limiting direct PCI/PCI transfers
Mar 19 16:46:07.711648 localhost kernel: PCI: CLS 0 bytes, default 64
Mar 19 16:46:07.711659 localhost kernel: PCI-DMA: Using software bounce buffering for IO (SWIOTLB)
Mar 19 16:46:07.711670 localhost kernel: software IO TLB: mapped [mem 0xbbffd000-0xbfffd000] (64MB)
Mar 19 16:46:07.711681 localhost kernel: RAPL PMU: API unit is 2^-32 Joules, 4 fixed counters, 10737418240 ms ovfl timer
Mar 19 16:46:07.711692 localhost kernel: RAPL PMU: hw unit of domain pp0-core 2^-0 Joules
Mar 19 16:46:07.711702 localhost kernel: RAPL PMU: hw unit of domain package 2^-0 Joules
Mar 19 16:46:07.711713 localhost kernel: RAPL PMU: hw unit of domain dram 2^-0 Joules
Mar 19 16:46:07.711724 localhost kernel: RAPL PMU: hw unit of domain pp1-gpu 2^-0 Joules
Mar 19 16:46:07.711738 localhost kernel: clocksource: tsc: mask: 0xffffffffffffffff max_cycles: 0x212735223b2, max_idle_ns: 440795277976 ns
Mar 19 16:46:07.711749 localhost kernel: Scanning for low memory corruption every 60 seconds
Mar 19 16:46:07.711759 localhost kernel: audit: initializing netlink subsys (disabled)
Mar 19 16:46:07.711770 localhost kernel: audit: type=2000 audit(1553013966.532:1): state=initialized audit_enabled=0 res=1
Mar 19 16:46:07.711781 localhost kernel: Initialise system trusted keyrings
Mar 19 16:46:07.711791 localhost kernel: workingset: timestamp_bits=40 max_order=21 bucket_order=0
Mar 19 16:46:07.711802 localhost kernel: Key type asymmetric registered
Mar 19 16:46:07.711814 localhost kernel: Asymmetric key parser 'x509' registered
Mar 19 16:46:07.711824 localhost kernel: Block layer SCSI generic (bsg) driver version 0.4 loaded (major 250)
Mar 19 16:46:07.711837 localhost kernel: io scheduler noop registered (default)
Mar 19 16:46:07.711848 localhost kernel: io scheduler deadline registered
Mar 19 16:46:07.711859 localhost kernel: io scheduler cfq registered
Mar 19 16:46:07.711869 localhost kernel: io scheduler mq-deadline registered
Mar 19 16:46:07.711880 localhost kernel: intel_idle: Please enable MWAIT in BIOS SETUP
Mar 19 16:46:07.711892 localhost kernel: input: Power Button as /devices/LNXSYSTM:00/LNXPWRBN:00/input/input0
Mar 19 16:46:07.711903 localhost kernel: ACPI: Power Button [PWRF]
Mar 19 16:46:07.711925 localhost kernel: input: Sleep Button as /devices/LNXSYSTM:00/LNXSLPBN:00/input/input1
Mar 19 16:46:07.711936 localhost kernel: ACPI: Sleep Button [SLPF]
Mar 19 16:46:07.711950 localhost kernel: ACPI: PCI Interrupt Link [LNKC] enabled at IRQ 11
Mar 19 16:46:07.712017 localhost kernel: virtio-pci 0000:00:03.0: virtio_pci: leaving for legacy driver
Mar 19 16:46:07.712030 localhost kernel: ACPI: PCI Interrupt Link [LNKD] enabled at IRQ 10
Mar 19 16:46:07.712088 localhost kernel: virtio-pci 0000:00:04.0: virtio_pci: leaving for legacy driver
Mar 19 16:46:07.712100 localhost kernel: Serial: 8250/16550 driver, 4 ports, IRQ sharing disabled
Mar 19 16:46:07.712125 localhost kernel: 00:03: ttyS0 at I/O 0x3f8 (irq = 4, base_baud = 115200) is a 16550A
Mar 19 16:46:07.712136 localhost kernel: 00:04: ttyS1 at I/O 0x2f8 (irq = 3, base_baud = 115200) is a 16550A
Mar 19 16:46:07.712146 localhost kernel: 00:05: ttyS2 at I/O 0x3e8 (irq = 6, base_baud = 115200) is a 16550A
Mar 19 16:46:07.712157 localhost kernel: 00:06: ttyS3 at I/O 0x2e8 (irq = 7, base_baud = 115200) is a 16550A
Mar 19 16:46:07.712170 localhost kernel: Non-volatile memory driver v1.3
Mar 19 16:46:07.712181 localhost kernel: loop: module loaded
Mar 19 16:46:07.712253 localhost kernel: scsi host0: Virtio SCSI HBA
Mar 19 16:46:07.712328 localhost kernel: scsi 0:0:1:0: Direct-Access     Google   PersistentDisk   1    PQ: 0 ANSI: 6
Mar 19 16:46:07.712436 localhost kernel: sd 0:0:1:0: [sda] 209715200 512-byte logical blocks: (107 GB/100 GiB)
Mar 19 16:46:07.712530 localhost kernel: sd 0:0:1:0: [sda] 4096-byte physical blocks
Mar 19 16:46:07.712738 localhost kernel: sd 0:0:1:0: [sda] Write Protect is off
Mar 19 16:46:07.712805 localhost kernel: sd 0:0:1:0: [sda] Mode Sense: 1f 00 00 08
Mar 19 16:46:07.713007 localhost kernel: sd 0:0:1:0: [sda] Write cache: enabled, read cache: enabled, doesn't support DPO or FUA
Mar 19 16:46:07.713022 localhost kernel: i8042: PNP: PS/2 Controller [PNP0303:KBD,PNP0f13:MOU] at 0x60,0x64 irq 1,12
Mar 19 16:46:07.713033 localhost kernel: i8042: Warning: Keylock active
Mar 19 16:46:07.713142 localhost kernel: serio: i8042 KBD port at 0x60,0x64 irq 1
Mar 19 16:46:07.713160 localhost kernel: serio: i8042 AUX port at 0x60,0x64 irq 12
Mar 19 16:46:07.713221 localhost kernel: rtc_cmos 00:00: RTC can wake from S4
Mar 19 16:46:07.713271 localhost kernel: rtc_cmos 00:00: registered as rtc0
Mar 19 16:46:07.713323 localhost kernel: rtc_cmos 00:00: alarms up to one day, 114 bytes nvram
Mar 19 16:46:07.713337 localhost kernel: iTCO_wdt: Intel TCO WatchDog Timer Driver v1.11
Mar 19 16:46:07.713348 localhost kernel: GPT:Primary header thinks Alt. header is not at the end of the disk.
Mar 19 16:46:07.713359 localhost kernel: iTCO_vendor_support: vendor-support=0
Mar 19 16:46:07.713369 localhost kernel: GPT:18874524 != 209715199
Mar 19 16:46:07.713380 localhost kernel: device-mapper: ioctl: 4.37.0-ioctl (2017-09-20) initialised: dm-devel@redhat.com
Mar 19 16:46:07.713418 localhost kernel: GPT:Alternate GPT header not at the end of the disk.
Mar 19 16:46:07.713433 localhost kernel: device-mapper: verity-chromeos: dm-verity-chromeos registered
Mar 19 16:46:07.713444 localhost kernel: GPT:18874524 != 209715199
Mar 19 16:46:07.713458 localhost kernel: Mirror/redirect action on
Mar 19 16:46:07.713469 localhost kernel: GPT: Use GNU Parted to correct GPT errors.
Mar 19 16:46:07.713480 localhost kernel:  sda: sda1 sda2 sda3 sda4 sda5 sda6 sda7 sda8 sda9 sda10 sda11 sda12
Mar 19 16:46:07.713491 localhost kernel: Netfilter messages via NETLINK v0.30.
Mar 19 16:46:07.713560 localhost kernel: sd 0:0:1:0: [sda] Attached SCSI disk
Mar 19 16:46:07.713573 localhost kernel: nf_conntrack version 0.5.0 (65536 buckets, 262144 max)
Mar 19 16:46:07.713584 localhost kernel: ctnetlink v0.93: registering with nfnetlink.
Mar 19 16:46:07.713595 localhost kernel: ip_tables: (C) 2000-2006 Netfilter Core Team
Mar 19 16:46:07.713605 localhost kernel: Initializing XFRM netlink socket
Mar 19 16:46:07.713616 localhost kernel: NET: Registered protocol family 10
Mar 19 16:46:07.713630 localhost kernel: Segment Routing with IPv6
Mar 19 16:46:07.713640 localhost kernel: NET: Registered protocol family 17
Mar 19 16:46:07.713651 localhost kernel: bridge: filtering via arp/ip/ip6tables is no longer available by default. Update your scripts to load br_netfilter if you need this.
Mar 19 16:46:07.713663 localhost kernel: sched_clock: Marking stable (618727136, 0)->(1077211090, -458483954)
Mar 19 16:46:07.713673 localhost kernel: registered taskstats version 1
Mar 19 16:46:07.713684 localhost kernel: Loading compiled-in X.509 certificates
Mar 19 16:46:07.713695 localhost kernel: Loaded X.509 cert 'Google LLC: Container-Optimized OS kernel signing key: cdd9ce572db9e71668e71b5a9113908047a21771'
Mar 19 16:46:07.713705 localhost kernel: Loaded X.509 cert 'Google: Container-Optimized OS: 2efea493fc148b35859d0bc8c3dd71a139fc7ab411283e06f6c10b5a6b17e355'
Mar 19 16:46:07.713721 localhost kernel: AppArmor: AppArmor sha1 policy hashing enabled
Mar 19 16:46:07.713734 localhost kernel: ima: No TPM chip found, activating TPM-bypass! (rc=-19)
Mar 19 16:46:07.713745 localhost kernel: ima: Allocated hash algorithm: sha256
Mar 19 16:46:07.713755 localhost kernel:   Magic number: 11:342:793
Mar 19 16:46:07.713766 localhost kernel: device-mapper: init: attempting early device configuration.
Mar 19 16:46:07.713778 localhost kernel: device-mapper: init: adding target '0 2539520 verity payload=PARTUUID=71913957-D6B1-8948-AFA7-574E312FC408 hashtree=PARTUUID=71913957-D6B1-8948-AFA7-574E312FC408 hashstart=2539520 alg=sha1 root_hexdigest=e582525d12c5f702e39eca88f648e851195d84f7 salt=331684cac74749b4944aedce8c7e5dd9abed70e63b61b9be00d8c9efd9d17444'
Mar 19 16:46:07.713789 localhost kernel: device-mapper: verity: Argument 0: 'payload=PARTUUID=71913957-D6B1-8948-AFA7-574E312FC408'
Mar 19 16:46:07.713800 localhost kernel: device-mapper: verity: Argument 1: 'hashtree=PARTUUID=71913957-D6B1-8948-AFA7-574E312FC408'
Mar 19 16:46:07.713810 localhost kernel: device-mapper: verity: Argument 2: 'hashstart=2539520'
Mar 19 16:46:07.713823 localhost kernel: device-mapper: verity: Argument 3: 'alg=sha1'
Mar 19 16:46:07.713834 localhost kernel: device-mapper: verity: Argument 4: 'root_hexdigest=e582525d12c5f702e39eca88f648e851195d84f7'
Mar 19 16:46:07.713845 localhost kernel: device-mapper: verity: Argument 5: 'salt=331684cac74749b4944aedce8c7e5dd9abed70e63b61b9be00d8c9efd9d17444'
Mar 19 16:46:07.713855 localhost kernel: device-mapper: init: dm-0 is ready
Mar 19 16:46:07.713866 localhost kernel: EXT4-fs (dm-0): mounting ext2 file system using the ext4 subsystem
Mar 19 16:46:07.713877 localhost kernel: EXT4-fs (dm-0): mounted filesystem without journal. Opts: (null)
Mar 19 16:46:07.713889 localhost kernel: VFS: Mounted root (ext2 filesystem) readonly on device 254:0.
Mar 19 16:46:07.713901 localhost kernel: devtmpfs: mounted
Mar 19 16:46:07.713911 localhost kernel: Freeing unused kernel memory: 1360K
Mar 19 16:46:07.713934 localhost kernel: Write protecting the kernel read-only data: 16384k
Mar 19 16:46:07.713945 localhost kernel: Freeing unused kernel memory: 2012K
Mar 19 16:46:07.713956 localhost kernel: Freeing unused kernel memory: 2040K
Mar 19 16:46:07.713970 localhost systemd[1]: systemd 232 running in system mode. (+PAM +AUDIT -SELINUX +IMA +APPARMOR +SMACK -SYSVINIT -UTMP -LIBCRYPTSETUP +GCRYPT -GNUTLS -ACL -XZ +LZ4 +SECCOMP +BLKID -ELFUTILS +KMOD -IDN)
Mar 19 16:46:07.713984 localhost systemd[1]: Detected virtualization kvm.
Mar 19 16:46:07.713996 localhost systemd[1]: Detected architecture x86-64.
Mar 19 16:46:07.714008 localhost systemd[1]: Initializing machine ID from KVM UUID.
Mar 19 16:46:07.714019 localhost systemd[1]: Installed transient /etc/machine-id file.
Mar 19 16:46:07.714033 localhost systemd[1]: Listening on udev Control Socket.
Mar 19 16:46:07.714046 localhost systemd[1]: Created slice System Slice.
Mar 19 16:46:07.714057 localhost systemd[1]: Listening on /dev/initctl Compatibility Named Pipe.
Mar 19 16:46:07.714069 localhost systemd[1]: Listening on udev Kernel Socket.
Mar 19 16:46:07.714080 localhost systemd[1]: Listening on Network Service Netlink Socket.
Mar 19 16:46:07.951477 localhost kernel: LoadPin: dev(254,0): read-only
Mar 19 16:46:07.951576 localhost kernel: LoadPin: load pinning engaged.
Mar 19 16:46:07.960438 localhost kernel: LoadPin: kernel-module pinned obj="/lib/modules/4.14.94+/kernel/arch/x86/crypto/glue_helper.ko" pid=131 cmdline="/usr/lib/systemd/systemd-udevd"
Mar 19 16:46:07.991651 localhost kernel: AVX2 version of gcm_enc/dec engaged.
Mar 19 16:46:07.991746 localhost kernel: AES CTR mode by8 optimization enabled
Mar 19 16:46:08.026437 localhost kernel: EXT4-fs (sda8): mounted filesystem with ordered data mode. Opts: (null)
Mar 19 16:46:08.143453 localhost kernel: EXT4-fs (sda1): mounted filesystem with ordered data mode. Opts: commit=30
Mar 19 16:46:08.211706 localhost kernel: EXT4-fs (sda1): re-mounted. Opts: commit=30,data=ordered
Mar 19 16:46:08.215502 localhost kernel: EXT4-fs (sda1): re-mounted. Opts: commit=30,data=ordered
Mar 19 16:46:08.220554 localhost kernel: EXT4-fs (sda1): re-mounted. Opts: commit=30,data=ordered
Mar 19 16:46:08.347440 localhost kernel: EXT4-fs (sda1): resizing filesystem from 1271296 to 25126395 blocks
Mar 19 16:46:09.360447 localhost kernel: EXT4-fs (sda1): resized filesystem to 25126395
Mar 19 16:46:09.561556 localhost kernel: ip6_tables: (C) 2000-2006 Netfilter Core Team
Mar 19 16:46:11.915431 e2e-test-peterhornyack-minion-group-413w kernel: Bridge firewalling registered
Mar 19 16:46:12.232006 e2e-test-peterhornyack-minion-group-413w kernel: IPv6: ADDRCONF(NETDEV_UP): docker0: link is not ready
Mar 19 16:46:19.818913 e2e-test-peterhornyack-minion-group-413w kernel: EXT4-fs (sda1): re-mounted. Opts: commit=30,data=ordered
Mar 19 16:47:03.957945 e2e-test-peterhornyack-minion-group-413w kernel: EXT4-fs (sda1): re-mounted. Opts: commit=30,data=ordered
Mar 19 16:47:04.717929 e2e-test-peterhornyack-minion-group-413w kernel: Unsafe core_pattern used with fs.suid_dumpable=2.
                                                                        Pipe handler or fully qualified core dump path required.
                                                                        Set kernel.core_pattern before fs.suid_dumpable.
Mar 19 16:47:12.078227 e2e-test-peterhornyack-minion-group-413w kernel: EXT4-fs (sda1): re-mounted. Opts: commit=30,data=ordered
Mar 19 16:47:15.429938 e2e-test-peterhornyack-minion-group-413w kernel: IPVS: Registered protocols (TCP, UDP, SCTP, AH, ESP)
Mar 19 16:47:15.439379 e2e-test-peterhornyack-minion-group-413w kernel: IPVS: Connection hash table configured (size=4096, memory=64Kbytes)
Mar 19 16:47:15.502068 e2e-test-peterhornyack-minion-group-413w kernel: IPVS: ipvs loaded.
Mar 19 16:47:15.502130 e2e-test-peterhornyack-minion-group-413w kernel: IPVS: [rr] scheduler registered.
Mar 19 16:47:15.502172 e2e-test-peterhornyack-minion-group-413w kernel: IPVS: [wrr] scheduler registered.
Mar 19 16:47:15.502201 e2e-test-peterhornyack-minion-group-413w kernel: IPVS: [sh] scheduler registered.
Mar 19 16:47:15.606961 e2e-test-peterhornyack-minion-group-413w kernel: ip_set: protocol 6
Mar 19 16:47:17.061661 e2e-test-peterhornyack-minion-group-413w kernel: IPv6: ADDRCONF(NETDEV_UP): veth1eca57ca: link is not ready
Mar 19 16:47:17.061852 e2e-test-peterhornyack-minion-group-413w kernel: IPv6: ADDRCONF(NETDEV_CHANGE): veth1eca57ca: link becomes ready
Mar 19 16:47:17.093178 e2e-test-peterhornyack-minion-group-413w kernel: cbr0: port 1(veth1eca57ca) entered blocking state
Mar 19 16:47:17.093390 e2e-test-peterhornyack-minion-group-413w kernel: cbr0: port 1(veth1eca57ca) entered disabled state
Mar 19 16:47:17.093424 e2e-test-peterhornyack-minion-group-413w kernel: device veth1eca57ca entered promiscuous mode
Mar 19 16:47:17.099407 e2e-test-peterhornyack-minion-group-413w kernel: cbr0: port 1(veth1eca57ca) entered blocking state
Mar 19 16:47:17.115150 e2e-test-peterhornyack-minion-group-413w kernel: cbr0: port 1(veth1eca57ca) entered forwarding state
Mar 19 16:47:17.796237 e2e-test-peterhornyack-minion-group-413w kernel: cbr0: port 2(veth92b7c70c) entered blocking state
Mar 19 16:47:17.796834 e2e-test-peterhornyack-minion-group-413w kernel: cbr0: port 2(veth92b7c70c) entered disabled state
Mar 19 16:47:17.797113 e2e-test-peterhornyack-minion-group-413w kernel: device veth92b7c70c entered promiscuous mode
Mar 19 16:47:17.797283 e2e-test-peterhornyack-minion-group-413w kernel: cbr0: port 2(veth92b7c70c) entered blocking state
Mar 19 16:47:17.797537 e2e-test-peterhornyack-minion-group-413w kernel: cbr0: port 2(veth92b7c70c) entered forwarding state
Mar 19 16:47:18.257932 e2e-test-peterhornyack-minion-group-413w kernel: cbr0: port 3(veth91d2fa93) entered blocking state
Mar 19 16:47:18.258075 e2e-test-peterhornyack-minion-group-413w kernel: cbr0: port 3(veth91d2fa93) entered disabled state
Mar 19 16:47:18.258127 e2e-test-peterhornyack-minion-group-413w kernel: device veth91d2fa93 entered promiscuous mode
Mar 19 16:47:18.258342 e2e-test-peterhornyack-minion-group-413w kernel: cbr0: port 3(veth91d2fa93) entered blocking state
Mar 19 16:47:18.258386 e2e-test-peterhornyack-minion-group-413w kernel: cbr0: port 3(veth91d2fa93) entered forwarding state
Mar 19 16:47:19.098640 e2e-test-peterhornyack-minion-group-413w kernel: IPv6: ADDRCONF(NETDEV_UP): veth6595cab3: link is not ready
Mar 19 16:47:19.098844 e2e-test-peterhornyack-minion-group-413w kernel: IPv6: ADDRCONF(NETDEV_CHANGE): veth6595cab3: link becomes ready
Mar 19 16:47:19.122463 e2e-test-peterhornyack-minion-group-413w kernel: cbr0: port 4(veth6595cab3) entered blocking state
Mar 19 16:47:19.122512 e2e-test-peterhornyack-minion-group-413w kernel: cbr0: port 4(veth6595cab3) entered disabled state
Mar 19 16:47:19.122540 e2e-test-peterhornyack-minion-group-413w kernel: device veth6595cab3 entered promiscuous mode
Mar 19 16:47:19.128291 e2e-test-peterhornyack-minion-group-413w kernel: cbr0: port 4(veth6595cab3) entered blocking state
Mar 19 16:47:19.140036 e2e-test-peterhornyack-minion-group-413w kernel: cbr0: port 4(veth6595cab3) entered forwarding state
Mar 19 16:47:19.532033 e2e-test-peterhornyack-minion-group-413w kernel: cbr0: port 5(veth0b7dd67a) entered blocking state
Mar 19 16:47:19.532247 e2e-test-peterhornyack-minion-group-413w kernel: cbr0: port 5(veth0b7dd67a) entered disabled state
Mar 19 16:47:19.532287 e2e-test-peterhornyack-minion-group-413w kernel: device veth0b7dd67a entered promiscuous mode
Mar 19 16:47:19.542759 e2e-test-peterhornyack-minion-group-413w kernel: cbr0: port 5(veth0b7dd67a) entered blocking state
Mar 19 16:47:19.542976 e2e-test-peterhornyack-minion-group-413w kernel: cbr0: port 5(veth0b7dd67a) entered forwarding state
Mar 19 16:47:19.713825 e2e-test-peterhornyack-minion-group-413w kernel: cbr0: port 6(veth80483e1c) entered blocking state
Mar 19 16:47:19.714014 e2e-test-peterhornyack-minion-group-413w kernel: cbr0: port 6(veth80483e1c) entered disabled state
Mar 19 16:47:19.714048 e2e-test-peterhornyack-minion-group-413w kernel: device veth80483e1c entered promiscuous mode
Mar 19 16:47:19.725544 e2e-test-peterhornyack-minion-group-413w kernel: cbr0: port 6(veth80483e1c) entered blocking state
Mar 19 16:47:19.725714 e2e-test-peterhornyack-minion-group-413w kernel: cbr0: port 6(veth80483e1c) entered forwarding state
Mar 19 16:47:19.823601 e2e-test-peterhornyack-minion-group-413w kernel: cbr0: port 7(veth2e35ed07) entered blocking state
Mar 19 16:47:19.823806 e2e-test-peterhornyack-minion-group-413w kernel: cbr0: port 7(veth2e35ed07) entered disabled state
Mar 19 16:47:19.823844 e2e-test-peterhornyack-minion-group-413w kernel: device veth2e35ed07 entered promiscuous mode
Mar 19 16:47:19.835216 e2e-test-peterhornyack-minion-group-413w kernel: cbr0: port 7(veth2e35ed07) entered blocking state
Mar 19 16:47:19.835391 e2e-test-peterhornyack-minion-group-413w kernel: cbr0: port 7(veth2e35ed07) entered forwarding state
Mar 19 16:47:24.766228 e2e-test-peterhornyack-minion-group-413w kernel: IPv6: ADDRCONF(NETDEV_UP): veth4674a174: link is not ready
Mar 19 16:47:24.773812 e2e-test-peterhornyack-minion-group-413w kernel: IPv6: ADDRCONF(NETDEV_CHANGE): veth4674a174: link becomes ready
Mar 19 16:47:24.794615 e2e-test-peterhornyack-minion-group-413w kernel: cbr0: port 8(veth4674a174) entered blocking state
Mar 19 16:47:24.794683 e2e-test-peterhornyack-minion-group-413w kernel: cbr0: port 8(veth4674a174) entered disabled state
Mar 19 16:47:24.800411 e2e-test-peterhornyack-minion-group-413w kernel: device veth4674a174 entered promiscuous mode
Mar 19 16:47:24.800485 e2e-test-peterhornyack-minion-group-413w kernel: cbr0: port 8(veth4674a174) entered blocking state
Mar 19 16:47:24.812820 e2e-test-peterhornyack-minion-group-413w kernel: cbr0: port 8(veth4674a174) entered forwarding state
Mar 19 16:47:44.111609 e2e-test-peterhornyack-minion-group-413w kernel: cbr0: port 3(veth91d2fa93) entered disabled state
Mar 19 16:47:44.125546 e2e-test-peterhornyack-minion-group-413w kernel: device veth91d2fa93 left promiscuous mode
Mar 19 16:47:44.125735 e2e-test-peterhornyack-minion-group-413w kernel: cbr0: port 3(veth91d2fa93) entered disabled state
Mar 19 16:47:45.427009 e2e-test-peterhornyack-minion-group-413w kernel: cbr0: port 2(veth92b7c70c) entered disabled state
Mar 19 16:47:45.541637 e2e-test-peterhornyack-minion-group-413w kernel: device veth92b7c70c left promiscuous mode
Mar 19 16:47:45.541845 e2e-test-peterhornyack-minion-group-413w kernel: cbr0: port 2(veth92b7c70c) entered disabled state
