-- Logs begin at Tue 2019-03-19 16:40:57 UTC, end at Tue 2019-03-19 20:07:35 UTC. --
Mar 19 16:40:57.270187 localhost kernel: Linux version 4.14.94+ (chrome-bot@swarm-cros-645) (gcc version 4.9.x 20150123 (prerelease) (4.9.2_cos_gg_4.9.2-r200-ac6128e0a17a52f011797f33ac3e7d6273a9368d_4.9.2-r200)) #1 SMP Thu Feb 28 00:14:21 PST 2019
Mar 19 16:40:57.270470 localhost kernel: Command line: BOOT_IMAGE=/syslinux/vmlinuz.A init=/usr/lib/systemd/systemd boot=local rootwait ro noresume noswap loglevel=7 noinitrd console=ttyS0 vsyscall=emulate security=apparmor virtio_net.napi_tx=1 systemd.unified_cgroup_hierarchy=false systemd.legacy_systemd_cgroup_controller=true csm.disabled=1 dm_verity.error_behavior=3 dm_verity.max_bios=-1 dm_verity.dev_wait=1 i915.modeset=1 cros_efi root=/dev/dm-0 "dm=1 vroot none ro 1,0 2539520 verity payload=PARTUUID=71913957-D6B1-8948-AFA7-574E312FC408 hashtree=PARTUUID=71913957-D6B1-8948-AFA7-574E312FC408 hashstart=2539520 alg=sha1 root_hexdigest=e582525d12c5f702e39eca88f648e851195d84f7 salt=331684cac74749b4944aedce8c7e5dd9abed70e63b61b9be00d8c9efd9d17444"
Mar 19 16:40:57.270499 localhost kernel: x86/fpu: Supporting XSAVE feature 0x001: 'x87 floating point registers'
Mar 19 16:40:57.270620 localhost kernel: x86/fpu: Supporting XSAVE feature 0x002: 'SSE registers'
Mar 19 16:40:57.270629 localhost kernel: x86/fpu: Supporting XSAVE feature 0x004: 'AVX registers'
Mar 19 16:40:57.270638 localhost kernel: x86/fpu: xstate_offset[2]:  576, xstate_sizes[2]:  256
Mar 19 16:40:57.270652 localhost kernel: x86/fpu: Enabled xstate features 0x7, context size is 832 bytes, using 'standard' format.
Mar 19 16:40:57.270663 localhost kernel: e820: BIOS-provided physical RAM map:
Mar 19 16:40:57.270672 localhost kernel: BIOS-e820: [mem 0x0000000000000000-0x000000000009fbff] usable
Mar 19 16:40:57.270680 localhost kernel: BIOS-e820: [mem 0x000000000009fc00-0x000000000009ffff] reserved
Mar 19 16:40:57.270689 localhost kernel: BIOS-e820: [mem 0x00000000000f0000-0x00000000000fffff] reserved
Mar 19 16:40:57.270698 localhost kernel: BIOS-e820: [mem 0x0000000000100000-0x00000000bfffcfff] usable
Mar 19 16:40:57.270706 localhost kernel: BIOS-e820: [mem 0x00000000bfffd000-0x00000000bfffffff] reserved
Mar 19 16:40:57.270714 localhost kernel: BIOS-e820: [mem 0x00000000fffbc000-0x00000000ffffffff] reserved
Mar 19 16:40:57.270789 localhost kernel: BIOS-e820: [mem 0x0000000100000000-0x000000012fffffff] usable
Mar 19 16:40:57.270799 localhost kernel: NX (Execute Disable) protection: active
Mar 19 16:40:57.270808 localhost kernel: SMBIOS 2.4 present.
Mar 19 16:40:57.270816 localhost kernel: DMI: Google Google Compute Engine/Google Compute Engine, BIOS Google 01/01/2011
Mar 19 16:40:57.270968 localhost kernel: Hypervisor detected: KVM
Mar 19 16:40:57.270978 localhost kernel: kvm-clock: Using msrs 4b564d01 and 4b564d00
Mar 19 16:40:57.270987 localhost kernel: kvm-clock: cpu 0, msr b74e6001, primary cpu clock
Mar 19 16:40:57.270995 localhost kernel: kvm-clock: using sched offset of 972429615 cycles
Mar 19 16:40:57.271004 localhost kernel: clocksource: kvm-clock: mask: 0xffffffffffffffff max_cycles: 0x1cd42e4dffb, max_idle_ns: 881590591483 ns
Mar 19 16:40:57.271013 localhost kernel: tsc: Initial usec timer 905096
Mar 19 16:40:57.271025 localhost kernel: tsc: Detected 2300.000 MHz processor
Mar 19 16:40:57.271033 localhost kernel: e820: update [mem 0x00000000-0x00000fff] usable ==> reserved
Mar 19 16:40:57.271042 localhost kernel: e820: remove [mem 0x000a0000-0x000fffff] usable
Mar 19 16:40:57.271051 localhost kernel: e820: last_pfn = 0x130000 max_arch_pfn = 0x400000000
Mar 19 16:40:57.271060 localhost kernel: MTRR default type: write-back
Mar 19 16:40:57.271069 localhost kernel: MTRR fixed ranges enabled:
Mar 19 16:40:57.271077 localhost kernel:   00000-9FFFF write-back
Mar 19 16:40:57.271086 localhost kernel:   A0000-BFFFF uncachable
Mar 19 16:40:57.271094 localhost kernel:   C0000-FFFFF write-protect
Mar 19 16:40:57.271103 localhost kernel: MTRR variable ranges enabled:
Mar 19 16:40:57.271111 localhost kernel:   0 base 0000C0000000 mask 3FFFC0000000 uncachable
Mar 19 16:40:57.271120 localhost kernel:   1 disabled
Mar 19 16:40:57.271131 localhost kernel:   2 disabled
Mar 19 16:40:57.271140 localhost kernel:   3 disabled
Mar 19 16:40:57.271148 localhost kernel:   4 disabled
Mar 19 16:40:57.271157 localhost kernel:   5 disabled
Mar 19 16:40:57.271170 localhost kernel:   6 disabled
Mar 19 16:40:57.271179 localhost kernel:   7 disabled
Mar 19 16:40:57.271188 localhost kernel: x86/PAT: Configuration [0-7]: WB  WC  UC- UC  WB  WP  UC- WT  
Mar 19 16:40:57.271197 localhost kernel: e820: last_pfn = 0xbfffd max_arch_pfn = 0x400000000
Mar 19 16:40:57.271206 localhost kernel: found SMP MP-table at [mem 0x000f2c70-0x000f2c7f] mapped at [ffffffffff200c70]
Mar 19 16:40:57.271216 localhost kernel: Scanning 1 areas for low memory corruption
Mar 19 16:40:57.271225 localhost kernel: Base memory trampoline at [ffff9d6ac0099000] 99000 size 24576
Mar 19 16:40:57.271234 localhost kernel: Using GB pages for direct mapping
Mar 19 16:40:57.271243 localhost kernel: BRK [0xb755a000, 0xb755afff] PGTABLE
Mar 19 16:40:57.271265 localhost kernel: BRK [0xb755b000, 0xb755bfff] PGTABLE
Mar 19 16:40:57.271274 localhost kernel: BRK [0xb755c000, 0xb755cfff] PGTABLE
Mar 19 16:40:57.271283 localhost kernel: BRK [0xb755d000, 0xb755dfff] PGTABLE
Mar 19 16:40:57.271291 localhost kernel: BRK [0xb755e000, 0xb755efff] PGTABLE
Mar 19 16:40:57.271300 localhost kernel: ACPI: Early table checksum verification disabled
Mar 19 16:40:57.271314 localhost kernel: ACPI: RSDP 0x00000000000F2A30 000014 (v00 Google)
Mar 19 16:40:57.271323 localhost kernel: ACPI: RSDT 0x00000000BFFFDAC0 000038 (v01 Google GOOGRSDT 00000001 GOOG 00000001)
Mar 19 16:40:57.271332 localhost kernel: ACPI: FACP 0x00000000BFFFFF00 0000F4 (v02 Google GOOGFACP 00000001 GOOG 00000001)
Mar 19 16:40:57.271344 localhost kernel: ACPI: DSDT 0x00000000BFFFDB00 0018BA (v01 Google GOOGDSDT 00000001 GOOG 00000001)
Mar 19 16:40:57.271353 localhost kernel: ACPI: FACS 0x00000000BFFFFEC0 000040
Mar 19 16:40:57.271400 localhost kernel: ACPI: FACS 0x00000000BFFFFEC0 000040
Mar 19 16:40:57.271409 localhost kernel: ACPI: SSDT 0x00000000BFFFF5A0 00091F (v01 Google GOOGSSDT 00000001 GOOG 00000001)
Mar 19 16:40:57.271419 localhost kernel: ACPI: APIC 0x00000000BFFFF4B0 00006E (v01 Google GOOGAPIC 00000001 GOOG 00000001)
Mar 19 16:40:57.271427 localhost kernel: ACPI: WAET 0x00000000BFFFF480 000028 (v01 Google GOOGWAET 00000001 GOOG 00000001)
Mar 19 16:40:57.271437 localhost kernel: ACPI: SRAT 0x00000000BFFFF3C0 0000B8 (v01 Google GOOGSRAT 00000001 GOOG 00000001)
Mar 19 16:40:57.271445 localhost kernel: ACPI: Local APIC address 0xfee00000
Mar 19 16:40:57.271454 localhost kernel: SRAT: PXM 0 -> APIC 0x00 -> Node 0
Mar 19 16:40:57.271463 localhost kernel: ACPI: SRAT: Node 0 PXM 0 [mem 0x00000000-0x0009ffff]
Mar 19 16:40:57.271475 localhost kernel: ACPI: SRAT: Node 0 PXM 0 [mem 0x00100000-0xbfffffff]
Mar 19 16:40:57.271484 localhost kernel: ACPI: SRAT: Node 0 PXM 0 [mem 0x100000000-0x12fffffff]
Mar 19 16:40:57.271494 localhost kernel: NUMA: Node 0 [mem 0x00000000-0x0009ffff] + [mem 0x00100000-0xbfffffff] -> [mem 0x00000000-0xbfffffff]
Mar 19 16:40:57.271504 localhost kernel: NUMA: Node 0 [mem 0x00000000-0xbfffffff] + [mem 0x100000000-0x12fffffff] -> [mem 0x00000000-0x12fffffff]
Mar 19 16:40:57.271513 localhost kernel: NODE_DATA(0) allocated [mem 0x12fffa000-0x12fffdfff]
Mar 19 16:40:57.271522 localhost kernel: Zone ranges:
Mar 19 16:40:57.271531 localhost kernel:   DMA      [mem 0x0000000000001000-0x0000000000ffffff]
Mar 19 16:40:57.271540 localhost kernel:   DMA32    [mem 0x0000000001000000-0x00000000ffffffff]
Mar 19 16:40:57.271549 localhost kernel:   Normal   [mem 0x0000000100000000-0x000000012fffffff]
Mar 19 16:40:57.271557 localhost kernel: Movable zone start for each node
Mar 19 16:40:57.271566 localhost kernel: Early memory node ranges
Mar 19 16:40:57.271575 localhost kernel:   node   0: [mem 0x0000000000001000-0x000000000009efff]
Mar 19 16:40:57.271586 localhost kernel:   node   0: [mem 0x0000000000100000-0x00000000bfffcfff]
Mar 19 16:40:57.271595 localhost kernel:   node   0: [mem 0x0000000100000000-0x000000012fffffff]
Mar 19 16:40:57.271604 localhost kernel: Initmem setup node 0 [mem 0x0000000000001000-0x000000012fffffff]
Mar 19 16:40:57.271612 localhost kernel: On node 0 totalpages: 982939
Mar 19 16:40:57.271621 localhost kernel:   DMA zone: 64 pages used for memmap
Mar 19 16:40:57.271630 localhost kernel:   DMA zone: 21 pages reserved
Mar 19 16:40:57.271639 localhost kernel:   DMA zone: 3998 pages, LIFO batch:0
Mar 19 16:40:57.271648 localhost kernel:   DMA32 zone: 12224 pages used for memmap
Mar 19 16:40:57.271657 localhost kernel:   DMA32 zone: 782333 pages, LIFO batch:31
Mar 19 16:40:57.271666 localhost kernel:   Normal zone: 3072 pages used for memmap
Mar 19 16:40:57.271675 localhost kernel:   Normal zone: 196608 pages, LIFO batch:31
Mar 19 16:40:57.271684 localhost kernel: ACPI: Local APIC address 0xfee00000
Mar 19 16:40:57.271694 localhost kernel: ACPI: LAPIC_NMI (acpi_id[0xff] dfl dfl lint[0x1])
Mar 19 16:40:57.271705 localhost kernel: IOAPIC[0]: apic_id 0, version 17, address 0xfec00000, GSI 0-23
Mar 19 16:40:57.271714 localhost kernel: ACPI: INT_SRC_OVR (bus 0 bus_irq 5 global_irq 5 high level)
Mar 19 16:40:57.271723 localhost kernel: ACPI: INT_SRC_OVR (bus 0 bus_irq 9 global_irq 9 high level)
Mar 19 16:40:57.271731 localhost kernel: ACPI: INT_SRC_OVR (bus 0 bus_irq 10 global_irq 10 high level)
Mar 19 16:40:57.271740 localhost kernel: ACPI: INT_SRC_OVR (bus 0 bus_irq 11 global_irq 11 high level)
Mar 19 16:40:57.271749 localhost kernel: ACPI: IRQ5 used by override.
Mar 19 16:40:57.271758 localhost kernel: ACPI: IRQ9 used by override.
Mar 19 16:40:57.271775 localhost kernel: ACPI: IRQ10 used by override.
Mar 19 16:40:57.271784 localhost kernel: ACPI: IRQ11 used by override.
Mar 19 16:40:57.271793 localhost kernel: Using ACPI (MADT) for SMP configuration information
Mar 19 16:40:57.271802 localhost kernel: smpboot: Allowing 1 CPUs, 0 hotplug CPUs
Mar 19 16:40:57.271811 localhost kernel: e820: [mem 0xc0000000-0xfffbbfff] available for PCI devices
Mar 19 16:40:57.273978 localhost kernel: Booting paravirtualized kernel on KVM
Mar 19 16:40:57.274008 localhost kernel: clocksource: refined-jiffies: mask: 0xffffffff max_cycles: 0xffffffff, max_idle_ns: 1910969940391419 ns
Mar 19 16:40:57.274129 localhost kernel: random: get_random_bytes called from start_kernel+0x8c/0x487 with crng_init=0
Mar 19 16:40:57.274140 localhost kernel: setup_percpu: NR_CPUS:256 nr_cpumask_bits:256 nr_cpu_ids:1 nr_node_ids:1
Mar 19 16:40:57.274149 localhost kernel: percpu: Embedded 44 pages/cpu @ffff9d6befc00000 s140136 r8192 d31896 u2097152
Mar 19 16:40:57.274158 localhost kernel: pcpu-alloc: s140136 r8192 d31896 u2097152 alloc=1*2097152
Mar 19 16:40:57.274167 localhost kernel: pcpu-alloc: [0] 0 
Mar 19 16:40:57.274176 localhost kernel: Built 1 zonelists, mobility grouping on.  Total pages: 967558
Mar 19 16:40:57.274185 localhost kernel: Policy zone: Normal
Mar 19 16:40:57.274200 localhost kernel: Kernel command line: BOOT_IMAGE=/syslinux/vmlinuz.A init=/usr/lib/systemd/systemd boot=local rootwait ro noresume noswap loglevel=7 noinitrd console=ttyS0 vsyscall=emulate security=apparmor virtio_net.napi_tx=1 systemd.unified_cgroup_hierarchy=false systemd.legacy_systemd_cgroup_controller=true csm.disabled=1 dm_verity.error_behavior=3 dm_verity.max_bios=-1 dm_verity.dev_wait=1 i915.modeset=1 cros_efi root=/dev/dm-0 "dm=1 vroot none ro 1,0 2539520 verity payload=PARTUUID=71913957-D6B1-8948-AFA7-574E312FC408 hashtree=PARTUUID=71913957-D6B1-8948-AFA7-574E312FC408 hashstart=2539520 alg=sha1 root_hexdigest=e582525d12c5f702e39eca88f648e851195d84f7 salt=331684cac74749b4944aedce8c7e5dd9abed70e63b61b9be00d8c9efd9d17444"
Mar 19 16:40:57.274215 localhost kernel: device-mapper: init: will configure 1 devices
Mar 19 16:40:57.274566 localhost kernel: PID hash table entries: 4096 (order: 3, 32768 bytes)
Mar 19 16:40:57.274578 localhost kernel: Memory: 3782080K/3931756K available (10252K kernel code, 1149K rwdata, 2056K rodata, 1360K init, 540K bss, 149676K reserved, 0K cma-reserved)
Mar 19 16:40:57.274588 localhost kernel: SLUB: HWalign=64, Order=0-3, MinObjects=0, CPUs=1, Nodes=1
Mar 19 16:40:57.274606 localhost kernel: Kernel/User page tables isolation: enabled
Mar 19 16:40:57.274618 localhost kernel: ftrace: allocating 26803 entries in 105 pages
Mar 19 16:40:57.274628 localhost kernel: Hierarchical RCU implementation.
Mar 19 16:40:57.274639 localhost kernel:         RCU restricting CPUs from NR_CPUS=256 to nr_cpu_ids=1.
Mar 19 16:40:57.274649 localhost kernel: RCU: Adjusting geometry for rcu_fanout_leaf=16, nr_cpu_ids=1
Mar 19 16:40:57.274658 localhost kernel: NR_IRQS: 16640, nr_irqs: 256, preallocated irqs: 16
Mar 19 16:40:57.274667 localhost kernel: console [ttyS0] enabled
Mar 19 16:40:57.274677 localhost kernel: clocksource: tsc-early: mask: 0xffffffffffffffff max_cycles: 0x212735223b2, max_idle_ns: 440795277976 ns
Mar 19 16:40:57.274686 localhost kernel: Calibrating delay loop (skipped) preset value.. 4600.00 BogoMIPS (lpj=2300000)
Mar 19 16:40:57.274696 localhost kernel: pid_max: default: 32768 minimum: 301
Mar 19 16:40:57.274705 localhost kernel: ACPI: Core revision 20170728
Mar 19 16:40:57.274717 localhost kernel: ACPI: 2 ACPI AML tables successfully acquired and loaded
Mar 19 16:40:57.274727 localhost kernel: Security Framework initialized
Mar 19 16:40:57.274736 localhost kernel: Yama: becoming mindful.
Mar 19 16:40:57.274745 localhost kernel: LoadPin: ready to pin (currently enabled)
Mar 19 16:40:57.274755 localhost kernel: Chromium OS LSM: enabled
Mar 19 16:40:57.274764 localhost kernel: AppArmor: AppArmor initialized
Mar 19 16:40:57.274773 localhost kernel: Dentry cache hash table entries: 524288 (order: 10, 4194304 bytes)
Mar 19 16:40:57.274783 localhost kernel: Inode-cache hash table entries: 262144 (order: 9, 2097152 bytes)
Mar 19 16:40:57.274792 localhost kernel: Mount-cache hash table entries: 8192 (order: 4, 65536 bytes)
Mar 19 16:40:57.274804 localhost kernel: Mountpoint-cache hash table entries: 8192 (order: 4, 65536 bytes)
Mar 19 16:40:57.274814 localhost kernel: Last level iTLB entries: 4KB 1024, 2MB 1024, 4MB 1024
Mar 19 16:40:57.275920 localhost kernel: Last level dTLB entries: 4KB 1024, 2MB 1024, 4MB 1024, 1GB 4
Mar 19 16:40:57.275948 localhost kernel: Spectre V2 : Mitigation: Full generic retpoline
Mar 19 16:40:57.275958 localhost kernel: Spectre V2 : Spectre v2 / SpectreRSB mitigation: Filling RSB on context switch
Mar 19 16:40:57.275969 localhost kernel: Spectre V2 : Enabling Restricted Speculation for firmware calls
Mar 19 16:40:57.275978 localhost kernel: Spectre V2 : mitigation: Enabling conditional Indirect Branch Prediction Barrier
Mar 19 16:40:57.275988 localhost kernel: Speculative Store Bypass: Mitigation: Speculative Store Bypass disabled via prctl and seccomp
Mar 19 16:40:57.275998 localhost kernel: Freeing SMP alternatives memory: 28K
Mar 19 16:40:57.276007 localhost kernel: smpboot: Max logical packages: 1
Mar 19 16:40:57.276022 localhost kernel: x2apic enabled
Mar 19 16:40:57.276032 localhost kernel: Switched APIC routing to physical x2apic.
Mar 19 16:40:57.276041 localhost kernel: ..TIMER: vector=0x30 apic1=0 pin1=0 apic2=-1 pin2=-1
Mar 19 16:40:57.276051 localhost kernel: smpboot: CPU0: Intel(R) Xeon(R) CPU @ 2.30GHz (family: 0x6, model: 0x3f, stepping: 0x0)
Mar 19 16:40:57.276061 localhost kernel: Performance Events: unsupported p6 CPU model 63 no PMU driver, software events only.
Mar 19 16:40:57.276070 localhost kernel: Hierarchical SRCU implementation.
Mar 19 16:40:57.276080 localhost kernel: random: crng done (trusting CPU's manufacturer)
Mar 19 16:40:57.276090 localhost kernel: NMI watchdog: Perf event create on CPU 0 failed with -2
Mar 19 16:40:57.276099 localhost kernel: NMI watchdog: Perf NMI watchdog permanently disabled
Mar 19 16:40:57.276111 localhost kernel: smp: Bringing up secondary CPUs ...
Mar 19 16:40:57.276121 localhost kernel: smp: Brought up 1 node, 1 CPU
Mar 19 16:40:57.276131 localhost kernel: smpboot: Total of 1 processors activated (4600.00 BogoMIPS)
Mar 19 16:40:57.276141 localhost kernel: devtmpfs: initialized
Mar 19 16:40:57.276151 localhost kernel: clocksource: jiffies: mask: 0xffffffff max_cycles: 0xffffffff, max_idle_ns: 1911260446275000 ns
Mar 19 16:40:57.276162 localhost kernel: futex hash table entries: 256 (order: 2, 16384 bytes)
Mar 19 16:40:57.276172 localhost kernel: RTC time: 16:40:56, date: 03/19/19
Mar 19 16:40:57.276181 localhost kernel: NET: Registered protocol family 16
Mar 19 16:40:57.276191 localhost kernel: cpuidle: using governor ladder
Mar 19 16:40:57.276200 localhost kernel: cpuidle: using governor menu
Mar 19 16:40:57.276210 localhost kernel: clocksource: Switched to clocksource kvm-clock
Mar 19 16:40:57.276219 localhost kernel: ACPI: bus type PCI registered
Mar 19 16:40:57.276229 localhost kernel: PCI: Using configuration type 1 for base access
Mar 19 16:40:57.276238 localhost kernel: HugeTLB registered 2.00 MiB page size, pre-allocated 0 pages
Mar 19 16:40:57.276247 localhost kernel: ACPI: Added _OSI(Module Device)
Mar 19 16:40:57.276270 localhost kernel: ACPI: Added _OSI(Processor Device)
Mar 19 16:40:57.276280 localhost kernel: ACPI: Added _OSI(3.0 _SCP Extensions)
Mar 19 16:40:57.276289 localhost kernel: ACPI: Added _OSI(Processor Aggregator Device)
Mar 19 16:40:57.276299 localhost kernel: ACPI: Executed 2 blocks of module-level executable AML code
Mar 19 16:40:57.276308 localhost kernel: ACPI: Interpreter enabled
Mar 19 16:40:57.276318 localhost kernel: ACPI: (supports S0 S3 S5)
Mar 19 16:40:57.276328 localhost kernel: ACPI: Using IOAPIC for interrupt routing
Mar 19 16:40:57.276337 localhost kernel: PCI: Using host bridge windows from ACPI; if necessary, use "pci=nocrs" and report a bug
Mar 19 16:40:57.276347 localhost kernel: ACPI: Enabled 16 GPEs in block 00 to 0F
Mar 19 16:40:57.276365 localhost kernel: ACPI: PCI Root Bridge [PCI0] (domain 0000 [bus 00-ff])
Mar 19 16:40:57.276474 localhost kernel: acpi PNP0A03:00: _OSC: OS supports [ASPM ClockPM Segments MSI]
Mar 19 16:40:57.276534 localhost kernel: acpi PNP0A03:00: _OSC failed (AE_NOT_FOUND); disabling ASPM
Mar 19 16:40:57.276584 localhost kernel: acpi PNP0A03:00: fail to add MMCONFIG information, can't access extended PCI configuration space under this bridge.
Mar 19 16:40:57.276596 localhost kernel: PCI host bridge to bus 0000:00
Mar 19 16:40:57.276660 localhost kernel: pci_bus 0000:00: root bus resource [io  0x0000-0x0cf7 window]
Mar 19 16:40:57.276708 localhost kernel: pci_bus 0000:00: root bus resource [io  0x0d00-0xffff window]
Mar 19 16:40:57.276759 localhost kernel: pci_bus 0000:00: root bus resource [mem 0x000a0000-0x000bffff window]
Mar 19 16:40:57.276806 localhost kernel: pci_bus 0000:00: root bus resource [mem 0xc0000000-0xfebfffff window]
Mar 19 16:40:57.278649 localhost kernel: pci_bus 0000:00: root bus resource [bus 00-ff]
Mar 19 16:40:57.278765 localhost kernel: pci 0000:00:00.0: [8086:1237] type 00 class 0x060000
Mar 19 16:40:57.279448 localhost kernel: pci 0000:00:01.0: [8086:7110] type 00 class 0x060100
Mar 19 16:40:57.279532 localhost kernel: pci 0000:00:01.3: [8086:7113] type 00 class 0x068000
Mar 19 16:40:57.279589 localhost kernel: pci 0000:00:01.3: quirk: [io  0xb000-0xb03f] claimed by PIIX4 ACPI
Mar 19 16:40:57.279652 localhost kernel: pci 0000:00:03.0: [1af4:1004] type 00 class 0x000000
Mar 19 16:40:57.279707 localhost kernel: pci 0000:00:03.0: reg 0x10: [io  0xc000-0xc03f]
Mar 19 16:40:57.279762 localhost kernel: pci 0000:00:03.0: reg 0x14: [mem 0xfebfe000-0xfebfe07f]
Mar 19 16:40:57.279864 localhost kernel: pci 0000:00:04.0: [1af4:1000] type 00 class 0x020000
Mar 19 16:40:57.279925 localhost kernel: pci 0000:00:04.0: reg 0x10: [io  0xc040-0xc07f]
Mar 19 16:40:57.279984 localhost kernel: pci 0000:00:04.0: reg 0x14: [mem 0xfebff000-0xfebff03f]
Mar 19 16:40:57.279995 localhost kernel: ACPI: PCI Interrupt Link [LNKA] (IRQs 5 *10 11)
Mar 19 16:40:57.280005 localhost kernel: ACPI: PCI Interrupt Link [LNKB] (IRQs 5 *10 11)
Mar 19 16:40:57.280015 localhost kernel: ACPI: PCI Interrupt Link [LNKC] (IRQs 5 10 *11)
Mar 19 16:40:57.280025 localhost kernel: ACPI: PCI Interrupt Link [LNKD] (IRQs 5 10 *11)
Mar 19 16:40:57.280035 localhost kernel: ACPI: PCI Interrupt Link [LNKS] (IRQs *9)
Mar 19 16:40:57.280044 localhost kernel: SCSI subsystem initialized
Mar 19 16:40:57.280054 localhost kernel: libata version 3.00 loaded.
Mar 19 16:40:57.280064 localhost kernel: PCI: Using ACPI for IRQ routing
Mar 19 16:40:57.280076 localhost kernel: PCI: pci_cache_line_size set to 64 bytes
Mar 19 16:40:57.280086 localhost kernel: e820: reserve RAM buffer [mem 0x0009fc00-0x0009ffff]
Mar 19 16:40:57.280095 localhost kernel: e820: reserve RAM buffer [mem 0xbfffd000-0xbfffffff]
Mar 19 16:40:57.280105 localhost kernel: VFS: Disk quotas dquot_6.6.0
Mar 19 16:40:57.280115 localhost kernel: VFS: Dquot-cache hash table entries: 512 (order 0, 4096 bytes)
Mar 19 16:40:57.280124 localhost kernel: AppArmor: AppArmor Filesystem Enabled
Mar 19 16:40:57.280134 localhost kernel: pnp: PnP ACPI init
Mar 19 16:40:57.280192 localhost kernel: pnp 00:00: Plug and Play ACPI device, IDs PNP0b00 (active)
Mar 19 16:40:57.280248 localhost kernel: pnp 00:01: Plug and Play ACPI device, IDs PNP0303 (active)
Mar 19 16:40:57.280317 localhost kernel: pnp 00:02: Plug and Play ACPI device, IDs PNP0f13 (active)
Mar 19 16:40:57.280375 localhost kernel: pnp 00:03: Plug and Play ACPI device, IDs PNP0501 (active)
Mar 19 16:40:57.280432 localhost kernel: pnp 00:04: Plug and Play ACPI device, IDs PNP0501 (active)
Mar 19 16:40:57.280484 localhost kernel: pnp 00:05: Plug and Play ACPI device, IDs PNP0501 (active)
Mar 19 16:40:57.280535 localhost kernel: pnp 00:06: Plug and Play ACPI device, IDs PNP0501 (active)
Mar 19 16:40:57.280555 localhost kernel: pnp: PnP ACPI: found 7 devices
Mar 19 16:40:57.280607 localhost kernel: pci_bus 0000:00: resource 4 [io  0x0000-0x0cf7 window]
Mar 19 16:40:57.280654 localhost kernel: pci_bus 0000:00: resource 5 [io  0x0d00-0xffff window]
Mar 19 16:40:57.280705 localhost kernel: pci_bus 0000:00: resource 6 [mem 0x000a0000-0x000bffff window]
Mar 19 16:40:57.280751 localhost kernel: pci_bus 0000:00: resource 7 [mem 0xc0000000-0xfebfffff window]
Mar 19 16:40:57.280763 localhost kernel: NET: Registered protocol family 2
Mar 19 16:40:57.280772 localhost kernel: TCP established hash table entries: 32768 (order: 6, 262144 bytes)
Mar 19 16:40:57.280782 localhost kernel: TCP bind hash table entries: 32768 (order: 8, 1048576 bytes)
Mar 19 16:40:57.280795 localhost kernel: TCP: Hash tables configured (established 32768 bind 32768)
Mar 19 16:40:57.280805 localhost kernel: UDP hash table entries: 2048 (order: 5, 196608 bytes)
Mar 19 16:40:57.280815 localhost kernel: UDP-Lite hash table entries: 2048 (order: 5, 196608 bytes)
Mar 19 16:40:57.280919 localhost kernel: NET: Registered protocol family 1
Mar 19 16:40:57.280985 localhost kernel: pci 0000:00:00.0: Limiting direct PCI/PCI transfers
Mar 19 16:40:57.280996 localhost kernel: PCI: CLS 0 bytes, default 64
Mar 19 16:40:57.281006 localhost kernel: PCI-DMA: Using software bounce buffering for IO (SWIOTLB)
Mar 19 16:40:57.281016 localhost kernel: software IO TLB: mapped [mem 0xbbffd000-0xbfffd000] (64MB)
Mar 19 16:40:57.281026 localhost kernel: RAPL PMU: API unit is 2^-32 Joules, 4 fixed counters, 10737418240 ms ovfl timer
Mar 19 16:40:57.281039 localhost kernel: RAPL PMU: hw unit of domain pp0-core 2^-0 Joules
Mar 19 16:40:57.281049 localhost kernel: RAPL PMU: hw unit of domain package 2^-0 Joules
Mar 19 16:40:57.281059 localhost kernel: RAPL PMU: hw unit of domain dram 2^-0 Joules
Mar 19 16:40:57.281068 localhost kernel: RAPL PMU: hw unit of domain pp1-gpu 2^-0 Joules
Mar 19 16:40:57.281078 localhost kernel: clocksource: tsc: mask: 0xffffffffffffffff max_cycles: 0x212735223b2, max_idle_ns: 440795277976 ns
Mar 19 16:40:57.281088 localhost kernel: Scanning for low memory corruption every 60 seconds
Mar 19 16:40:57.281097 localhost kernel: audit: initializing netlink subsys (disabled)
Mar 19 16:40:57.281107 localhost kernel: Initialise system trusted keyrings
Mar 19 16:40:57.281117 localhost kernel: audit: type=2000 audit(1553013656.175:1): state=initialized audit_enabled=0 res=1
Mar 19 16:40:57.281127 localhost kernel: workingset: timestamp_bits=40 max_order=20 bucket_order=0
Mar 19 16:40:57.281139 localhost kernel: Key type asymmetric registered
Mar 19 16:40:57.281148 localhost kernel: Asymmetric key parser 'x509' registered
Mar 19 16:40:57.281158 localhost kernel: Block layer SCSI generic (bsg) driver version 0.4 loaded (major 250)
Mar 19 16:40:57.281168 localhost kernel: io scheduler noop registered (default)
Mar 19 16:40:57.281177 localhost kernel: io scheduler deadline registered
Mar 19 16:40:57.281187 localhost kernel: io scheduler cfq registered
Mar 19 16:40:57.281196 localhost kernel: io scheduler mq-deadline registered
Mar 19 16:40:57.281206 localhost kernel: intel_idle: Please enable MWAIT in BIOS SETUP
Mar 19 16:40:57.281216 localhost kernel: input: Power Button as /devices/LNXSYSTM:00/LNXPWRBN:00/input/input0
Mar 19 16:40:57.281228 localhost kernel: ACPI: Power Button [PWRF]
Mar 19 16:40:57.281238 localhost kernel: input: Sleep Button as /devices/LNXSYSTM:00/LNXSLPBN:00/input/input1
Mar 19 16:40:57.281248 localhost kernel: ACPI: Sleep Button [SLPF]
Mar 19 16:40:57.281267 localhost kernel: ACPI: PCI Interrupt Link [LNKC] enabled at IRQ 11
Mar 19 16:40:57.281334 localhost kernel: virtio-pci 0000:00:03.0: virtio_pci: leaving for legacy driver
Mar 19 16:40:57.281347 localhost kernel: ACPI: PCI Interrupt Link [LNKD] enabled at IRQ 10
Mar 19 16:40:57.281400 localhost kernel: virtio-pci 0000:00:04.0: virtio_pci: leaving for legacy driver
Mar 19 16:40:57.281412 localhost kernel: Serial: 8250/16550 driver, 4 ports, IRQ sharing disabled
Mar 19 16:40:57.281422 localhost kernel: 00:03: ttyS0 at I/O 0x3f8 (irq = 4, base_baud = 115200) is a 16550A
Mar 19 16:40:57.281434 localhost kernel: 00:04: ttyS1 at I/O 0x2f8 (irq = 3, base_baud = 115200) is a 16550A
Mar 19 16:40:57.281444 localhost kernel: 00:05: ttyS2 at I/O 0x3e8 (irq = 6, base_baud = 115200) is a 16550A
Mar 19 16:40:57.281453 localhost kernel: 00:06: ttyS3 at I/O 0x2e8 (irq = 7, base_baud = 115200) is a 16550A
Mar 19 16:40:57.281463 localhost kernel: Non-volatile memory driver v1.3
Mar 19 16:40:57.281472 localhost kernel: loop: module loaded
Mar 19 16:40:57.281540 localhost kernel: scsi host0: Virtio SCSI HBA
Mar 19 16:40:57.281623 localhost kernel: scsi 0:0:1:0: Direct-Access     Google   PersistentDisk   1    PQ: 0 ANSI: 6
Mar 19 16:40:57.281696 localhost kernel: scsi 0:0:2:0: Direct-Access     Google   PersistentDisk   1    PQ: 0 ANSI: 6
Mar 19 16:40:57.281711 localhost kernel: i8042: PNP: PS/2 Controller [PNP0303:KBD,PNP0f13:MOU] at 0x60,0x64 irq 1,12
Mar 19 16:40:57.281721 localhost kernel: i8042: Warning: Keylock active
Mar 19 16:40:57.281731 localhost kernel: serio: i8042 KBD port at 0x60,0x64 irq 1
Mar 19 16:40:57.281740 localhost kernel: serio: i8042 AUX port at 0x60,0x64 irq 12
Mar 19 16:40:57.281790 localhost kernel: rtc_cmos 00:00: RTC can wake from S4
Mar 19 16:40:57.282748 localhost kernel: rtc_cmos 00:00: registered as rtc0
Mar 19 16:40:57.283182 localhost kernel: rtc_cmos 00:00: alarms up to one day, 114 bytes nvram
Mar 19 16:40:57.283198 localhost kernel: iTCO_wdt: Intel TCO WatchDog Timer Driver v1.11
Mar 19 16:40:57.283214 localhost kernel: iTCO_vendor_support: vendor-support=0
Mar 19 16:40:57.283224 localhost kernel: device-mapper: ioctl: 4.37.0-ioctl (2017-09-20) initialised: dm-devel@redhat.com
Mar 19 16:40:57.283316 localhost kernel: device-mapper: verity-chromeos: dm-verity-chromeos registered
Mar 19 16:40:57.283335 localhost kernel: Mirror/redirect action on
Mar 19 16:40:57.283345 localhost kernel: Netfilter messages via NETLINK v0.30.
Mar 19 16:40:57.283355 localhost kernel: nf_conntrack version 0.5.0 (16384 buckets, 65536 max)
Mar 19 16:40:57.283365 localhost kernel: ctnetlink v0.93: registering with nfnetlink.
Mar 19 16:40:57.283375 localhost kernel: ip_tables: (C) 2000-2006 Netfilter Core Team
Mar 19 16:40:57.283384 localhost kernel: Initializing XFRM netlink socket
Mar 19 16:40:57.283394 localhost kernel: NET: Registered protocol family 10
Mar 19 16:40:57.283487 localhost kernel: sd 0:0:2:0: [sdb] 41943040 512-byte logical blocks: (21.5 GB/20.0 GiB)
Mar 19 16:40:57.283552 localhost kernel: sd 0:0:2:0: [sdb] 4096-byte physical blocks
Mar 19 16:40:57.283616 localhost kernel: sd 0:0:1:0: [sda] 41943040 512-byte logical blocks: (21.5 GB/20.0 GiB)
Mar 19 16:40:57.283678 localhost kernel: sd 0:0:1:0: [sda] 4096-byte physical blocks
Mar 19 16:40:57.283739 localhost kernel: sd 0:0:1:0: [sda] Write Protect is off
Mar 19 16:40:57.283806 localhost kernel: sd 0:0:1:0: [sda] Mode Sense: 1f 00 00 08
Mar 19 16:40:57.283892 localhost kernel: sd 0:0:2:0: [sdb] Write Protect is off
Mar 19 16:40:57.283956 localhost kernel: sd 0:0:2:0: [sdb] Mode Sense: 1f 00 00 08
Mar 19 16:40:57.283968 localhost kernel: Segment Routing with IPv6
Mar 19 16:40:57.283978 localhost kernel: NET: Registered protocol family 17
Mar 19 16:40:57.283988 localhost kernel: bridge: filtering via arp/ip/ip6tables is no longer available by default. Update your scripts to load br_netfilter if you need this.
Mar 19 16:40:57.283998 localhost kernel: sched_clock: Marking stable (631740610, 0)->(1042288593, -410547983)
Mar 19 16:40:57.284056 localhost kernel: sd 0:0:1:0: [sda] Write cache: enabled, read cache: enabled, doesn't support DPO or FUA
Mar 19 16:40:57.284116 localhost kernel: sd 0:0:2:0: [sdb] Write cache: enabled, read cache: enabled, doesn't support DPO or FUA
Mar 19 16:40:57.284128 localhost kernel: registered taskstats version 1
Mar 19 16:40:57.284140 localhost kernel: Loading compiled-in X.509 certificates
Mar 19 16:40:57.284150 localhost kernel: Loaded X.509 cert 'Google LLC: Container-Optimized OS kernel signing key: cdd9ce572db9e71668e71b5a9113908047a21771'
Mar 19 16:40:57.284160 localhost kernel: Loaded X.509 cert 'Google: Container-Optimized OS: 2efea493fc148b35859d0bc8c3dd71a139fc7ab411283e06f6c10b5a6b17e355'
Mar 19 16:40:57.284169 localhost kernel: AppArmor: AppArmor sha1 policy hashing enabled
Mar 19 16:40:57.284179 localhost kernel: ima: No TPM chip found, activating TPM-bypass! (rc=-19)
Mar 19 16:40:57.284188 localhost kernel: ima: Allocated hash algorithm: sha256
Mar 19 16:40:57.284198 localhost kernel:   Magic number: 11:239:692
Mar 19 16:40:57.284207 localhost kernel: GPT:Primary header thinks Alt. header is not at the end of the disk.
Mar 19 16:40:57.284217 localhost kernel: GPT:18874524 != 41943039
Mar 19 16:40:57.284229 localhost kernel: GPT:Alternate GPT header not at the end of the disk.
Mar 19 16:40:57.284239 localhost kernel: GPT:18874524 != 41943039
Mar 19 16:40:57.284248 localhost kernel: GPT: Use GNU Parted to correct GPT errors.
Mar 19 16:40:57.284267 localhost kernel:  sda: sda1 sda2 sda3 sda4 sda5 sda6 sda7 sda8 sda9 sda10 sda11 sda12
Mar 19 16:40:57.284334 localhost kernel: sd 0:0:2:0: [sdb] Attached SCSI disk
Mar 19 16:40:57.284394 localhost kernel: sd 0:0:1:0: [sda] Attached SCSI disk
Mar 19 16:40:57.284405 localhost kernel: device-mapper: init: attempting early device configuration.
Mar 19 16:40:57.284416 localhost kernel: device-mapper: init: adding target '0 2539520 verity payload=PARTUUID=71913957-D6B1-8948-AFA7-574E312FC408 hashtree=PARTUUID=71913957-D6B1-8948-AFA7-574E312FC408 hashstart=2539520 alg=sha1 root_hexdigest=e582525d12c5f702e39eca88f648e851195d84f7 salt=331684cac74749b4944aedce8c7e5dd9abed70e63b61b9be00d8c9efd9d17444'
Mar 19 16:40:57.284428 localhost kernel: device-mapper: verity: Argument 0: 'payload=PARTUUID=71913957-D6B1-8948-AFA7-574E312FC408'
Mar 19 16:40:57.284438 localhost kernel: device-mapper: verity: Argument 1: 'hashtree=PARTUUID=71913957-D6B1-8948-AFA7-574E312FC408'
Mar 19 16:40:57.284448 localhost kernel: device-mapper: verity: Argument 2: 'hashstart=2539520'
Mar 19 16:40:57.284457 localhost kernel: device-mapper: verity: Argument 3: 'alg=sha1'
Mar 19 16:40:57.284467 localhost kernel: device-mapper: verity: Argument 4: 'root_hexdigest=e582525d12c5f702e39eca88f648e851195d84f7'
Mar 19 16:40:57.284477 localhost kernel: device-mapper: verity: Argument 5: 'salt=331684cac74749b4944aedce8c7e5dd9abed70e63b61b9be00d8c9efd9d17444'
Mar 19 16:40:57.284486 localhost kernel: device-mapper: init: dm-0 is ready
Mar 19 16:40:57.284495 localhost kernel: EXT4-fs (dm-0): mounting ext2 file system using the ext4 subsystem
Mar 19 16:40:57.284505 localhost kernel: EXT4-fs (dm-0): mounted filesystem without journal. Opts: (null)
Mar 19 16:40:57.284517 localhost kernel: VFS: Mounted root (ext2 filesystem) readonly on device 254:0.
Mar 19 16:40:57.284527 localhost kernel: devtmpfs: mounted
Mar 19 16:40:57.284537 localhost kernel: Freeing unused kernel memory: 1360K
Mar 19 16:40:57.284547 localhost kernel: Write protecting the kernel read-only data: 16384k
Mar 19 16:40:57.284556 localhost kernel: Freeing unused kernel memory: 2012K
Mar 19 16:40:57.284566 localhost kernel: Freeing unused kernel memory: 2040K
Mar 19 16:40:57.284579 localhost systemd[1]: systemd 232 running in system mode. (+PAM +AUDIT -SELINUX +IMA +APPARMOR +SMACK -SYSVINIT -UTMP -LIBCRYPTSETUP +GCRYPT -GNUTLS -ACL -XZ +LZ4 +SECCOMP +BLKID -ELFUTILS +KMOD -IDN)
Mar 19 16:40:57.284592 localhost systemd[1]: Detected virtualization kvm.
Mar 19 16:40:57.284606 localhost systemd[1]: Detected architecture x86-64.
Mar 19 16:40:57.284617 localhost systemd[1]: Initializing machine ID from KVM UUID.
Mar 19 16:40:57.284627 localhost systemd[1]: Installed transient /etc/machine-id file.
Mar 19 16:40:57.284638 localhost systemd[1]: Listening on Journal Socket.
Mar 19 16:40:57.284649 localhost systemd[1]: Listening on /dev/initctl Compatibility Named Pipe.
Mar 19 16:40:57.284659 localhost systemd[1]: Started Forward Password Requests to Wall Directory Watch.
Mar 19 16:40:57.284670 localhost systemd[1]: Listening on Network Service Netlink Socket.
Mar 19 16:40:57.284681 localhost systemd[1]: Listening on udev Kernel Socket.
Mar 19 16:40:57.451860 localhost kernel: LoadPin: dev(254,0): read-only
Mar 19 16:40:57.451953 localhost kernel: LoadPin: load pinning engaged.
Mar 19 16:40:57.454859 localhost kernel: LoadPin: kernel-module pinned obj="/lib/modules/4.14.94+/kernel/arch/x86/crypto/glue_helper.ko" pid=126 cmdline="/usr/lib/systemd/systemd-udevd"
Mar 19 16:40:57.506587 localhost kernel: AVX2 version of gcm_enc/dec engaged.
Mar 19 16:40:57.506666 localhost kernel: AES CTR mode by8 optimization enabled
Mar 19 16:40:57.555633 localhost kernel: EXT4-fs (sda8): mounted filesystem with ordered data mode. Opts: (null)
Mar 19 16:40:57.697671 localhost kernel: EXT4-fs (sda1): mounted filesystem with ordered data mode. Opts: commit=30
Mar 19 16:40:57.838097 localhost kernel: EXT4-fs (sda1): re-mounted. Opts: commit=30,data=ordered
Mar 19 16:40:57.838135 localhost kernel: EXT4-fs (sda1): re-mounted. Opts: commit=30,data=ordered
Mar 19 16:40:57.838153 localhost kernel: EXT4-fs (sda1): re-mounted. Opts: commit=30,data=ordered
Mar 19 16:40:57.947338 localhost kernel: EXT4-fs (sda1): resizing filesystem from 1271296 to 4154875 blocks
Mar 19 16:40:58.595287 localhost kernel: EXT4-fs (sda1): resized filesystem to 4154875
Mar 19 16:40:58.843571 localhost kernel: ip6_tables: (C) 2000-2006 Netfilter Core Team
Mar 19 16:41:01.589856 e2e-test-peterhornyack-master kernel: Bridge firewalling registered
Mar 19 16:41:01.881889 e2e-test-peterhornyack-master kernel: IPv6: ADDRCONF(NETDEV_UP): docker0: link is not ready
Mar 19 16:41:09.617063 e2e-test-peterhornyack-master kernel: EXT4-fs (sda1): re-mounted. Opts: commit=30,data=ordered
Mar 19 16:42:30.189443 e2e-test-peterhornyack-master kernel: EXT4-fs (sda1): re-mounted. Opts: commit=30,data=ordered
Mar 19 16:42:30.862089 e2e-test-peterhornyack-master kernel: Unsafe core_pattern used with fs.suid_dumpable=2.
                                                             Pipe handler or fully qualified core dump path required.
                                                             Set kernel.core_pattern before fs.suid_dumpable.
Mar 19 16:42:32.898539 e2e-test-peterhornyack-master kernel: EXT4-fs (sdb): mounted filesystem with ordered data mode. Opts: discard
Mar 19 16:42:41.135779 e2e-test-peterhornyack-master kernel: EXT4-fs (sda1): re-mounted. Opts: commit=30,data=ordered
