-- Logs begin at Fri 2019-04-26 22:13:33 UTC, end at Sat 2019-04-27 01:43:56 UTC. --
Apr 26 22:13:33.502214 localhost kernel: Linux version 4.14.94+ (chrome-bot@swarm-cros-645) (gcc version 4.9.x 20150123 (prerelease) (4.9.2_cos_gg_4.9.2-r200-ac6128e0a17a52f011797f33ac3e7d6273a9368d_4.9.2-r200)) #1 SMP Thu Feb 28 00:14:21 PST 2019
Apr 26 22:13:33.502258 localhost kernel: Command line: BOOT_IMAGE=/syslinux/vmlinuz.A init=/usr/lib/systemd/systemd boot=local rootwait ro noresume noswap loglevel=7 noinitrd console=ttyS0 vsyscall=emulate security=apparmor virtio_net.napi_tx=1 systemd.unified_cgroup_hierarchy=false systemd.legacy_systemd_cgroup_controller=true csm.disabled=1 dm_verity.error_behavior=3 dm_verity.max_bios=-1 dm_verity.dev_wait=1 i915.modeset=1 cros_efi root=/dev/dm-0 "dm=1 vroot none ro 1,0 2539520 verity payload=PARTUUID=71913957-D6B1-8948-AFA7-574E312FC408 hashtree=PARTUUID=71913957-D6B1-8948-AFA7-574E312FC408 hashstart=2539520 alg=sha1 root_hexdigest=e582525d12c5f702e39eca88f648e851195d84f7 salt=331684cac74749b4944aedce8c7e5dd9abed70e63b61b9be00d8c9efd9d17444"
Apr 26 22:13:33.502289 localhost kernel: x86/fpu: Supporting XSAVE feature 0x001: 'x87 floating point registers'
Apr 26 22:13:33.502302 localhost kernel: x86/fpu: Supporting XSAVE feature 0x002: 'SSE registers'
Apr 26 22:13:33.502451 localhost kernel: x86/fpu: Supporting XSAVE feature 0x004: 'AVX registers'
Apr 26 22:13:33.502465 localhost kernel: x86/fpu: xstate_offset[2]:  576, xstate_sizes[2]:  256
Apr 26 22:13:33.502480 localhost kernel: x86/fpu: Enabled xstate features 0x7, context size is 832 bytes, using 'standard' format.
Apr 26 22:13:33.502490 localhost kernel: e820: BIOS-provided physical RAM map:
Apr 26 22:13:33.502500 localhost kernel: BIOS-e820: [mem 0x0000000000000000-0x000000000009fbff] usable
Apr 26 22:13:33.502509 localhost kernel: BIOS-e820: [mem 0x000000000009fc00-0x000000000009ffff] reserved
Apr 26 22:13:33.502520 localhost kernel: BIOS-e820: [mem 0x00000000000f0000-0x00000000000fffff] reserved
Apr 26 22:13:33.502529 localhost kernel: BIOS-e820: [mem 0x0000000000100000-0x00000000bfffcfff] usable
Apr 26 22:13:33.502538 localhost kernel: BIOS-e820: [mem 0x00000000bfffd000-0x00000000bfffffff] reserved
Apr 26 22:13:33.502548 localhost kernel: BIOS-e820: [mem 0x00000000fffbc000-0x00000000ffffffff] reserved
Apr 26 22:13:33.502562 localhost kernel: BIOS-e820: [mem 0x0000000100000000-0x000000021fffffff] usable
Apr 26 22:13:33.502572 localhost kernel: NX (Execute Disable) protection: active
Apr 26 22:13:33.502709 localhost kernel: SMBIOS 2.4 present.
Apr 26 22:13:33.502723 localhost kernel: DMI: Google Google Compute Engine/Google Compute Engine, BIOS Google 01/01/2011
Apr 26 22:13:33.502733 localhost kernel: Hypervisor detected: KVM
Apr 26 22:13:33.502743 localhost kernel: kvm-clock: Using msrs 4b564d01 and 4b564d00
Apr 26 22:13:33.502753 localhost kernel: kvm-clock: cpu 0, msr 9e4e6001, primary cpu clock
Apr 26 22:13:33.502763 localhost kernel: kvm-clock: using sched offset of 982319802 cycles
Apr 26 22:13:33.502772 localhost kernel: clocksource: kvm-clock: mask: 0xffffffffffffffff max_cycles: 0x1cd42e4dffb, max_idle_ns: 881590591483 ns
Apr 26 22:13:33.502782 localhost kernel: tsc: Initial usec timer 912388
Apr 26 22:13:33.502794 localhost kernel: tsc: Detected 2300.000 MHz processor
Apr 26 22:13:33.502926 localhost kernel: e820: update [mem 0x00000000-0x00000fff] usable ==> reserved
Apr 26 22:13:33.502938 localhost kernel: e820: remove [mem 0x000a0000-0x000fffff] usable
Apr 26 22:13:33.502947 localhost kernel: e820: last_pfn = 0x220000 max_arch_pfn = 0x400000000
Apr 26 22:13:33.502957 localhost kernel: MTRR default type: write-back
Apr 26 22:13:33.502966 localhost kernel: MTRR fixed ranges enabled:
Apr 26 22:13:33.502975 localhost kernel:   00000-9FFFF write-back
Apr 26 22:13:33.502986 localhost kernel:   A0000-BFFFF uncachable
Apr 26 22:13:33.502995 localhost kernel:   C0000-FFFFF write-protect
Apr 26 22:13:33.503005 localhost kernel: MTRR variable ranges enabled:
Apr 26 22:13:33.503106 localhost kernel:   0 base 0000C0000000 mask 3FFFC0000000 uncachable
Apr 26 22:13:33.503120 localhost kernel:   1 disabled
Apr 26 22:13:33.503132 localhost kernel:   2 disabled
Apr 26 22:13:33.503142 localhost kernel:   3 disabled
Apr 26 22:13:33.503152 localhost kernel:   4 disabled
Apr 26 22:13:33.503162 localhost kernel:   5 disabled
Apr 26 22:13:33.503176 localhost kernel:   6 disabled
Apr 26 22:13:33.503186 localhost kernel:   7 disabled
Apr 26 22:13:33.503195 localhost kernel: x86/PAT: Configuration [0-7]: WB  WC  UC- UC  WB  WP  UC- WT  
Apr 26 22:13:33.503205 localhost kernel: e820: last_pfn = 0xbfffd max_arch_pfn = 0x400000000
Apr 26 22:13:33.503214 localhost kernel: found SMP MP-table at [mem 0x000f2c80-0x000f2c8f] mapped at [ffffffffff200c80]
Apr 26 22:13:33.503226 localhost kernel: Scanning 1 areas for low memory corruption
Apr 26 22:13:33.503236 localhost kernel: Base memory trampoline at [ffff901000099000] 99000 size 24576
Apr 26 22:13:33.503246 localhost kernel: Using GB pages for direct mapping
Apr 26 22:13:33.503255 localhost kernel: BRK [0x9e55a000, 0x9e55afff] PGTABLE
Apr 26 22:13:33.503265 localhost kernel: BRK [0x9e55b000, 0x9e55bfff] PGTABLE
Apr 26 22:13:33.503274 localhost kernel: BRK [0x9e55c000, 0x9e55cfff] PGTABLE
Apr 26 22:13:33.503288 localhost kernel: BRK [0x9e55d000, 0x9e55dfff] PGTABLE
Apr 26 22:13:33.503299 localhost kernel: BRK [0x9e55e000, 0x9e55efff] PGTABLE
Apr 26 22:13:33.503309 localhost kernel: ACPI: Early table checksum verification disabled
Apr 26 22:13:33.503318 localhost kernel: ACPI: RSDP 0x00000000000F2A10 000014 (v00 Google)
Apr 26 22:13:33.503328 localhost kernel: ACPI: RSDT 0x00000000BFFFDA50 000038 (v01 Google GOOGRSDT 00000001 GOOG 00000001)
Apr 26 22:13:33.503338 localhost kernel: ACPI: FACP 0x00000000BFFFFF00 0000F4 (v02 Google GOOGFACP 00000001 GOOG 00000001)
Apr 26 22:13:33.503350 localhost kernel: ACPI: DSDT 0x00000000BFFFDA90 0018BA (v01 Google GOOGDSDT 00000001 GOOG 00000001)
Apr 26 22:13:33.503360 localhost kernel: ACPI: FACS 0x00000000BFFFFEC0 000040
Apr 26 22:13:33.503370 localhost kernel: ACPI: FACS 0x00000000BFFFFEC0 000040
Apr 26 22:13:33.503380 localhost kernel: ACPI: SSDT 0x00000000BFFFF540 000980 (v01 Google GOOGSSDT 00000001 GOOG 00000001)
Apr 26 22:13:33.503390 localhost kernel: ACPI: APIC 0x00000000BFFFF450 000076 (v01 Google GOOGAPIC 00000001 GOOG 00000001)
Apr 26 22:13:33.503399 localhost kernel: ACPI: WAET 0x00000000BFFFF420 000028 (v01 Google GOOGWAET 00000001 GOOG 00000001)
Apr 26 22:13:33.503409 localhost kernel: ACPI: SRAT 0x00000000BFFFF350 0000C8 (v01 Google GOOGSRAT 00000001 GOOG 00000001)
Apr 26 22:13:33.503419 localhost kernel: ACPI: Local APIC address 0xfee00000
Apr 26 22:13:33.503428 localhost kernel: SRAT: PXM 0 -> APIC 0x00 -> Node 0
Apr 26 22:13:33.503438 localhost kernel: SRAT: PXM 0 -> APIC 0x01 -> Node 0
Apr 26 22:13:33.503450 localhost kernel: ACPI: SRAT: Node 0 PXM 0 [mem 0x00000000-0x0009ffff]
Apr 26 22:13:33.503460 localhost kernel: ACPI: SRAT: Node 0 PXM 0 [mem 0x00100000-0xbfffffff]
Apr 26 22:13:33.503470 localhost kernel: ACPI: SRAT: Node 0 PXM 0 [mem 0x100000000-0x21fffffff]
Apr 26 22:13:33.503479 localhost kernel: NUMA: Node 0 [mem 0x00000000-0x0009ffff] + [mem 0x00100000-0xbfffffff] -> [mem 0x00000000-0xbfffffff]
Apr 26 22:13:33.503489 localhost kernel: NUMA: Node 0 [mem 0x00000000-0xbfffffff] + [mem 0x100000000-0x21fffffff] -> [mem 0x00000000-0x21fffffff]
Apr 26 22:13:33.503499 localhost kernel: NODE_DATA(0) allocated [mem 0x21fffa000-0x21fffdfff]
Apr 26 22:13:33.503509 localhost kernel: Zone ranges:
Apr 26 22:13:33.503520 localhost kernel:   DMA      [mem 0x0000000000001000-0x0000000000ffffff]
Apr 26 22:13:33.503529 localhost kernel:   DMA32    [mem 0x0000000001000000-0x00000000ffffffff]
Apr 26 22:13:33.503539 localhost kernel:   Normal   [mem 0x0000000100000000-0x000000021fffffff]
Apr 26 22:13:33.503548 localhost kernel: Movable zone start for each node
Apr 26 22:13:33.503561 localhost kernel: Early memory node ranges
Apr 26 22:13:33.503573 localhost kernel:   node   0: [mem 0x0000000000001000-0x000000000009efff]
Apr 26 22:13:33.503583 localhost kernel:   node   0: [mem 0x0000000000100000-0x00000000bfffcfff]
Apr 26 22:13:33.503592 localhost kernel:   node   0: [mem 0x0000000100000000-0x000000021fffffff]
Apr 26 22:13:33.503604 localhost kernel: Initmem setup node 0 [mem 0x0000000000001000-0x000000021fffffff]
Apr 26 22:13:33.503628 localhost kernel: On node 0 totalpages: 1965979
Apr 26 22:13:33.503640 localhost kernel:   DMA zone: 64 pages used for memmap
Apr 26 22:13:33.503650 localhost kernel:   DMA zone: 21 pages reserved
Apr 26 22:13:33.503659 localhost kernel:   DMA zone: 3998 pages, LIFO batch:0
Apr 26 22:13:33.503669 localhost kernel:   DMA32 zone: 12224 pages used for memmap
Apr 26 22:13:33.503679 localhost kernel:   DMA32 zone: 782333 pages, LIFO batch:31
Apr 26 22:13:33.503688 localhost kernel:   Normal zone: 18432 pages used for memmap
Apr 26 22:13:33.503698 localhost kernel:   Normal zone: 1179648 pages, LIFO batch:31
Apr 26 22:13:33.503711 localhost kernel: ACPI: Local APIC address 0xfee00000
Apr 26 22:13:33.503725 localhost kernel: ACPI: LAPIC_NMI (acpi_id[0xff] dfl dfl lint[0x1])
Apr 26 22:13:33.503734 localhost kernel: IOAPIC[0]: apic_id 0, version 17, address 0xfec00000, GSI 0-23
Apr 26 22:13:33.503745 localhost kernel: ACPI: INT_SRC_OVR (bus 0 bus_irq 5 global_irq 5 high level)
Apr 26 22:13:33.503755 localhost kernel: ACPI: INT_SRC_OVR (bus 0 bus_irq 9 global_irq 9 high level)
Apr 26 22:13:33.503765 localhost kernel: ACPI: INT_SRC_OVR (bus 0 bus_irq 10 global_irq 10 high level)
Apr 26 22:13:33.503775 localhost kernel: ACPI: INT_SRC_OVR (bus 0 bus_irq 11 global_irq 11 high level)
Apr 26 22:13:33.503784 localhost kernel: ACPI: IRQ5 used by override.
Apr 26 22:13:33.503794 localhost kernel: ACPI: IRQ9 used by override.
Apr 26 22:13:33.503804 localhost kernel: ACPI: IRQ10 used by override.
Apr 26 22:13:33.503813 localhost kernel: ACPI: IRQ11 used by override.
Apr 26 22:13:33.503823 localhost kernel: Using ACPI (MADT) for SMP configuration information
Apr 26 22:13:33.503832 localhost kernel: smpboot: Allowing 2 CPUs, 0 hotplug CPUs
Apr 26 22:13:33.503842 localhost kernel: e820: [mem 0xc0000000-0xfffbbfff] available for PCI devices
Apr 26 22:13:33.503854 localhost kernel: Booting paravirtualized kernel on KVM
Apr 26 22:13:33.503863 localhost kernel: clocksource: refined-jiffies: mask: 0xffffffff max_cycles: 0xffffffff, max_idle_ns: 1910969940391419 ns
Apr 26 22:13:33.503873 localhost kernel: random: get_random_bytes called from start_kernel+0x8c/0x487 with crng_init=0
Apr 26 22:13:33.503887 localhost kernel: setup_percpu: NR_CPUS:256 nr_cpumask_bits:256 nr_cpu_ids:2 nr_node_ids:1
Apr 26 22:13:33.503897 localhost kernel: percpu: Embedded 44 pages/cpu @ffff90121fc00000 s140136 r8192 d31896 u1048576
Apr 26 22:13:33.503908 localhost kernel: pcpu-alloc: s140136 r8192 d31896 u1048576 alloc=1*2097152
Apr 26 22:13:33.503917 localhost kernel: pcpu-alloc: [0] 0 1 
Apr 26 22:13:33.503927 localhost kernel: Built 1 zonelists, mobility grouping on.  Total pages: 1935238
Apr 26 22:13:33.503936 localhost kernel: Policy zone: Normal
Apr 26 22:13:33.503951 localhost kernel: Kernel command line: BOOT_IMAGE=/syslinux/vmlinuz.A init=/usr/lib/systemd/systemd boot=local rootwait ro noresume noswap loglevel=7 noinitrd console=ttyS0 vsyscall=emulate security=apparmor virtio_net.napi_tx=1 systemd.unified_cgroup_hierarchy=false systemd.legacy_systemd_cgroup_controller=true csm.disabled=1 dm_verity.error_behavior=3 dm_verity.max_bios=-1 dm_verity.dev_wait=1 i915.modeset=1 cros_efi root=/dev/dm-0 "dm=1 vroot none ro 1,0 2539520 verity payload=PARTUUID=71913957-D6B1-8948-AFA7-574E312FC408 hashtree=PARTUUID=71913957-D6B1-8948-AFA7-574E312FC408 hashstart=2539520 alg=sha1 root_hexdigest=e582525d12c5f702e39eca88f648e851195d84f7 salt=331684cac74749b4944aedce8c7e5dd9abed70e63b61b9be00d8c9efd9d17444"
Apr 26 22:13:33.503968 localhost kernel: device-mapper: init: will configure 1 devices
Apr 26 22:13:33.503979 localhost kernel: PID hash table entries: 4096 (order: 3, 32768 bytes)
Apr 26 22:13:33.503989 localhost kernel: Memory: 7652624K/7863916K available (10252K kernel code, 1149K rwdata, 2056K rodata, 1360K init, 540K bss, 211292K reserved, 0K cma-reserved)
Apr 26 22:13:33.504008 localhost kernel: SLUB: HWalign=64, Order=0-3, MinObjects=0, CPUs=2, Nodes=1
Apr 26 22:13:33.504021 localhost kernel: Kernel/User page tables isolation: enabled
Apr 26 22:13:33.504031 localhost kernel: ftrace: allocating 26803 entries in 105 pages
Apr 26 22:13:33.504041 localhost kernel: Hierarchical RCU implementation.
Apr 26 22:13:33.504054 localhost kernel:         RCU restricting CPUs from NR_CPUS=256 to nr_cpu_ids=2.
Apr 26 22:13:33.504069 localhost kernel: RCU: Adjusting geometry for rcu_fanout_leaf=16, nr_cpu_ids=2
Apr 26 22:13:33.504087 localhost kernel: NR_IRQS: 16640, nr_irqs: 440, preallocated irqs: 16
Apr 26 22:13:33.504102 localhost kernel: console [ttyS0] enabled
Apr 26 22:13:33.504112 localhost kernel: clocksource: tsc-early: mask: 0xffffffffffffffff max_cycles: 0x212735223b2, max_idle_ns: 440795277976 ns
Apr 26 22:13:33.504123 localhost kernel: Calibrating delay loop (skipped) preset value.. 4600.00 BogoMIPS (lpj=2300000)
Apr 26 22:13:33.504134 localhost kernel: pid_max: default: 32768 minimum: 301
Apr 26 22:13:33.504147 localhost kernel: ACPI: Core revision 20170728
Apr 26 22:13:33.504157 localhost kernel: ACPI: 2 ACPI AML tables successfully acquired and loaded
Apr 26 22:13:33.504168 localhost kernel: Security Framework initialized
Apr 26 22:13:33.504178 localhost kernel: Yama: becoming mindful.
Apr 26 22:13:33.504189 localhost kernel: LoadPin: ready to pin (currently enabled)
Apr 26 22:13:33.504199 localhost kernel: Chromium OS LSM: enabled
Apr 26 22:13:33.504210 localhost kernel: AppArmor: AppArmor initialized
Apr 26 22:13:33.504221 localhost kernel: Dentry cache hash table entries: 1048576 (order: 11, 8388608 bytes)
Apr 26 22:13:33.504235 localhost kernel: Inode-cache hash table entries: 524288 (order: 10, 4194304 bytes)
Apr 26 22:13:33.504245 localhost kernel: Mount-cache hash table entries: 16384 (order: 5, 131072 bytes)
Apr 26 22:13:33.504258 localhost kernel: Mountpoint-cache hash table entries: 16384 (order: 5, 131072 bytes)
Apr 26 22:13:33.504268 localhost kernel: Last level iTLB entries: 4KB 1024, 2MB 1024, 4MB 1024
Apr 26 22:13:33.504279 localhost kernel: Last level dTLB entries: 4KB 1024, 2MB 1024, 4MB 1024, 1GB 4
Apr 26 22:13:33.504289 localhost kernel: Spectre V2 : Mitigation: Full generic retpoline
Apr 26 22:13:33.504299 localhost kernel: Spectre V2 : Spectre v2 / SpectreRSB mitigation: Filling RSB on context switch
Apr 26 22:13:33.504309 localhost kernel: Spectre V2 : Enabling Restricted Speculation for firmware calls
Apr 26 22:13:33.504320 localhost kernel: Spectre V2 : mitigation: Enabling conditional Indirect Branch Prediction Barrier
Apr 26 22:13:33.504331 localhost kernel: Spectre V2 : User space: Mitigation: STIBP via seccomp and prctl
Apr 26 22:13:33.504341 localhost kernel: Speculative Store Bypass: Mitigation: Speculative Store Bypass disabled via prctl and seccomp
Apr 26 22:13:33.504354 localhost kernel: Freeing SMP alternatives memory: 28K
Apr 26 22:13:33.504364 localhost kernel: smpboot: Max logical packages: 2
Apr 26 22:13:33.504374 localhost kernel: x2apic enabled
Apr 26 22:13:33.504385 localhost kernel: Switched APIC routing to physical x2apic.
Apr 26 22:13:33.504395 localhost kernel: ..TIMER: vector=0x30 apic1=0 pin1=0 apic2=-1 pin2=-1
Apr 26 22:13:33.504405 localhost kernel: APIC timer disabled due to verification failure
Apr 26 22:13:33.504416 localhost kernel: smpboot: CPU0: Intel(R) Xeon(R) CPU @ 2.30GHz (family: 0x6, model: 0x3f, stepping: 0x0)
Apr 26 22:13:33.504426 localhost kernel: Performance Events: unsupported p6 CPU model 63 no PMU driver, software events only.
Apr 26 22:13:33.504436 localhost kernel: Hierarchical SRCU implementation.
Apr 26 22:13:33.504450 localhost kernel: random: crng done (trusting CPU's manufacturer)
Apr 26 22:13:33.504460 localhost kernel: NMI watchdog: Perf event create on CPU 0 failed with -2
Apr 26 22:13:33.504471 localhost kernel: NMI watchdog: Perf NMI watchdog permanently disabled
Apr 26 22:13:33.504481 localhost kernel: smp: Bringing up secondary CPUs ...
Apr 26 22:13:33.504491 localhost kernel: x86: Booting SMP configuration:
Apr 26 22:13:33.504508 localhost kernel: .... node  #0, CPUs:      #1
Apr 26 22:13:33.504518 localhost kernel: kvm-clock: cpu 1, msr 9e4e6041, secondary cpu clock
Apr 26 22:13:33.504529 localhost kernel: smp: Brought up 1 node, 2 CPUs
Apr 26 22:13:33.504540 localhost kernel: smpboot: Total of 2 processors activated (9200.00 BogoMIPS)
Apr 26 22:13:33.504550 localhost kernel: devtmpfs: initialized
Apr 26 22:13:33.504560 localhost kernel: clocksource: jiffies: mask: 0xffffffff max_cycles: 0xffffffff, max_idle_ns: 1911260446275000 ns
Apr 26 22:13:33.504571 localhost kernel: futex hash table entries: 512 (order: 3, 32768 bytes)
Apr 26 22:13:33.504581 localhost kernel: RTC time: 22:13:32, date: 04/26/19
Apr 26 22:13:33.504591 localhost kernel: NET: Registered protocol family 16
Apr 26 22:13:33.504615 localhost kernel: cpuidle: using governor ladder
Apr 26 22:13:33.504631 localhost kernel: cpuidle: using governor menu
Apr 26 22:13:33.504641 localhost kernel: clocksource: Switched to clocksource kvm-clock
Apr 26 22:13:33.504652 localhost kernel: Clockevents: could not switch to one-shot mode:
Apr 26 22:13:33.504662 localhost kernel:  lapic is not functional.
Apr 26 22:13:33.504672 localhost kernel: Could not switch to high resolution mode on CPU 0
Apr 26 22:13:33.504682 localhost kernel: Clockevents: could not switch to one-shot mode:
Apr 26 22:13:33.504694 localhost kernel: ACPI: bus type PCI registered
Apr 26 22:13:33.504704 localhost kernel:  lapic is not functional.
Apr 26 22:13:33.504714 localhost kernel: Could not switch to high resolution mode on CPU 1
Apr 26 22:13:33.504724 localhost kernel: PCI: Using configuration type 1 for base access
Apr 26 22:13:33.504738 localhost kernel: HugeTLB registered 2.00 MiB page size, pre-allocated 0 pages
Apr 26 22:13:33.504748 localhost kernel: ACPI: Added _OSI(Module Device)
Apr 26 22:13:33.504762 localhost kernel: ACPI: Added _OSI(Processor Device)
Apr 26 22:13:33.504772 localhost kernel: ACPI: Added _OSI(3.0 _SCP Extensions)
Apr 26 22:13:33.504783 localhost kernel: ACPI: Added _OSI(Processor Aggregator Device)
Apr 26 22:13:33.504793 localhost kernel: ACPI: Executed 2 blocks of module-level executable AML code
Apr 26 22:13:33.504803 localhost kernel: ACPI: Interpreter enabled
Apr 26 22:13:33.504813 localhost kernel: ACPI: (supports S0 S3 S5)
Apr 26 22:13:33.504823 localhost kernel: ACPI: Using IOAPIC for interrupt routing
Apr 26 22:13:33.504836 localhost kernel: PCI: Using host bridge windows from ACPI; if necessary, use "pci=nocrs" and report a bug
Apr 26 22:13:33.504847 localhost kernel: ACPI: Enabled 16 GPEs in block 00 to 0F
Apr 26 22:13:33.504857 localhost kernel: ACPI: PCI Root Bridge [PCI0] (domain 0000 [bus 00-ff])
Apr 26 22:13:33.504978 localhost kernel: acpi PNP0A03:00: _OSC: OS supports [ASPM ClockPM Segments MSI]
Apr 26 22:13:33.505047 localhost kernel: acpi PNP0A03:00: _OSC failed (AE_NOT_FOUND); disabling ASPM
Apr 26 22:13:33.505119 localhost kernel: acpi PNP0A03:00: fail to add MMCONFIG information, can't access extended PCI configuration space under this bridge.
Apr 26 22:13:33.505131 localhost kernel: PCI host bridge to bus 0000:00
Apr 26 22:13:33.505194 localhost kernel: pci_bus 0000:00: root bus resource [io  0x0000-0x0cf7 window]
Apr 26 22:13:33.505248 localhost kernel: pci_bus 0000:00: root bus resource [io  0x0d00-0xffff window]
Apr 26 22:13:33.505297 localhost kernel: pci_bus 0000:00: root bus resource [mem 0x000a0000-0x000bffff window]
Apr 26 22:13:33.505352 localhost kernel: pci_bus 0000:00: root bus resource [mem 0xc0000000-0xfebfffff window]
Apr 26 22:13:33.505400 localhost kernel: pci_bus 0000:00: root bus resource [bus 00-ff]
Apr 26 22:13:33.505469 localhost kernel: pci 0000:00:00.0: [8086:1237] type 00 class 0x060000
Apr 26 22:13:33.505538 localhost kernel: pci 0000:00:01.0: [8086:7110] type 00 class 0x060100
Apr 26 22:13:33.505641 localhost kernel: pci 0000:00:01.3: [8086:7113] type 00 class 0x068000
Apr 26 22:13:33.505724 localhost kernel: pci 0000:00:01.3: quirk: [io  0xb000-0xb03f] claimed by PIIX4 ACPI
Apr 26 22:13:33.505950 localhost kernel: pci 0000:00:03.0: [1af4:1004] type 00 class 0x000000
Apr 26 22:13:33.506158 localhost kernel: pci 0000:00:03.0: reg 0x10: [io  0xc000-0xc03f]
Apr 26 22:13:33.506319 localhost kernel: pci 0000:00:03.0: reg 0x14: [mem 0xfebfe000-0xfebfe07f]
Apr 26 22:13:33.506389 localhost kernel: pci 0000:00:04.0: [1af4:1000] type 00 class 0x020000
Apr 26 22:13:33.506457 localhost kernel: pci 0000:00:04.0: reg 0x10: [io  0xc040-0xc07f]
Apr 26 22:13:33.506514 localhost kernel: pci 0000:00:04.0: reg 0x14: [mem 0xfebff000-0xfebff07f]
Apr 26 22:13:33.506526 localhost kernel: ACPI: PCI Interrupt Link [LNKA] (IRQs 5 *10 11)
Apr 26 22:13:33.506536 localhost kernel: ACPI: PCI Interrupt Link [LNKB] (IRQs 5 *10 11)
Apr 26 22:13:33.506547 localhost kernel: ACPI: PCI Interrupt Link [LNKC] (IRQs 5 10 *11)
Apr 26 22:13:33.506559 localhost kernel: ACPI: PCI Interrupt Link [LNKD] (IRQs 5 10 *11)
Apr 26 22:13:33.506569 localhost kernel: ACPI: PCI Interrupt Link [LNKS] (IRQs *9)
Apr 26 22:13:33.506580 localhost kernel: SCSI subsystem initialized
Apr 26 22:13:33.506592 localhost kernel: libata version 3.00 loaded.
Apr 26 22:13:33.506625 localhost kernel: PCI: Using ACPI for IRQ routing
Apr 26 22:13:33.506640 localhost kernel: PCI: pci_cache_line_size set to 64 bytes
Apr 26 22:13:33.506650 localhost kernel: e820: reserve RAM buffer [mem 0x0009fc00-0x0009ffff]
Apr 26 22:13:33.506665 localhost kernel: e820: reserve RAM buffer [mem 0xbfffd000-0xbfffffff]
Apr 26 22:13:33.506677 localhost kernel: VFS: Disk quotas dquot_6.6.0
Apr 26 22:13:33.506688 localhost kernel: VFS: Dquot-cache hash table entries: 512 (order 0, 4096 bytes)
Apr 26 22:13:33.506698 localhost kernel: AppArmor: AppArmor Filesystem Enabled
Apr 26 22:13:33.506708 localhost kernel: pnp: PnP ACPI init
Apr 26 22:13:33.506776 localhost kernel: pnp 00:00: Plug and Play ACPI device, IDs PNP0b00 (active)
Apr 26 22:13:33.506833 localhost kernel: pnp 00:01: Plug and Play ACPI device, IDs PNP0303 (active)
Apr 26 22:13:33.506894 localhost kernel: pnp 00:02: Plug and Play ACPI device, IDs PNP0f13 (active)
Apr 26 22:13:33.506954 localhost kernel: pnp 00:03: Plug and Play ACPI device, IDs PNP0501 (active)
Apr 26 22:13:33.507011 localhost kernel: pnp 00:04: Plug and Play ACPI device, IDs PNP0501 (active)
Apr 26 22:13:33.507067 localhost kernel: pnp 00:05: Plug and Play ACPI device, IDs PNP0501 (active)
Apr 26 22:13:33.507146 localhost kernel: pnp 00:06: Plug and Play ACPI device, IDs PNP0501 (active)
Apr 26 22:13:33.507160 localhost kernel: pnp: PnP ACPI: found 7 devices
Apr 26 22:13:33.507215 localhost kernel: pci_bus 0000:00: resource 4 [io  0x0000-0x0cf7 window]
Apr 26 22:13:33.507265 localhost kernel: pci_bus 0000:00: resource 5 [io  0x0d00-0xffff window]
Apr 26 22:13:33.507314 localhost kernel: pci_bus 0000:00: resource 6 [mem 0x000a0000-0x000bffff window]
Apr 26 22:13:33.507367 localhost kernel: pci_bus 0000:00: resource 7 [mem 0xc0000000-0xfebfffff window]
Apr 26 22:13:33.507379 localhost kernel: NET: Registered protocol family 2
Apr 26 22:13:33.507389 localhost kernel: TCP established hash table entries: 65536 (order: 7, 524288 bytes)
Apr 26 22:13:33.507402 localhost kernel: TCP bind hash table entries: 65536 (order: 9, 2097152 bytes)
Apr 26 22:13:33.507413 localhost kernel: TCP: Hash tables configured (established 65536 bind 65536)
Apr 26 22:13:33.507423 localhost kernel: UDP hash table entries: 4096 (order: 6, 393216 bytes)
Apr 26 22:13:33.507434 localhost kernel: UDP-Lite hash table entries: 4096 (order: 6, 393216 bytes)
Apr 26 22:13:33.507444 localhost kernel: NET: Registered protocol family 1
Apr 26 22:13:33.507507 localhost kernel: pci 0000:00:00.0: Limiting direct PCI/PCI transfers
Apr 26 22:13:33.507521 localhost kernel: PCI: CLS 0 bytes, default 64
Apr 26 22:13:33.507531 localhost kernel: PCI-DMA: Using software bounce buffering for IO (SWIOTLB)
Apr 26 22:13:33.507542 localhost kernel: software IO TLB: mapped [mem 0xbbffd000-0xbfffd000] (64MB)
Apr 26 22:13:33.507555 localhost kernel: RAPL PMU: API unit is 2^-32 Joules, 4 fixed counters, 10737418240 ms ovfl timer
Apr 26 22:13:33.507566 localhost kernel: RAPL PMU: hw unit of domain pp0-core 2^-0 Joules
Apr 26 22:13:33.507576 localhost kernel: RAPL PMU: hw unit of domain package 2^-0 Joules
Apr 26 22:13:33.507587 localhost kernel: RAPL PMU: hw unit of domain dram 2^-0 Joules
Apr 26 22:13:33.507598 localhost kernel: RAPL PMU: hw unit of domain pp1-gpu 2^-0 Joules
Apr 26 22:13:33.507640 localhost kernel: clocksource: tsc: mask: 0xffffffffffffffff max_cycles: 0x212735223b2, max_idle_ns: 440795277976 ns
Apr 26 22:13:33.507651 localhost kernel: Scanning for low memory corruption every 60 seconds
Apr 26 22:13:33.507661 localhost kernel: audit: initializing netlink subsys (disabled)
Apr 26 22:13:33.507672 localhost kernel: audit: type=2000 audit(1556316812.346:1): state=initialized audit_enabled=0 res=1
Apr 26 22:13:33.507686 localhost kernel: Initialise system trusted keyrings
Apr 26 22:13:33.507696 localhost kernel: workingset: timestamp_bits=40 max_order=21 bucket_order=0
Apr 26 22:13:33.507707 localhost kernel: Key type asymmetric registered
Apr 26 22:13:33.507717 localhost kernel: Asymmetric key parser 'x509' registered
Apr 26 22:13:33.507727 localhost kernel: Block layer SCSI generic (bsg) driver version 0.4 loaded (major 250)
Apr 26 22:13:33.507738 localhost kernel: io scheduler noop registered (default)
Apr 26 22:13:33.507748 localhost kernel: io scheduler deadline registered
Apr 26 22:13:33.507759 localhost kernel: io scheduler cfq registered
Apr 26 22:13:33.507770 localhost kernel: io scheduler mq-deadline registered
Apr 26 22:13:33.507783 localhost kernel: intel_idle: Please enable MWAIT in BIOS SETUP
Apr 26 22:13:33.507793 localhost kernel: input: Power Button as /devices/LNXSYSTM:00/LNXPWRBN:00/input/input0
Apr 26 22:13:33.507804 localhost kernel: ACPI: Power Button [PWRF]
Apr 26 22:13:33.507815 localhost kernel: input: Sleep Button as /devices/LNXSYSTM:00/LNXSLPBN:00/input/input1
Apr 26 22:13:33.507825 localhost kernel: ACPI: Sleep Button [SLPF]
Apr 26 22:13:33.507836 localhost kernel: ACPI: PCI Interrupt Link [LNKC] enabled at IRQ 11
Apr 26 22:13:33.507898 localhost kernel: virtio-pci 0000:00:03.0: virtio_pci: leaving for legacy driver
Apr 26 22:13:33.507910 localhost kernel: ACPI: PCI Interrupt Link [LNKD] enabled at IRQ 10
Apr 26 22:13:33.507973 localhost kernel: virtio-pci 0000:00:04.0: virtio_pci: leaving for legacy driver
Apr 26 22:13:33.507990 localhost kernel: Serial: 8250/16550 driver, 4 ports, IRQ sharing disabled
Apr 26 22:13:33.508001 localhost kernel: 00:03: ttyS0 at I/O 0x3f8 (irq = 4, base_baud = 115200) is a 16550A
Apr 26 22:13:33.508011 localhost kernel: 00:04: ttyS1 at I/O 0x2f8 (irq = 3, base_baud = 115200) is a 16550A
Apr 26 22:13:33.508022 localhost kernel: 00:05: ttyS2 at I/O 0x3e8 (irq = 6, base_baud = 115200) is a 16550A
Apr 26 22:13:33.508032 localhost kernel: 00:06: ttyS3 at I/O 0x2e8 (irq = 7, base_baud = 115200) is a 16550A
Apr 26 22:13:33.508042 localhost kernel: Non-volatile memory driver v1.3
Apr 26 22:13:33.508052 localhost kernel: loop: module loaded
Apr 26 22:13:33.508138 localhost kernel: scsi host0: Virtio SCSI HBA
Apr 26 22:13:33.508219 localhost kernel: scsi 0:0:1:0: Direct-Access     Google   PersistentDisk   1    PQ: 0 ANSI: 6
Apr 26 22:13:33.508287 localhost kernel: sd 0:0:1:0: [sda] 209715200 512-byte logical blocks: (107 GB/100 GiB)
Apr 26 22:13:33.508351 localhost kernel: sd 0:0:1:0: [sda] 4096-byte physical blocks
Apr 26 22:13:33.508413 localhost kernel: sd 0:0:1:0: [sda] Write Protect is off
Apr 26 22:13:33.508480 localhost kernel: sd 0:0:1:0: [sda] Mode Sense: 1f 00 00 08
Apr 26 22:13:33.508542 localhost kernel: sd 0:0:1:0: [sda] Write cache: enabled, read cache: enabled, doesn't support DPO or FUA
Apr 26 22:13:33.508555 localhost kernel: i8042: PNP: PS/2 Controller [PNP0303:KBD,PNP0f13:MOU] at 0x60,0x64 irq 1,12
Apr 26 22:13:33.508566 localhost kernel: i8042: Warning: Keylock active
Apr 26 22:13:33.508580 localhost kernel: serio: i8042 KBD port at 0x60,0x64 irq 1
Apr 26 22:13:33.508591 localhost kernel: serio: i8042 AUX port at 0x60,0x64 irq 12
Apr 26 22:13:33.508677 localhost kernel: rtc_cmos 00:00: RTC can wake from S4
Apr 26 22:13:33.508752 localhost kernel: rtc_cmos 00:00: registered as rtc0
Apr 26 22:13:33.508961 localhost kernel: rtc_cmos 00:00: alarms up to one day, 114 bytes nvram
Apr 26 22:13:33.508981 localhost kernel: iTCO_wdt: Intel TCO WatchDog Timer Driver v1.11
Apr 26 22:13:33.508994 localhost kernel: iTCO_vendor_support: vendor-support=0
Apr 26 22:13:33.509006 localhost kernel: device-mapper: ioctl: 4.37.0-ioctl (2017-09-20) initialised: dm-devel@redhat.com
Apr 26 22:13:33.509017 localhost kernel: device-mapper: verity-chromeos: dm-verity-chromeos registered
Apr 26 22:13:33.509033 localhost kernel: Mirror/redirect action on
Apr 26 22:13:33.509046 localhost kernel: GPT:Primary header thinks Alt. header is not at the end of the disk.
Apr 26 22:13:33.509057 localhost kernel: Netfilter messages via NETLINK v0.30.
Apr 26 22:13:33.509069 localhost kernel: GPT:18874524 != 209715199
Apr 26 22:13:33.509091 localhost kernel: nf_conntrack version 0.5.0 (65536 buckets, 262144 max)
Apr 26 22:13:33.509231 localhost kernel: GPT:Alternate GPT header not at the end of the disk.
Apr 26 22:13:33.509243 localhost kernel: ctnetlink v0.93: registering with nfnetlink.
Apr 26 22:13:33.509254 localhost kernel: GPT:18874524 != 209715199
Apr 26 22:13:33.509265 localhost kernel: ip_tables: (C) 2000-2006 Netfilter Core Team
Apr 26 22:13:33.509279 localhost kernel: GPT: Use GNU Parted to correct GPT errors.
Apr 26 22:13:33.509289 localhost kernel:  sda: sda1 sda2 sda3 sda4 sda5 sda6 sda7 sda8 sda9 sda10 sda11 sda12
Apr 26 22:13:33.509300 localhost kernel: Initializing XFRM netlink socket
Apr 26 22:13:33.509511 localhost kernel: sd 0:0:1:0: [sda] Attached SCSI disk
Apr 26 22:13:33.509525 localhost kernel: NET: Registered protocol family 10
Apr 26 22:13:33.509801 localhost kernel: Segment Routing with IPv6
Apr 26 22:13:33.509820 localhost kernel: NET: Registered protocol family 17
Apr 26 22:13:33.509831 localhost kernel: bridge: filtering via arp/ip/ip6tables is no longer available by default. Update your scripts to load br_netfilter if you need this.
Apr 26 22:13:33.509842 localhost kernel: sched_clock: Marking stable (674887511, 0)->(1146111520, -471224009)
Apr 26 22:13:33.509856 localhost kernel: registered taskstats version 1
Apr 26 22:13:33.509867 localhost kernel: Loading compiled-in X.509 certificates
Apr 26 22:13:33.509878 localhost kernel: Loaded X.509 cert 'Google LLC: Container-Optimized OS kernel signing key: cdd9ce572db9e71668e71b5a9113908047a21771'
Apr 26 22:13:33.509889 localhost kernel: Loaded X.509 cert 'Google: Container-Optimized OS: 2efea493fc148b35859d0bc8c3dd71a139fc7ab411283e06f6c10b5a6b17e355'
Apr 26 22:13:33.509899 localhost kernel: AppArmor: AppArmor sha1 policy hashing enabled
Apr 26 22:13:33.509910 localhost kernel: ima: No TPM chip found, activating TPM-bypass! (rc=-19)
Apr 26 22:13:33.509920 localhost kernel: ima: Allocated hash algorithm: sha256
Apr 26 22:13:33.509931 localhost kernel:   Magic number: 15:444:250
Apr 26 22:13:33.509941 localhost kernel: device-mapper: init: attempting early device configuration.
Apr 26 22:13:33.509959 localhost kernel: device-mapper: init: adding target '0 2539520 verity payload=PARTUUID=71913957-D6B1-8948-AFA7-574E312FC408 hashtree=PARTUUID=71913957-D6B1-8948-AFA7-574E312FC408 hashstart=2539520 alg=sha1 root_hexdigest=e582525d12c5f702e39eca88f648e851195d84f7 salt=331684cac74749b4944aedce8c7e5dd9abed70e63b61b9be00d8c9efd9d17444'
Apr 26 22:13:33.509970 localhost kernel: device-mapper: verity: Argument 0: 'payload=PARTUUID=71913957-D6B1-8948-AFA7-574E312FC408'
Apr 26 22:13:33.509981 localhost kernel: device-mapper: verity: Argument 1: 'hashtree=PARTUUID=71913957-D6B1-8948-AFA7-574E312FC408'
Apr 26 22:13:33.509991 localhost kernel: device-mapper: verity: Argument 2: 'hashstart=2539520'
Apr 26 22:13:33.510002 localhost kernel: device-mapper: verity: Argument 3: 'alg=sha1'
Apr 26 22:13:33.510012 localhost kernel: device-mapper: verity: Argument 4: 'root_hexdigest=e582525d12c5f702e39eca88f648e851195d84f7'
Apr 26 22:13:33.510023 localhost kernel: device-mapper: verity: Argument 5: 'salt=331684cac74749b4944aedce8c7e5dd9abed70e63b61b9be00d8c9efd9d17444'
Apr 26 22:13:33.510034 localhost kernel: device-mapper: init: dm-0 is ready
Apr 26 22:13:33.510046 localhost kernel: EXT4-fs (dm-0): mounting ext2 file system using the ext4 subsystem
Apr 26 22:13:33.510056 localhost kernel: EXT4-fs (dm-0): mounted filesystem without journal. Opts: (null)
Apr 26 22:13:33.510067 localhost kernel: VFS: Mounted root (ext2 filesystem) readonly on device 254:0.
Apr 26 22:13:33.510090 localhost kernel: devtmpfs: mounted
Apr 26 22:13:33.510107 localhost kernel: Freeing unused kernel memory: 1360K
Apr 26 22:13:33.510118 localhost kernel: Write protecting the kernel read-only data: 16384k
Apr 26 22:13:33.510128 localhost kernel: Freeing unused kernel memory: 2012K
Apr 26 22:13:33.510138 localhost kernel: Freeing unused kernel memory: 2040K
Apr 26 22:13:33.510152 localhost systemd[1]: systemd 232 running in system mode. (+PAM +AUDIT -SELINUX +IMA +APPARMOR +SMACK -SYSVINIT -UTMP -LIBCRYPTSETUP +GCRYPT -GNUTLS -ACL -XZ +LZ4 +SECCOMP +BLKID -ELFUTILS +KMOD -IDN)
Apr 26 22:13:33.510169 localhost systemd[1]: Detected virtualization kvm.
Apr 26 22:13:33.510181 localhost systemd[1]: Detected architecture x86-64.
Apr 26 22:13:33.510193 localhost systemd[1]: Initializing machine ID from KVM UUID.
Apr 26 22:13:33.510204 localhost systemd[1]: Installed transient /etc/machine-id file.
Apr 26 22:13:33.510216 localhost systemd[1]: Set up automount Arbitrary Executable File Formats File System Automount Point.
Apr 26 22:13:33.510243 localhost systemd[1]: Listening on Journal Socket (/dev/log).
Apr 26 22:13:33.510258 localhost systemd[1]: Listening on Journal Socket.
Apr 26 22:13:33.510270 localhost systemd[1]: Listening on udev Control Socket.
Apr 26 22:13:33.510281 localhost systemd[1]: Created slice User and Session Slice.
Apr 26 22:13:33.713990 localhost kernel: LoadPin: dev(254,0): read-only
Apr 26 22:13:33.714084 localhost kernel: LoadPin: load pinning engaged.
Apr 26 22:13:33.717738 localhost kernel: LoadPin: kernel-module pinned obj="/lib/modules/4.14.94+/kernel/arch/x86/crypto/glue_helper.ko" pid=126 cmdline="/usr/lib/systemd/systemd-udevd"
Apr 26 22:13:33.753874 localhost kernel: AVX2 version of gcm_enc/dec engaged.
Apr 26 22:13:33.753965 localhost kernel: AES CTR mode by8 optimization enabled
Apr 26 22:13:33.785580 localhost kernel: EXT4-fs (sda8): mounted filesystem with ordered data mode. Opts: (null)
Apr 26 22:13:33.935540 localhost kernel: EXT4-fs (sda1): mounted filesystem with ordered data mode. Opts: commit=30
Apr 26 22:13:34.012657 localhost kernel: EXT4-fs (sda1): re-mounted. Opts: commit=30,data=ordered
Apr 26 22:13:34.019551 localhost kernel: EXT4-fs (sda1): re-mounted. Opts: commit=30,data=ordered
Apr 26 22:13:34.029512 localhost kernel: EXT4-fs (sda1): re-mounted. Opts: commit=30,data=ordered
Apr 26 22:13:34.114567 localhost kernel: EXT4-fs (sda1): resizing filesystem from 1271296 to 25126395 blocks
Apr 26 22:13:35.013314 localhost kernel: EXT4-fs (sda1): resized filesystem to 25126395
Apr 26 22:13:35.177578 localhost kernel: ip6_tables: (C) 2000-2006 Netfilter Core Team
Apr 26 22:13:38.026010 e2e-test-peterhornyack-minion-group-33nw kernel: Bridge firewalling registered
Apr 26 22:13:38.214542 e2e-test-peterhornyack-minion-group-33nw kernel: IPv6: ADDRCONF(NETDEV_UP): docker0: link is not ready
Apr 26 22:13:45.030383 e2e-test-peterhornyack-minion-group-33nw kernel: EXT4-fs (sda1): re-mounted. Opts: commit=30,data=ordered
Apr 26 22:14:34.845444 e2e-test-peterhornyack-minion-group-33nw kernel: EXT4-fs (sda1): re-mounted. Opts: commit=30,data=ordered
Apr 26 22:14:35.712101 e2e-test-peterhornyack-minion-group-33nw kernel: Unsafe core_pattern used with fs.suid_dumpable=2.
                                                                        Pipe handler or fully qualified core dump path required.
                                                                        Set kernel.core_pattern before fs.suid_dumpable.
Apr 26 22:14:43.483486 e2e-test-peterhornyack-minion-group-33nw kernel: EXT4-fs (sda1): re-mounted. Opts: commit=30,data=ordered
Apr 26 22:14:47.040952 e2e-test-peterhornyack-minion-group-33nw kernel: IPVS: Registered protocols (TCP, UDP, SCTP, AH, ESP)
Apr 26 22:14:47.041119 e2e-test-peterhornyack-minion-group-33nw kernel: IPVS: Connection hash table configured (size=4096, memory=64Kbytes)
Apr 26 22:14:47.067754 e2e-test-peterhornyack-minion-group-33nw kernel: IPVS: ipvs loaded.
Apr 26 22:14:47.076717 e2e-test-peterhornyack-minion-group-33nw kernel: IPVS: [rr] scheduler registered.
Apr 26 22:14:47.085242 e2e-test-peterhornyack-minion-group-33nw kernel: IPVS: [wrr] scheduler registered.
Apr 26 22:14:47.093318 e2e-test-peterhornyack-minion-group-33nw kernel: IPVS: [sh] scheduler registered.
Apr 26 22:14:47.211709 e2e-test-peterhornyack-minion-group-33nw kernel: ip_set: protocol 6
Apr 26 22:14:59.474154 e2e-test-peterhornyack-minion-group-33nw kernel: IPv6: ADDRCONF(NETDEV_UP): veth031d050b: link is not ready
Apr 26 22:14:59.474286 e2e-test-peterhornyack-minion-group-33nw kernel: IPv6: ADDRCONF(NETDEV_CHANGE): veth031d050b: link becomes ready
Apr 26 22:14:59.506823 e2e-test-peterhornyack-minion-group-33nw kernel: cbr0: port 1(veth031d050b) entered blocking state
Apr 26 22:14:59.506974 e2e-test-peterhornyack-minion-group-33nw kernel: cbr0: port 1(veth031d050b) entered disabled state
Apr 26 22:14:59.507061 e2e-test-peterhornyack-minion-group-33nw kernel: device veth031d050b entered promiscuous mode
Apr 26 22:14:59.507100 e2e-test-peterhornyack-minion-group-33nw kernel: cbr0: port 1(veth031d050b) entered blocking state
Apr 26 22:14:59.507127 e2e-test-peterhornyack-minion-group-33nw kernel: cbr0: port 1(veth031d050b) entered forwarding state
Apr 26 22:15:09.011488 e2e-test-peterhornyack-minion-group-33nw kernel: IPv6: ADDRCONF(NETDEV_UP): veth101f10ef: link is not ready
Apr 26 22:15:09.011642 e2e-test-peterhornyack-minion-group-33nw kernel: IPv6: ADDRCONF(NETDEV_CHANGE): veth101f10ef: link becomes ready
Apr 26 22:15:09.040778 e2e-test-peterhornyack-minion-group-33nw kernel: cbr0: port 2(veth101f10ef) entered blocking state
Apr 26 22:15:09.040947 e2e-test-peterhornyack-minion-group-33nw kernel: cbr0: port 2(veth101f10ef) entered disabled state
Apr 26 22:15:09.040995 e2e-test-peterhornyack-minion-group-33nw kernel: device veth101f10ef entered promiscuous mode
Apr 26 22:15:09.052074 e2e-test-peterhornyack-minion-group-33nw kernel: cbr0: port 2(veth101f10ef) entered blocking state
Apr 26 22:15:09.052135 e2e-test-peterhornyack-minion-group-33nw kernel: cbr0: port 2(veth101f10ef) entered forwarding state
Apr 26 22:15:10.666913 e2e-test-peterhornyack-minion-group-33nw kernel: IPv6: ADDRCONF(NETDEV_UP): veth93792f57: link is not ready
Apr 26 22:15:10.667096 e2e-test-peterhornyack-minion-group-33nw kernel: IPv6: ADDRCONF(NETDEV_CHANGE): veth93792f57: link becomes ready
Apr 26 22:15:10.667132 e2e-test-peterhornyack-minion-group-33nw kernel: cbr0: port 3(veth93792f57) entered blocking state
Apr 26 22:15:10.667163 e2e-test-peterhornyack-minion-group-33nw kernel: cbr0: port 3(veth93792f57) entered disabled state
Apr 26 22:15:10.667221 e2e-test-peterhornyack-minion-group-33nw kernel: device veth93792f57 entered promiscuous mode
Apr 26 22:15:10.667254 e2e-test-peterhornyack-minion-group-33nw kernel: cbr0: port 3(veth93792f57) entered blocking state
Apr 26 22:15:10.667283 e2e-test-peterhornyack-minion-group-33nw kernel: cbr0: port 3(veth93792f57) entered forwarding state
Apr 26 22:30:50.867604 e2e-test-peterhornyack-minion-group-33nw kernel: IPv6: ADDRCONF(NETDEV_UP): veth5f9a6dea: link is not ready
Apr 26 22:30:50.867744 e2e-test-peterhornyack-minion-group-33nw kernel: IPv6: ADDRCONF(NETDEV_CHANGE): veth5f9a6dea: link becomes ready
Apr 26 22:30:50.883589 e2e-test-peterhornyack-minion-group-33nw kernel: cbr0: port 4(veth5f9a6dea) entered blocking state
Apr 26 22:30:50.883794 e2e-test-peterhornyack-minion-group-33nw kernel: cbr0: port 4(veth5f9a6dea) entered disabled state
Apr 26 22:30:50.883838 e2e-test-peterhornyack-minion-group-33nw kernel: device veth5f9a6dea entered promiscuous mode
Apr 26 22:30:50.895655 e2e-test-peterhornyack-minion-group-33nw kernel: cbr0: port 4(veth5f9a6dea) entered blocking state
Apr 26 22:30:50.895848 e2e-test-peterhornyack-minion-group-33nw kernel: cbr0: port 4(veth5f9a6dea) entered forwarding state
Apr 26 22:31:01.745789 e2e-test-peterhornyack-minion-group-33nw kernel: IPv6: ADDRCONF(NETDEV_UP): veth82a4960c: link is not ready
Apr 26 22:31:01.745892 e2e-test-peterhornyack-minion-group-33nw kernel: IPv6: ADDRCONF(NETDEV_CHANGE): veth82a4960c: link becomes ready
Apr 26 22:31:01.770544 e2e-test-peterhornyack-minion-group-33nw kernel: cbr0: port 5(veth82a4960c) entered blocking state
Apr 26 22:31:01.770690 e2e-test-peterhornyack-minion-group-33nw kernel: cbr0: port 5(veth82a4960c) entered disabled state
Apr 26 22:31:01.770725 e2e-test-peterhornyack-minion-group-33nw kernel: device veth82a4960c entered promiscuous mode
Apr 26 22:31:01.770776 e2e-test-peterhornyack-minion-group-33nw kernel: cbr0: port 5(veth82a4960c) entered blocking state
Apr 26 22:31:01.775630 e2e-test-peterhornyack-minion-group-33nw kernel: cbr0: port 5(veth82a4960c) entered forwarding state
Apr 26 22:34:17.727546 e2e-test-peterhornyack-minion-group-33nw kernel: cbr0: port 4(veth5f9a6dea) entered disabled state
Apr 26 22:34:17.743888 e2e-test-peterhornyack-minion-group-33nw kernel: device veth5f9a6dea left promiscuous mode
Apr 26 22:34:17.744433 e2e-test-peterhornyack-minion-group-33nw kernel: cbr0: port 4(veth5f9a6dea) entered disabled state
Apr 26 22:34:31.437399 e2e-test-peterhornyack-minion-group-33nw kernel: IPv6: ADDRCONF(NETDEV_UP): vethc2376874: link is not ready
Apr 26 22:34:31.437526 e2e-test-peterhornyack-minion-group-33nw kernel: IPv6: ADDRCONF(NETDEV_CHANGE): vethc2376874: link becomes ready
Apr 26 22:34:31.453939 e2e-test-peterhornyack-minion-group-33nw kernel: cbr0: port 4(vethc2376874) entered blocking state
Apr 26 22:34:31.454094 e2e-test-peterhornyack-minion-group-33nw kernel: cbr0: port 4(vethc2376874) entered disabled state
Apr 26 22:34:31.454123 e2e-test-peterhornyack-minion-group-33nw kernel: device vethc2376874 entered promiscuous mode
Apr 26 22:34:31.458489 e2e-test-peterhornyack-minion-group-33nw kernel: cbr0: port 4(vethc2376874) entered blocking state
Apr 26 22:34:31.464105 e2e-test-peterhornyack-minion-group-33nw kernel: cbr0: port 4(vethc2376874) entered forwarding state
Apr 26 22:34:47.757747 e2e-test-peterhornyack-minion-group-33nw kernel: cbr0: port 5(veth82a4960c) entered disabled state
Apr 26 22:34:47.769117 e2e-test-peterhornyack-minion-group-33nw kernel: device veth82a4960c left promiscuous mode
Apr 26 22:34:47.770229 e2e-test-peterhornyack-minion-group-33nw kernel: cbr0: port 5(veth82a4960c) entered disabled state
Apr 26 22:38:27.834707 e2e-test-peterhornyack-minion-group-33nw kernel: cbr0: port 4(vethc2376874) entered disabled state
Apr 26 22:38:27.847688 e2e-test-peterhornyack-minion-group-33nw kernel: device vethc2376874 left promiscuous mode
Apr 26 22:38:27.848325 e2e-test-peterhornyack-minion-group-33nw kernel: cbr0: port 4(vethc2376874) entered disabled state
Apr 26 22:40:42.358103 e2e-test-peterhornyack-minion-group-33nw kernel: IPv6: ADDRCONF(NETDEV_UP): veth9d6556e9: link is not ready
Apr 26 22:40:42.358189 e2e-test-peterhornyack-minion-group-33nw kernel: IPv6: ADDRCONF(NETDEV_CHANGE): veth9d6556e9: link becomes ready
Apr 26 22:40:42.370941 e2e-test-peterhornyack-minion-group-33nw kernel: cbr0: port 4(veth9d6556e9) entered blocking state
Apr 26 22:40:42.371068 e2e-test-peterhornyack-minion-group-33nw kernel: cbr0: port 4(veth9d6556e9) entered disabled state
Apr 26 22:40:42.371102 e2e-test-peterhornyack-minion-group-33nw kernel: device veth9d6556e9 entered promiscuous mode
Apr 26 22:40:42.382962 e2e-test-peterhornyack-minion-group-33nw kernel: cbr0: port 4(veth9d6556e9) entered blocking state
Apr 26 22:40:42.383104 e2e-test-peterhornyack-minion-group-33nw kernel: cbr0: port 4(veth9d6556e9) entered forwarding state
Apr 26 22:40:53.869546 e2e-test-peterhornyack-minion-group-33nw kernel: IPv6: ADDRCONF(NETDEV_UP): veth2d80fe72: link is not ready
Apr 26 22:40:53.869703 e2e-test-peterhornyack-minion-group-33nw kernel: IPv6: ADDRCONF(NETDEV_CHANGE): veth2d80fe72: link becomes ready
Apr 26 22:40:53.886162 e2e-test-peterhornyack-minion-group-33nw kernel: cbr0: port 5(veth2d80fe72) entered blocking state
Apr 26 22:40:53.886286 e2e-test-peterhornyack-minion-group-33nw kernel: cbr0: port 5(veth2d80fe72) entered disabled state
Apr 26 22:40:53.886322 e2e-test-peterhornyack-minion-group-33nw kernel: device veth2d80fe72 entered promiscuous mode
Apr 26 22:40:53.897099 e2e-test-peterhornyack-minion-group-33nw kernel: cbr0: port 5(veth2d80fe72) entered blocking state
Apr 26 22:40:53.897212 e2e-test-peterhornyack-minion-group-33nw kernel: cbr0: port 5(veth2d80fe72) entered forwarding state
Apr 26 22:42:21.862803 e2e-test-peterhornyack-minion-group-33nw kernel: cbr0: port 4(veth9d6556e9) entered disabled state
Apr 26 22:42:21.879420 e2e-test-peterhornyack-minion-group-33nw kernel: device veth9d6556e9 left promiscuous mode
Apr 26 22:42:21.879569 e2e-test-peterhornyack-minion-group-33nw kernel: cbr0: port 4(veth9d6556e9) entered disabled state
Apr 26 22:42:51.886160 e2e-test-peterhornyack-minion-group-33nw kernel: cbr0: port 5(veth2d80fe72) entered disabled state
Apr 26 22:42:51.901123 e2e-test-peterhornyack-minion-group-33nw kernel: device veth2d80fe72 left promiscuous mode
Apr 26 22:42:51.901249 e2e-test-peterhornyack-minion-group-33nw kernel: cbr0: port 5(veth2d80fe72) entered disabled state
Apr 26 23:34:52.082826 e2e-test-peterhornyack-minion-group-33nw kernel: IPv6: ADDRCONF(NETDEV_UP): veth02795b02: link is not ready
Apr 26 23:34:52.082978 e2e-test-peterhornyack-minion-group-33nw kernel: IPv6: ADDRCONF(NETDEV_CHANGE): veth02795b02: link becomes ready
Apr 26 23:34:52.097145 e2e-test-peterhornyack-minion-group-33nw kernel: cbr0: port 4(veth02795b02) entered blocking state
Apr 26 23:34:52.097277 e2e-test-peterhornyack-minion-group-33nw kernel: cbr0: port 4(veth02795b02) entered disabled state
Apr 26 23:34:52.097322 e2e-test-peterhornyack-minion-group-33nw kernel: device veth02795b02 entered promiscuous mode
Apr 26 23:34:52.108684 e2e-test-peterhornyack-minion-group-33nw kernel: cbr0: port 4(veth02795b02) entered blocking state
Apr 26 23:34:52.108877 e2e-test-peterhornyack-minion-group-33nw kernel: cbr0: port 4(veth02795b02) entered forwarding state
Apr 26 23:35:49.490287 e2e-test-peterhornyack-minion-group-33nw kernel: cbr0: port 4(veth02795b02) entered disabled state
Apr 26 23:35:49.507736 e2e-test-peterhornyack-minion-group-33nw kernel: device veth02795b02 left promiscuous mode
Apr 26 23:35:49.507909 e2e-test-peterhornyack-minion-group-33nw kernel: cbr0: port 4(veth02795b02) entered disabled state
