SeaBIOS (version 1.8.2-20190322_093631-google)
Total RAM Size = 0x00000001e0000000 = 7680 MiB
CPUs found: 2     Max CPUs supported: 2
found virtio-scsi at 0:3
virtio-scsi vendor='Google' product='PersistentDisk' rev='1' type=0 removable=0
virtio-scsi blksize=512 sectors=209715200 = 102400 MiB
drive 0x000f29d0: PCHS=0/0/0 translation=lba LCHS=1024/255/63 s=209715200
Booting from Hard Disk 0...
[    0.000000] Linux version 4.14.94+ (chrome-bot@swarm-cros-645) (gcc version 4.9.x 20150123 (prerelease) (4.9.2_cos_gg_4.9.2-r200-ac6128e0a17a52f011797f33ac3e7d6273a9368d_4.9.2-r200)) #1 SMP Thu Feb 28 00:14:21 PST 2019
[    0.000000] Command line: BOOT_IMAGE=/syslinux/vmlinuz.A init=/usr/lib/systemd/systemd boot=local rootwait ro noresume noswap loglevel=7 noinitrd console=ttyS0 vsyscall=emulate security=apparmor virtio_net.napi_tx=1 systemd.unified_cgroup_hierarchy=false systemd.legacy_systemd_cgroup_controller=true csm.disabled=1 dm_verity.error_behavior=3 dm_verity.max_bios=-1 dm_verity.dev_wait=1 i915.modeset=1 cros_efi root=/dev/dm-0 "dm=1 vroot none ro 1,0 2539520 verity payload=PARTUUID=71913957-D6B1-8948-AFA7-574E312FC408 hashtree=PARTUUID=71913957-D6B1-8948-AFA7-574E312FC408 hashstart=2539520 alg=sha1 root_hexdigest=e582525d12c5f702e39eca88f648e851195d84f7 salt=331684cac74749b4944aedce8c7e5dd9abed70e63b61b9be00d8c9efd9d17444"
[    0.000000] x86/fpu: Supporting XSAVE feature 0x001: 'x87 floating point registers'
[    0.000000] x86/fpu: Supporting XSAVE feature 0x002: 'SSE registers'
[    0.000000] x86/fpu: Supporting XSAVE feature 0x004: 'AVX registers'
[    0.000000] x86/fpu: xstate_offset[2]:  576, xstate_sizes[2]:  256
[    0.000000] x86/fpu: Enabled xstate features 0x7, context size is 832 bytes, using 'standard' format.
[    0.000000] e820: BIOS-provided physical RAM map:
[    0.000000] BIOS-e820: [mem 0x0000000000000000-0x000000000009fbff] usable
[    0.000000] BIOS-e820: [mem 0x000000000009fc00-0x000000000009ffff] reserved
[    0.000000] BIOS-e820: [mem 0x00000000000f0000-0x00000000000fffff] reserved
[    0.000000] BIOS-e820: [mem 0x0000000000100000-0x00000000bfffcfff] usable
[    0.000000] BIOS-e820: [mem 0x00000000bfffd000-0x00000000bfffffff] reserved
[    0.000000] BIOS-e820: [mem 0x00000000fffbc000-0x00000000ffffffff] reserved
[    0.000000] BIOS-e820: [mem 0x0000000100000000-0x000000021fffffff] usable
[    0.000000] NX (Execute Disable) protection: active
[    0.000000] SMBIOS 2.4 present.
[    0.000000] DMI: Google Google Compute Engine/Google Compute Engine, BIOS Google 01/01/2011
[    0.000000] Hypervisor detected: KVM
[    0.000000] kvm-clock: Using msrs 4b564d01 and 4b564d00
[    0.000000] kvm-clock: cpu 0, msr 9e4e6001, primary cpu clock
[    0.000000] kvm-clock: using sched offset of 982319802 cycles
[    0.000000] clocksource: kvm-clock: mask: 0xffffffffffffffff max_cycles: 0x1cd42e4dffb, max_idle_ns: 881590591483 ns
[    0.000000] tsc: Initial usec timer 912388
[    0.000000] tsc: Detected 2300.000 MHz processor
[    0.000000] e820: last_pfn = 0x220000 max_arch_pfn = 0x400000000
[    0.000000] x86/PAT: Configuration [0-7]: WB  WC  UC- UC  WB  WP  UC- WT  
[    0.000000] e820: last_pfn = 0xbfffd max_arch_pfn = 0x400000000
[    0.000000] found SMP MP-table at [mem 0x000f2c80-0x000f2c8f] mapped at [ffffffffff200c80]
[    0.000000] Scanning 1 areas for low memory corruption
[    0.000000] Using GB pages for direct mapping
[    0.000000] ACPI: Early table checksum verification disabled
[    0.000000] ACPI: RSDP 0x00000000000F2A10 000014 (v00 Google)
[    0.000000] ACPI: RSDT 0x00000000BFFFDA50 000038 (v01 Google GOOGRSDT 00000001 GOOG 00000001)
[    0.000000] ACPI: FACP 0x00000000BFFFFF00 0000F4 (v02 Google GOOGFACP 00000001 GOOG 00000001)
[    0.000000] ACPI: DSDT 0x00000000BFFFDA90 0018BA (v01 Google GOOGDSDT 00000001 GOOG 00000001)
[    0.000000] ACPI: FACS 0x00000000BFFFFEC0 000040
[    0.000000] ACPI: FACS 0x00000000BFFFFEC0 000040
[    0.000000] ACPI: SSDT 0x00000000BFFFF540 000980 (v01 Google GOOGSSDT 00000001 GOOG 00000001)
[    0.000000] ACPI: APIC 0x00000000BFFFF450 000076 (v01 Google GOOGAPIC 00000001 GOOG 00000001)
[    0.000000] ACPI: WAET 0x00000000BFFFF420 000028 (v01 Google GOOGWAET 00000001 GOOG 00000001)
[    0.000000] ACPI: SRAT 0x00000000BFFFF350 0000C8 (v01 Google GOOGSRAT 00000001 GOOG 00000001)
[    0.000000] SRAT: PXM 0 -> APIC 0x00 -> Node 0
[    0.000000] SRAT: PXM 0 -> APIC 0x01 -> Node 0
[    0.000000] ACPI: SRAT: Node 0 PXM 0 [mem 0x00000000-0x0009ffff]
[    0.000000] ACPI: SRAT: Node 0 PXM 0 [mem 0x00100000-0xbfffffff]
[    0.000000] ACPI: SRAT: Node 0 PXM 0 [mem 0x100000000-0x21fffffff]
[    0.000000] NUMA: Node 0 [mem 0x00000000-0x0009ffff] + [mem 0x00100000-0xbfffffff] -> [mem 0x00000000-0xbfffffff]
[    0.000000] NUMA: Node 0 [mem 0x00000000-0xbfffffff] + [mem 0x100000000-0x21fffffff] -> [mem 0x00000000-0x21fffffff]
[    0.000000] NODE_DATA(0) allocated [mem 0x21fffa000-0x21fffdfff]
[    0.000000] Zone ranges:
[    0.000000]   DMA      [mem 0x0000000000001000-0x0000000000ffffff]
[    0.000000]   DMA32    [mem 0x0000000001000000-0x00000000ffffffff]
[    0.000000]   Normal   [mem 0x0000000100000000-0x000000021fffffff]
[    0.000000] Movable zone start for each node
[    0.000000] Early memory node ranges
[    0.000000]   node   0: [mem 0x0000000000001000-0x000000000009efff]
[    0.000000]   node   0: [mem 0x0000000000100000-0x00000000bfffcfff]
[    0.000000]   node   0: [mem 0x0000000100000000-0x000000021fffffff]
[    0.000000] Initmem setup node 0 [mem 0x0000000000001000-0x000000021fffffff]
[    0.000000] ACPI: LAPIC_NMI (acpi_id[0xff] dfl dfl lint[0x1])
[    0.000000] IOAPIC[0]: apic_id 0, version 17, address 0xfec00000, GSI 0-23
[    0.000000] ACPI: INT_SRC_OVR (bus 0 bus_irq 5 global_irq 5 high level)
[    0.000000] ACPI: INT_SRC_OVR (bus 0 bus_irq 9 global_irq 9 high level)
[    0.000000] ACPI: INT_SRC_OVR (bus 0 bus_irq 10 global_irq 10 high level)
[    0.000000] ACPI: INT_SRC_OVR (bus 0 bus_irq 11 global_irq 11 high level)
[    0.000000] Using ACPI (MADT) for SMP configuration information
[    0.000000] smpboot: Allowing 2 CPUs, 0 hotplug CPUs
[    0.000000] e820: [mem 0xc0000000-0xfffbbfff] available for PCI devices
[    0.000000] Booting paravirtualized kernel on KVM
[    0.000000] clocksource: refined-jiffies: mask: 0xffffffff max_cycles: 0xffffffff, max_idle_ns: 1910969940391419 ns
[    0.000000] random: get_random_bytes called from start_kernel+0x8c/0x487 with crng_init=0
[    0.000000] setup_percpu: NR_CPUS:256 nr_cpumask_bits:256 nr_cpu_ids:2 nr_node_ids:1
[    0.000000] percpu: Embedded 44 pages/cpu @ffff90121fc00000 s140136 r8192 d31896 u1048576
[    0.000000] Built 1 zonelists, mobility grouping on.  Total pages: 1935238
[    0.000000] Policy zone: Normal
[    0.000000] Kernel command line: BOOT_IMAGE=/syslinux/vmlinuz.A init=/usr/lib/systemd/systemd boot=local rootwait ro noresume noswap loglevel=7 noinitrd console=ttyS0 vsyscall=emulate security=apparmor virtio_net.napi_tx=1 systemd.unified_cgroup_hierarchy=false systemd.legacy_systemd_cgroup_controller=true csm.disabled=1 dm_verity.error_behavior=3 dm_verity.max_bios=-1 dm_verity.dev_wait=1 i915.modeset=1 cros_efi root=/dev/dm-0 "dm=1 vroot none ro 1,0 2539520 verity payload=PARTUUID=71913957-D6B1-8948-AFA7-574E312FC408 hashtree=PARTUUID=71913957-D6B1-8948-AFA7-574E312FC408 hashstart=2539520 alg=sha1 root_hexdigest=e582525d12c5f702e39eca88f648e851195d84f7 salt=331684cac74749b4944aedce8c7e5dd9abed70e63b61b9be00d8c9efd9d17444"
[    0.000000] device-mapper: init: will configure 1 devices
[    0.000000] PID hash table entries: 4096 (order: 3, 32768 bytes)
[    0.000000] Memory: 7652624K/7863916K available (10252K kernel code, 1149K rwdata, 2056K rodata, 1360K init, 540K bss, 211292K reserved, 0K cma-reserved)
[    0.000000] SLUB: HWalign=64, Order=0-3, MinObjects=0, CPUs=2, Nodes=1
[    0.000000] Kernel/User page tables isolation: enabled
[    0.000000] ftrace: allocating 26803 entries in 105 pages
[    0.001000] Hierarchical RCU implementation.
[    0.001000] 	RCU restricting CPUs from NR_CPUS=256 to nr_cpu_ids=2.
[    0.001000] RCU: Adjusting geometry for rcu_fanout_leaf=16, nr_cpu_ids=2
[    0.001000] NR_IRQS: 16640, nr_irqs: 440, preallocated irqs: 16
[    0.001000] console [ttyS0] enabled
[    0.001013] clocksource: tsc-early: mask: 0xffffffffffffffff max_cycles: 0x212735223b2, max_idle_ns: 440795277976 ns
[    0.002010] Calibrating delay loop (skipped) preset value.. 4600.00 BogoMIPS (lpj=2300000)
[    0.003014] pid_max: default: 32768 minimum: 301
[    0.004018] ACPI: Core revision 20170728
[    0.006328] ACPI: 2 ACPI AML tables successfully acquired and loaded
[    0.007028] Security Framework initialized
[    0.008006] Yama: becoming mindful.
[    0.009011] LoadPin: ready to pin (currently enabled)
[    0.009014] Chromium OS LSM: enabled
[    0.010017] AppArmor: AppArmor initialized
[    0.016176] Dentry cache hash table entries: 1048576 (order: 11, 8388608 bytes)
[    0.019157] Inode-cache hash table entries: 524288 (order: 10, 4194304 bytes)
[    0.020051] Mount-cache hash table entries: 16384 (order: 5, 131072 bytes)
[    0.021035] Mountpoint-cache hash table entries: 16384 (order: 5, 131072 bytes)
[    0.022318] Last level iTLB entries: 4KB 1024, 2MB 1024, 4MB 1024
[    0.023008] Last level dTLB entries: 4KB 1024, 2MB 1024, 4MB 1024, 1GB 4
[    0.024011] Spectre V2 : Mitigation: Full generic retpoline
[    0.025006] Spectre V2 : Spectre v2 / SpectreRSB mitigation: Filling RSB on context switch
[    0.026007] Spectre V2 : Enabling Restricted Speculation for firmware calls
[    0.027008] Spectre V2 : mitigation: Enabling conditional Indirect Branch Prediction Barrier
[    0.028006] Spectre V2 : User space: Mitigation: STIBP via seccomp and prctl
[    0.029009] Speculative Store Bypass: Mitigation: Speculative Store Bypass disabled via prctl and seccomp
[    0.030202] Freeing SMP alternatives memory: 28K
[    0.032833] smpboot: Max logical packages: 2
[    0.034232] x2apic enabled
[    0.036007] Switched APIC routing to physical x2apic.
[    0.040300] ..TIMER: vector=0x30 apic1=0 pin1=0 apic2=-1 pin2=-1
[    0.145085] APIC timer disabled due to verification failure
[    0.146040] smpboot: CPU0: Intel(R) Xeon(R) CPU @ 2.30GHz (family: 0x6, model: 0x3f, stepping: 0x0)
[    0.147108] Performance Events: unsupported p6 CPU model 63 no PMU driver, software events only.
[    0.148042] Hierarchical SRCU implementation.
[    0.149091] random: crng done (trusting CPU's manufacturer)
[    0.150007] NMI watchdog: Perf event create on CPU 0 failed with -2
[    0.151001] NMI watchdog: Perf NMI watchdog permanently disabled
[    0.152066] smp: Bringing up secondary CPUs ...
[    0.154092] x86: Booting SMP configuration:
[    0.155002] .... node  #0, CPUs:      #1
[    0.001000] kvm-clock: cpu 1, msr 9e4e6041, secondary cpu clock
[    0.157031] smp: Brought up 1 node, 2 CPUs
[    0.158007] smpboot: Total of 2 processors activated (9200.00 BogoMIPS)
[    0.160257] devtmpfs: initialized
[    0.161165] clocksource: jiffies: mask: 0xffffffff max_cycles: 0xffffffff, max_idle_ns: 1911260446275000 ns
[    0.162012] futex hash table entries: 512 (order: 3, 32768 bytes)
[    0.163163] RTC time: 22:13:32, date: 04/26/19
[    0.164149] NET: Registered protocol family 16
[    0.165194] cpuidle: using governor ladder
[    0.166010] cpuidle: using governor menu
[    0.167109] clocksource: Switched to clocksource kvm-clock
[    0.168000] Clockevents: could not switch to one-shot mode:
[    0.168000]  lapic is not functional.
[    0.168000] Could not switch to high resolution mode on CPU 0
[    0.168027] Clockevents: could not switch to one-shot mode:
[    0.169103] ACPI: bus type PCI registered
[    0.169026]  lapic is not functional.
[    0.169026] Could not switch to high resolution mode on CPU 1
[    0.174202] PCI: Using configuration type 1 for base access
[    0.176156] HugeTLB registered 2.00 MiB page size, pre-allocated 0 pages
[    0.177658] ACPI: Added _OSI(Module Device)
[    0.178611] ACPI: Added _OSI(Processor Device)
[    0.179547] ACPI: Added _OSI(3.0 _SCP Extensions)
[    0.180363] ACPI: Added _OSI(Processor Aggregator Device)
[    0.181707] ACPI: Executed 2 blocks of module-level executable AML code
[    0.184193] ACPI: Interpreter enabled
[    0.184798] ACPI: (supports S0 S3 S5)
[    0.185589] ACPI: Using IOAPIC for interrupt routing
[    0.186533] PCI: Using host bridge windows from ACPI; if necessary, use "pci=nocrs" and report a bug
[    0.188892] ACPI: Enabled 16 GPEs in block 00 to 0F
[    0.192118] ACPI: PCI Root Bridge [PCI0] (domain 0000 [bus 00-ff])
[    0.193146] acpi PNP0A03:00: _OSC: OS supports [ASPM ClockPM Segments MSI]
[    0.194293] acpi PNP0A03:00: _OSC failed (AE_NOT_FOUND); disabling ASPM
[    0.195492] acpi PNP0A03:00: fail to add MMCONFIG information, can't access extended PCI configuration space under this bridge.
[    0.197949] PCI host bridge to bus 0000:00
[    0.198646] pci_bus 0000:00: root bus resource [io  0x0000-0x0cf7 window]
[    0.199693] pci_bus 0000:00: root bus resource [io  0x0d00-0xffff window]
[    0.200929] pci_bus 0000:00: root bus resource [mem 0x000a0000-0x000bffff window]
[    0.202347] pci_bus 0000:00: root bus resource [mem 0xc0000000-0xfebfffff window]
[    0.203597] pci_bus 0000:00: root bus resource [bus 00-ff]
[    0.245466] pci 0000:00:01.3: quirk: [io  0xb000-0xb03f] claimed by PIIX4 ACPI
[    0.305790] ACPI: PCI Interrupt Link [LNKA] (IRQs 5 *10 11)
[    0.308220] ACPI: PCI Interrupt Link [LNKB] (IRQs 5 *10 11)
[    0.328006] ACPI: PCI Interrupt Link [LNKC] (IRQs 5 10 *11)
[    0.330728] ACPI: PCI Interrupt Link [LNKD] (IRQs 5 10 *11)
[    0.333399] ACPI: PCI Interrupt Link [LNKS] (IRQs *9)
[    0.334697] SCSI subsystem initialized
[    0.335420] PCI: Using ACPI for IRQ routing
[    0.346679] VFS: Disk quotas dquot_6.6.0
[    0.347687] VFS: Dquot-cache hash table entries: 512 (order 0, 4096 bytes)
[    0.349131] AppArmor: AppArmor Filesystem Enabled
[    0.350120] pnp: PnP ACPI init
[    0.351116] pnp: PnP ACPI: found 7 devices
[    0.352272] NET: Registered protocol family 2
[    0.353095] TCP established hash table entries: 65536 (order: 7, 524288 bytes)
[    0.356468] TCP bind hash table entries: 65536 (order: 9, 2097152 bytes)
[    0.357993] TCP: Hash tables configured (established 65536 bind 65536)
[    0.359392] UDP hash table entries: 4096 (order: 6, 393216 bytes)
[    0.360699] UDP-Lite hash table entries: 4096 (order: 6, 393216 bytes)
[    0.362146] NET: Registered protocol family 1
[    0.363250] pci 0000:00:00.0: Limiting direct PCI/PCI transfers
[    0.364429] PCI-DMA: Using software bounce buffering for IO (SWIOTLB)
[    0.365736] software IO TLB: mapped [mem 0xbbffd000-0xbfffd000] (64MB)
[    0.367124] RAPL PMU: API unit is 2^-32 Joules, 4 fixed counters, 10737418240 ms ovfl timer
[    0.368728] RAPL PMU: hw unit of domain pp0-core 2^-0 Joules
[    0.369929] RAPL PMU: hw unit of domain package 2^-0 Joules
[    0.371040] RAPL PMU: hw unit of domain dram 2^-0 Joules
[    0.372165] RAPL PMU: hw unit of domain pp1-gpu 2^-0 Joules
[    0.374062] clocksource: tsc: mask: 0xffffffffffffffff max_cycles: 0x212735223b2, max_idle_ns: 440795277976 ns
[    0.375896] Scanning for low memory corruption every 60 seconds
[    0.377085] audit: initializing netlink subsys (disabled)
[    0.378444] audit: type=2000 audit(1556316812.346:1): state=initialized audit_enabled=0 res=1
[    0.378659] Initialise system trusted keyrings
[    0.382026] workingset: timestamp_bits=40 max_order=21 bucket_order=0
[    0.385869] Key type asymmetric registered
[    0.386746] Asymmetric key parser 'x509' registered
[    0.387571] Block layer SCSI generic (bsg) driver version 0.4 loaded (major 250)
[    0.388957] io scheduler noop registered (default)
[    0.389834] io scheduler deadline registered
[    0.390547] io scheduler cfq registered
[    0.391478] io scheduler mq-deadline registered
[    0.392570] input: Power Button as /devices/LNXSYSTM:00/LNXPWRBN:00/input/input0
[    0.394046] ACPI: Power Button [PWRF]
[    0.394825] input: Sleep Button as /devices/LNXSYSTM:00/LNXSLPBN:00/input/input1
[    0.397544] ACPI: Sleep Button [SLPF]
[    0.400503] ACPI: PCI Interrupt Link [LNKC] enabled at IRQ 11
[    0.401646] virtio-pci 0000:00:03.0: virtio_pci: leaving for legacy driver
[    0.407263] ACPI: PCI Interrupt Link [LNKD] enabled at IRQ 10
[    0.408283] virtio-pci 0000:00:04.0: virtio_pci: leaving for legacy driver
[    0.413487] Serial: 8250/16550 driver, 4 ports, IRQ sharing disabled
[    0.436710] 00:03: ttyS0 at I/O 0x3f8 (irq = 4, base_baud = 115200) is a 16550A
[    0.460631] 00:04: ttyS1 at I/O 0x2f8 (irq = 3, base_baud = 115200) is a 16550A
[    0.485353] 00:05: ttyS2 at I/O 0x3e8 (irq = 6, base_baud = 115200) is a 16550A
[    0.509061] 00:06: ttyS3 at I/O 0x2e8 (irq = 7, base_baud = 115200) is a 16550A
[    0.511698] Non-volatile memory driver v1.3
[    0.515905] loop: module loaded
[    0.536211] scsi host0: Virtio SCSI HBA
[    0.553220] scsi 0:0:1:0: Direct-Access     Google   PersistentDisk   1    PQ: 0 ANSI: 6
[    0.588666] sd 0:0:1:0: [sda] 209715200 512-byte logical blocks: (107 GB/100 GiB)
[    0.593689] sd 0:0:1:0: [sda] 4096-byte physical blocks
[    0.597276] sd 0:0:1:0: [sda] Write Protect is off
[    0.603019] sd 0:0:1:0: [sda] Write cache: enabled, read cache: enabled, doesn't support DPO or FUA
[    0.631291] i8042: PNP: PS/2 Controller [PNP0303:KBD,PNP0f13:MOU] at 0x60,0x64 irq 1,12
[    0.633668] i8042: Warning: Keylock active
[    0.636620] serio: i8042 KBD port at 0x60,0x64 irq 1
[    0.638118] serio: i8042 AUX port at 0x60,0x64 irq 12
[    0.639687] rtc_cmos 00:00: RTC can wake from S4
[    0.641456] rtc_cmos 00:00: registered as rtc0
[    0.642745] rtc_cmos 00:00: alarms up to one day, 114 bytes nvram
[    0.644222] iTCO_wdt: Intel TCO WatchDog Timer Driver v1.11
[    0.645603] iTCO_vendor_support: vendor-support=0
[    0.646749] device-mapper: ioctl: 4.37.0-ioctl (2017-09-20) initialised: dm-devel@redhat.com
[    0.649089] device-mapper: verity-chromeos: dm-verity-chromeos registered
[    0.650915] Mirror/redirect action on
[    0.651207] GPT:Primary header thinks Alt. header is not at the end of the disk.
[    0.651968] Netfilter messages via NETLINK v0.30.
[    0.653634] GPT:18874524 != 209715199
[    0.655276] nf_conntrack version 0.5.0 (65536 buckets, 262144 max)
[    0.656021] GPT:Alternate GPT header not at the end of the disk.
[    0.657640] ctnetlink v0.93: registering with nfnetlink.
[    0.658912] GPT:18874524 != 209715199
[    0.660239] ip_tables: (C) 2000-2006 Netfilter Core Team
[    0.661151] GPT: Use GNU Parted to correct GPT errors.
[    0.663826]  sda: sda1 sda2 sda3 sda4 sda5 sda6 sda7 sda8 sda9 sda10 sda11 sda12
[    0.666074] Initializing XFRM netlink socket
[    0.666910] sd 0:0:1:0: [sda] Attached SCSI disk
[    0.667234] NET: Registered protocol family 10
[    0.669738] Segment Routing with IPv6
[    0.670645] NET: Registered protocol family 17
[    0.671693] bridge: filtering via arp/ip/ip6tables is no longer available by default. Update your scripts to load br_netfilter if you need this.
[    0.674989] sched_clock: Marking stable (674887511, 0)->(1146111520, -471224009)
[    0.676873] registered taskstats version 1
[    0.677975] Loading compiled-in X.509 certificates
[    0.679757] Loaded X.509 cert 'Google LLC: Container-Optimized OS kernel signing key: cdd9ce572db9e71668e71b5a9113908047a21771'
[    0.683064] Loaded X.509 cert 'Google: Container-Optimized OS: 2efea493fc148b35859d0bc8c3dd71a139fc7ab411283e06f6c10b5a6b17e355'
[    0.685929] AppArmor: AppArmor sha1 policy hashing enabled
[    0.687397] ima: No TPM chip found, activating TPM-bypass! (rc=-19)
[    0.689195] ima: Allocated hash algorithm: sha256
[    0.690658]   Magic number: 15:444:250
[    0.692085] device-mapper: init: attempting early device configuration.
[    0.693556] device-mapper: init: adding target '0 2539520 verity payload=PARTUUID=71913957-D6B1-8948-AFA7-574E312FC408 hashtree=PARTUUID=71913957-D6B1-8948-AFA7-574E312FC408 hashstart=2539520 alg=sha1 root_hexdigest=e582525d12c5f702e39eca88f648e851195d84f7 salt=331684cac74749b4944aedce8c7e5dd9abed70e63b61b9be00d8c9efd9d17444'
[    0.698891] device-mapper: verity: Argument 0: 'payload=PARTUUID=71913957-D6B1-8948-AFA7-574E312FC408'
[    0.700806] device-mapper: verity: Argument 1: 'hashtree=PARTUUID=71913957-D6B1-8948-AFA7-574E312FC408'
[    0.702785] device-mapper: verity: Argument 2: 'hashstart=2539520'
[    0.703884] device-mapper: verity: Argument 3: 'alg=sha1'
[    0.704800] device-mapper: verity: Argument 4: 'root_hexdigest=e582525d12c5f702e39eca88f648e851195d84f7'
[    0.706776] device-mapper: verity: Argument 5: 'salt=331684cac74749b4944aedce8c7e5dd9abed70e63b61b9be00d8c9efd9d17444'
[    0.708685] device-mapper: init: dm-0 is ready
[    0.716522] EXT4-fs (dm-0): mounting ext2 file system using the ext4 subsystem
[    0.721213] EXT4-fs (dm-0): mounted filesystem without journal. Opts: (null)
[    0.722568] VFS: Mounted root (ext2 filesystem) readonly on device 254:0.
[    0.732022] devtmpfs: mounted
[    0.733561] Freeing unused kernel memory: 1360K
[    0.736447] Write protecting the kernel read-only data: 16384k
[    0.738532] Freeing unused kernel memory: 2012K
[    0.742946] Freeing unused kernel memory: 2040K
[    1.023518] systemd[1]: systemd 232 running in system mode. (+PAM +AUDIT -SELINUX +IMA +APPARMOR +SMACK -SYSVINIT -UTMP -LIBCRYPTSETUP +GCRYPT -GNUTLS -ACL -XZ +LZ4 +SECCOMP +BLKID -ELFUTILS +KMOD -IDN)
[    1.027091] systemd[1]: Detected virtualization kvm.
[    1.028373] systemd[1]: Detected architecture x86-64.

Welcome to [1mContainer-Optimized OS from Google[0m!

[    1.045086] systemd[1]: Initializing machine ID from KVM UUID.
[    1.046530] systemd[1]: Installed transient /etc/machine-id file.
[    1.404910] systemd[1]: Set up automount Arbitrary Executable File Formats File System Automount Point.
[[0;32m  OK  [0m] Set up automount Arbitrary Executab?rmats File System Automount Point.
[    1.410422] systemd[1]: Listening on Journal Socket (/dev/log).
[[0;32m  OK  [0m] Listening on Journal Socket (/dev/log).
[    1.415425] systemd[1]: Listening on Journal Socket.
[[0;32m  OK  [0m] Listening on Journal Socket.
[    1.420462] systemd[1]: Listening on udev Control Socket.
[[0;32m  OK  [0m] Listening on udev Control Socket.
[    1.425841] systemd[1]: Created slice User and Session Slice.
[[0;32m  OK  [0m] Created slice User and Session Slice.
[[0;32m  OK  [0m] Reached target Swap.
[[0;32m  OK  [0m] Created slice System Slice.
[[0;32m  OK  [0m] Created slice system-serial\x2dgetty.slice.
[[0;32m  OK  [0m] Created slice system-systemd\x2dfsck.slice.
         Starting Mount /dev/shm with 'noexec'...
[[0;32m  OK  [0m] Created slice Slice for System Daemons.
         Starting Create list of required st?ce nodes for the current kernel...
         Mounting Debug File System...
[[0;32m  OK  [0m] Listening on /dev/initctl Compatibility Named Pipe.
[[0;32m  OK  [0m] Started Dispatch Password Requests to Console Directory Watch.
[[0;32m  OK  [0m] Started Forward Password Requests to Wall Directory Watch.
         Mounting POSIX Message Queue File System...
         Mounting Temporary Directory...
         Starting Apply Kernel Variables...
[[0;32m  OK  [0m] Reached target Paths.
[[0;32m  OK  [0m] Listening on udev Kernel Socket.
         Starting udev Coldplug all Devices...
         Mounting Huge Pages File System...
[[0;32m  OK  [0m] Reached target Slices.
[[0;32m  OK  [0m] Listening on Journal Audit Socket.
         Starting Journal Service...
         Starting Remount Root and Kernel File Systems...
[[0;32m  OK  [0m] Listening on Network Service Netlink Socket.
[[0;32m  OK  [0m] Reached target Remote File Systems.
         Mounting /mnt/disks...
[[0;32m  OK  [0m] Listening on Process Core Dump Socket.
[[0;32m  OK  [0m] Mounted Debug File System.
[[0;32m  OK  [0m] Mounted POSIX Message Queue File System.
[[0;32m  OK  [0m] Mounted Huge Pages File System.
[[0;32m  OK  [0m] Mounted /mnt/disks.
[[0;32m  OK  [0m] Mounted Temporary Directory.
[[0;32m  OK  [0m] Started Journal Service.
[[0;32m  OK  [0m] Started Mount /dev/shm with 'noexec'.
[[0;32m  OK  [0m] Started Create list of required sta?vice nodes for the current kernel.
[[0;32m  OK  [0m] Started Apply Kernel Variables.
[[0;32m  OK  [0m] Started Remount Root and Kernel File Systems.
         Starting Create Static Device Nodes in /dev...
         Starting Mount /etc overlay...
[[0;32m  OK  [0m] Started udev Coldplug all Devices.
[[0;32m  OK  [0m] Started Create Static Device Nodes in /dev.
[[0;32m  OK  [0m] Reached target Local File Systems (Pre).
[[0;32m  OK  [0m] Started stateful-devices.path.
         Starting udev Kernel Device Manager...
[[0;32m  OK  [0m] Started Mount /etc overlay.
[[0;32m  OK  [0m] Started udev Kernel Device Manager.
         Starting Creates the /dev/stateful symlink to the stateful device....
[[0;32m  OK  [0m] Found device /dev/ttyS0.
[    1.742680] LoadPin: dev(254,0): read-only
[    1.743572] LoadPin: load pinning engaged.
[    1.744744] LoadPin: kernel-module pinned obj="/lib/modules/4.14.94+/kernel/arch/x86/crypto/glue_helper.ko" pid=126 cmdline="/usr/lib/systemd/systemd-udevd"
[    1.781538] AVX2 version of gcm_enc/dec engaged.
[    1.783224] AES CTR mode by8 optimization enabled
[[0;32m  OK  [0m] Found device PersistentDisk OEM.
         Mounting /usr/share/oem...
[    1.814166] EXT4-fs (sda8): mounted filesystem with ordered data mode. Opts: (null)
[[0;32m  OK  [0m] Mounted /usr/share/oem.
[[0;32m  OK  [0m] Started Creates the /dev/stateful symlink to the stateful device..
[[0;32m  OK  [0m] Found device PersistentDisk STATE.
         Starting File System Check on /dev/stateful...
[    1.921450] systemd-fsck[179]: STATE: clean, 8420/318240 files, 51812/1271296 blocks
[[0;32m  OK  [0m] Started File System Check on /dev/stateful.
         Mounting /mnt/stateful_partition...
[    1.963642] EXT4-fs (sda1): mounted filesystem with ordered data mode. Opts: commit=30
[[0;32m  OK  [0m] Mounted /mnt/stateful_partition.
         Starting Resize stateful partition...
         Starting Make /mnt/stateful_partition private...
[[0;32m  OK  [0m] Started Make /mnt/stateful_partition private.
         Mounting /var...
         Mounting /home...
[[0;32m  OK  [0m] Mounted /var.
[[0;32m  OK  [0m] Mounted /home.
         Starting Flush Journal to Persistent Storage...
         Mounting /var/lib/cloud...
         Mounting Bind mount /var/lib/toolbox to itself...
         Mounting Bind mount /var/lib/google to itself...
         Mounting Bind mount /var/lib/docker to itself...
[[0;32m  OK  [0m] Mounted Bind mount /var/lib/google to itself.
[[0;32m  OK  [0m] Mounted Bind mount /var/lib/toolbox to itself.
[[0;32m  OK  [0m] Mounted Bind mount /var/lib/docker to itself.
[[0;32m  OK  [0m] Mounted /var/lib/cloud.
         Starting Mount /var/lib/docker with 'exec'...
[    2.041584] EXT4-fs (sda1): re-mounted. Opts: commit=30,data=ordered
         Starting Mount /var/lib/toolbox with 'exec' and 'suid' bits...
[    2.047982] EXT4-fs (sda1): re-mounted. Opts: commit=30,data=ordered
         Starting Mount /var/lib/google with 'exec'...
[[0;32m  OK  [0m] Started Mount[    2.057044] EXT4-fs (sda1): re-mounted. Opts: commit=30,data=ordered
 /var/lib/docker with 'exec'.
[[0;32m  OK  [0m] Started Mount /var/lib/toolbox with 'exec' and 'suid' bits.
[[0;32m  OK  [0m] Started Mount /var/lib/google with 'exec'.
[[    2.074408] systemd-journald[102]: Received request to flush runtime journal from PID 1
[0;32m  OK  [0m] Reached target Local File Systems.
         Starting Rebuild Dynamic Linker Cache...
         Starting Rebuild Journal Catalog...
[[0;32m  OK  [0m] Started Flush Journal to Persistent Storage.
         Starting Create Volatile Files and Directories...
[[0;32m  OK  [0m] Started Create Volatile Files and Directories.
         Starting Network Time Synchronization...
         Starting Load Security Auditing Rules...
[[0;32m  OK  [0m] Started Rebuild Journal Catalog.
[    2.141378] EXT4-fs (sda1): resizing filesystem from 1271296 to 25126395 blocks
[[0;32m  OK  [0m] Started Network Time Synchronization.
[[0;32m  OK  [0m] Reached target System Time Synchronized.
[[0;32m  OK  [0m] Started Load Security Auditing Rules.
[[0;32m  OK  [0m] Started Rebuild Dynamic Linker Cache.
         Starting Update is Completed...
[[0;32m  OK  [0m] Started Update is Completed.
[    3.038977] EXT4-fs (sda1): resized filesystem to 25126395
[[0;32m  OK  [0m] Started Resize stateful partition.
[[0;32m  OK  [0m] Reached target System Initialization.
[[0;32m  OK  [0m] Started Run Crash Sender hourly.
         Starting Docker Socket for the API.
[[0;32m  OK  [0m] Started Daily Cleanup of Temporary Directories.
[[0;32m  OK  [0m] Reached target Timers.
[[0;32m  OK  [0m] Listening on D-Bus System Message Bus Socket.
[[0;32m  OK  [0m] Listening on Docker Socket for the API.
[[0;32m  OK  [0m] Reached target Sockets.
[[0;32m  OK  [0m] Reached target Basic System.
         Starting Reports operating system info...
         Starting Configure ip6tables...
         Starting Login Service...
[    3.156043] cat[276]: BUILD_ID=11647.64.0
[[0;32m  OK  [0m] Started D-Bus System Message Bus.
[    3.169543] cat[276]: NAME="Container-Optimized OS"
[    3.174710] cat[276]: KERNEL_COMMIT_ID=eb49a8f827edb6d8b5926b3ea48c6bc086d7a704
[    3.179106] cat[276]: GOOGLE_CRASH_ID=Lakitu
[    3.181128] cat[276]: VERSION_ID=73
[    3.181983] ip6_tables: (C) 2000-2006 Netfilter Core Team
[    3.185124] cat[276]: BUG_REPORT_URL="https://cloud.google.com/container-optimized-os/docs/resources/support-policy#contact_us"
[    3.190436] cat[276]: PRETTY_NAME="Container-Optimized OS from Google"
[    3.194072] cat[276]: VERSION=73
[    3.197061] cat[276]: GOOGLE_METRICS_PRODUCT_ID=26
[    3.201148] cat[276]: HOME_URL="https://cloud.google.com/container-optimized-os/docs"
[    3.205079] cat[276]: ID=cos
         Starting Network Service...
         Starting Initialize Crash Reporter...
         Starting Configure iptables...
[[0;32m  OK  [0m] Reached target Containers.
         Starting Check if secure boot is enabled...
         Starting Initial cloud-init job (pre-networking)...
[[0;32m  OK  [0m] Started Login Service.
[    3.243935] echo[300]: Showing disk capacity
[[0;32m  OK  [0m] Started Check if secure boot is enabled.
[[0;32m  OK  [0m] Started Reports operating system info.
[    3.258177] df[303]: Filesystem      Size  Used Avail Use% Mounted on
[    3.267172] df[303]: /dev/root       1.2G  679M  542M  56% /
[    3.270547] df[303]: devtmpfs        3.7G     0  3.7G   0% /dev
[    3.271899] df[303]: tmpfs           3.7G     0  3.7G   0% /dev/shm
[    3.273213] df[303]: tmpfs           3.7G  232K  3.7G   1% /run
[    3.274696] df[303]: tmpfs           3.7G     0  3.7G   0% /sys/fs/cgroup
[    3.279351] df[303]: tmpfs           1.0M   36K  988K   4% /etc/machine-id
[    3.282960] df[303]: tmpfs           3.7G     0  3.7G   0% /tmp
[[0;32m  OK  [0m] Started Network Service.
[    3.284944] df[303]: tmpfs           256K     0  256K   0% /mnt/disks
         Starting Wait for Network to be Configured...
[    3.288685] df[303]: overlayfs       1.0M   36K  988K   4% /etc
[    3.292408] df[303]: /dev/sda8        12M   28K   12M   1% /usr/share/oem
[    3.294186] df[303]: /dev/sda1        95G   85M   95G   1% /mnt/stateful_partition
[    3.295731] df[303]: tmpfs           1.0M     0  1.0M   0% /var/lib/cloud
         Starting Hostname Service...
[[0;32m  OK  [0m] Started Configure ip6tables.
[[0;32m  OK  [0m] Started Initialize Crash Reporter.
         Starting Run per-boot crash collection tasks...
[[0;32m  OK  [0m] Started Hostname Service.
[[0;32m  OK  [0m] Started Run per-boot crash collection tasks.
         Starting Crash Sender...
[[0;32m  OK  [0m] Started Crash Sender.
[[0;32m  OK  [0m] Started Configure iptables.
[[0;32m  OK  [0m] Reached target Network.
         Starting Permit User Sessions...
         Starting Network Name Resolution...
         Starting OpenSSH server daemon...
         Starting containerd container runtime...
[[0;32m  OK  [0m] Started Permit User Sessions.
[[0;32m  OK  [0m] Started containerd container runtime.
[[0;32m  OK  [0m] Started Serial Getty on ttyS0.
[[0;32m  OK  [0m] Reached target Login Prompts.
[[0;32m  OK  [0m] Started Network Name Resolution.
[[0;32m  OK  [0m] Started OpenSSH server daemon.
[    4.852084] cloud-init[297]: Cloud-init v. 0.7.6 running 'init-local' at Fri, 26 Apr 2019 22:13:36 +0000. Up 4.81 seconds.
[[0;32m  OK  [0m] Started Initial cloud-init job (pre-networking).
[[0;32m  OK  [0m] Started Wait for Network to be Configured.
[[0;32m  OK  [0m] Reached target Network is Online.
         Starting Wait for User Data to be accessible...
         Starting Wait for Google Container Registry (GCR) to be accessible...
         Starting Google Compute Engine Instance Setup...
         Starting Initialize device policy...
         Starting Docker Application Container Engine...
[[0;32m  OK  [0m] Started Wait for User Data to be accessible.
[[0;32m  OK  [0m] Reached target User Data for Cloud Init is accessible.
         Starting Initial cloud-init job (metadata service crawler)...
[    5.916752] cloud-init[388]: Cloud-init v. 0.7.6 running 'init' at Fri, 26 Apr 2019 22:13:37 +0000. Up 5.87 seconds.
[    5.958210] cloud-init[388]: ci-info: ++++++++++++++++++++++++++Net device info++++++++++++++++++++++++++
[    5.962486] cloud-init[388]: ci-info: +--------+------+-----------+-----------------+-------------------+
[    5.967475] cloud-init[388]: ci-info: | Device |  Up  |  Address  |       Mask      |     Hw-Address    |
[    5.972477] cloud-init[388]: ci-info: +--------+------+-----------+-----------------+-------------------+
[    5.976466] cloud-init[388]: ci-info: |  lo:   | True | 127.0.0.1 |    255.0.0.0    |         .         |
[    5.980449] cloud-init[388]: ci-info: | eth0:  | True | 10.40.0.6 | 255.255.255.255 | 42:01:0a:28:00:06 |
[    5.987780] cloud-init[388]: ci-info: +--------+------+-----------+-----------------+-------------------+
[    5.992475] cloud-init[388]: ci-info: +++++++++++++++++++++++++++++++Route info++++++++++++++++++++++++++++++++
[    5.997464] cloud-init[388]: ci-info: +-------+-------------+-----------+-----------------+-----------+-------+
[    6.002460] cloud-init[388]: ci-info: | Route | Destination |  Gateway  |     Genmask     | Interface | Flags |
[    6.007450] cloud-init[388]: ci-info: +-------+-------------+-----------+-----------------+-----------+-------+
[    6.012454] cloud-init[388]: ci-info: |   0   |   0.0.0.0   | 10.40.0.1 |     0.0.0.0     |    eth0   |   UG  |
[    6.017523] cloud-init[388]: ci-info: |   1   |   0.0.0.0   | 10.40.0.1 |     0.0.0.0     |    eth0   |   UG  |
[    6.022498] cloud-init[388]: ci-info: |   2   |  10.40.0.1  |  0.0.0.0  | 255.255.255.255 |    eth0   |   UH  |
[    6.027480] cloud-init[388]: ci-info: |   3   |  10.40.0.1  |  0.0.0.0  | 255.255.255.255 |    eth0   |   UH  |
[    6.032543] cloud-init[388]: ci-info: +-------+-------------+-----------+-----------------+-----------+-------+
[    6.052618] Bridge firewalling registered
[    6.241867] IPv6: ADDRCONF(NETDEV_UP): docker0: link is not ready
[[0;32m  OK  [0m] Started Google Compute Engine Instance Setup.
         Starting Google Compute Engine Network Setup...
[[0;32m  OK  [0m] Started Docker Application Container Engine.
[[0;32m  OK  [0m] Started Initialize device policy.
[[0;32m  OK  [0m] Started Metrics Daemon.
[[0;32m  OK  [0m] Started GCI Device Policy Service.
[[0;32m  OK  [0m] Started Google Compute Engine Network Setup.
         Starting Google Compute Engine Startup Scripts...
[[0;32m  OK  [0m] Started Google Compute Engine Accounts Daemon.
         Starting Google Compute Engine Shutdown Scripts...
[[0;32m  OK  [0m] Started Google Compute Engine IP Forwarding Daemon.
[[0;32m  OK  [0m] Started Google Compute Engine Clock Skew Daemon.
[[0;32m  OK  [0m] Started Google Compute Engine Shutdown Scripts.
[[0;32m  OK  [0m] Started Google Compute Engine Startup Scripts.

e2e-test-peterhornyack-minion-group-33nw login: [   11.661999] cloud-init[620]: Cloud-init v. 0.7.6 running 'modules:config' at Fri, 26 Apr 2019 22:13:43 +0000. Up 11.58 seconds.
[   12.122298] cloud-init[628]: Cloud-init v. 0.7.6 running 'modules:final' at Fri, 26 Apr 2019 22:13:44 +0000. Up 12.04 seconds.
[   12.233624] cloud-init[628]: Created symlink /etc/systemd/system/kubernetes.target.wants/kube-node-installation.service ? /etc/systemd/system/kube-node-installation.service.
[   12.315294] cloud-init[628]: Created symlink /etc/systemd/system/kubernetes.target.wants/kube-node-configuration.service ? /etc/systemd/system/kube-node-configuration.service.
[   12.394803] cloud-init[628]: Created symlink /etc/systemd/system/kubernetes.target.wants/kube-container-runtime-monitor.service ? /etc/systemd/system/kube-container-runtime-monitor.service.
[   12.467912] cloud-init[628]: Created symlink /etc/systemd/system/kubernetes.target.wants/kubelet-monitor.service ? /etc/systemd/system/kubelet-monitor.service.
[   12.540857] cloud-init[628]: Created symlink /etc/systemd/system/kubernetes.target.wants/kube-logrotate.timer ? /etc/systemd/system/kube-logrotate.timer.
[   12.615833] cloud-init[628]: Created symlink /etc/systemd/system/kubernetes.target.wants/kube-logrotate.service ? /etc/systemd/system/kube-logrotate.service.
[   12.693440] cloud-init[628]: Created symlink /etc/systemd/system/multi-user.target.wants/kubernetes.target ? /etc/systemd/system/kubernetes.target.
         Starting Download and install k8s binaries and configurations...
[[0;32m  OK  [0m] Started Hourly kube-logrotate invocation.
[   12.806597] EXT4-fs (sda1): re-mounted. Opts: commit=30,data=ordered
[[0;32m  OK  [0m] Started Wait for Google Container Registry (GCR) to be accessible.
[[0;32m  OK  [0m] Reached target Google Container Registry (GCR) is Online.
[[0;32m  OK  [0m] Started Containers on GCE Setup.
[   21.660094] konlet-startup[800]: No metadata present - not running containers
[   62.611163] EXT4-fs (sda1): re-mounted. Opts: commit=30,data=ordered
[[0;32m  OK  [0m] Started Download and install k8s binaries and configurations.
         Starting Configure kubernetes node...
[   63.470157] Unsafe core_pattern used with fs.suid_dumpable=2.
[   63.470157] Pipe handler or fully qualified core dump path required.
[   63.470157] Set kernel.core_pattern before fs.suid_dumpable.
         Stopping Docker Application Container Engine...
[[0;32m  OK  [0m] Stopped Docker Application Container Engine.
[[0;32m  OK  [0m] Closed Docker Socket for the API.
         Stopping Docker Socket for the API.
         Starting Docker Socket for the API.
[[0;32m  OK  [0m] Listening on Docker Socket for the API.
         Starting Docker Application Container Engine...
[[0;32m  OK  [0m] Started Docker Application Container Engine.
[[0;32m  OK  [0m] Started Kubernetes kubelet.
[[0;32m  OK  [0m] Started Kubernetes node problem detector.
[   71.252048] EXT4-fs (sda1): re-mounted. Opts: commit=30,data=ordered
[[0;32m  OK  [0m] Started Configure kubernetes node.
         Starting Kubernetes health monitoring for container runtime...
         Starting Kubernetes health monitoring for kubelet...
         Starting Kubernetes log rotation...
[[0;32m  OK  [0m] Started Kubernetes health monitoring for container runtime.
[[0;32m  OK  [0m] Started Kubernetes health monitoring for kubelet.
[[0;32m  OK  [0m] Started Kubernetes log rotation.
[[0;32m  OK  [0m] Reached target Kubernetes.
<14>Apr 26 22:14:43 ec2: 
<14>Apr 26 22:14:43 ec2: #############################################################
<14>Apr 26 22:14:43 ec2: -----BEGIN SSH HOST KEY FINGERPRINTS-----
<14>Apr 26 22:14:43 ec2: 256 SHA256:Yx6fcsvUU+GJvptnSOUcEdxm7NCEkzKMA2qygYCCT9A root@e2e-test-peterhornyack-minion-group-33nw (ECDSA)
<14>Apr 26 22:14:43 ec2: 256 SHA256:+7ZDd1rdL5CTbl9ucElAHZVFcKxlNg4sA3ifg2iwkrU root@e2e-test-peterhornyack-minion-group-33nw (ED25519)
<14>Apr 26 22:14:43 ec2: 2048 SHA256:Y2fJ7Pa2lcdslVCNQr0ow5x4dXf/dP3vEQXmoi+6izQ root@e2e-test-peterhornyack-minion-group-33nw (RSA)
<14>Apr 26 22:14:43 ec2: -----END SSH HOST KEY FINGERPRINTS-----
<14>Apr 26 22:14:43 ec2: #############################################################
-----BEGIN SSH HOST KEY KEYS-----
ecdsa-sha2-nistp256 AAAAE2VjZHNhLXNoYTItbmlzdHAyNTYAAAAIbmlzdHAyNTYAAABBBO+2FYlsRHMvoAZ++NEStYn3+sWZcSLn4KyrRuubR5tjRUyLVaJRsgUBeIX0DbZU/5CnA6iZxm6lGzg2xOyNsHE= root@e2e-test-peterhornyack-minion-group-33nw
ssh-ed25519 AAAAC3NzaC1lZDI1NTE5AAAAIOesXuwvxMVLfvZiP5zsjWp3BhG3nT2c8wDFk//OCwxZ root@e2e-test-peterhornyack-minion-group-33nw
ssh-rsa AAAAB3NzaC1yc2EAAAADAQABAAABAQDIFB76XyF5ksw2aSaPfMHkFUilZhlElbumGLI6vFP/xMO+ttqKch6iFXoPx4WJ9sA2POVfEut7PfNLGD04vl6isITl/lpGqIfUJVZZHWVnzcBUw+SCwAkfXzMBOs/UjzFMA69w0lOKRRReLNq3OzQJIeF9uX2NnF2YvQ+1fo7R4psjGs5s+uT5tHNJP2G3zhloHlWspBOshumBeQ/+shS6N/FY5N2DIDbqN8O3p2m9Ss9r+x6TmtrJYau7v/FAh6NDzv7fvs41O1ymFj/sYPnaH+lBW0NlKMdeHU6EgtXj60o+HG3OakgpksUf+beDZdaDJ2zppyNUUjV8UcUgeREN root@e2e-test-peterhornyack-minion-group-33nw
-----END SSH HOST KEY KEYS-----
[   71.454386] cloud-init[628]: Cloud-init v. 0.7.6 finished at Fri, 26 Apr 2019 22:14:43 +0000. Datasource DataSourceGCE.  Up 71.44 seconds
[[0;32m  OK  [0m] Started Execute cloud user/final scripts.
[[0;32m  OK  [0m] Reached target Multi-User System.
[   74.802941] IPVS: Registered protocols (TCP, UDP, SCTP, AH, ESP)
[   74.809197] IPVS: Connection hash table configured (size=4096, memory=64Kbytes)
[   74.839680] IPVS: ipvs loaded.
[   74.846408] IPVS: [rr] scheduler registered.
[   74.854548] IPVS: [wrr] scheduler registered.
[   74.862917] IPVS: [sh] scheduler registered.
[   74.983451] ip_set: protocol 6
[   87.235128] IPv6: ADDRCONF(NETDEV_UP): veth031d050b: link is not ready
[   87.241890] IPv6: ADDRCONF(NETDEV_CHANGE): veth031d050b: link becomes ready
[   87.252524] cbr0: port 1(veth031d050b) entered blocking state
[   87.258459] cbr0: port 1(veth031d050b) entered disabled state
[   87.264457] device veth031d050b entered promiscuous mode
[   87.269943] cbr0: port 1(veth031d050b) entered blocking state
[   87.275843] cbr0: port 1(veth031d050b) entered forwarding state
[   96.772883] IPv6: ADDRCONF(NETDEV_UP): veth101f10ef: link is not ready
[   96.779627] IPv6: ADDRCONF(NETDEV_CHANGE): veth101f10ef: link becomes ready
[   96.803587] cbr0: port 2(veth101f10ef) entered blocking state
[   96.809542] cbr0: port 2(veth101f10ef) entered disabled state
[   96.815674] device veth101f10ef entered promiscuous mode
[   96.821202] cbr0: port 2(veth101f10ef) entered blocking state
[   96.827212] cbr0: port 2(veth101f10ef) entered forwarding state
[   98.356635] IPv6: ADDRCONF(NETDEV_UP): veth93792f57: link is not ready
[   98.363709] IPv6: ADDRCONF(NETDEV_CHANGE): veth93792f57: link becomes ready
[   98.377244] cbr0: port 3(veth93792f57) entered blocking state
[   98.383266] cbr0: port 3(veth93792f57) entered disabled state
[   98.389430] device veth93792f57 entered promiscuous mode
[   98.394980] cbr0: port 3(veth93792f57) entered blocking state
[   98.401070] cbr0: port 3(veth93792f57) entered forwarding state
[ 1038.619492] IPv6: ADDRCONF(NETDEV_UP): veth5f9a6dea: link is not ready
[ 1038.626391] IPv6: ADDRCONF(NETDEV_CHANGE): veth5f9a6dea: link becomes ready
[ 1038.637792] cbr0: port 4(veth5f9a6dea) entered blocking state
[ 1038.643755] cbr0: port 4(veth5f9a6dea) entered disabled state
[ 1038.649905] device veth5f9a6dea entered promiscuous mode
[ 1038.656090] cbr0: port 4(veth5f9a6dea) entered blocking state
[ 1038.661992] cbr0: port 4(veth5f9a6dea) entered forwarding state
[ 1049.496075] IPv6: ADDRCONF(NETDEV_UP): veth82a4960c: link is not ready
[ 1049.503178] IPv6: ADDRCONF(NETDEV_CHANGE): veth82a4960c: link becomes ready
[ 1049.515838] cbr0: port 5(veth82a4960c) entered blocking state
[ 1049.521970] cbr0: port 5(veth82a4960c) entered disabled state
[ 1049.527991] device veth82a4960c entered promiscuous mode
[ 1049.533697] cbr0: port 5(veth82a4960c) entered blocking state
[ 1049.540098] cbr0: port 5(veth82a4960c) entered forwarding state
[ 1245.440935] cbr0: port 4(veth5f9a6dea) entered disabled state
[ 1245.467358] device veth5f9a6dea left promiscuous mode
[ 1245.473293] cbr0: port 4(veth5f9a6dea) entered disabled state
[ 1259.156535] IPv6: ADDRCONF(NETDEV_UP): vethc2376874: link is not ready
[ 1259.163434] IPv6: ADDRCONF(NETDEV_CHANGE): vethc2376874: link becomes ready
[ 1259.173884] cbr0: port 4(vethc2376874) entered blocking state
[ 1259.179998] cbr0: port 4(vethc2376874) entered disabled state
[ 1259.185999] device vethc2376874 entered promiscuous mode
[ 1259.191518] cbr0: port 4(vethc2376874) entered blocking state
[ 1259.197530] cbr0: port 4(vethc2376874) entered forwarding state
[ 1275.480913] cbr0: port 5(veth82a4960c) entered disabled state
[ 1275.489293] device veth82a4960c left promiscuous mode
[ 1275.494509] cbr0: port 5(veth82a4960c) entered disabled state
[ 1495.531184] cbr0: port 4(vethc2376874) entered disabled state
[ 1495.539958] device vethc2376874 left promiscuous mode
[ 1495.545350] cbr0: port 4(vethc2376874) entered disabled state
[ 1630.030570] IPv6: ADDRCONF(NETDEV_UP): veth9d6556e9: link is not ready
[ 1630.037339] IPv6: ADDRCONF(NETDEV_CHANGE): veth9d6556e9: link becomes ready
[ 1630.046094] cbr0: port 4(veth9d6556e9) entered blocking state
[ 1630.052056] cbr0: port 4(veth9d6556e9) entered disabled state
[ 1630.058149] device veth9d6556e9 entered promiscuous mode
[ 1630.063783] cbr0: port 4(veth9d6556e9) entered blocking state
[ 1630.069731] cbr0: port 4(veth9d6556e9) entered forwarding state
[ 1641.540854] IPv6: ADDRCONF(NETDEV_UP): veth2d80fe72: link is not ready
[ 1641.547626] IPv6: ADDRCONF(NETDEV_CHANGE): veth2d80fe72: link becomes ready
[ 1641.559217] cbr0: port 5(veth2d80fe72) entered blocking state
[ 1641.565145] cbr0: port 5(veth2d80fe72) entered disabled state
[ 1641.571147] device veth2d80fe72 entered promiscuous mode
[ 1641.576727] cbr0: port 5(veth2d80fe72) entered blocking state
[ 1641.582630] cbr0: port 5(veth2d80fe72) entered forwarding state
[ 1729.531233] cbr0: port 4(veth9d6556e9) entered disabled state
[ 1729.540484] device veth9d6556e9 left promiscuous mode
[ 1729.545745] cbr0: port 4(veth9d6556e9) entered disabled state
[ 1759.550912] cbr0: port 5(veth2d80fe72) entered disabled state
[ 1759.559527] device veth2d80fe72 left promiscuous mode
[ 1759.564756] cbr0: port 5(veth2d80fe72) entered disabled state
[ 4879.452645] IPv6: ADDRCONF(NETDEV_UP): veth02795b02: link is not ready
[ 4879.459539] IPv6: ADDRCONF(NETDEV_CHANGE): veth02795b02: link becomes ready
[ 4879.469423] cbr0: port 4(veth02795b02) entered blocking state
[ 4879.475400] cbr0: port 4(veth02795b02) entered disabled state
[ 4879.481387] device veth02795b02 entered promiscuous mode
[ 4879.486910] cbr0: port 4(veth02795b02) entered blocking state
[ 4879.492816] cbr0: port 4(veth02795b02) entered forwarding state
[ 4936.860101] cbr0: port 4(veth02795b02) entered disabled state
[ 4936.868577] device veth02795b02 left promiscuous mode
[ 4936.874117] cbr0: port 4(veth02795b02) entered disabled state

