-- Logs begin at Fri 2019-04-05 02:20:50 UTC, end at Fri 2019-04-05 05:20:33 UTC. --
Apr 05 02:20:50.699487 localhost kernel: Linux version 4.14.94+ (chrome-bot@swarm-cros-645) (gcc version 4.9.x 20150123 (prerelease) (4.9.2_cos_gg_4.9.2-r200-ac6128e0a17a52f011797f33ac3e7d6273a9368d_4.9.2-r200)) #1 SMP Thu Feb 28 00:14:21 PST 2019
Apr 05 02:20:50.699534 localhost kernel: Command line: BOOT_IMAGE=/syslinux/vmlinuz.A init=/usr/lib/systemd/systemd boot=local rootwait ro noresume noswap loglevel=7 noinitrd console=ttyS0 vsyscall=emulate security=apparmor virtio_net.napi_tx=1 systemd.unified_cgroup_hierarchy=false systemd.legacy_systemd_cgroup_controller=true csm.disabled=1 dm_verity.error_behavior=3 dm_verity.max_bios=-1 dm_verity.dev_wait=1 i915.modeset=1 cros_efi root=/dev/dm-0 "dm=1 vroot none ro 1,0 2539520 verity payload=PARTUUID=71913957-D6B1-8948-AFA7-574E312FC408 hashtree=PARTUUID=71913957-D6B1-8948-AFA7-574E312FC408 hashstart=2539520 alg=sha1 root_hexdigest=e582525d12c5f702e39eca88f648e851195d84f7 salt=331684cac74749b4944aedce8c7e5dd9abed70e63b61b9be00d8c9efd9d17444"
Apr 05 02:20:50.699559 localhost kernel: x86/fpu: Supporting XSAVE feature 0x001: 'x87 floating point registers'
Apr 05 02:20:50.699568 localhost kernel: x86/fpu: Supporting XSAVE feature 0x002: 'SSE registers'
Apr 05 02:20:50.699576 localhost kernel: x86/fpu: Supporting XSAVE feature 0x004: 'AVX registers'
Apr 05 02:20:50.699586 localhost kernel: x86/fpu: xstate_offset[2]:  576, xstate_sizes[2]:  256
Apr 05 02:20:50.699599 localhost kernel: x86/fpu: Enabled xstate features 0x7, context size is 832 bytes, using 'standard' format.
Apr 05 02:20:50.699611 localhost kernel: e820: BIOS-provided physical RAM map:
Apr 05 02:20:50.699619 localhost kernel: BIOS-e820: [mem 0x0000000000000000-0x000000000009fbff] usable
Apr 05 02:20:50.699628 localhost kernel: BIOS-e820: [mem 0x000000000009fc00-0x000000000009ffff] reserved
Apr 05 02:20:50.699636 localhost kernel: BIOS-e820: [mem 0x00000000000f0000-0x00000000000fffff] reserved
Apr 05 02:20:50.699644 localhost kernel: BIOS-e820: [mem 0x0000000000100000-0x00000000bfffcfff] usable
Apr 05 02:20:50.699652 localhost kernel: BIOS-e820: [mem 0x00000000bfffd000-0x00000000bfffffff] reserved
Apr 05 02:20:50.699661 localhost kernel: BIOS-e820: [mem 0x00000000fffbc000-0x00000000ffffffff] reserved
Apr 05 02:20:50.699674 localhost kernel: BIOS-e820: [mem 0x0000000100000000-0x000000012fffffff] usable
Apr 05 02:20:50.699683 localhost kernel: NX (Execute Disable) protection: active
Apr 05 02:20:50.699692 localhost kernel: SMBIOS 2.4 present.
Apr 05 02:20:50.699701 localhost kernel: DMI: Google Google Compute Engine/Google Compute Engine, BIOS Google 01/01/2011
Apr 05 02:20:50.699711 localhost kernel: Hypervisor detected: KVM
Apr 05 02:20:50.699719 localhost kernel: kvm-clock: Using msrs 4b564d01 and 4b564d00
Apr 05 02:20:50.699728 localhost kernel: kvm-clock: cpu 0, msr a04e6001, primary cpu clock
Apr 05 02:20:50.699737 localhost kernel: kvm-clock: using sched offset of 1040892984 cycles
Apr 05 02:20:50.699745 localhost kernel: clocksource: kvm-clock: mask: 0xffffffffffffffff max_cycles: 0x1cd42e4dffb, max_idle_ns: 881590591483 ns
Apr 05 02:20:50.699754 localhost kernel: tsc: Initial usec timer 948482
Apr 05 02:20:50.699765 localhost kernel: tsc: Detected 2300.000 MHz processor
Apr 05 02:20:50.699774 localhost kernel: e820: update [mem 0x00000000-0x00000fff] usable ==> reserved
Apr 05 02:20:50.699783 localhost kernel: e820: remove [mem 0x000a0000-0x000fffff] usable
Apr 05 02:20:50.699792 localhost kernel: e820: last_pfn = 0x130000 max_arch_pfn = 0x400000000
Apr 05 02:20:50.699804 localhost kernel: MTRR default type: write-back
Apr 05 02:20:50.699812 localhost kernel: MTRR fixed ranges enabled:
Apr 05 02:20:50.699822 localhost kernel:   00000-9FFFF write-back
Apr 05 02:20:50.699831 localhost kernel:   A0000-BFFFF uncachable
Apr 05 02:20:50.699840 localhost kernel:   C0000-FFFFF write-protect
Apr 05 02:20:50.699848 localhost kernel: MTRR variable ranges enabled:
Apr 05 02:20:50.699857 localhost kernel:   0 base 0000C0000000 mask 3FFFC0000000 uncachable
Apr 05 02:20:50.699865 localhost kernel:   1 disabled
Apr 05 02:20:50.699895 localhost kernel:   2 disabled
Apr 05 02:20:50.699906 localhost kernel:   3 disabled
Apr 05 02:20:50.699915 localhost kernel:   4 disabled
Apr 05 02:20:50.699925 localhost kernel:   5 disabled
Apr 05 02:20:50.699939 localhost kernel:   6 disabled
Apr 05 02:20:50.699949 localhost kernel:   7 disabled
Apr 05 02:20:50.699959 localhost kernel: x86/PAT: Configuration [0-7]: WB  WC  UC- UC  WB  WP  UC- WT  
Apr 05 02:20:50.699969 localhost kernel: e820: last_pfn = 0xbfffd max_arch_pfn = 0x400000000
Apr 05 02:20:50.699977 localhost kernel: found SMP MP-table at [mem 0x000f2c70-0x000f2c7f] mapped at [ffffffffff200c70]
Apr 05 02:20:50.699988 localhost kernel: Scanning 1 areas for low memory corruption
Apr 05 02:20:50.699997 localhost kernel: Base memory trampoline at [ffff8a5700099000] 99000 size 24576
Apr 05 02:20:50.700010 localhost kernel: Using GB pages for direct mapping
Apr 05 02:20:50.700020 localhost kernel: BRK [0xa055a000, 0xa055afff] PGTABLE
Apr 05 02:20:50.700031 localhost kernel: BRK [0xa055b000, 0xa055bfff] PGTABLE
Apr 05 02:20:50.700039 localhost kernel: BRK [0xa055c000, 0xa055cfff] PGTABLE
Apr 05 02:20:50.700048 localhost kernel: BRK [0xa055d000, 0xa055dfff] PGTABLE
Apr 05 02:20:50.700057 localhost kernel: BRK [0xa055e000, 0xa055efff] PGTABLE
Apr 05 02:20:50.700066 localhost kernel: ACPI: Early table checksum verification disabled
Apr 05 02:20:50.700075 localhost kernel: ACPI: RSDP 0x00000000000F2A30 000014 (v00 Google)
Apr 05 02:20:50.700084 localhost kernel: ACPI: RSDT 0x00000000BFFFDAC0 000038 (v01 Google GOOGRSDT 00000001 GOOG 00000001)
Apr 05 02:20:50.700098 localhost kernel: ACPI: FACP 0x00000000BFFFFF00 0000F4 (v02 Google GOOGFACP 00000001 GOOG 00000001)
Apr 05 02:20:50.700110 localhost kernel: ACPI: DSDT 0x00000000BFFFDB00 0018BA (v01 Google GOOGDSDT 00000001 GOOG 00000001)
Apr 05 02:20:50.700119 localhost kernel: ACPI: FACS 0x00000000BFFFFEC0 000040
Apr 05 02:20:50.700128 localhost kernel: ACPI: FACS 0x00000000BFFFFEC0 000040
Apr 05 02:20:50.700137 localhost kernel: ACPI: SSDT 0x00000000BFFFF5A0 00091F (v01 Google GOOGSSDT 00000001 GOOG 00000001)
Apr 05 02:20:50.700146 localhost kernel: ACPI: APIC 0x00000000BFFFF4B0 00006E (v01 Google GOOGAPIC 00000001 GOOG 00000001)
Apr 05 02:20:50.700154 localhost kernel: ACPI: WAET 0x00000000BFFFF480 000028 (v01 Google GOOGWAET 00000001 GOOG 00000001)
Apr 05 02:20:50.700164 localhost kernel: ACPI: SRAT 0x00000000BFFFF3C0 0000B8 (v01 Google GOOGSRAT 00000001 GOOG 00000001)
Apr 05 02:20:50.700172 localhost kernel: ACPI: Local APIC address 0xfee00000
Apr 05 02:20:50.700181 localhost kernel: SRAT: PXM 0 -> APIC 0x00 -> Node 0
Apr 05 02:20:50.700190 localhost kernel: ACPI: SRAT: Node 0 PXM 0 [mem 0x00000000-0x0009ffff]
Apr 05 02:20:50.700215 localhost kernel: ACPI: SRAT: Node 0 PXM 0 [mem 0x00100000-0xbfffffff]
Apr 05 02:20:50.700225 localhost kernel: ACPI: SRAT: Node 0 PXM 0 [mem 0x100000000-0x12fffffff]
Apr 05 02:20:50.700234 localhost kernel: NUMA: Node 0 [mem 0x00000000-0x0009ffff] + [mem 0x00100000-0xbfffffff] -> [mem 0x00000000-0xbfffffff]
Apr 05 02:20:50.700244 localhost kernel: NUMA: Node 0 [mem 0x00000000-0xbfffffff] + [mem 0x100000000-0x12fffffff] -> [mem 0x00000000-0x12fffffff]
Apr 05 02:20:50.700252 localhost kernel: NODE_DATA(0) allocated [mem 0x12fffa000-0x12fffdfff]
Apr 05 02:20:50.700262 localhost kernel: Zone ranges:
Apr 05 02:20:50.700271 localhost kernel:   DMA      [mem 0x0000000000001000-0x0000000000ffffff]
Apr 05 02:20:50.700279 localhost kernel:   DMA32    [mem 0x0000000001000000-0x00000000ffffffff]
Apr 05 02:20:50.700288 localhost kernel:   Normal   [mem 0x0000000100000000-0x000000012fffffff]
Apr 05 02:20:50.700297 localhost kernel: Movable zone start for each node
Apr 05 02:20:50.700306 localhost kernel: Early memory node ranges
Apr 05 02:20:50.700314 localhost kernel:   node   0: [mem 0x0000000000001000-0x000000000009efff]
Apr 05 02:20:50.700326 localhost kernel:   node   0: [mem 0x0000000000100000-0x00000000bfffcfff]
Apr 05 02:20:50.700335 localhost kernel:   node   0: [mem 0x0000000100000000-0x000000012fffffff]
Apr 05 02:20:50.700343 localhost kernel: Initmem setup node 0 [mem 0x0000000000001000-0x000000012fffffff]
Apr 05 02:20:50.700352 localhost kernel: On node 0 totalpages: 982939
Apr 05 02:20:50.700361 localhost kernel:   DMA zone: 64 pages used for memmap
Apr 05 02:20:50.700370 localhost kernel:   DMA zone: 21 pages reserved
Apr 05 02:20:50.700379 localhost kernel:   DMA zone: 3998 pages, LIFO batch:0
Apr 05 02:20:50.700388 localhost kernel:   DMA32 zone: 12224 pages used for memmap
Apr 05 02:20:50.700402 localhost kernel:   DMA32 zone: 782333 pages, LIFO batch:31
Apr 05 02:20:50.700411 localhost kernel:   Normal zone: 3072 pages used for memmap
Apr 05 02:20:50.700420 localhost kernel:   Normal zone: 196608 pages, LIFO batch:31
Apr 05 02:20:50.700429 localhost kernel: ACPI: Local APIC address 0xfee00000
Apr 05 02:20:50.700439 localhost kernel: ACPI: LAPIC_NMI (acpi_id[0xff] dfl dfl lint[0x1])
Apr 05 02:20:50.700450 localhost kernel: IOAPIC[0]: apic_id 0, version 17, address 0xfec00000, GSI 0-23
Apr 05 02:20:50.700459 localhost kernel: ACPI: INT_SRC_OVR (bus 0 bus_irq 5 global_irq 5 high level)
Apr 05 02:20:50.700468 localhost kernel: ACPI: INT_SRC_OVR (bus 0 bus_irq 9 global_irq 9 high level)
Apr 05 02:20:50.700477 localhost kernel: ACPI: INT_SRC_OVR (bus 0 bus_irq 10 global_irq 10 high level)
Apr 05 02:20:50.700486 localhost kernel: ACPI: INT_SRC_OVR (bus 0 bus_irq 11 global_irq 11 high level)
Apr 05 02:20:50.700495 localhost kernel: ACPI: IRQ5 used by override.
Apr 05 02:20:50.700504 localhost kernel: ACPI: IRQ9 used by override.
Apr 05 02:20:50.700512 localhost kernel: ACPI: IRQ10 used by override.
Apr 05 02:20:50.700526 localhost kernel: ACPI: IRQ11 used by override.
Apr 05 02:20:50.700535 localhost kernel: Using ACPI (MADT) for SMP configuration information
Apr 05 02:20:50.700544 localhost kernel: smpboot: Allowing 1 CPUs, 0 hotplug CPUs
Apr 05 02:20:50.700553 localhost kernel: e820: [mem 0xc0000000-0xfffbbfff] available for PCI devices
Apr 05 02:20:50.700564 localhost kernel: Booting paravirtualized kernel on KVM
Apr 05 02:20:50.700573 localhost kernel: clocksource: refined-jiffies: mask: 0xffffffff max_cycles: 0xffffffff, max_idle_ns: 1910969940391419 ns
Apr 05 02:20:50.700582 localhost kernel: random: get_random_bytes called from start_kernel+0x8c/0x487 with crng_init=0
Apr 05 02:20:50.700591 localhost kernel: setup_percpu: NR_CPUS:256 nr_cpumask_bits:256 nr_cpu_ids:1 nr_node_ids:1
Apr 05 02:20:50.700601 localhost kernel: percpu: Embedded 44 pages/cpu @ffff8a582fc00000 s140136 r8192 d31896 u2097152
Apr 05 02:20:50.700610 localhost kernel: pcpu-alloc: s140136 r8192 d31896 u2097152 alloc=1*2097152
Apr 05 02:20:50.700618 localhost kernel: pcpu-alloc: [0] 0 
Apr 05 02:20:50.700627 localhost kernel: Built 1 zonelists, mobility grouping on.  Total pages: 967558
Apr 05 02:20:50.700637 localhost kernel: Policy zone: Normal
Apr 05 02:20:50.700649 localhost kernel: Kernel command line: BOOT_IMAGE=/syslinux/vmlinuz.A init=/usr/lib/systemd/systemd boot=local rootwait ro noresume noswap loglevel=7 noinitrd console=ttyS0 vsyscall=emulate security=apparmor virtio_net.napi_tx=1 systemd.unified_cgroup_hierarchy=false systemd.legacy_systemd_cgroup_controller=true csm.disabled=1 dm_verity.error_behavior=3 dm_verity.max_bios=-1 dm_verity.dev_wait=1 i915.modeset=1 cros_efi root=/dev/dm-0 "dm=1 vroot none ro 1,0 2539520 verity payload=PARTUUID=71913957-D6B1-8948-AFA7-574E312FC408 hashtree=PARTUUID=71913957-D6B1-8948-AFA7-574E312FC408 hashstart=2539520 alg=sha1 root_hexdigest=e582525d12c5f702e39eca88f648e851195d84f7 salt=331684cac74749b4944aedce8c7e5dd9abed70e63b61b9be00d8c9efd9d17444"
Apr 05 02:20:50.700662 localhost kernel: device-mapper: init: will configure 1 devices
Apr 05 02:20:50.700673 localhost kernel: PID hash table entries: 4096 (order: 3, 32768 bytes)
Apr 05 02:20:50.700683 localhost kernel: Memory: 3782080K/3931756K available (10252K kernel code, 1149K rwdata, 2056K rodata, 1360K init, 540K bss, 149676K reserved, 0K cma-reserved)
Apr 05 02:20:50.700692 localhost kernel: SLUB: HWalign=64, Order=0-3, MinObjects=0, CPUs=1, Nodes=1
Apr 05 02:20:50.700710 localhost kernel: Kernel/User page tables isolation: enabled
Apr 05 02:20:50.700721 localhost kernel: ftrace: allocating 26803 entries in 105 pages
Apr 05 02:20:50.700731 localhost kernel: Hierarchical RCU implementation.
Apr 05 02:20:50.700742 localhost kernel:         RCU restricting CPUs from NR_CPUS=256 to nr_cpu_ids=1.
Apr 05 02:20:50.700751 localhost kernel: RCU: Adjusting geometry for rcu_fanout_leaf=16, nr_cpu_ids=1
Apr 05 02:20:50.700760 localhost kernel: NR_IRQS: 16640, nr_irqs: 256, preallocated irqs: 16
Apr 05 02:20:50.700769 localhost kernel: console [ttyS0] enabled
Apr 05 02:20:50.700778 localhost kernel: clocksource: tsc-early: mask: 0xffffffffffffffff max_cycles: 0x212735223b2, max_idle_ns: 440795277976 ns
Apr 05 02:20:50.700789 localhost kernel: Calibrating delay loop (skipped) preset value.. 4600.00 BogoMIPS (lpj=2300000)
Apr 05 02:20:50.700798 localhost kernel: pid_max: default: 32768 minimum: 301
Apr 05 02:20:50.700808 localhost kernel: ACPI: Core revision 20170728
Apr 05 02:20:50.700820 localhost kernel: ACPI: 2 ACPI AML tables successfully acquired and loaded
Apr 05 02:20:50.700829 localhost kernel: Security Framework initialized
Apr 05 02:20:50.700839 localhost kernel: Yama: becoming mindful.
Apr 05 02:20:50.700848 localhost kernel: LoadPin: ready to pin (currently enabled)
Apr 05 02:20:50.700859 localhost kernel: Chromium OS LSM: enabled
Apr 05 02:20:50.700868 localhost kernel: AppArmor: AppArmor initialized
Apr 05 02:20:50.701982 localhost kernel: Dentry cache hash table entries: 524288 (order: 10, 4194304 bytes)
Apr 05 02:20:50.702124 localhost kernel: Inode-cache hash table entries: 262144 (order: 9, 2097152 bytes)
Apr 05 02:20:50.702136 localhost kernel: Mount-cache hash table entries: 8192 (order: 4, 65536 bytes)
Apr 05 02:20:50.702152 localhost kernel: Mountpoint-cache hash table entries: 8192 (order: 4, 65536 bytes)
Apr 05 02:20:50.702162 localhost kernel: Last level iTLB entries: 4KB 1024, 2MB 1024, 4MB 1024
Apr 05 02:20:50.702172 localhost kernel: Last level dTLB entries: 4KB 1024, 2MB 1024, 4MB 1024, 1GB 4
Apr 05 02:20:50.702182 localhost kernel: Spectre V2 : Mitigation: Full generic retpoline
Apr 05 02:20:50.702192 localhost kernel: Spectre V2 : Spectre v2 / SpectreRSB mitigation: Filling RSB on context switch
Apr 05 02:20:50.702201 localhost kernel: Spectre V2 : Enabling Restricted Speculation for firmware calls
Apr 05 02:20:50.702338 localhost kernel: Spectre V2 : mitigation: Enabling conditional Indirect Branch Prediction Barrier
Apr 05 02:20:50.702349 localhost kernel: Speculative Store Bypass: Mitigation: Speculative Store Bypass disabled via prctl and seccomp
Apr 05 02:20:50.702359 localhost kernel: Freeing SMP alternatives memory: 28K
Apr 05 02:20:50.702368 localhost kernel: smpboot: Max logical packages: 1
Apr 05 02:20:50.702381 localhost kernel: x2apic enabled
Apr 05 02:20:50.702390 localhost kernel: Switched APIC routing to physical x2apic.
Apr 05 02:20:50.702400 localhost kernel: ..TIMER: vector=0x30 apic1=0 pin1=0 apic2=-1 pin2=-1
Apr 05 02:20:50.702410 localhost kernel: smpboot: CPU0: Intel(R) Xeon(R) CPU @ 2.30GHz (family: 0x6, model: 0x3f, stepping: 0x0)
Apr 05 02:20:50.702420 localhost kernel: Performance Events: unsupported p6 CPU model 63 no PMU driver, software events only.
Apr 05 02:20:50.702429 localhost kernel: Hierarchical SRCU implementation.
Apr 05 02:20:50.702439 localhost kernel: random: crng done (trusting CPU's manufacturer)
Apr 05 02:20:50.702449 localhost kernel: NMI watchdog: Perf event create on CPU 0 failed with -2
Apr 05 02:20:50.702459 localhost kernel: NMI watchdog: Perf NMI watchdog permanently disabled
Apr 05 02:20:50.702470 localhost kernel: smp: Bringing up secondary CPUs ...
Apr 05 02:20:50.702480 localhost kernel: smp: Brought up 1 node, 1 CPU
Apr 05 02:20:50.702490 localhost kernel: smpboot: Total of 1 processors activated (4600.00 BogoMIPS)
Apr 05 02:20:50.702500 localhost kernel: devtmpfs: initialized
Apr 05 02:20:50.702509 localhost kernel: clocksource: jiffies: mask: 0xffffffff max_cycles: 0xffffffff, max_idle_ns: 1911260446275000 ns
Apr 05 02:20:50.713052 localhost kernel: futex hash table entries: 256 (order: 2, 16384 bytes)
Apr 05 02:20:50.713085 localhost kernel: RTC time:  2:20:49, date: 04/05/19
Apr 05 02:20:50.713097 localhost kernel: NET: Registered protocol family 16
Apr 05 02:20:50.713107 localhost kernel: cpuidle: using governor ladder
Apr 05 02:20:50.713118 localhost kernel: cpuidle: using governor menu
Apr 05 02:20:50.713129 localhost kernel: clocksource: Switched to clocksource kvm-clock
Apr 05 02:20:50.713138 localhost kernel: ACPI: bus type PCI registered
Apr 05 02:20:50.713149 localhost kernel: PCI: Using configuration type 1 for base access
Apr 05 02:20:50.713159 localhost kernel: HugeTLB registered 2.00 MiB page size, pre-allocated 0 pages
Apr 05 02:20:50.713169 localhost kernel: ACPI: Added _OSI(Module Device)
Apr 05 02:20:50.713186 localhost kernel: ACPI: Added _OSI(Processor Device)
Apr 05 02:20:50.713196 localhost kernel: ACPI: Added _OSI(3.0 _SCP Extensions)
Apr 05 02:20:50.713227 localhost kernel: ACPI: Added _OSI(Processor Aggregator Device)
Apr 05 02:20:50.713238 localhost kernel: ACPI: Executed 2 blocks of module-level executable AML code
Apr 05 02:20:50.713249 localhost kernel: ACPI: Interpreter enabled
Apr 05 02:20:50.713258 localhost kernel: ACPI: (supports S0 S3 S5)
Apr 05 02:20:50.713268 localhost kernel: ACPI: Using IOAPIC for interrupt routing
Apr 05 02:20:50.713278 localhost kernel: PCI: Using host bridge windows from ACPI; if necessary, use "pci=nocrs" and report a bug
Apr 05 02:20:50.713287 localhost kernel: ACPI: Enabled 16 GPEs in block 00 to 0F
Apr 05 02:20:50.713301 localhost kernel: ACPI: PCI Root Bridge [PCI0] (domain 0000 [bus 00-ff])
Apr 05 02:20:50.713420 localhost kernel: acpi PNP0A03:00: _OSC: OS supports [ASPM ClockPM Segments MSI]
Apr 05 02:20:50.713481 localhost kernel: acpi PNP0A03:00: _OSC failed (AE_NOT_FOUND); disabling ASPM
Apr 05 02:20:50.713537 localhost kernel: acpi PNP0A03:00: fail to add MMCONFIG information, can't access extended PCI configuration space under this bridge.
Apr 05 02:20:50.713551 localhost kernel: PCI host bridge to bus 0000:00
Apr 05 02:20:50.713619 localhost kernel: pci_bus 0000:00: root bus resource [io  0x0000-0x0cf7 window]
Apr 05 02:20:50.713669 localhost kernel: pci_bus 0000:00: root bus resource [io  0x0d00-0xffff window]
Apr 05 02:20:50.713735 localhost kernel: pci_bus 0000:00: root bus resource [mem 0x000a0000-0x000bffff window]
Apr 05 02:20:50.713786 localhost kernel: pci_bus 0000:00: root bus resource [mem 0xc0000000-0xfebfffff window]
Apr 05 02:20:50.713836 localhost kernel: pci_bus 0000:00: root bus resource [bus 00-ff]
Apr 05 02:20:50.715976 localhost kernel: pci 0000:00:00.0: [8086:1237] type 00 class 0x060000
Apr 05 02:20:50.716077 localhost kernel: pci 0000:00:01.0: [8086:7110] type 00 class 0x060100
Apr 05 02:20:50.716153 localhost kernel: pci 0000:00:01.3: [8086:7113] type 00 class 0x068000
Apr 05 02:20:50.716222 localhost kernel: pci 0000:00:01.3: quirk: [io  0xb000-0xb03f] claimed by PIIX4 ACPI
Apr 05 02:20:50.716285 localhost kernel: pci 0000:00:03.0: [1af4:1004] type 00 class 0x000000
Apr 05 02:20:50.716340 localhost kernel: pci 0000:00:03.0: reg 0x10: [io  0xc000-0xc03f]
Apr 05 02:20:50.716395 localhost kernel: pci 0000:00:03.0: reg 0x14: [mem 0xfebfe000-0xfebfe07f]
Apr 05 02:20:50.716452 localhost kernel: pci 0000:00:04.0: [1af4:1000] type 00 class 0x020000
Apr 05 02:20:50.716506 localhost kernel: pci 0000:00:04.0: reg 0x10: [io  0xc040-0xc07f]
Apr 05 02:20:50.716562 localhost kernel: pci 0000:00:04.0: reg 0x14: [mem 0xfebff000-0xfebff03f]
Apr 05 02:20:50.716574 localhost kernel: ACPI: PCI Interrupt Link [LNKA] (IRQs 5 *10 11)
Apr 05 02:20:50.716584 localhost kernel: ACPI: PCI Interrupt Link [LNKB] (IRQs 5 *10 11)
Apr 05 02:20:50.716594 localhost kernel: ACPI: PCI Interrupt Link [LNKC] (IRQs 5 10 *11)
Apr 05 02:20:50.716604 localhost kernel: ACPI: PCI Interrupt Link [LNKD] (IRQs 5 10 *11)
Apr 05 02:20:50.716614 localhost kernel: ACPI: PCI Interrupt Link [LNKS] (IRQs *9)
Apr 05 02:20:50.716624 localhost kernel: SCSI subsystem initialized
Apr 05 02:20:50.716634 localhost kernel: libata version 3.00 loaded.
Apr 05 02:20:50.716644 localhost kernel: PCI: Using ACPI for IRQ routing
Apr 05 02:20:50.716656 localhost kernel: PCI: pci_cache_line_size set to 64 bytes
Apr 05 02:20:50.716666 localhost kernel: e820: reserve RAM buffer [mem 0x0009fc00-0x0009ffff]
Apr 05 02:20:50.716676 localhost kernel: e820: reserve RAM buffer [mem 0xbfffd000-0xbfffffff]
Apr 05 02:20:50.716686 localhost kernel: VFS: Disk quotas dquot_6.6.0
Apr 05 02:20:50.716703 localhost kernel: VFS: Dquot-cache hash table entries: 512 (order 0, 4096 bytes)
Apr 05 02:20:50.716713 localhost kernel: AppArmor: AppArmor Filesystem Enabled
Apr 05 02:20:50.716723 localhost kernel: pnp: PnP ACPI init
Apr 05 02:20:50.716776 localhost kernel: pnp 00:00: Plug and Play ACPI device, IDs PNP0b00 (active)
Apr 05 02:20:50.716831 localhost kernel: pnp 00:01: Plug and Play ACPI device, IDs PNP0303 (active)
Apr 05 02:20:50.719750 localhost kernel: pnp 00:02: Plug and Play ACPI device, IDs PNP0f13 (active)
Apr 05 02:20:50.719844 localhost kernel: pnp 00:03: Plug and Play ACPI device, IDs PNP0501 (active)
Apr 05 02:20:50.719936 localhost kernel: pnp 00:04: Plug and Play ACPI device, IDs PNP0501 (active)
Apr 05 02:20:50.719989 localhost kernel: pnp 00:05: Plug and Play ACPI device, IDs PNP0501 (active)
Apr 05 02:20:50.720039 localhost kernel: pnp 00:06: Plug and Play ACPI device, IDs PNP0501 (active)
Apr 05 02:20:50.720058 localhost kernel: pnp: PnP ACPI: found 7 devices
Apr 05 02:20:50.720116 localhost kernel: pci_bus 0000:00: resource 4 [io  0x0000-0x0cf7 window]
Apr 05 02:20:50.720164 localhost kernel: pci_bus 0000:00: resource 5 [io  0x0d00-0xffff window]
Apr 05 02:20:50.720223 localhost kernel: pci_bus 0000:00: resource 6 [mem 0x000a0000-0x000bffff window]
Apr 05 02:20:50.720273 localhost kernel: pci_bus 0000:00: resource 7 [mem 0xc0000000-0xfebfffff window]
Apr 05 02:20:50.720286 localhost kernel: NET: Registered protocol family 2
Apr 05 02:20:50.720296 localhost kernel: TCP established hash table entries: 32768 (order: 6, 262144 bytes)
Apr 05 02:20:50.720306 localhost kernel: TCP bind hash table entries: 32768 (order: 8, 1048576 bytes)
Apr 05 02:20:50.720319 localhost kernel: TCP: Hash tables configured (established 32768 bind 32768)
Apr 05 02:20:50.720329 localhost kernel: UDP hash table entries: 2048 (order: 5, 196608 bytes)
Apr 05 02:20:50.720338 localhost kernel: UDP-Lite hash table entries: 2048 (order: 5, 196608 bytes)
Apr 05 02:20:50.720348 localhost kernel: NET: Registered protocol family 1
Apr 05 02:20:50.720409 localhost kernel: pci 0000:00:00.0: Limiting direct PCI/PCI transfers
Apr 05 02:20:50.720421 localhost kernel: PCI: CLS 0 bytes, default 64
Apr 05 02:20:50.720431 localhost kernel: PCI-DMA: Using software bounce buffering for IO (SWIOTLB)
Apr 05 02:20:50.720441 localhost kernel: software IO TLB: mapped [mem 0xbbffd000-0xbfffd000] (64MB)
Apr 05 02:20:50.720451 localhost kernel: RAPL PMU: API unit is 2^-32 Joules, 4 fixed counters, 10737418240 ms ovfl timer
Apr 05 02:20:50.720463 localhost kernel: RAPL PMU: hw unit of domain pp0-core 2^-0 Joules
Apr 05 02:20:50.720473 localhost kernel: RAPL PMU: hw unit of domain package 2^-0 Joules
Apr 05 02:20:50.720483 localhost kernel: RAPL PMU: hw unit of domain dram 2^-0 Joules
Apr 05 02:20:50.720493 localhost kernel: RAPL PMU: hw unit of domain pp1-gpu 2^-0 Joules
Apr 05 02:20:50.724222 localhost kernel: clocksource: tsc: mask: 0xffffffffffffffff max_cycles: 0x212735223b2, max_idle_ns: 440795277976 ns
Apr 05 02:20:50.724264 localhost kernel: Scanning for low memory corruption every 60 seconds
Apr 05 02:20:50.724275 localhost kernel: audit: initializing netlink subsys (disabled)
Apr 05 02:20:50.724286 localhost kernel: Initialise system trusted keyrings
Apr 05 02:20:50.724297 localhost kernel: audit: type=2000 audit(1554430849.616:1): state=initialized audit_enabled=0 res=1
Apr 05 02:20:50.724306 localhost kernel: workingset: timestamp_bits=40 max_order=20 bucket_order=0
Apr 05 02:20:50.724322 localhost kernel: Key type asymmetric registered
Apr 05 02:20:50.724332 localhost kernel: Asymmetric key parser 'x509' registered
Apr 05 02:20:50.724342 localhost kernel: Block layer SCSI generic (bsg) driver version 0.4 loaded (major 250)
Apr 05 02:20:50.724352 localhost kernel: io scheduler noop registered (default)
Apr 05 02:20:50.724362 localhost kernel: io scheduler deadline registered
Apr 05 02:20:50.724373 localhost kernel: io scheduler cfq registered
Apr 05 02:20:50.724382 localhost kernel: io scheduler mq-deadline registered
Apr 05 02:20:50.724392 localhost kernel: intel_idle: Please enable MWAIT in BIOS SETUP
Apr 05 02:20:50.724402 localhost kernel: input: Power Button as /devices/LNXSYSTM:00/LNXPWRBN:00/input/input0
Apr 05 02:20:50.724415 localhost kernel: ACPI: Power Button [PWRF]
Apr 05 02:20:50.724425 localhost kernel: input: Sleep Button as /devices/LNXSYSTM:00/LNXSLPBN:00/input/input1
Apr 05 02:20:50.724435 localhost kernel: ACPI: Sleep Button [SLPF]
Apr 05 02:20:50.724445 localhost kernel: ACPI: PCI Interrupt Link [LNKC] enabled at IRQ 11
Apr 05 02:20:50.724539 localhost kernel: virtio-pci 0000:00:03.0: virtio_pci: leaving for legacy driver
Apr 05 02:20:50.724553 localhost kernel: ACPI: PCI Interrupt Link [LNKD] enabled at IRQ 10
Apr 05 02:20:50.724927 localhost kernel: virtio-pci 0000:00:04.0: virtio_pci: leaving for legacy driver
Apr 05 02:20:50.724945 localhost kernel: Serial: 8250/16550 driver, 4 ports, IRQ sharing disabled
Apr 05 02:20:50.724956 localhost kernel: 00:03: ttyS0 at I/O 0x3f8 (irq = 4, base_baud = 115200) is a 16550A
Apr 05 02:20:50.724970 localhost kernel: 00:04: ttyS1 at I/O 0x2f8 (irq = 3, base_baud = 115200) is a 16550A
Apr 05 02:20:50.724980 localhost kernel: 00:05: ttyS2 at I/O 0x3e8 (irq = 6, base_baud = 115200) is a 16550A
Apr 05 02:20:50.724990 localhost kernel: 00:06: ttyS3 at I/O 0x2e8 (irq = 7, base_baud = 115200) is a 16550A
Apr 05 02:20:50.725000 localhost kernel: Non-volatile memory driver v1.3
Apr 05 02:20:50.725010 localhost kernel: loop: module loaded
Apr 05 02:20:50.725075 localhost kernel: scsi host0: Virtio SCSI HBA
Apr 05 02:20:50.726002 localhost kernel: scsi 0:0:1:0: Direct-Access     Google   PersistentDisk   1    PQ: 0 ANSI: 6
Apr 05 02:20:50.726491 localhost kernel: scsi 0:0:2:0: Direct-Access     Google   PersistentDisk   1    PQ: 0 ANSI: 6
Apr 05 02:20:50.726511 localhost kernel: i8042: PNP: PS/2 Controller [PNP0303:KBD,PNP0f13:MOU] at 0x60,0x64 irq 1,12
Apr 05 02:20:50.726522 localhost kernel: i8042: Warning: Keylock active
Apr 05 02:20:50.726532 localhost kernel: serio: i8042 KBD port at 0x60,0x64 irq 1
Apr 05 02:20:50.726542 localhost kernel: serio: i8042 AUX port at 0x60,0x64 irq 12
Apr 05 02:20:50.726596 localhost kernel: rtc_cmos 00:00: RTC can wake from S4
Apr 05 02:20:50.726651 localhost kernel: rtc_cmos 00:00: registered as rtc0
Apr 05 02:20:50.726702 localhost kernel: rtc_cmos 00:00: alarms up to one day, 114 bytes nvram
Apr 05 02:20:50.726714 localhost kernel: iTCO_wdt: Intel TCO WatchDog Timer Driver v1.11
Apr 05 02:20:50.726727 localhost kernel: iTCO_vendor_support: vendor-support=0
Apr 05 02:20:50.726737 localhost kernel: device-mapper: ioctl: 4.37.0-ioctl (2017-09-20) initialised: dm-devel@redhat.com
Apr 05 02:20:50.726747 localhost kernel: device-mapper: verity-chromeos: dm-verity-chromeos registered
Apr 05 02:20:50.726757 localhost kernel: Mirror/redirect action on
Apr 05 02:20:50.726768 localhost kernel: Netfilter messages via NETLINK v0.30.
Apr 05 02:20:50.727811 localhost kernel: nf_conntrack version 0.5.0 (16384 buckets, 65536 max)
Apr 05 02:20:50.727828 localhost kernel: ctnetlink v0.93: registering with nfnetlink.
Apr 05 02:20:50.727838 localhost kernel: ip_tables: (C) 2000-2006 Netfilter Core Team
Apr 05 02:20:50.727848 localhost kernel: Initializing XFRM netlink socket
Apr 05 02:20:50.727858 localhost kernel: NET: Registered protocol family 10
Apr 05 02:20:50.728147 localhost kernel: sd 0:0:2:0: [sdb] 41943040 512-byte logical blocks: (21.5 GB/20.0 GiB)
Apr 05 02:20:50.728231 localhost kernel: sd 0:0:2:0: [sdb] 4096-byte physical blocks
Apr 05 02:20:50.728296 localhost kernel: sd 0:0:1:0: [sda] 41943040 512-byte logical blocks: (21.5 GB/20.0 GiB)
Apr 05 02:20:50.728357 localhost kernel: sd 0:0:1:0: [sda] 4096-byte physical blocks
Apr 05 02:20:50.728416 localhost kernel: sd 0:0:1:0: [sda] Write Protect is off
Apr 05 02:20:50.728476 localhost kernel: sd 0:0:1:0: [sda] Mode Sense: 1f 00 00 08
Apr 05 02:20:50.732997 localhost kernel: sd 0:0:2:0: [sdb] Write Protect is off
Apr 05 02:20:50.733082 localhost kernel: sd 0:0:2:0: [sdb] Mode Sense: 1f 00 00 08
Apr 05 02:20:50.733096 localhost kernel: Segment Routing with IPv6
Apr 05 02:20:50.733107 localhost kernel: NET: Registered protocol family 17
Apr 05 02:20:50.733117 localhost kernel: bridge: filtering via arp/ip/ip6tables is no longer available by default. Update your scripts to load br_netfilter if you need this.
Apr 05 02:20:50.733127 localhost kernel: sched_clock: Marking stable (618879725, 0)->(1026244378, -407364653)
Apr 05 02:20:50.733189 localhost kernel: sd 0:0:1:0: [sda] Write cache: enabled, read cache: enabled, doesn't support DPO or FUA
Apr 05 02:20:50.733268 localhost kernel: sd 0:0:2:0: [sdb] Write cache: enabled, read cache: enabled, doesn't support DPO or FUA
Apr 05 02:20:50.733280 localhost kernel: registered taskstats version 1
Apr 05 02:20:50.733293 localhost kernel: Loading compiled-in X.509 certificates
Apr 05 02:20:50.733303 localhost kernel: Loaded X.509 cert 'Google LLC: Container-Optimized OS kernel signing key: cdd9ce572db9e71668e71b5a9113908047a21771'
Apr 05 02:20:50.733314 localhost kernel: Loaded X.509 cert 'Google: Container-Optimized OS: 2efea493fc148b35859d0bc8c3dd71a139fc7ab411283e06f6c10b5a6b17e355'
Apr 05 02:20:50.733326 localhost kernel: AppArmor: AppArmor sha1 policy hashing enabled
Apr 05 02:20:50.733336 localhost kernel: ima: No TPM chip found, activating TPM-bypass! (rc=-19)
Apr 05 02:20:50.733346 localhost kernel: ima: Allocated hash algorithm: sha256
Apr 05 02:20:50.733355 localhost kernel:   Magic number: 15:840:307
Apr 05 02:20:50.733414 localhost kernel: sd 0:0:2:0: [sdb] Attached SCSI disk
Apr 05 02:20:50.733426 localhost kernel: GPT:Primary header thinks Alt. header is not at the end of the disk.
Apr 05 02:20:50.733438 localhost kernel: GPT:18874524 != 41943039
Apr 05 02:20:50.733448 localhost kernel: GPT:Alternate GPT header not at the end of the disk.
Apr 05 02:20:50.733458 localhost kernel: GPT:18874524 != 41943039
Apr 05 02:20:50.733468 localhost kernel: GPT: Use GNU Parted to correct GPT errors.
Apr 05 02:20:50.733477 localhost kernel:  sda: sda1 sda2 sda3 sda4 sda5 sda6 sda7 sda8 sda9 sda10 sda11 sda12
Apr 05 02:20:50.733535 localhost kernel: sd 0:0:1:0: [sda] Attached SCSI disk
Apr 05 02:20:50.733546 localhost kernel: device-mapper: init: attempting early device configuration.
Apr 05 02:20:50.733556 localhost kernel: device-mapper: init: adding target '0 2539520 verity payload=PARTUUID=71913957-D6B1-8948-AFA7-574E312FC408 hashtree=PARTUUID=71913957-D6B1-8948-AFA7-574E312FC408 hashstart=2539520 alg=sha1 root_hexdigest=e582525d12c5f702e39eca88f648e851195d84f7 salt=331684cac74749b4944aedce8c7e5dd9abed70e63b61b9be00d8c9efd9d17444'
Apr 05 02:20:50.733570 localhost kernel: device-mapper: verity: Argument 0: 'payload=PARTUUID=71913957-D6B1-8948-AFA7-574E312FC408'
Apr 05 02:20:50.733581 localhost kernel: device-mapper: verity: Argument 1: 'hashtree=PARTUUID=71913957-D6B1-8948-AFA7-574E312FC408'
Apr 05 02:20:50.733590 localhost kernel: device-mapper: verity: Argument 2: 'hashstart=2539520'
Apr 05 02:20:50.733600 localhost kernel: device-mapper: verity: Argument 3: 'alg=sha1'
Apr 05 02:20:50.733609 localhost kernel: device-mapper: verity: Argument 4: 'root_hexdigest=e582525d12c5f702e39eca88f648e851195d84f7'
Apr 05 02:20:50.733619 localhost kernel: device-mapper: verity: Argument 5: 'salt=331684cac74749b4944aedce8c7e5dd9abed70e63b61b9be00d8c9efd9d17444'
Apr 05 02:20:50.733629 localhost kernel: device-mapper: init: dm-0 is ready
Apr 05 02:20:50.733639 localhost kernel: EXT4-fs (dm-0): mounting ext2 file system using the ext4 subsystem
Apr 05 02:20:50.733649 localhost kernel: EXT4-fs (dm-0): mounted filesystem without journal. Opts: (null)
Apr 05 02:20:50.733661 localhost kernel: VFS: Mounted root (ext2 filesystem) readonly on device 254:0.
Apr 05 02:20:50.733670 localhost kernel: devtmpfs: mounted
Apr 05 02:20:50.733680 localhost kernel: Freeing unused kernel memory: 1360K
Apr 05 02:20:50.733690 localhost kernel: Write protecting the kernel read-only data: 16384k
Apr 05 02:20:50.733707 localhost kernel: Freeing unused kernel memory: 2012K
Apr 05 02:20:50.733716 localhost kernel: Freeing unused kernel memory: 2040K
Apr 05 02:20:50.733728 localhost systemd[1]: systemd 232 running in system mode. (+PAM +AUDIT -SELINUX +IMA +APPARMOR +SMACK -SYSVINIT -UTMP -LIBCRYPTSETUP +GCRYPT -GNUTLS -ACL -XZ +LZ4 +SECCOMP +BLKID -ELFUTILS +KMOD -IDN)
Apr 05 02:20:50.733742 localhost systemd[1]: Detected virtualization kvm.
Apr 05 02:20:50.733756 localhost systemd[1]: Detected architecture x86-64.
Apr 05 02:20:50.733767 localhost systemd[1]: Initializing machine ID from KVM UUID.
Apr 05 02:20:50.733777 localhost systemd[1]: Installed transient /etc/machine-id file.
Apr 05 02:20:50.733788 localhost systemd[1]: Set up automount Arbitrary Executable File Formats File System Automount Point.
Apr 05 02:20:50.733799 localhost systemd[1]: Started Forward Password Requests to Wall Directory Watch.
Apr 05 02:20:50.733810 localhost systemd[1]: Created slice User and Session Slice.
Apr 05 02:20:50.733821 localhost systemd[1]: Listening on Journal Socket.
Apr 05 02:20:50.733832 localhost systemd[1]: Listening on Journal Socket (/dev/log).
Apr 05 02:20:50.897673 localhost kernel: LoadPin: dev(254,0): read-only
Apr 05 02:20:50.897777 localhost kernel: LoadPin: load pinning engaged.
Apr 05 02:20:50.901903 localhost kernel: LoadPin: kernel-module pinned obj="/lib/modules/4.14.94+/kernel/arch/x86/crypto/glue_helper.ko" pid=124 cmdline="/usr/lib/systemd/systemd-udevd"
Apr 05 02:20:50.962559 localhost kernel: AVX2 version of gcm_enc/dec engaged.
Apr 05 02:20:50.962670 localhost kernel: AES CTR mode by8 optimization enabled
Apr 05 02:20:51.015758 localhost kernel: EXT4-fs (sda8): mounted filesystem with ordered data mode. Opts: (null)
Apr 05 02:20:51.135554 localhost kernel: EXT4-fs (sda1): mounted filesystem with ordered data mode. Opts: commit=30
Apr 05 02:20:51.230350 localhost kernel: EXT4-fs (sda1): re-mounted. Opts: commit=30,data=ordered
Apr 05 02:20:51.230436 localhost kernel: EXT4-fs (sda1): re-mounted. Opts: commit=30,data=ordered
Apr 05 02:20:51.230453 localhost kernel: EXT4-fs (sda1): re-mounted. Opts: commit=30,data=ordered
Apr 05 02:20:51.405914 localhost kernel: EXT4-fs (sda1): resizing filesystem from 1271296 to 4154875 blocks
Apr 05 02:20:52.026088 localhost kernel: EXT4-fs (sda1): resized filesystem to 4154875
Apr 05 02:20:52.313863 localhost kernel: ip6_tables: (C) 2000-2006 Netfilter Core Team
Apr 05 02:20:54.425934 e2e-test-peterhornyack-master kernel: Bridge firewalling registered
Apr 05 02:20:54.702910 e2e-test-peterhornyack-master kernel: IPv6: ADDRCONF(NETDEV_UP): docker0: link is not ready
Apr 05 02:21:03.404952 e2e-test-peterhornyack-master kernel: EXT4-fs (sda1): re-mounted. Opts: commit=30,data=ordered
Apr 05 02:22:23.897699 e2e-test-peterhornyack-master kernel: EXT4-fs (sda1): re-mounted. Opts: commit=30,data=ordered
Apr 05 02:22:24.530043 e2e-test-peterhornyack-master kernel: Unsafe core_pattern used with fs.suid_dumpable=2.
                                                             Pipe handler or fully qualified core dump path required.
                                                             Set kernel.core_pattern before fs.suid_dumpable.
Apr 05 02:22:26.696163 e2e-test-peterhornyack-master kernel: EXT4-fs (sdb): mounted filesystem with ordered data mode. Opts: discard
Apr 05 02:22:35.021491 e2e-test-peterhornyack-master kernel: EXT4-fs (sda1): re-mounted. Opts: commit=30,data=ordered
