-- Logs begin at Fri 2019-04-26 22:11:54 UTC, end at Sat 2019-04-27 01:42:39 UTC. --
Apr 26 22:11:54.956076 localhost kernel: Linux version 4.14.94+ (chrome-bot@swarm-cros-645) (gcc version 4.9.x 20150123 (prerelease) (4.9.2_cos_gg_4.9.2-r200-ac6128e0a17a52f011797f33ac3e7d6273a9368d_4.9.2-r200)) #1 SMP Thu Feb 28 00:14:21 PST 2019
Apr 26 22:11:54.956110 localhost kernel: Command line: BOOT_IMAGE=/syslinux/vmlinuz.A init=/usr/lib/systemd/systemd boot=local rootwait ro noresume noswap loglevel=7 noinitrd console=ttyS0 vsyscall=emulate security=apparmor virtio_net.napi_tx=1 systemd.unified_cgroup_hierarchy=false systemd.legacy_systemd_cgroup_controller=true csm.disabled=1 dm_verity.error_behavior=3 dm_verity.max_bios=-1 dm_verity.dev_wait=1 i915.modeset=1 cros_efi root=/dev/dm-0 "dm=1 vroot none ro 1,0 2539520 verity payload=PARTUUID=71913957-D6B1-8948-AFA7-574E312FC408 hashtree=PARTUUID=71913957-D6B1-8948-AFA7-574E312FC408 hashstart=2539520 alg=sha1 root_hexdigest=e582525d12c5f702e39eca88f648e851195d84f7 salt=331684cac74749b4944aedce8c7e5dd9abed70e63b61b9be00d8c9efd9d17444"
Apr 26 22:11:54.956133 localhost kernel: x86/fpu: Supporting XSAVE feature 0x001: 'x87 floating point registers'
Apr 26 22:11:54.956142 localhost kernel: x86/fpu: Supporting XSAVE feature 0x002: 'SSE registers'
Apr 26 22:11:54.956150 localhost kernel: x86/fpu: Supporting XSAVE feature 0x004: 'AVX registers'
Apr 26 22:11:54.956159 localhost kernel: x86/fpu: xstate_offset[2]:  576, xstate_sizes[2]:  256
Apr 26 22:11:54.956171 localhost kernel: x86/fpu: Enabled xstate features 0x7, context size is 832 bytes, using 'standard' format.
Apr 26 22:11:54.956182 localhost kernel: e820: BIOS-provided physical RAM map:
Apr 26 22:11:54.956191 localhost kernel: BIOS-e820: [mem 0x0000000000000000-0x000000000009fbff] usable
Apr 26 22:11:54.956199 localhost kernel: BIOS-e820: [mem 0x000000000009fc00-0x000000000009ffff] reserved
Apr 26 22:11:54.956207 localhost kernel: BIOS-e820: [mem 0x00000000000f0000-0x00000000000fffff] reserved
Apr 26 22:11:54.956216 localhost kernel: BIOS-e820: [mem 0x0000000000100000-0x00000000bfffcfff] usable
Apr 26 22:11:54.956224 localhost kernel: BIOS-e820: [mem 0x00000000bfffd000-0x00000000bfffffff] reserved
Apr 26 22:11:54.956233 localhost kernel: BIOS-e820: [mem 0x00000000fffbc000-0x00000000ffffffff] reserved
Apr 26 22:11:54.956245 localhost kernel: BIOS-e820: [mem 0x0000000100000000-0x000000012fffffff] usable
Apr 26 22:11:54.956254 localhost kernel: NX (Execute Disable) protection: active
Apr 26 22:11:54.956263 localhost kernel: SMBIOS 2.4 present.
Apr 26 22:11:54.956271 localhost kernel: DMI: Google Google Compute Engine/Google Compute Engine, BIOS Google 01/01/2011
Apr 26 22:11:54.956284 localhost kernel: Hypervisor detected: KVM
Apr 26 22:11:54.956293 localhost kernel: kvm-clock: Using msrs 4b564d01 and 4b564d00
Apr 26 22:11:54.956301 localhost kernel: kvm-clock: cpu 0, msr 4b4e6001, primary cpu clock
Apr 26 22:11:54.956310 localhost kernel: kvm-clock: using sched offset of 799222141 cycles
Apr 26 22:11:54.956331 localhost kernel: clocksource: kvm-clock: mask: 0xffffffffffffffff max_cycles: 0x1cd42e4dffb, max_idle_ns: 881590591483 ns
Apr 26 22:11:54.956341 localhost kernel: tsc: Initial usec timer 741425
Apr 26 22:11:54.956352 localhost kernel: tsc: Detected 2300.000 MHz processor
Apr 26 22:11:54.956360 localhost kernel: e820: update [mem 0x00000000-0x00000fff] usable ==> reserved
Apr 26 22:11:54.956369 localhost kernel: e820: remove [mem 0x000a0000-0x000fffff] usable
Apr 26 22:11:54.956378 localhost kernel: e820: last_pfn = 0x130000 max_arch_pfn = 0x400000000
Apr 26 22:11:54.956387 localhost kernel: MTRR default type: write-back
Apr 26 22:11:54.956396 localhost kernel: MTRR fixed ranges enabled:
Apr 26 22:11:54.956404 localhost kernel:   00000-9FFFF write-back
Apr 26 22:11:54.956412 localhost kernel:   A0000-BFFFF uncachable
Apr 26 22:11:54.956421 localhost kernel:   C0000-FFFFF write-protect
Apr 26 22:11:54.956430 localhost kernel: MTRR variable ranges enabled:
Apr 26 22:11:54.956438 localhost kernel:   0 base 0000C0000000 mask 3FFFC0000000 uncachable
Apr 26 22:11:54.956446 localhost kernel:   1 disabled
Apr 26 22:11:54.956458 localhost kernel:   2 disabled
Apr 26 22:11:54.956467 localhost kernel:   3 disabled
Apr 26 22:11:54.956475 localhost kernel:   4 disabled
Apr 26 22:11:54.956484 localhost kernel:   5 disabled
Apr 26 22:11:54.956496 localhost kernel:   6 disabled
Apr 26 22:11:54.956505 localhost kernel:   7 disabled
Apr 26 22:11:54.956521 localhost kernel: x86/PAT: Configuration [0-7]: WB  WC  UC- UC  WB  WP  UC- WT  
Apr 26 22:11:54.956529 localhost kernel: e820: last_pfn = 0xbfffd max_arch_pfn = 0x400000000
Apr 26 22:11:54.956538 localhost kernel: found SMP MP-table at [mem 0x000f2c80-0x000f2c8f] mapped at [ffffffffff200c80]
Apr 26 22:11:54.956549 localhost kernel: Scanning 1 areas for low memory corruption
Apr 26 22:11:54.956558 localhost kernel: Base memory trampoline at [ffff95ce00099000] 99000 size 24576
Apr 26 22:11:54.956567 localhost kernel: Using GB pages for direct mapping
Apr 26 22:11:54.956575 localhost kernel: BRK [0x4b55a000, 0x4b55afff] PGTABLE
Apr 26 22:11:54.956588 localhost kernel: BRK [0x4b55b000, 0x4b55bfff] PGTABLE
Apr 26 22:11:54.956596 localhost kernel: BRK [0x4b55c000, 0x4b55cfff] PGTABLE
Apr 26 22:11:54.956607 localhost kernel: BRK [0x4b55d000, 0x4b55dfff] PGTABLE
Apr 26 22:11:54.956618 localhost kernel: BRK [0x4b55e000, 0x4b55efff] PGTABLE
Apr 26 22:11:54.956627 localhost kernel: ACPI: Early table checksum verification disabled
Apr 26 22:11:54.957672 localhost kernel: ACPI: RSDP 0x00000000000F2A40 000014 (v00 Google)
Apr 26 22:11:54.957685 localhost kernel: ACPI: RSDT 0x00000000BFFFDAC0 000038 (v01 Google GOOGRSDT 00000001 GOOG 00000001)
Apr 26 22:11:54.957695 localhost kernel: ACPI: FACP 0x00000000BFFFFF00 0000F4 (v02 Google GOOGFACP 00000001 GOOG 00000001)
Apr 26 22:11:54.957709 localhost kernel: ACPI: DSDT 0x00000000BFFFDB00 0018BA (v01 Google GOOGDSDT 00000001 GOOG 00000001)
Apr 26 22:11:54.957843 localhost kernel: ACPI: FACS 0x00000000BFFFFEC0 000040
Apr 26 22:11:54.957855 localhost kernel: ACPI: FACS 0x00000000BFFFFEC0 000040
Apr 26 22:11:54.957864 localhost kernel: ACPI: SSDT 0x00000000BFFFF5A0 00091F (v01 Google GOOGSSDT 00000001 GOOG 00000001)
Apr 26 22:11:54.957873 localhost kernel: ACPI: APIC 0x00000000BFFFF4B0 00006E (v01 Google GOOGAPIC 00000001 GOOG 00000001)
Apr 26 22:11:54.957882 localhost kernel: ACPI: WAET 0x00000000BFFFF480 000028 (v01 Google GOOGWAET 00000001 GOOG 00000001)
Apr 26 22:11:54.957891 localhost kernel: ACPI: SRAT 0x00000000BFFFF3C0 0000B8 (v01 Google GOOGSRAT 00000001 GOOG 00000001)
Apr 26 22:11:54.957901 localhost kernel: ACPI: Local APIC address 0xfee00000
Apr 26 22:11:54.957913 localhost kernel: SRAT: PXM 0 -> APIC 0x00 -> Node 0
Apr 26 22:11:54.957922 localhost kernel: ACPI: SRAT: Node 0 PXM 0 [mem 0x00000000-0x0009ffff]
Apr 26 22:11:54.957935 localhost kernel: ACPI: SRAT: Node 0 PXM 0 [mem 0x00100000-0xbfffffff]
Apr 26 22:11:54.957944 localhost kernel: ACPI: SRAT: Node 0 PXM 0 [mem 0x100000000-0x12fffffff]
Apr 26 22:11:54.958138 localhost kernel: NUMA: Node 0 [mem 0x00000000-0x0009ffff] + [mem 0x00100000-0xbfffffff] -> [mem 0x00000000-0xbfffffff]
Apr 26 22:11:54.958167 localhost kernel: NUMA: Node 0 [mem 0x00000000-0xbfffffff] + [mem 0x100000000-0x12fffffff] -> [mem 0x00000000-0x12fffffff]
Apr 26 22:11:54.958185 localhost kernel: NODE_DATA(0) allocated [mem 0x12fffa000-0x12fffdfff]
Apr 26 22:11:54.958200 localhost kernel: Zone ranges:
Apr 26 22:11:54.958209 localhost kernel:   DMA      [mem 0x0000000000001000-0x0000000000ffffff]
Apr 26 22:11:54.958219 localhost kernel:   DMA32    [mem 0x0000000001000000-0x00000000ffffffff]
Apr 26 22:11:54.958228 localhost kernel:   Normal   [mem 0x0000000100000000-0x000000012fffffff]
Apr 26 22:11:54.958237 localhost kernel: Movable zone start for each node
Apr 26 22:11:54.958246 localhost kernel: Early memory node ranges
Apr 26 22:11:54.958255 localhost kernel:   node   0: [mem 0x0000000000001000-0x000000000009efff]
Apr 26 22:11:54.958270 localhost kernel:   node   0: [mem 0x0000000000100000-0x00000000bfffcfff]
Apr 26 22:11:54.958387 localhost kernel:   node   0: [mem 0x0000000100000000-0x000000012fffffff]
Apr 26 22:11:54.958401 localhost kernel: Initmem setup node 0 [mem 0x0000000000001000-0x000000012fffffff]
Apr 26 22:11:54.958410 localhost kernel: On node 0 totalpages: 982939
Apr 26 22:11:54.958419 localhost kernel:   DMA zone: 64 pages used for memmap
Apr 26 22:11:54.958427 localhost kernel:   DMA zone: 21 pages reserved
Apr 26 22:11:54.958436 localhost kernel:   DMA zone: 3998 pages, LIFO batch:0
Apr 26 22:11:54.958445 localhost kernel:   DMA32 zone: 12224 pages used for memmap
Apr 26 22:11:54.958454 localhost kernel:   DMA32 zone: 782333 pages, LIFO batch:31
Apr 26 22:11:54.958463 localhost kernel:   Normal zone: 3072 pages used for memmap
Apr 26 22:11:54.958472 localhost kernel:   Normal zone: 196608 pages, LIFO batch:31
Apr 26 22:11:54.958482 localhost kernel: ACPI: Local APIC address 0xfee00000
Apr 26 22:11:54.958493 localhost kernel: ACPI: LAPIC_NMI (acpi_id[0xff] dfl dfl lint[0x1])
Apr 26 22:11:54.958524 localhost kernel: IOAPIC[0]: apic_id 0, version 17, address 0xfec00000, GSI 0-23
Apr 26 22:11:54.958534 localhost kernel: ACPI: INT_SRC_OVR (bus 0 bus_irq 5 global_irq 5 high level)
Apr 26 22:11:54.958543 localhost kernel: ACPI: INT_SRC_OVR (bus 0 bus_irq 9 global_irq 9 high level)
Apr 26 22:11:54.958552 localhost kernel: ACPI: INT_SRC_OVR (bus 0 bus_irq 10 global_irq 10 high level)
Apr 26 22:11:54.958561 localhost kernel: ACPI: INT_SRC_OVR (bus 0 bus_irq 11 global_irq 11 high level)
Apr 26 22:11:54.958570 localhost kernel: ACPI: IRQ5 used by override.
Apr 26 22:11:54.958579 localhost kernel: ACPI: IRQ9 used by override.
Apr 26 22:11:54.958588 localhost kernel: ACPI: IRQ10 used by override.
Apr 26 22:11:54.958597 localhost kernel: ACPI: IRQ11 used by override.
Apr 26 22:11:54.958606 localhost kernel: Using ACPI (MADT) for SMP configuration information
Apr 26 22:11:54.958615 localhost kernel: smpboot: Allowing 1 CPUs, 0 hotplug CPUs
Apr 26 22:11:54.958624 localhost kernel: e820: [mem 0xc0000000-0xfffbbfff] available for PCI devices
Apr 26 22:11:54.958757 localhost kernel: Booting paravirtualized kernel on KVM
Apr 26 22:11:54.958772 localhost kernel: clocksource: refined-jiffies: mask: 0xffffffff max_cycles: 0xffffffff, max_idle_ns: 1910969940391419 ns
Apr 26 22:11:54.958782 localhost kernel: random: get_random_bytes called from start_kernel+0x8c/0x487 with crng_init=0
Apr 26 22:11:54.958792 localhost kernel: setup_percpu: NR_CPUS:256 nr_cpumask_bits:256 nr_cpu_ids:1 nr_node_ids:1
Apr 26 22:11:54.958802 localhost kernel: percpu: Embedded 44 pages/cpu @ffff95cf2fc00000 s140136 r8192 d31896 u2097152
Apr 26 22:11:54.958812 localhost kernel: pcpu-alloc: s140136 r8192 d31896 u2097152 alloc=1*2097152
Apr 26 22:11:54.958821 localhost kernel: pcpu-alloc: [0] 0 
Apr 26 22:11:54.958831 localhost kernel: Built 1 zonelists, mobility grouping on.  Total pages: 967558
Apr 26 22:11:54.958840 localhost kernel: Policy zone: Normal
Apr 26 22:11:54.958856 localhost kernel: Kernel command line: BOOT_IMAGE=/syslinux/vmlinuz.A init=/usr/lib/systemd/systemd boot=local rootwait ro noresume noswap loglevel=7 noinitrd console=ttyS0 vsyscall=emulate security=apparmor virtio_net.napi_tx=1 systemd.unified_cgroup_hierarchy=false systemd.legacy_systemd_cgroup_controller=true csm.disabled=1 dm_verity.error_behavior=3 dm_verity.max_bios=-1 dm_verity.dev_wait=1 i915.modeset=1 cros_efi root=/dev/dm-0 "dm=1 vroot none ro 1,0 2539520 verity payload=PARTUUID=71913957-D6B1-8948-AFA7-574E312FC408 hashtree=PARTUUID=71913957-D6B1-8948-AFA7-574E312FC408 hashstart=2539520 alg=sha1 root_hexdigest=e582525d12c5f702e39eca88f648e851195d84f7 salt=331684cac74749b4944aedce8c7e5dd9abed70e63b61b9be00d8c9efd9d17444"
Apr 26 22:11:54.958870 localhost kernel: device-mapper: init: will configure 1 devices
Apr 26 22:11:54.958883 localhost kernel: PID hash table entries: 4096 (order: 3, 32768 bytes)
Apr 26 22:11:54.958892 localhost kernel: Memory: 3782080K/3931756K available (10252K kernel code, 1149K rwdata, 2056K rodata, 1360K init, 540K bss, 149676K reserved, 0K cma-reserved)
Apr 26 22:11:54.958902 localhost kernel: SLUB: HWalign=64, Order=0-3, MinObjects=0, CPUs=1, Nodes=1
Apr 26 22:11:54.958919 localhost kernel: Kernel/User page tables isolation: enabled
Apr 26 22:11:54.958931 localhost kernel: ftrace: allocating 26803 entries in 105 pages
Apr 26 22:11:54.958940 localhost kernel: Hierarchical RCU implementation.
Apr 26 22:11:54.958952 localhost kernel:         RCU restricting CPUs from NR_CPUS=256 to nr_cpu_ids=1.
Apr 26 22:11:54.958961 localhost kernel: RCU: Adjusting geometry for rcu_fanout_leaf=16, nr_cpu_ids=1
Apr 26 22:11:54.958970 localhost kernel: NR_IRQS: 16640, nr_irqs: 256, preallocated irqs: 16
Apr 26 22:11:54.958979 localhost kernel: console [ttyS0] enabled
Apr 26 22:11:54.958995 localhost kernel: clocksource: tsc-early: mask: 0xffffffffffffffff max_cycles: 0x212735223b2, max_idle_ns: 440795277976 ns
Apr 26 22:11:54.959012 localhost kernel: Calibrating delay loop (skipped) preset value.. 4600.00 BogoMIPS (lpj=2300000)
Apr 26 22:11:54.959023 localhost kernel: pid_max: default: 32768 minimum: 301
Apr 26 22:11:54.959032 localhost kernel: ACPI: Core revision 20170728
Apr 26 22:11:54.959044 localhost kernel: ACPI: 2 ACPI AML tables successfully acquired and loaded
Apr 26 22:11:54.959054 localhost kernel: Security Framework initialized
Apr 26 22:11:54.959063 localhost kernel: Yama: becoming mindful.
Apr 26 22:11:54.959073 localhost kernel: LoadPin: ready to pin (currently enabled)
Apr 26 22:11:54.959082 localhost kernel: Chromium OS LSM: enabled
Apr 26 22:11:54.959091 localhost kernel: AppArmor: AppArmor initialized
Apr 26 22:11:54.959101 localhost kernel: Dentry cache hash table entries: 524288 (order: 10, 4194304 bytes)
Apr 26 22:11:54.959110 localhost kernel: Inode-cache hash table entries: 262144 (order: 9, 2097152 bytes)
Apr 26 22:11:54.959120 localhost kernel: Mount-cache hash table entries: 8192 (order: 4, 65536 bytes)
Apr 26 22:11:54.959131 localhost kernel: Mountpoint-cache hash table entries: 8192 (order: 4, 65536 bytes)
Apr 26 22:11:54.959141 localhost kernel: Last level iTLB entries: 4KB 1024, 2MB 1024, 4MB 1024
Apr 26 22:11:54.959151 localhost kernel: Last level dTLB entries: 4KB 1024, 2MB 1024, 4MB 1024, 1GB 4
Apr 26 22:11:54.959160 localhost kernel: Spectre V2 : Mitigation: Full generic retpoline
Apr 26 22:11:54.959170 localhost kernel: Spectre V2 : Spectre v2 / SpectreRSB mitigation: Filling RSB on context switch
Apr 26 22:11:54.959179 localhost kernel: Spectre V2 : Enabling Restricted Speculation for firmware calls
Apr 26 22:11:54.959189 localhost kernel: Spectre V2 : mitigation: Enabling conditional Indirect Branch Prediction Barrier
Apr 26 22:11:54.959199 localhost kernel: Speculative Store Bypass: Mitigation: Speculative Store Bypass disabled via prctl and seccomp
Apr 26 22:11:54.959209 localhost kernel: Freeing SMP alternatives memory: 28K
Apr 26 22:11:54.959218 localhost kernel: smpboot: Max logical packages: 1
Apr 26 22:11:54.959230 localhost kernel: x2apic enabled
Apr 26 22:11:54.959240 localhost kernel: Switched APIC routing to physical x2apic.
Apr 26 22:11:54.959249 localhost kernel: ..TIMER: vector=0x30 apic1=0 pin1=0 apic2=-1 pin2=-1
Apr 26 22:11:54.959258 localhost kernel: smpboot: CPU0: Intel(R) Xeon(R) CPU @ 2.30GHz (family: 0x6, model: 0x3f, stepping: 0x0)
Apr 26 22:11:54.959268 localhost kernel: Performance Events: unsupported p6 CPU model 63 no PMU driver, software events only.
Apr 26 22:11:54.959278 localhost kernel: Hierarchical SRCU implementation.
Apr 26 22:11:54.959287 localhost kernel: random: crng done (trusting CPU's manufacturer)
Apr 26 22:11:54.959297 localhost kernel: NMI watchdog: Perf event create on CPU 0 failed with -2
Apr 26 22:11:54.959306 localhost kernel: NMI watchdog: Perf NMI watchdog permanently disabled
Apr 26 22:11:54.959333 localhost kernel: smp: Bringing up secondary CPUs ...
Apr 26 22:11:54.959344 localhost kernel: smp: Brought up 1 node, 1 CPU
Apr 26 22:11:54.959353 localhost kernel: smpboot: Total of 1 processors activated (4600.00 BogoMIPS)
Apr 26 22:11:54.959363 localhost kernel: devtmpfs: initialized
Apr 26 22:11:54.959373 localhost kernel: clocksource: jiffies: mask: 0xffffffff max_cycles: 0xffffffff, max_idle_ns: 1911260446275000 ns
Apr 26 22:11:54.959385 localhost kernel: futex hash table entries: 256 (order: 2, 16384 bytes)
Apr 26 22:11:54.959397 localhost kernel: RTC time: 22:11:53, date: 04/26/19
Apr 26 22:11:54.959407 localhost kernel: NET: Registered protocol family 16
Apr 26 22:11:54.959417 localhost kernel: cpuidle: using governor ladder
Apr 26 22:11:54.959428 localhost kernel: cpuidle: using governor menu
Apr 26 22:11:54.959437 localhost kernel: clocksource: Switched to clocksource kvm-clock
Apr 26 22:11:54.959447 localhost kernel: ACPI: bus type PCI registered
Apr 26 22:11:54.959457 localhost kernel: PCI: Using configuration type 1 for base access
Apr 26 22:11:54.959467 localhost kernel: HugeTLB registered 2.00 MiB page size, pre-allocated 0 pages
Apr 26 22:11:54.959479 localhost kernel: ACPI: Added _OSI(Module Device)
Apr 26 22:11:54.959495 localhost kernel: ACPI: Added _OSI(Processor Device)
Apr 26 22:11:54.959511 localhost kernel: ACPI: Added _OSI(3.0 _SCP Extensions)
Apr 26 22:11:54.959521 localhost kernel: ACPI: Added _OSI(Processor Aggregator Device)
Apr 26 22:11:54.959530 localhost kernel: ACPI: Executed 2 blocks of module-level executable AML code
Apr 26 22:11:54.959540 localhost kernel: ACPI: Interpreter enabled
Apr 26 22:11:54.959549 localhost kernel: ACPI: (supports S0 S3 S5)
Apr 26 22:11:54.959559 localhost kernel: ACPI: Using IOAPIC for interrupt routing
Apr 26 22:11:54.959568 localhost kernel: PCI: Using host bridge windows from ACPI; if necessary, use "pci=nocrs" and report a bug
Apr 26 22:11:54.959578 localhost kernel: ACPI: Enabled 16 GPEs in block 00 to 0F
Apr 26 22:11:54.959591 localhost kernel: ACPI: PCI Root Bridge [PCI0] (domain 0000 [bus 00-ff])
Apr 26 22:11:54.962143 localhost kernel: acpi PNP0A03:00: _OSC: OS supports [ASPM ClockPM Segments MSI]
Apr 26 22:11:54.962235 localhost kernel: acpi PNP0A03:00: _OSC failed (AE_NOT_FOUND); disabling ASPM
Apr 26 22:11:54.962386 localhost kernel: acpi PNP0A03:00: fail to add MMCONFIG information, can't access extended PCI configuration space under this bridge.
Apr 26 22:11:54.962402 localhost kernel: PCI host bridge to bus 0000:00
Apr 26 22:11:54.962474 localhost kernel: pci_bus 0000:00: root bus resource [io  0x0000-0x0cf7 window]
Apr 26 22:11:54.962535 localhost kernel: pci_bus 0000:00: root bus resource [io  0x0d00-0xffff window]
Apr 26 22:11:54.962591 localhost kernel: pci_bus 0000:00: root bus resource [mem 0x000a0000-0x000bffff window]
Apr 26 22:11:54.962993 localhost kernel: pci_bus 0000:00: root bus resource [mem 0xc0000000-0xfebfffff window]
Apr 26 22:11:54.963057 localhost kernel: pci_bus 0000:00: root bus resource [bus 00-ff]
Apr 26 22:11:54.963127 localhost kernel: pci 0000:00:00.0: [8086:1237] type 00 class 0x060000
Apr 26 22:11:54.963201 localhost kernel: pci 0000:00:01.0: [8086:7110] type 00 class 0x060100
Apr 26 22:11:54.963271 localhost kernel: pci 0000:00:01.3: [8086:7113] type 00 class 0x068000
Apr 26 22:11:54.963356 localhost kernel: pci 0000:00:01.3: quirk: [io  0xb000-0xb03f] claimed by PIIX4 ACPI
Apr 26 22:11:54.963422 localhost kernel: pci 0000:00:03.0: [1af4:1004] type 00 class 0x000000
Apr 26 22:11:54.963480 localhost kernel: pci 0000:00:03.0: reg 0x10: [io  0xc000-0xc03f]
Apr 26 22:11:54.963546 localhost kernel: pci 0000:00:03.0: reg 0x14: [mem 0xfebfe000-0xfebfe07f]
Apr 26 22:11:54.963616 localhost kernel: pci 0000:00:04.0: [1af4:1000] type 00 class 0x020000
Apr 26 22:11:54.963710 localhost kernel: pci 0000:00:04.0: reg 0x10: [io  0xc040-0xc07f]
Apr 26 22:11:54.963774 localhost kernel: pci 0000:00:04.0: reg 0x14: [mem 0xfebff000-0xfebff03f]
Apr 26 22:11:54.963787 localhost kernel: ACPI: PCI Interrupt Link [LNKA] (IRQs 5 *10 11)
Apr 26 22:11:54.963797 localhost kernel: ACPI: PCI Interrupt Link [LNKB] (IRQs 5 *10 11)
Apr 26 22:11:54.963807 localhost kernel: ACPI: PCI Interrupt Link [LNKC] (IRQs 5 10 *11)
Apr 26 22:11:54.963816 localhost kernel: ACPI: PCI Interrupt Link [LNKD] (IRQs 5 10 *11)
Apr 26 22:11:54.963826 localhost kernel: ACPI: PCI Interrupt Link [LNKS] (IRQs *9)
Apr 26 22:11:54.963835 localhost kernel: SCSI subsystem initialized
Apr 26 22:11:54.963845 localhost kernel: libata version 3.00 loaded.
Apr 26 22:11:54.963854 localhost kernel: PCI: Using ACPI for IRQ routing
Apr 26 22:11:54.963867 localhost kernel: PCI: pci_cache_line_size set to 64 bytes
Apr 26 22:11:54.963876 localhost kernel: e820: reserve RAM buffer [mem 0x0009fc00-0x0009ffff]
Apr 26 22:11:54.963886 localhost kernel: e820: reserve RAM buffer [mem 0xbfffd000-0xbfffffff]
Apr 26 22:11:54.963895 localhost kernel: VFS: Disk quotas dquot_6.6.0
Apr 26 22:11:54.963905 localhost kernel: VFS: Dquot-cache hash table entries: 512 (order 0, 4096 bytes)
Apr 26 22:11:54.963914 localhost kernel: AppArmor: AppArmor Filesystem Enabled
Apr 26 22:11:54.963924 localhost kernel: pnp: PnP ACPI init
Apr 26 22:11:54.963981 localhost kernel: pnp 00:00: Plug and Play ACPI device, IDs PNP0b00 (active)
Apr 26 22:11:54.964043 localhost kernel: pnp 00:01: Plug and Play ACPI device, IDs PNP0303 (active)
Apr 26 22:11:54.964103 localhost kernel: pnp 00:02: Plug and Play ACPI device, IDs PNP0f13 (active)
Apr 26 22:11:54.964156 localhost kernel: pnp 00:03: Plug and Play ACPI device, IDs PNP0501 (active)
Apr 26 22:11:54.964215 localhost kernel: pnp 00:04: Plug and Play ACPI device, IDs PNP0501 (active)
Apr 26 22:11:54.964270 localhost kernel: pnp 00:05: Plug and Play ACPI device, IDs PNP0501 (active)
Apr 26 22:11:54.964339 localhost kernel: pnp 00:06: Plug and Play ACPI device, IDs PNP0501 (active)
Apr 26 22:11:54.964356 localhost kernel: pnp: PnP ACPI: found 7 devices
Apr 26 22:11:54.964407 localhost kernel: pci_bus 0000:00: resource 4 [io  0x0000-0x0cf7 window]
Apr 26 22:11:54.964457 localhost kernel: pci_bus 0000:00: resource 5 [io  0x0d00-0xffff window]
Apr 26 22:11:54.964515 localhost kernel: pci_bus 0000:00: resource 6 [mem 0x000a0000-0x000bffff window]
Apr 26 22:11:54.964564 localhost kernel: pci_bus 0000:00: resource 7 [mem 0xc0000000-0xfebfffff window]
Apr 26 22:11:54.964575 localhost kernel: NET: Registered protocol family 2
Apr 26 22:11:54.964585 localhost kernel: TCP established hash table entries: 32768 (order: 6, 262144 bytes)
Apr 26 22:11:54.964595 localhost kernel: TCP bind hash table entries: 32768 (order: 8, 1048576 bytes)
Apr 26 22:11:54.964608 localhost kernel: TCP: Hash tables configured (established 32768 bind 32768)
Apr 26 22:11:54.964618 localhost kernel: UDP hash table entries: 2048 (order: 5, 196608 bytes)
Apr 26 22:11:54.964627 localhost kernel: UDP-Lite hash table entries: 2048 (order: 5, 196608 bytes)
Apr 26 22:11:54.965755 localhost kernel: NET: Registered protocol family 1
Apr 26 22:11:54.965952 localhost kernel: pci 0000:00:00.0: Limiting direct PCI/PCI transfers
Apr 26 22:11:54.965970 localhost kernel: PCI: CLS 0 bytes, default 64
Apr 26 22:11:54.965981 localhost kernel: PCI-DMA: Using software bounce buffering for IO (SWIOTLB)
Apr 26 22:11:54.965990 localhost kernel: software IO TLB: mapped [mem 0xbbffd000-0xbfffd000] (64MB)
Apr 26 22:11:54.966003 localhost kernel: RAPL PMU: API unit is 2^-32 Joules, 4 fixed counters, 10737418240 ms ovfl timer
Apr 26 22:11:54.966019 localhost kernel: RAPL PMU: hw unit of domain pp0-core 2^-0 Joules
Apr 26 22:11:54.966029 localhost kernel: RAPL PMU: hw unit of domain package 2^-0 Joules
Apr 26 22:11:54.966038 localhost kernel: RAPL PMU: hw unit of domain dram 2^-0 Joules
Apr 26 22:11:54.966048 localhost kernel: RAPL PMU: hw unit of domain pp1-gpu 2^-0 Joules
Apr 26 22:11:54.966166 localhost kernel: clocksource: tsc: mask: 0xffffffffffffffff max_cycles: 0x212735223b2, max_idle_ns: 440795277976 ns
Apr 26 22:11:54.966181 localhost kernel: Scanning for low memory corruption every 60 seconds
Apr 26 22:11:54.966190 localhost kernel: audit: initializing netlink subsys (disabled)
Apr 26 22:11:54.966200 localhost kernel: Initialise system trusted keyrings
Apr 26 22:11:54.966210 localhost kernel: audit: type=2000 audit(1556316713.800:1): state=initialized audit_enabled=0 res=1
Apr 26 22:11:54.966219 localhost kernel: workingset: timestamp_bits=40 max_order=20 bucket_order=0
Apr 26 22:11:54.966233 localhost kernel: Key type asymmetric registered
Apr 26 22:11:54.966243 localhost kernel: Asymmetric key parser 'x509' registered
Apr 26 22:11:54.966252 localhost kernel: Block layer SCSI generic (bsg) driver version 0.4 loaded (major 250)
Apr 26 22:11:54.966262 localhost kernel: io scheduler noop registered (default)
Apr 26 22:11:54.966272 localhost kernel: io scheduler deadline registered
Apr 26 22:11:54.966366 localhost kernel: io scheduler cfq registered
Apr 26 22:11:54.966382 localhost kernel: io scheduler mq-deadline registered
Apr 26 22:11:54.966392 localhost kernel: intel_idle: Please enable MWAIT in BIOS SETUP
Apr 26 22:11:54.966402 localhost kernel: input: Power Button as /devices/LNXSYSTM:00/LNXPWRBN:00/input/input0
Apr 26 22:11:54.966415 localhost kernel: ACPI: Power Button [PWRF]
Apr 26 22:11:54.966425 localhost kernel: input: Sleep Button as /devices/LNXSYSTM:00/LNXSLPBN:00/input/input1
Apr 26 22:11:54.966435 localhost kernel: ACPI: Sleep Button [SLPF]
Apr 26 22:11:54.966444 localhost kernel: ACPI: PCI Interrupt Link [LNKC] enabled at IRQ 11
Apr 26 22:11:54.966528 localhost kernel: virtio-pci 0000:00:03.0: virtio_pci: leaving for legacy driver
Apr 26 22:11:54.966542 localhost kernel: ACPI: PCI Interrupt Link [LNKD] enabled at IRQ 10
Apr 26 22:11:54.966600 localhost kernel: virtio-pci 0000:00:04.0: virtio_pci: leaving for legacy driver
Apr 26 22:11:54.966612 localhost kernel: Serial: 8250/16550 driver, 4 ports, IRQ sharing disabled
Apr 26 22:11:54.966622 localhost kernel: 00:03: ttyS0 at I/O 0x3f8 (irq = 4, base_baud = 115200) is a 16550A
Apr 26 22:11:54.966797 localhost kernel: 00:04: ttyS1 at I/O 0x2f8 (irq = 3, base_baud = 115200) is a 16550A
Apr 26 22:11:54.966810 localhost kernel: 00:05: ttyS2 at I/O 0x3e8 (irq = 6, base_baud = 115200) is a 16550A
Apr 26 22:11:54.966820 localhost kernel: 00:06: ttyS3 at I/O 0x2e8 (irq = 7, base_baud = 115200) is a 16550A
Apr 26 22:11:54.966830 localhost kernel: Non-volatile memory driver v1.3
Apr 26 22:11:54.966840 localhost kernel: loop: module loaded
Apr 26 22:11:54.966918 localhost kernel: scsi host0: Virtio SCSI HBA
Apr 26 22:11:54.966995 localhost kernel: scsi 0:0:1:0: Direct-Access     Google   PersistentDisk   1    PQ: 0 ANSI: 6
Apr 26 22:11:54.967078 localhost kernel: scsi 0:0:2:0: Direct-Access     Google   PersistentDisk   1    PQ: 0 ANSI: 6
Apr 26 22:11:54.967099 localhost kernel: i8042: PNP: PS/2 Controller [PNP0303:KBD,PNP0f13:MOU] at 0x60,0x64 irq 1,12
Apr 26 22:11:54.967110 localhost kernel: i8042: Warning: Keylock active
Apr 26 22:11:54.967119 localhost kernel: serio: i8042 KBD port at 0x60,0x64 irq 1
Apr 26 22:11:54.967129 localhost kernel: serio: i8042 AUX port at 0x60,0x64 irq 12
Apr 26 22:11:54.967180 localhost kernel: rtc_cmos 00:00: RTC can wake from S4
Apr 26 22:11:54.967230 localhost kernel: rtc_cmos 00:00: registered as rtc0
Apr 26 22:11:54.967276 localhost kernel: rtc_cmos 00:00: alarms up to one day, 114 bytes nvram
Apr 26 22:11:54.967288 localhost kernel: iTCO_wdt: Intel TCO WatchDog Timer Driver v1.11
Apr 26 22:11:54.967301 localhost kernel: iTCO_vendor_support: vendor-support=0
Apr 26 22:11:54.967386 localhost kernel: sd 0:0:1:0: [sda] 41943040 512-byte logical blocks: (21.5 GB/20.0 GiB)
Apr 26 22:11:54.967453 localhost kernel: sd 0:0:1:0: [sda] 4096-byte physical blocks
Apr 26 22:11:54.967465 localhost kernel: device-mapper: ioctl: 4.37.0-ioctl (2017-09-20) initialised: dm-devel@redhat.com
Apr 26 22:11:54.967536 localhost kernel: sd 0:0:1:0: [sda] Write Protect is off
Apr 26 22:11:54.967598 localhost kernel: sd 0:0:1:0: [sda] Mode Sense: 1f 00 00 08
Apr 26 22:11:54.967756 localhost kernel: sd 0:0:2:0: [sdb] 41943040 512-byte logical blocks: (21.5 GB/20.0 GiB)
Apr 26 22:11:54.967847 localhost kernel: sd 0:0:2:0: [sdb] 4096-byte physical blocks
Apr 26 22:11:54.967923 localhost kernel: sd 0:0:2:0: [sdb] Write Protect is off
Apr 26 22:11:54.967985 localhost kernel: sd 0:0:2:0: [sdb] Mode Sense: 1f 00 00 08
Apr 26 22:11:54.968052 localhost kernel: sd 0:0:1:0: [sda] Write cache: enabled, read cache: enabled, doesn't support DPO or FUA
Apr 26 22:11:54.968065 localhost kernel: device-mapper: verity-chromeos: dm-verity-chromeos registered
Apr 26 22:11:54.968075 localhost kernel: Mirror/redirect action on
Apr 26 22:11:54.968085 localhost kernel: Netfilter messages via NETLINK v0.30.
Apr 26 22:11:54.968095 localhost kernel: nf_conntrack version 0.5.0 (16384 buckets, 65536 max)
Apr 26 22:11:54.968104 localhost kernel: ctnetlink v0.93: registering with nfnetlink.
Apr 26 22:11:54.968118 localhost kernel: ip_tables: (C) 2000-2006 Netfilter Core Team
Apr 26 22:11:54.968128 localhost kernel: Initializing XFRM netlink socket
Apr 26 22:11:54.968137 localhost kernel: NET: Registered protocol family 10
Apr 26 22:11:54.968198 localhost kernel: sd 0:0:2:0: [sdb] Write cache: enabled, read cache: enabled, doesn't support DPO or FUA
Apr 26 22:11:54.968210 localhost kernel: Segment Routing with IPv6
Apr 26 22:11:54.968221 localhost kernel: NET: Registered protocol family 17
Apr 26 22:11:54.968231 localhost kernel: bridge: filtering via arp/ip/ip6tables is no longer available by default. Update your scripts to load br_netfilter if you need this.
Apr 26 22:11:54.968240 localhost kernel: sched_clock: Marking stable (540555131, 0)->(920105217, -379550086)
Apr 26 22:11:54.968250 localhost kernel: registered taskstats version 1
Apr 26 22:11:54.968263 localhost kernel: Loading compiled-in X.509 certificates
Apr 26 22:11:54.968273 localhost kernel: Loaded X.509 cert 'Google LLC: Container-Optimized OS kernel signing key: cdd9ce572db9e71668e71b5a9113908047a21771'
Apr 26 22:11:54.968283 localhost kernel: Loaded X.509 cert 'Google: Container-Optimized OS: 2efea493fc148b35859d0bc8c3dd71a139fc7ab411283e06f6c10b5a6b17e355'
Apr 26 22:11:54.968298 localhost kernel: AppArmor: AppArmor sha1 policy hashing enabled
Apr 26 22:11:54.968308 localhost kernel: ima: No TPM chip found, activating TPM-bypass! (rc=-19)
Apr 26 22:11:54.968329 localhost kernel: ima: Allocated hash algorithm: sha256
Apr 26 22:11:54.968340 localhost kernel:   Magic number: 15:891:199
Apr 26 22:11:54.968350 localhost kernel: GPT:Primary header thinks Alt. header is not at the end of the disk.
Apr 26 22:11:54.968359 localhost kernel: GPT:18874524 != 41943039
Apr 26 22:11:54.968371 localhost kernel: GPT:Alternate GPT header not at the end of the disk.
Apr 26 22:11:54.968381 localhost kernel: GPT:18874524 != 41943039
Apr 26 22:11:54.968391 localhost kernel: GPT: Use GNU Parted to correct GPT errors.
Apr 26 22:11:54.968400 localhost kernel:  sda: sda1 sda2 sda3 sda4 sda5 sda6 sda7 sda8 sda9 sda10 sda11 sda12
Apr 26 22:11:54.968465 localhost kernel: sd 0:0:2:0: [sdb] Attached SCSI disk
Apr 26 22:11:54.968538 localhost kernel: sd 0:0:1:0: [sda] Attached SCSI disk
Apr 26 22:11:54.968551 localhost kernel: device-mapper: init: attempting early device configuration.
Apr 26 22:11:54.968562 localhost kernel: device-mapper: init: adding target '0 2539520 verity payload=PARTUUID=71913957-D6B1-8948-AFA7-574E312FC408 hashtree=PARTUUID=71913957-D6B1-8948-AFA7-574E312FC408 hashstart=2539520 alg=sha1 root_hexdigest=e582525d12c5f702e39eca88f648e851195d84f7 salt=331684cac74749b4944aedce8c7e5dd9abed70e63b61b9be00d8c9efd9d17444'
Apr 26 22:11:54.968576 localhost kernel: device-mapper: verity: Argument 0: 'payload=PARTUUID=71913957-D6B1-8948-AFA7-574E312FC408'
Apr 26 22:11:54.968586 localhost kernel: device-mapper: verity: Argument 1: 'hashtree=PARTUUID=71913957-D6B1-8948-AFA7-574E312FC408'
Apr 26 22:11:54.968596 localhost kernel: device-mapper: verity: Argument 2: 'hashstart=2539520'
Apr 26 22:11:54.968605 localhost kernel: device-mapper: verity: Argument 3: 'alg=sha1'
Apr 26 22:11:54.968616 localhost kernel: device-mapper: verity: Argument 4: 'root_hexdigest=e582525d12c5f702e39eca88f648e851195d84f7'
Apr 26 22:11:54.968626 localhost kernel: device-mapper: verity: Argument 5: 'salt=331684cac74749b4944aedce8c7e5dd9abed70e63b61b9be00d8c9efd9d17444'
Apr 26 22:11:54.981333 localhost kernel: device-mapper: init: dm-0 is ready
Apr 26 22:11:54.981356 localhost kernel: EXT4-fs (dm-0): mounting ext2 file system using the ext4 subsystem
Apr 26 22:11:54.981367 localhost kernel: EXT4-fs (dm-0): mounted filesystem without journal. Opts: (null)
Apr 26 22:11:54.981385 localhost kernel: VFS: Mounted root (ext2 filesystem) readonly on device 254:0.
Apr 26 22:11:54.981396 localhost kernel: devtmpfs: mounted
Apr 26 22:11:54.981406 localhost kernel: Freeing unused kernel memory: 1360K
Apr 26 22:11:54.981417 localhost kernel: Write protecting the kernel read-only data: 16384k
Apr 26 22:11:54.981426 localhost kernel: Freeing unused kernel memory: 2012K
Apr 26 22:11:54.981436 localhost kernel: Freeing unused kernel memory: 2040K
Apr 26 22:11:54.981451 localhost systemd[1]: systemd 232 running in system mode. (+PAM +AUDIT -SELINUX +IMA +APPARMOR +SMACK -SYSVINIT -UTMP -LIBCRYPTSETUP +GCRYPT -GNUTLS -ACL -XZ +LZ4 +SECCOMP +BLKID -ELFUTILS +KMOD -IDN)
Apr 26 22:11:54.981472 localhost systemd[1]: Detected virtualization kvm.
Apr 26 22:11:54.981487 localhost systemd[1]: Detected architecture x86-64.
Apr 26 22:11:54.981499 localhost systemd[1]: Initializing machine ID from KVM UUID.
Apr 26 22:11:54.981509 localhost systemd[1]: Installed transient /etc/machine-id file.
Apr 26 22:11:54.981520 localhost systemd[1]: Listening on /dev/initctl Compatibility Named Pipe.
Apr 26 22:11:54.981532 localhost systemd[1]: Set up automount Arbitrary Executable File Formats File System Automount Point.
Apr 26 22:11:54.981543 localhost systemd[1]: Listening on Process Core Dump Socket.
Apr 26 22:11:54.981554 localhost systemd[1]: Reached target Remote File Systems.
Apr 26 22:11:54.981686 localhost systemd[1]: Created slice User and Session Slice.
Apr 26 22:11:55.135771 localhost kernel: LoadPin: dev(254,0): read-only
Apr 26 22:11:55.135848 localhost kernel: LoadPin: load pinning engaged.
Apr 26 22:11:55.138177 localhost kernel: LoadPin: kernel-module pinned obj="/lib/modules/4.14.94+/kernel/arch/x86/crypto/glue_helper.ko" pid=119 cmdline="/usr/lib/systemd/systemd-udevd"
Apr 26 22:11:55.182931 localhost kernel: AVX2 version of gcm_enc/dec engaged.
Apr 26 22:11:55.183014 localhost kernel: AES CTR mode by8 optimization enabled
Apr 26 22:11:55.231834 localhost kernel: EXT4-fs (sda8): mounted filesystem with ordered data mode. Opts: (null)
Apr 26 22:11:55.354654 localhost kernel: EXT4-fs (sda1): mounted filesystem with ordered data mode. Opts: commit=30
Apr 26 22:11:55.429666 localhost kernel: EXT4-fs (sda1): re-mounted. Opts: commit=30,data=ordered
Apr 26 22:11:55.434351 localhost kernel: EXT4-fs (sda1): re-mounted. Opts: commit=30,data=ordered
Apr 26 22:11:55.438686 localhost kernel: EXT4-fs (sda1): re-mounted. Opts: commit=30,data=ordered
Apr 26 22:11:55.572669 localhost kernel: EXT4-fs (sda1): resizing filesystem from 1271296 to 4154875 blocks
Apr 26 22:11:56.187852 localhost kernel: EXT4-fs (sda1): resized filesystem to 4154875
Apr 26 22:11:56.362924 localhost kernel: ip6_tables: (C) 2000-2006 Netfilter Core Team
Apr 26 22:11:59.281660 e2e-test-peterhornyack-master kernel: Bridge firewalling registered
Apr 26 22:11:59.563662 e2e-test-peterhornyack-master kernel: IPv6: ADDRCONF(NETDEV_UP): docker0: link is not ready
Apr 26 22:12:07.212196 e2e-test-peterhornyack-master kernel: EXT4-fs (sda1): re-mounted. Opts: commit=30,data=ordered
Apr 26 22:13:37.928820 e2e-test-peterhornyack-master kernel: EXT4-fs (sda1): re-mounted. Opts: commit=30,data=ordered
Apr 26 22:13:38.855220 e2e-test-peterhornyack-master kernel: Unsafe core_pattern used with fs.suid_dumpable=2.
                                                             Pipe handler or fully qualified core dump path required.
                                                             Set kernel.core_pattern before fs.suid_dumpable.
Apr 26 22:13:40.878023 e2e-test-peterhornyack-master kernel: EXT4-fs (sdb): mounted filesystem with ordered data mode. Opts: discard
Apr 26 22:13:48.556365 e2e-test-peterhornyack-master kernel: EXT4-fs (sda1): re-mounted. Opts: commit=30,data=ordered
