SeaBIOS (version 1.8.2-20190322_093631-google)
Total RAM Size = 0x00000000f0000000 = 3840 MiB
CPUs found: 1     Max CPUs supported: 1
found virtio-scsi at 0:3
virtio-scsi vendor='Google' product='PersistentDisk' rev='1' type=0 removable=0
virtio-scsi blksize=512 sectors=41943040 = 20480 MiB
virtio-scsi vendor='Google' product='PersistentDisk' rev='1' type=0 removable=0
virtio-scsi blksize=512 sectors=41943040 = 20480 MiB
drive 0x000f2a00: PCHS=0/0/0 translation=lba LCHS=1024/255/63 s=41943040
drive 0x000f29c0: PCHS=0/0/0 translation=lba LCHS=1024/255/63 s=41943040
Booting from Hard Disk 0...
[    0.000000] Linux version 4.14.94+ (chrome-bot@swarm-cros-645) (gcc version 4.9.x 20150123 (prerelease) (4.9.2_cos_gg_4.9.2-r200-ac6128e0a17a52f011797f33ac3e7d6273a9368d_4.9.2-r200)) #1 SMP Thu Feb 28 00:14:21 PST 2019
[    0.000000] Command line: BOOT_IMAGE=/syslinux/vmlinuz.A init=/usr/lib/systemd/systemd boot=local rootwait ro noresume noswap loglevel=7 noinitrd console=ttyS0 vsyscall=emulate security=apparmor virtio_net.napi_tx=1 systemd.unified_cgroup_hierarchy=false systemd.legacy_systemd_cgroup_controller=true csm.disabled=1 dm_verity.error_behavior=3 dm_verity.max_bios=-1 dm_verity.dev_wait=1 i915.modeset=1 cros_efi root=/dev/dm-0 "dm=1 vroot none ro 1,0 2539520 verity payload=PARTUUID=71913957-D6B1-8948-AFA7-574E312FC408 hashtree=PARTUUID=71913957-D6B1-8948-AFA7-574E312FC408 hashstart=2539520 alg=sha1 root_hexdigest=e582525d12c5f702e39eca88f648e851195d84f7 salt=331684cac74749b4944aedce8c7e5dd9abed70e63b61b9be00d8c9efd9d17444"
[    0.000000] x86/fpu: Supporting XSAVE feature 0x001: 'x87 floating point registers'
[    0.000000] x86/fpu: Supporting XSAVE feature 0x002: 'SSE registers'
[    0.000000] x86/fpu: Supporting XSAVE feature 0x004: 'AVX registers'
[    0.000000] x86/fpu: xstate_offset[2]:  576, xstate_sizes[2]:  256
[    0.000000] x86/fpu: Enabled xstate features 0x7, context size is 832 bytes, using 'standard' format.
[    0.000000] e820: BIOS-provided physical RAM map:
[    0.000000] BIOS-e820: [mem 0x0000000000000000-0x000000000009fbff] usable
[    0.000000] BIOS-e820: [mem 0x000000000009fc00-0x000000000009ffff] reserved
[    0.000000] BIOS-e820: [mem 0x00000000000f0000-0x00000000000fffff] reserved
[    0.000000] BIOS-e820: [mem 0x0000000000100000-0x00000000bfffcfff] usable
[    0.000000] BIOS-e820: [mem 0x00000000bfffd000-0x00000000bfffffff] reserved
[    0.000000] BIOS-e820: [mem 0x00000000fffbc000-0x00000000ffffffff] reserved
[    0.000000] BIOS-e820: [mem 0x0000000100000000-0x000000012fffffff] usable
[    0.000000] NX (Execute Disable) protection: active
[    0.000000] SMBIOS 2.4 present.
[    0.000000] DMI: Google Google Compute Engine/Google Compute Engine, BIOS Google 01/01/2011
[    0.000000] Hypervisor detected: KVM
[    0.000000] kvm-clock: Using msrs 4b564d01 and 4b564d00
[    0.000000] kvm-clock: cpu 0, msr 4b4e6001, primary cpu clock
[    0.000000] kvm-clock: using sched offset of 799222141 cycles
[    0.000000] clocksource: kvm-clock: mask: 0xffffffffffffffff max_cycles: 0x1cd42e4dffb, max_idle_ns: 881590591483 ns
[    0.000000] tsc: Initial usec timer 741425
[    0.000000] tsc: Detected 2300.000 MHz processor
[    0.000000] e820: last_pfn = 0x130000 max_arch_pfn = 0x400000000
[    0.000000] x86/PAT: Configuration [0-7]: WB  WC  UC- UC  WB  WP  UC- WT  
[    0.000000] e820: last_pfn = 0xbfffd max_arch_pfn = 0x400000000
[    0.000000] found SMP MP-table at [mem 0x000f2c80-0x000f2c8f] mapped at [ffffffffff200c80]
[    0.000000] Scanning 1 areas for low memory corruption
[    0.000000] Using GB pages for direct mapping
[    0.000000] ACPI: Early table checksum verification disabled
[    0.000000] ACPI: RSDP 0x00000000000F2A40 000014 (v00 Google)
[    0.000000] ACPI: RSDT 0x00000000BFFFDAC0 000038 (v01 Google GOOGRSDT 00000001 GOOG 00000001)
[    0.000000] ACPI: FACP 0x00000000BFFFFF00 0000F4 (v02 Google GOOGFACP 00000001 GOOG 00000001)
[    0.000000] ACPI: DSDT 0x00000000BFFFDB00 0018BA (v01 Google GOOGDSDT 00000001 GOOG 00000001)
[    0.000000] ACPI: FACS 0x00000000BFFFFEC0 000040
[    0.000000] ACPI: FACS 0x00000000BFFFFEC0 000040
[    0.000000] ACPI: SSDT 0x00000000BFFFF5A0 00091F (v01 Google GOOGSSDT 00000001 GOOG 00000001)
[    0.000000] ACPI: APIC 0x00000000BFFFF4B0 00006E (v01 Google GOOGAPIC 00000001 GOOG 00000001)
[    0.000000] ACPI: WAET 0x00000000BFFFF480 000028 (v01 Google GOOGWAET 00000001 GOOG 00000001)
[    0.000000] ACPI: SRAT 0x00000000BFFFF3C0 0000B8 (v01 Google GOOGSRAT 00000001 GOOG 00000001)
[    0.000000] SRAT: PXM 0 -> APIC 0x00 -> Node 0
[    0.000000] ACPI: SRAT: Node 0 PXM 0 [mem 0x00000000-0x0009ffff]
[    0.000000] ACPI: SRAT: Node 0 PXM 0 [mem 0x00100000-0xbfffffff]
[    0.000000] ACPI: SRAT: Node 0 PXM 0 [mem 0x100000000-0x12fffffff]
[    0.000000] NUMA: Node 0 [mem 0x00000000-0x0009ffff] + [mem 0x00100000-0xbfffffff] -> [mem 0x00000000-0xbfffffff]
[    0.000000] NUMA: Node 0 [mem 0x00000000-0xbfffffff] + [mem 0x100000000-0x12fffffff] -> [mem 0x00000000-0x12fffffff]
[    0.000000] NODE_DATA(0) allocated [mem 0x12fffa000-0x12fffdfff]
[    0.000000] Zone ranges:
[    0.000000]   DMA      [mem 0x0000000000001000-0x0000000000ffffff]
[    0.000000]   DMA32    [mem 0x0000000001000000-0x00000000ffffffff]
[    0.000000]   Normal   [mem 0x0000000100000000-0x000000012fffffff]
[    0.000000] Movable zone start for each node
[    0.000000] Early memory node ranges
[    0.000000]   node   0: [mem 0x0000000000001000-0x000000000009efff]
[    0.000000]   node   0: [mem 0x0000000000100000-0x00000000bfffcfff]
[    0.000000]   node   0: [mem 0x0000000100000000-0x000000012fffffff]
[    0.000000] Initmem setup node 0 [mem 0x0000000000001000-0x000000012fffffff]
[    0.000000] ACPI: LAPIC_NMI (acpi_id[0xff] dfl dfl lint[0x1])
[    0.000000] IOAPIC[0]: apic_id 0, version 17, address 0xfec00000, GSI 0-23
[    0.000000] ACPI: INT_SRC_OVR (bus 0 bus_irq 5 global_irq 5 high level)
[    0.000000] ACPI: INT_SRC_OVR (bus 0 bus_irq 9 global_irq 9 high level)
[    0.000000] ACPI: INT_SRC_OVR (bus 0 bus_irq 10 global_irq 10 high level)
[    0.000000] ACPI: INT_SRC_OVR (bus 0 bus_irq 11 global_irq 11 high level)
[    0.000000] Using ACPI (MADT) for SMP configuration information
[    0.000000] smpboot: Allowing 1 CPUs, 0 hotplug CPUs
[    0.000000] e820: [mem 0xc0000000-0xfffbbfff] available for PCI devices
[    0.000000] Booting paravirtualized kernel on KVM
[    0.000000] clocksource: refined-jiffies: mask: 0xffffffff max_cycles: 0xffffffff, max_idle_ns: 1910969940391419 ns
[    0.000000] random: get_random_bytes called from start_kernel+0x8c/0x487 with crng_init=0
[    0.000000] setup_percpu: NR_CPUS:256 nr_cpumask_bits:256 nr_cpu_ids:1 nr_node_ids:1
[    0.000000] percpu: Embedded 44 pages/cpu @ffff95cf2fc00000 s140136 r8192 d31896 u2097152
[    0.000000] Built 1 zonelists, mobility grouping on.  Total pages: 967558
[    0.000000] Policy zone: Normal
[    0.000000] Kernel command line: BOOT_IMAGE=/syslinux/vmlinuz.A init=/usr/lib/systemd/systemd boot=local rootwait ro noresume noswap loglevel=7 noinitrd console=ttyS0 vsyscall=emulate security=apparmor virtio_net.napi_tx=1 systemd.unified_cgroup_hierarchy=false systemd.legacy_systemd_cgroup_controller=true csm.disabled=1 dm_verity.error_behavior=3 dm_verity.max_bios=-1 dm_verity.dev_wait=1 i915.modeset=1 cros_efi root=/dev/dm-0 "dm=1 vroot none ro 1,0 2539520 verity payload=PARTUUID=71913957-D6B1-8948-AFA7-574E312FC408 hashtree=PARTUUID=71913957-D6B1-8948-AFA7-574E312FC408 hashstart=2539520 alg=sha1 root_hexdigest=e582525d12c5f702e39eca88f648e851195d84f7 salt=331684cac74749b4944aedce8c7e5dd9abed70e63b61b9be00d8c9efd9d17444"
[    0.000000] device-mapper: init: will configure 1 devices
[    0.000000] PID hash table entries: 4096 (order: 3, 32768 bytes)
[    0.000000] Memory: 3782080K/3931756K available (10252K kernel code, 1149K rwdata, 2056K rodata, 1360K init, 540K bss, 149676K reserved, 0K cma-reserved)
[    0.000000] SLUB: HWalign=64, Order=0-3, MinObjects=0, CPUs=1, Nodes=1
[    0.000000] Kernel/User page tables isolation: enabled
[    0.000000] ftrace: allocating 26803 entries in 105 pages
[    0.001000] Hierarchical RCU implementation.
[    0.001000] 	RCU restricting CPUs from NR_CPUS=256 to nr_cpu_ids=1.
[    0.001000] RCU: Adjusting geometry for rcu_fanout_leaf=16, nr_cpu_ids=1
[    0.001000] NR_IRQS: 16640, nr_irqs: 256, preallocated irqs: 16
[    0.001000] console [ttyS0] enabled
[    0.001015] clocksource: tsc-early: mask: 0xffffffffffffffff max_cycles: 0x212735223b2, max_idle_ns: 440795277976 ns
[    0.002010] Calibrating delay loop (skipped) preset value.. 4600.00 BogoMIPS (lpj=2300000)
[    0.003006] pid_max: default: 32768 minimum: 301
[    0.004022] ACPI: Core revision 20170728
[    0.006275] ACPI: 2 ACPI AML tables successfully acquired and loaded
[    0.007025] Security Framework initialized
[    0.008013] Yama: becoming mindful.
[    0.008547] LoadPin: ready to pin (currently enabled)
[    0.008549] Chromium OS LSM: enabled
[    0.009020] AppArmor: AppArmor initialized
[    0.012920] Dentry cache hash table entries: 524288 (order: 10, 4194304 bytes)
[    0.014118] Inode-cache hash table entries: 262144 (order: 9, 2097152 bytes)
[    0.015026] Mount-cache hash table entries: 8192 (order: 4, 65536 bytes)
[    0.016021] Mountpoint-cache hash table entries: 8192 (order: 4, 65536 bytes)
[    0.017324] Last level iTLB entries: 4KB 1024, 2MB 1024, 4MB 1024
[    0.018008] Last level dTLB entries: 4KB 1024, 2MB 1024, 4MB 1024, 1GB 4
[    0.019011] Spectre V2 : Mitigation: Full generic retpoline
[    0.020007] Spectre V2 : Spectre v2 / SpectreRSB mitigation: Filling RSB on context switch
[    0.021007] Spectre V2 : Enabling Restricted Speculation for firmware calls
[    0.022007] Spectre V2 : mitigation: Enabling conditional Indirect Branch Prediction Barrier
[    0.023014] Speculative Store Bypass: Mitigation: Speculative Store Bypass disabled via prctl and seccomp
[    0.037659] Freeing SMP alternatives memory: 28K
[    0.039539] smpboot: Max logical packages: 1
[    0.040530] x2apic enabled
[    0.041007] Switched APIC routing to physical x2apic.
[    0.045266] ..TIMER: vector=0x30 apic1=0 pin1=0 apic2=-1 pin2=-1
[    0.147059] smpboot: CPU0: Intel(R) Xeon(R) CPU @ 2.30GHz (family: 0x6, model: 0x3f, stepping: 0x0)
[    0.148127] Performance Events: unsupported p6 CPU model 63 no PMU driver, software events only.
[    0.149044] Hierarchical SRCU implementation.
[    0.150090] random: crng done (trusting CPU's manufacturer)
[    0.151008] NMI watchdog: Perf event create on CPU 0 failed with -2
[    0.152001] NMI watchdog: Perf NMI watchdog permanently disabled
[    0.153052] smp: Bringing up secondary CPUs ...
[    0.153701] smp: Brought up 1 node, 1 CPU
[    0.154005] smpboot: Total of 1 processors activated (4600.00 BogoMIPS)
[    0.157059] devtmpfs: initialized
[    0.157877] clocksource: jiffies: mask: 0xffffffff max_cycles: 0xffffffff, max_idle_ns: 1911260446275000 ns
[    0.158011] futex hash table entries: 256 (order: 2, 16384 bytes)
[    0.159147] RTC time: 22:11:53, date: 04/26/19
[    0.161029] NET: Registered protocol family 16
[    0.162170] cpuidle: using governor ladder
[    0.162775] cpuidle: using governor menu
[    0.163122] clocksource: Switched to clocksource kvm-clock
[    0.163954] ACPI: bus type PCI registered
[    0.164636] PCI: Using configuration type 1 for base access
[    0.166275] HugeTLB registered 2.00 MiB page size, pre-allocated 0 pages
[    0.167434] ACPI: Added _OSI(Module Device)
[    0.168096] ACPI: Added _OSI(Processor Device)
[    0.168707] ACPI: Added _OSI(3.0 _SCP Extensions)
[    0.169354] ACPI: Added _OSI(Processor Aggregator Device)
[    0.170593] ACPI: Executed 2 blocks of module-level executable AML code
[    0.172745] ACPI: Interpreter enabled
[    0.173370] ACPI: (supports S0 S3 S5)
[    0.173986] ACPI: Using IOAPIC for interrupt routing
[    0.174842] PCI: Using host bridge windows from ACPI; if necessary, use "pci=nocrs" and report a bug
[    0.176647] ACPI: Enabled 16 GPEs in block 00 to 0F
[    0.179413] ACPI: PCI Root Bridge [PCI0] (domain 0000 [bus 00-ff])
[    0.180317] acpi PNP0A03:00: _OSC: OS supports [ASPM ClockPM Segments MSI]
[    0.181285] acpi PNP0A03:00: _OSC failed (AE_NOT_FOUND); disabling ASPM
[    0.182184] acpi PNP0A03:00: fail to add MMCONFIG information, can't access extended PCI configuration space under this bridge.
[    0.183981] PCI host bridge to bus 0000:00
[    0.184580] pci_bus 0000:00: root bus resource [io  0x0000-0x0cf7 window]
[    0.185515] pci_bus 0000:00: root bus resource [io  0x0d00-0xffff window]
[    0.186566] pci_bus 0000:00: root bus resource [mem 0x000a0000-0x000bffff window]
[    0.187620] pci_bus 0000:00: root bus resource [mem 0xc0000000-0xfebfffff window]
[    0.188757] pci_bus 0000:00: root bus resource [bus 00-ff]
[    0.221371] pci 0000:00:01.3: quirk: [io  0xb000-0xb03f] claimed by PIIX4 ACPI
[    0.262392] ACPI: PCI Interrupt Link [LNKA] (IRQs 5 *10 11)
[    0.264177] ACPI: PCI Interrupt Link [LNKB] (IRQs 5 *10 11)
[    0.265955] ACPI: PCI Interrupt Link [LNKC] (IRQs 5 10 *11)
[    0.267793] ACPI: PCI Interrupt Link [LNKD] (IRQs 5 10 *11)
[    0.269366] ACPI: PCI Interrupt Link [LNKS] (IRQs *9)
[    0.270616] SCSI subsystem initialized
[    0.271353] PCI: Using ACPI for IRQ routing
[    0.284996] VFS: Disk quotas dquot_6.6.0
[    0.285709] VFS: Dquot-cache hash table entries: 512 (order 0, 4096 bytes)
[    0.286940] AppArmor: AppArmor Filesystem Enabled
[    0.287638] pnp: PnP ACPI init
[    0.288749] pnp: PnP ACPI: found 7 devices
[    0.289565] NET: Registered protocol family 2
[    0.290616] TCP established hash table entries: 32768 (order: 6, 262144 bytes)
[    0.292570] TCP bind hash table entries: 32768 (order: 8, 1048576 bytes)
[    0.294005] TCP: Hash tables configured (established 32768 bind 32768)
[    0.295031] UDP hash table entries: 2048 (order: 5, 196608 bytes)
[    0.296073] UDP-Lite hash table entries: 2048 (order: 5, 196608 bytes)
[    0.297115] NET: Registered protocol family 1
[    0.297759] pci 0000:00:00.0: Limiting direct PCI/PCI transfers
[    0.298849] PCI-DMA: Using software bounce buffering for IO (SWIOTLB)
[    0.299985] software IO TLB: mapped [mem 0xbbffd000-0xbfffd000] (64MB)
[    0.301056] RAPL PMU: API unit is 2^-32 Joules, 4 fixed counters, 10737418240 ms ovfl timer
[    0.302387] RAPL PMU: hw unit of domain pp0-core 2^-0 Joules
[    0.303180] RAPL PMU: hw unit of domain package 2^-0 Joules
[    0.304396] RAPL PMU: hw unit of domain dram 2^-0 Joules
[    0.305338] RAPL PMU: hw unit of domain pp1-gpu 2^-0 Joules
[    0.306249] clocksource: tsc: mask: 0xffffffffffffffff max_cycles: 0x212735223b2, max_idle_ns: 440795277976 ns
[    0.307733] Scanning for low memory corruption every 60 seconds
[    0.308683] audit: initializing netlink subsys (disabled)
[    0.309678] Initialise system trusted keyrings
[    0.310417] audit: type=2000 audit(1556316713.800:1): state=initialized audit_enabled=0 res=1
[    0.311919] workingset: timestamp_bits=40 max_order=20 bucket_order=0
[    0.314246] Key type asymmetric registered
[    0.314978] Asymmetric key parser 'x509' registered
[    0.315783] Block layer SCSI generic (bsg) driver version 0.4 loaded (major 250)
[    0.317096] io scheduler noop registered (default)
[    0.317852] io scheduler deadline registered
[    0.318472] io scheduler cfq registered
[    0.319076] io scheduler mq-deadline registered
[    0.319844] input: Power Button as /devices/LNXSYSTM:00/LNXPWRBN:00/input/input0
[    0.320992] ACPI: Power Button [PWRF]
[    0.321595] input: Sleep Button as /devices/LNXSYSTM:00/LNXSLPBN:00/input/input1
[    0.322744] ACPI: Sleep Button [SLPF]
[    0.325194] ACPI: PCI Interrupt Link [LNKC] enabled at IRQ 11
[    0.326648] virtio-pci 0000:00:03.0: virtio_pci: leaving for legacy driver
[    0.330324] ACPI: PCI Interrupt Link [LNKD] enabled at IRQ 10
[    0.331382] virtio-pci 0000:00:04.0: virtio_pci: leaving for legacy driver
[    0.335415] Serial: 8250/16550 driver, 4 ports, IRQ sharing disabled
[    0.357967] 00:03: ttyS0 at I/O 0x3f8 (irq = 4, base_baud = 115200) is a 16550A
[    0.381218] 00:04: ttyS1 at I/O 0x2f8 (irq = 3, base_baud = 115200) is a 16550A
[    0.404536] 00:05: ttyS2 at I/O 0x3e8 (irq = 6, base_baud = 115200) is a 16550A
[    0.427600] 00:06: ttyS3 at I/O 0x2e8 (irq = 7, base_baud = 115200) is a 16550A
[    0.429235] Non-volatile memory driver v1.3
[    0.431709] loop: module loaded
[    0.441193] scsi host0: Virtio SCSI HBA
[    0.454738] scsi 0:0:1:0: Direct-Access     Google   PersistentDisk   1    PQ: 0 ANSI: 6
[    0.457651] scsi 0:0:2:0: Direct-Access     Google   PersistentDisk   1    PQ: 0 ANSI: 6
[    0.503434] i8042: PNP: PS/2 Controller [PNP0303:KBD,PNP0f13:MOU] at 0x60,0x64 irq 1,12
[    0.505501] i8042: Warning: Keylock active
[    0.507677] serio: i8042 KBD port at 0x60,0x64 irq 1
[    0.508816] serio: i8042 AUX port at 0x60,0x64 irq 12
[    0.510236] rtc_cmos 00:00: RTC can wake from S4
[    0.511732] rtc_cmos 00:00: registered as rtc0
[    0.512640] rtc_cmos 00:00: alarms up to one day, 114 bytes nvram
[    0.513961] iTCO_wdt: Intel TCO WatchDog Timer Driver v1.11
[    0.514919] iTCO_vendor_support: vendor-support=0
[    0.515983] sd 0:0:1:0: [sda] 41943040 512-byte logical blocks: (21.5 GB/20.0 GiB)
[    0.517344] sd 0:0:1:0: [sda] 4096-byte physical blocks
[    0.518403] device-mapper: ioctl: 4.37.0-ioctl (2017-09-20) initialised: dm-devel@redhat.com
[    0.520078] sd 0:0:1:0: [sda] Write Protect is off
[    0.521043] sd 0:0:2:0: [sdb] 41943040 512-byte logical blocks: (21.5 GB/20.0 GiB)
[    0.522315] sd 0:0:2:0: [sdb] 4096-byte physical blocks
[    0.523210] sd 0:0:2:0: [sdb] Write Protect is off
[    0.524179] sd 0:0:1:0: [sda] Write cache: enabled, read cache: enabled, doesn't support DPO or FUA
[    0.526036] device-mapper: verity-chromeos: dm-verity-chromeos registered
[    0.527730] Mirror/redirect action on
[    0.528462] Netfilter messages via NETLINK v0.30.
[    0.529486] nf_conntrack version 0.5.0 (16384 buckets, 65536 max)
[    0.530511] ctnetlink v0.93: registering with nfnetlink.
[    0.531560] ip_tables: (C) 2000-2006 Netfilter Core Team
[    0.532621] Initializing XFRM netlink socket
[    0.533646] NET: Registered protocol family 10
[    0.534745] sd 0:0:2:0: [sdb] Write cache: enabled, read cache: enabled, doesn't support DPO or FUA
[    0.536411] Segment Routing with IPv6
[    0.537302] NET: Registered protocol family 17
[    0.538244] bridge: filtering via arp/ip/ip6tables is no longer available by default. Update your scripts to load br_netfilter if you need this.
[    0.540673] sched_clock: Marking stable (540555131, 0)->(920105217, -379550086)
[    0.542543] registered taskstats version 1
[    0.543301] Loading compiled-in X.509 certificates
[    0.545124] Loaded X.509 cert 'Google LLC: Container-Optimized OS kernel signing key: cdd9ce572db9e71668e71b5a9113908047a21771'
[    0.548076] Loaded X.509 cert 'Google: Container-Optimized OS: 2efea493fc148b35859d0bc8c3dd71a139fc7ab411283e06f6c10b5a6b17e355'
[    0.550226] AppArmor: AppArmor sha1 policy hashing enabled
[    0.551247] ima: No TPM chip found, activating TPM-bypass! (rc=-19)
[    0.552526] ima: Allocated hash algorithm: sha256
[    0.553627]   Magic number: 15:891:199
[    0.566826] GPT:Primary header thinks Alt. header is not at the end of the disk.
[    0.568065] GPT:18874524 != 41943039
[    0.568590] GPT:Alternate GPT header not at the end of the disk.
[    0.569495] GPT:18874524 != 41943039
[    0.570163] GPT: Use GNU Parted to correct GPT errors.
[    0.570927]  sda: sda1 sda2 sda3 sda4 sda5 sda6 sda7 sda8 sda9 sda10 sda11 sda12
[    0.572850] sd 0:0:2:0: [sdb] Attached SCSI disk
[    0.573980] sd 0:0:1:0: [sda] Attached SCSI disk
[    0.574719] device-mapper: init: attempting early device configuration.
[    0.576084] device-mapper: init: adding target '0 2539520 verity payload=PARTUUID=71913957-D6B1-8948-AFA7-574E312FC408 hashtree=PARTUUID=71913957-D6B1-8948-AFA7-574E312FC408 hashstart=2539520 alg=sha1 root_hexdigest=e582525d12c5f702e39eca88f648e851195d84f7 salt=331684cac74749b4944aedce8c7e5dd9abed70e63b61b9be00d8c9efd9d17444'
[    0.580405] device-mapper: verity: Argument 0: 'payload=PARTUUID=71913957-D6B1-8948-AFA7-574E312FC408'
[    0.581696] device-mapper: verity: Argument 1: 'hashtree=PARTUUID=71913957-D6B1-8948-AFA7-574E312FC408'
[    0.583077] device-mapper: verity: Argument 2: 'hashstart=2539520'
[    0.584151] device-mapper: verity: Argument 3: 'alg=sha1'
[    0.584950] device-mapper: verity: Argument 4: 'root_hexdigest=e582525d12c5f702e39eca88f648e851195d84f7'
[    0.586543] device-mapper: verity: Argument 5: 'salt=331684cac74749b4944aedce8c7e5dd9abed70e63b61b9be00d8c9efd9d17444'
[    0.588647] device-mapper: init: dm-0 is ready
[    0.603197] EXT4-fs (dm-0): mounting ext2 file system using the ext4 subsystem
[    0.607553] EXT4-fs (dm-0): mounted filesystem without journal. Opts: (null)
[    0.608672] VFS: Mounted root (ext2 filesystem) readonly on device 254:0.
[    0.618944] devtmpfs: mounted
[    0.782702] Freeing unused kernel memory: 1360K
[    0.785032] Write protecting the kernel read-only data: 16384k
[    0.787093] Freeing unused kernel memory: 2012K
[    0.791579] Freeing unused kernel memory: 2040K
[    0.988648] systemd[1]: systemd 232 running in system mode. (+PAM +AUDIT -SELINUX +IMA +APPARMOR +SMACK -SYSVINIT -UTMP -LIBCRYPTSETUP +GCRYPT -GNUTLS -ACL -XZ +LZ4 +SECCOMP +BLKID -ELFUTILS +KMOD -IDN)
[    0.991504] systemd[1]: Detected virtualization kvm.
[    0.992281] systemd[1]: Detected architecture x86-64.

Welcome to [1mContainer-Optimized OS from Google[0m!

[    1.008132] systemd[1]: Initializing machine ID from KVM UUID.
[    1.009129] systemd[1]: Installed transient /etc/machine-id file.
[    1.326213] systemd[1]: Listening on /dev/initctl Compatibility Named Pipe.
[[0;32m  OK  [0m] Listening on /dev/initctl Compatibility Named Pipe.
[    1.331321] systemd[1]: Set up automount Arbitrary Executable File Formats File System Automount Point.
[[0;32m  OK  [0m] Set up automount Arbitrary Executab?rmats File System Automount Point.
[    1.339354] systemd[1]: Listening on Process Core Dump Socket.
[[0;32m  OK  [0m] Listening on Process Core Dump Socket.
[    1.344100] systemd[1]: Reached target Remote File Systems.
[[0;32m  OK  [0m] Reached target Remote File Systems.
[    1.348592] systemd[1]: Created slice User and Session Slice.
[[0;32m  OK  [0m] Created slice User and Session Slice.
[[0;32m  OK  [0m] Listening on udev Kernel Socket.
[[0;32m  OK  [0m] Listening on Journal Socket.
[[0;32m  OK  [0m] Listening on Journal Socket (/dev/log).
[[0;32m  OK  [0m] Reached target Swap.
[[0;32m  OK  [0m] Created slice System Slice.
[[0;32m  OK  [0m] Created slice system-serial\x2dgetty.slice.
         Starting Create list of required st?ce nodes for the current kernel...
         Starting Mount /dev/shm with 'noexec'...
         Mounting Debug File System...
         Starting Remount Root and Kernel File Systems...
         Mounting Huge Pages File System...
         Mounting Temporary Directory...
[[0;32m  OK  [0m] Created slice Slice for System Daemons.
         Mounting POSIX Message Queue File System...
         Mounting /mnt/disks...
[[0;32m  OK  [0m] Listening on udev Control Socket.
         Starting Apply Kernel Variables...
[[0;32m  OK  [0m] Created slice system-systemd\x2dfsck.slice.
[[0;32m  OK  [0m] Listening on Network Service Netlink Socket.
[[0;32m  OK  [0m] Started Dispatch Password Requests to Console Directory Watch.
[[0;32m  OK  [0m] Reached target Slices.
         Starting udev Coldplug all Devices...
[[0;32m  OK  [0m] Listening on Journal Audit Socket.
         Starting Journal Service...
[[0;32m  OK  [0m] Started Forward Password Requests to Wall Directory Watch.
[[0;32m  OK  [0m] Reached target Paths.
[[0;32m  OK  [0m] Mounted Debug File System.
[[0;32m  OK  [0m] Mounted POSIX Message Queue File System.
[[0;32m  OK  [0m] Mounted Huge Pages File System.
[[0;32m  OK  [0m] Mounted /mnt/disks.
[[0;32m  OK  [0m] Mounted Temporary Directory.
[[0;32m  OK  [0m] Started Create list of required sta?vice nodes for the current kernel.
[[0;32m  OK  [0m] Started Mount /dev/shm with 'noexec'.
[[0;32m  OK  [0m] Started Remount Root and Kernel File Systems.
[[0;32m  OK  [0m] Started Apply Kernel Variables.
         Starting Create Static Device Nodes in /dev...
         Starting Mount /etc overlay...
[[0;32m  OK  [0m] Started Journal Service.
[[0;32m  OK  [0m] Started Create Static Device Nodes in /dev.
         Starting udev Kernel Device Manager...
[[0;32m  OK  [0m] Reached target Local File Systems (Pre).
[[0;32m  OK  [0m] Started stateful-devices.path.
[[0;32m  OK  [0m] Started Mount /etc overlay.
[[0;32m  OK  [0m] Started udev Coldplug all Devices.
[[0;32m  OK  [0m] Started udev Kernel Device Manager.
         Starting Creates the /dev/stateful symlink to the stateful device....
[[0;32m  OK  [0m] Found device /dev/ttyS0.
[    1.642548] LoadPin: dev(254,0): read-only
[    1.643390] LoadPin: load pinning engaged.
[    1.644253] LoadPin: kernel-module pinned obj="/lib/modules/4.14.94+/kernel/arch/x86/crypto/glue_helper.ko" pid=119 cmdline="/usr/lib/systemd/systemd-udevd"
[    1.689746] AVX2 version of gcm_enc/dec engaged.
[    1.690440] AES CTR mode by8 optimization enabled
[[0;32m  OK  [0m] Found device PersistentDisk OEM.
         Mounting /usr/share/oem...
[[0;32m  OK  [0m] Started Creates the /dev/stateful symlink to the stateful device..
[    1.737140] EXT4-fs (sda8): mounted filesystem with ordered data mode. Opts: (null)
[[0;32m  OK  [0m] Mounted /usr/share/oem.
[[0;32m  OK  [0m] Found device PersistentDisk STATE.
         Starting File System Check on /dev/stateful...
[    1.813343] systemd-fsck[171]: STATE: clean, 8420/318240 files, 51812/1271296 blocks
[[0;32m  OK  [0m] Started File System Check on /dev/stateful.
         Mounting /mnt/stateful_partition...
[    1.860344] EXT4-fs (sda1): mounted filesystem with ordered data mode. Opts: commit=30
[[0;32m  OK  [0m] Mounted /mnt/stateful_partition.
         Starting Make /mnt/stateful_partition private...
         Starting Resize stateful partition...
[[0;32m  OK  [0m] Started Make /mnt/stateful_partition private.
         Mounting /home...
         Mounting /var...
[[0;32m  OK  [0m] Mounted /var.
[[0;32m  OK  [0m] Mounted /home.
         Mounting Bind mount /var/lib/toolbox to itself...
         Mounting /var/lib/cloud...
         Mounting Bind mount /var/lib/docker to itself...
         Mounting Bind mount /var/lib/google to itself...
         Starting Flush Journal to Persistent Storage...
[[0;32m  OK  [0m] Mounted Bind mount /var/lib/google to itself.
[[0;32m  OK  [0m] Mounted Bind mount /var/lib/toolbox to itself.
[[0;32m  OK  [0m] Mounted Bind mount /var/lib/docker to itself.
[[0;32m  OK  [0m] Mounted /var/lib/cloud.
         Starting Mount /var/lib/docker with 'exec'...
[    1.934605] EXT4-fs (sda1): re-mounted. Opts: commit=30,data=ordered
         Starting Mount /var/lib/toolbox with 'exec' and 'suid' bits...
[    1.939089] EXT4-fs (sda1): re-mounted. Opts: commit=30,data=ordered
         Starting Mount /var/lib/google with 'exec'...
[    1.943343] EXT4-fs (sda1): re-mounted. Opts: commit=30,data=ordered
[    1.947103] systemd-journald[99]: Received request to flush runtime journal from PID 1
[[0;32m  OK  [0m] Started Mount /var/lib/google with 'exec'.
[[0;32m  OK  [0m] Started Mount /var/lib/docker with 'exec'.
[[0;32m  OK  [0m] Started Mount /var/lib/toolbox with 'exec' and 'suid' bits.
[[0;32m  OK  [0m] Reached target Local File Systems.
         Starting Rebuild Journal Catalog...
         Starting Rebuild Dynamic Linker Cache...
[[0;32m  OK  [0m] Started Flush Journal to Persistent Storage.
         Starting Create Volatile Files and Directories...
[[0;32m  OK  [0m] Started Rebuild Journal Catalog.
[[0;32m  OK  [0m] Started Create Volatile Files and Directories.
         Starting Network Time Synchronization...
         Starting Load Security Auditing Rules...
[[0;32m  OK  [0m] Started Network Time Synchronization.
[[0;32m  OK  [0m] Reached target System Time Synchronized.
[    2.078951] EXT4-fs (sda1): resizing filesystem from 1271296 to 4154875 blocks
[[0;32m  OK  [0m] Started Load Security Auditing Rules.
[[0;32m  OK  [0m] Started Rebuild Dynamic Linker Cache.
         Starting Update is Completed...
[[0;32m  OK  [0m] Started Update is Completed.
[    2.692946] EXT4-fs (sda1): resized filesystem to 4154875
[[0;32m  OK  [0m] Started Resize stateful partition.
[[0;32m  OK  [0m] Reached target System Initialization.
[[0;32m  OK  [0m] Started Run Crash Sender hourly.
[[0;32m  OK  [0m] Started Daily Cleanup of Temporary Directories.
[[0;32m  OK  [0m] Reached target Timers.
         Starting Docker Socket for the API.
[[0;32m  OK  [0m] Listening on D-Bus System Message Bus Socket.
[[0;32m  OK  [0m] Listening on Docker Socket for the API.
[[0;32m  OK  [0m] Reached target Sockets.
[[0;32m  OK  [0m] Reached target Basic System.
         Starting Configure ip6tables...
[[0;32m  OK  [0m] Reached target Containers.
         Starting Initialize Crash Reporter...
         Starting Login Service...
         Starting Check if secure boot is enabled...
[[0;32m  OK  [0m] Started D-Bus System Message Bus.
[    2.868267] ip6_tables: (C) 2000-2006 Netfilter Core Team
         Starting Network Service...
         Starting Initial cloud-init job (pre-networking)...
         Starting Configure iptables...
         Starting Reports operating system info...
[[0;32m  OK  [0m] Started Check if secure boot is enabled.
[[0;32m  OK  [0m] Started Login Service.
[    2.921790] cat[283]: BUILD_ID=11647.64.0
[[0;32m  OK  [0m] Started Reports operating system info.
[    2.928794] cat[283]: NAME="Container-Optimized OS"
[    2.935303] cat[283]: KERNEL_COMMIT_ID=eb49a8f827edb6d8b5926b3ea48c6bc086d7a704
[    2.937554] cat[283]: GOOGLE_CRASH_ID=Lakitu
[    2.939110] cat[283]: VERSION_ID=73
[    2.943100] cat[283]: BUG_REPORT_URL="https://cloud.google.com/container-optimized-os/docs/resources/support-policy#contact_us"
[    2.948409] cat[283]: PRETTY_NAME="Container-Optimized OS from Google"
[    2.952259] cat[283]: VERSION=73
[    2.953447] cat[283]: GOOGLE_METRICS_PRODUCT_ID=26
[    2.954465] cat[283]: HOME_URL="https://cloud.google.com/container-optimized-os/docs"
[    2.956101] cat[283]: ID=cos
[    2.957916] echo[286]: Showing disk capacity
[    2.965052] df[288]: Filesystem      Size  Used Avail Use% Mounted on
[    2.967338] df[288]: /dev/root       1.2G  679M  542M  56% /
[    2.969590] df[288]: devtmpfs        1.9G     0  1.9G   0% /dev
[    2.972219] df[288]: tmpfs           1.9G     0  1.9G   0% /dev/shm
[    2.973579] df[288]: tmpfs           1.9G  236K  1.9G   1% /run
[    2.975982] df[288]: tmpfs           1.9G     0  1.9G   0% /sys/fs/cgroup
[[0;32m  OK  [0m] Started Initialize Crash Reporter.
         Starting Run per-boot crash collection tasks...
[    2.991118] df[288]: tmpfs           1.0M   36K  988K   4% /etc/machine-id
[    2.992718] df[288]: tmpfs           1.9G     0  1.9G   0% /tmp
[    2.995079] df[288]: tmpfs           256K     0  256K   0% /mnt/disks
[    2.997112] df[288]: overlayfs       1.0M   36K  988K   4% /etc
[    2.998157] df[288]: /dev/sda8        12M   28K   12M   1% /usr/share/oem
[    3.000112] df[288]: /dev/sda1        16G   76M   16G   1% /mnt/stateful_partition
[    3.002107] df[288]: tmpfs           1.0M     0  1.0M   0% /var/lib/cloud
[[0;32m  OK  [0m] Started Network Service.
         Starting Wait for Network to be Configured...
[[0;32m  OK  [0m] Started Configure iptables.
         Starting Hostname Service...
[[0;32m  OK  [0m] Started Configure ip6tables.
[[0;32m  OK  [0m] Reached target Network.
         Starting OpenSSH server daemon...
         Starting containerd container runtime...
         Starting Network Name Resolution...
         Starting Permit User Sessions...
[[0;32m  OK  [0m] Started containerd container runtime.
[[0;32m  OK  [0m] Started Permit User Sessions.
[[0;32m  OK  [0m] Started Serial Getty on ttyS0.
[[0;32m  OK  [0m] Reached target Login Prompts.
[[0;32m  OK  [0m] Started Run per-boot crash collection tasks.
         Starting Crash Sender...
[[0;32m  OK  [0m] Started Hostname Service.
[[0;32m  OK  [0m] Started Crash Sender.
[[0;32m  OK  [0m] Started Network Name Resolution.
[[0;32m  OK  [0m] Started OpenSSH server daemon.
[    4.429999] cloud-init[281]: Cloud-init v. 0.7.6 running 'init-local' at Fri, 26 Apr 2019 22:11:57 +0000. Up 4.39 seconds.
[[0;32m  OK  [0m] Started Initial cloud-init job (pre-networking).
[[0;32m  OK  [0m] Started Wait for Network to be Configured.
[[0;32m  OK  [0m] Reached target Network is Online.
         Starting Docker Application Container Engine...
         Starting Wait for User Data to be accessible...
         Starting Google Compute Engine Instance Setup...
         Starting Initialize device policy...
         Starting Wait for Google Container Registry (GCR) to be accessible...
[[0;32m  OK  [0m] Started Wait for User Data to be accessible.
[[0;32m  OK  [0m] Reached target User Data for Cloud Init is accessible.
         Starting Initial cloud-init job (metadata service crawler)...
[    5.788807] Bridge firewalling registered
[    6.070178] IPv6: ADDRCONF(NETDEV_UP): docker0: link is not ready
[[0;32m  OK  [0m] Started Docker Application Container Engine.
[[0;32m  OK  [0m] Started Initialize device policy.
[[0;32m  OK  [0m] Started Metrics Daemon.
[[0;32m  OK  [0m] Started GCI Device Policy Service.
[    6.463700] cloud-init[380]: Cloud-init v. 0.7.6 running 'init' at Fri, 26 Apr 2019 22:11:59 +0000. Up 6.37 seconds.
[    6.493572] cloud-init[380]: ci-info: +++++++++++++++++++++++++++Net device info++++++++++++++++++++++++++++
[    6.498296] cloud-init[380]: ci-info: +----------+------+------------+-----------------+-------------------+
[    6.502224] cloud-init[380]: ci-info: |  Device  |  Up  |  Address   |       Mask      |     Hw-Address    |
[    6.506221] cloud-init[380]: ci-info: +----------+------+------------+-----------------+-------------------+
[    6.510237] cloud-init[380]: ci-info: |   lo:    | True | 127.0.0.1  |    255.0.0.0    |         .         |
[    6.512358] cloud-init[380]: ci-info: |  eth0:   | True | 10.40.0.2  | 255.255.255.255 | 42:01:0a:28:00:02 |
[    6.514375] cloud-init[380]: ci-info: | docker0: | True | 172.17.0.1 |   255.255.0.0   | 02:42:c7:c8:77:12 |
[    6.519248] cloud-init[380]: ci-info: +----------+------+------------+-----------------+-------------------+
[    6.521256] cloud-init[380]: ci-info: +++++++++++++++++++++++++++++++Route info++++++++++++++++++++++++++++++++
[    6.525219] cloud-init[380]: ci-info: +-------+-------------+-----------+-----------------+-----------+-------+
[    6.529226] cloud-init[380]: ci-info: | Route | Destination |  Gateway  |     Genmask     | Interface | Flags |
[    6.533257] cloud-init[380]: ci-info: +-------+-------------+-----------+-----------------+-----------+-------+
[    6.537243] cloud-init[380]: ci-info: |   0   |   0.0.0.0   | 10.40.0.1 |     0.0.0.0     |    eth0   |   UG  |
[    6.541224] cloud-init[380]: ci-info: |   1   |   0.0.0.0   | 10.40.0.1 |     0.0.0.0     |    eth0   |   UG  |
[    6.545248] cloud-init[380]: ci-info: |   2   |  10.40.0.1  |  0.0.0.0  | 255.255.255.255 |    eth0   |   UH  |
[    6.550246] cloud-init[380]: ci-info: |   3   |  10.40.0.1  |  0.0.0.0  | 255.255.255.255 |    eth0   |   UH  |
[    6.554255] cloud-init[380]: ci-info: |   4   |  172.17.0.0 |  0.0.0.0  |   255.255.0.0   |  docker0  |   U   |
[    6.558283] cloud-init[380]: ci-info: +-------+-------------+-----------+-----------------+-----------+-------+
[[0;32m  OK  [0m] Started Google Compute Engine Instance Setup.
         Starting Google Compute Engine Network Setup...
[[0;32m  OK  [0m] Started Google Compute Engine Network Setup.
[[0;32m  OK  [0m] Started Google Compute Engine Accounts Daemon.
         Starting Google Compute Engine Shutdown Scripts...
[[0;32m  OK  [0m] Started Google Compute Engine IP Forwarding Daemon.
         Starting Google Compute Engine Startup Scripts...
[[0;32m  OK  [0m] Started Google Compute Engine Clock Skew Daemon.
[[0;32m  OK  [0m] Started Google Compute Engine Shutdown Scripts.
[[0;32m  OK  [0m] Started Google Compute Engine Startup Scripts.

e2e-test-peterhornyack-master login: [   12.256226] konlet-startup[604]: No metadata present - not running containers
[   12.287998] cloud-init[595]: Cloud-init v. 0.7.6 running 'modules:config' at Fri, 26 Apr 2019 22:12:05 +0000. Up 12.16 seconds.
[   12.751521] cloud-init[615]: Cloud-init v. 0.7.6 running 'modules:final' at Fri, 26 Apr 2019 22:12:06 +0000. Up 12.67 seconds.
[   12.865365] cloud-init[615]: Created symlink /etc/systemd/system/kubernetes.target.wants/kube-master-installation.service ? /etc/systemd/system/kube-master-installation.service.
[   12.958059] cloud-init[615]: Created symlink /etc/systemd/system/kubernetes.target.wants/kube-master-configuration.service ? /etc/systemd/system/kube-master-configuration.service.
[   13.044120] cloud-init[615]: Created symlink /etc/systemd/system/kubernetes.target.wants/kube-container-runtime-monitor.service ? /etc/systemd/system/kube-container-runtime-monitor.service.
[   13.133059] cloud-init[615]: Created symlink /etc/systemd/system/kubernetes.target.wants/kubelet-monitor.service ? /etc/systemd/system/kubelet-monitor.service.
[   13.219053] cloud-init[615]: Created symlink /etc/systemd/system/kubernetes.target.wants/kube-logrotate.timer ? /etc/systemd/system/kube-logrotate.timer.
[   13.302097] cloud-init[615]: Created symlink /etc/systemd/system/kubernetes.target.wants/kube-logrotate.service ? /etc/systemd/system/kube-logrotate.service.
[   13.386048] cloud-init[615]: Created symlink /etc/systemd/system/multi-user.target.wants/kubernetes.target ? /etc/systemd/system/kubernetes.target.
         Starting Download and install k8s binaries and configurations...
[[0;32m  OK  [0m] Started kube-logrotate invocation.
[   13.508441] EXT4-fs (sda1): re-mounted. Opts: commit=30,data=ordered
[  104.222624] EXT4-fs (sda1): re-mounted. Opts: commit=30,data=ordered
[[0;32m  OK  [0m] Started Download and install k8s binaries and configurations.
         Starting Configure kubernetes master...
[  105.134259] Unsafe core_pattern used with fs.suid_dumpable=2.
[  105.134259] Pipe handler or fully qualified core dump path required.
[  105.134259] Set kernel.core_pattern before fs.suid_dumpable.
[  107.164353] EXT4-fs (sdb): mounted filesystem with ordered data mode. Opts: discard
         Stopping Docker Application Container Engine...
[[0;32m  OK  [0m] Stopped Docker Application Container Engine.
[[0;32m  OK  [0m] Closed Docker Socket for the API.
         Stopping Docker Socket for the API.
         Starting Docker Socket for the API.
[[0;32m  OK  [0m] Listening on Docker Socket for the API.
         Starting Docker Application Container Engine...
[[0;32m  OK  [0m] Started Docker Application Container Engine.
[[0;32m  OK  [0m] Started Kubernetes kubelet.
[  114.844517] EXT4-fs (sda1): re-mounted. Opts: commit=30,data=ordered
[[0;32m  OK  [0m] Started Configure kubernetes master.
         Starting Kubernetes log rotation...
         Starting Kubernetes health monitoring for container runtime...
         Starting Kubernetes health monitoring for kubelet...
[[0;32m  OK  [0m] Started Kubernetes health monitoring for kubelet.
[[0;32m  OK  [0m] Started Kubernetes health monitoring for container runtime.
[[0;32m  OK  [0m] Started Kubernetes log rotation.
[[0;32m  OK  [0m] Reached target Kubernetes.
<14>Apr 26 22:13:48 ec2: 
<14>Apr 26 22:13:48 ec2: #############################################################
<14>Apr 26 22:13:48 ec2: -----BEGIN SSH HOST KEY FINGERPRINTS-----
<14>Apr 26 22:13:48 ec2: 256 SHA256:P6VU+wQvVxhxHNiJ+Ju6cKCTW8smAzbkYIrO8MktLXE root@e2e-test-peterhornyack-master (ECDSA)
<14>Apr 26 22:13:48 ec2: 256 SHA256:40AJ7KglGSKBOw5fJ9G0WRGf4lpGdHi8FsufK2MCWkk root@e2e-test-peterhornyack-master (ED25519)
<14>Apr 26 22:13:48 ec2: 2048 SHA256:qFliTPbrnSvLr2rLfNqizYuTWuJfJATuBF8k4wOz3NA root@e2e-test-peterhornyack-master (RSA)
<14>Apr 26 22:13:48 ec2: -----END SSH HOST KEY FINGERPRINTS-----
<14>Apr 26 22:13:48 ec2: #############################################################
-----BEGIN SSH HOST KEY KEYS-----
ecdsa-sha2-nistp256 AAAAE2VjZHNhLXNoYTItbmlzdHAyNTYAAAAIbmlzdHAyNTYAAABBBB/N1XhwSCr6g/S+tnmWaRf/Vjn8+bJX3W1833xiCWhtNRWEmdsDDPit2wM1S/AAN0RMl3/gnlMj84xJNL1K28I= root@e2e-test-peterhornyack-master
ssh-ed25519 AAAAC3NzaC1lZDI1NTE5AAAAIJ07Jyq6bX0btKRA+Hl/rs5BsSVkGGTtn2Ey+4GFJrj0 root@e2e-test-peterhornyack-master
ssh-rsa AAAAB3NzaC1yc2EAAAADAQABAAABAQDDqUrYbwAkuwV3QpW/ixmZdLLmprYWm1yNs9b1Ezb7uCbcRcixchm3EFjM2nO7PLMnCqnQvKWciByWCVEgDVeQWwRMVczKvGj2tS8/Ovkw+0+pAIQyYQeZhRbDzRagFg2ZzT9H641O1KkyI5S5TT3nvS80UUIVAKJA2t+AysAB1gaTaGHNQYqkKAwoGuKSgUgWuPmmoqs05pKfPuQo9JRreZ8p5Drfj20aHlUsgDj3ITk76Z3DjeLhgX/d89LAf2gsgxFD+DHVgTym9rzCPiprn0dr/cV6EeYW0HBnP4Le1IMcs7kPPXbTqh3xAo26mHvo/QsO9XJoVwPw2+jZ064R root@e2e-test-peterhornyack-master
-----END SSH HOST KEY KEYS-----
[  115.069118] cloud-init[615]: Cloud-init v. 0.7.6 finished at Fri, 26 Apr 2019 22:13:48 +0000. Datasource DataSourceGCE.  Up 115.05 seconds
[[0;32m  OK  [0m] Started Execute cloud user/final scripts.
[[0;32m  OK  [0m] Reached target Multi-User System.

