-- Logs begin at Tue 2019-04-16 21:05:16 UTC, end at Tue 2019-04-16 22:21:35 UTC. --
Apr 16 21:05:16.519508 localhost kernel: Linux version 4.14.94+ (chrome-bot@swarm-cros-645) (gcc version 4.9.x 20150123 (prerelease) (4.9.2_cos_gg_4.9.2-r200-ac6128e0a17a52f011797f33ac3e7d6273a9368d_4.9.2-r200)) #1 SMP Thu Feb 28 00:14:21 PST 2019
Apr 16 21:05:16.519545 localhost kernel: Command line: BOOT_IMAGE=/syslinux/vmlinuz.A init=/usr/lib/systemd/systemd boot=local rootwait ro noresume noswap loglevel=7 noinitrd console=ttyS0 vsyscall=emulate security=apparmor virtio_net.napi_tx=1 systemd.unified_cgroup_hierarchy=false systemd.legacy_systemd_cgroup_controller=true csm.disabled=1 dm_verity.error_behavior=3 dm_verity.max_bios=-1 dm_verity.dev_wait=1 i915.modeset=1 cros_efi root=/dev/dm-0 "dm=1 vroot none ro 1,0 2539520 verity payload=PARTUUID=71913957-D6B1-8948-AFA7-574E312FC408 hashtree=PARTUUID=71913957-D6B1-8948-AFA7-574E312FC408 hashstart=2539520 alg=sha1 root_hexdigest=e582525d12c5f702e39eca88f648e851195d84f7 salt=331684cac74749b4944aedce8c7e5dd9abed70e63b61b9be00d8c9efd9d17444"
Apr 16 21:05:16.519569 localhost kernel: x86/fpu: Supporting XSAVE feature 0x001: 'x87 floating point registers'
Apr 16 21:05:16.519579 localhost kernel: x86/fpu: Supporting XSAVE feature 0x002: 'SSE registers'
Apr 16 21:05:16.519588 localhost kernel: x86/fpu: Supporting XSAVE feature 0x004: 'AVX registers'
Apr 16 21:05:16.519598 localhost kernel: x86/fpu: xstate_offset[2]:  576, xstate_sizes[2]:  256
Apr 16 21:05:16.519612 localhost kernel: x86/fpu: Enabled xstate features 0x7, context size is 832 bytes, using 'standard' format.
Apr 16 21:05:16.519624 localhost kernel: e820: BIOS-provided physical RAM map:
Apr 16 21:05:16.519633 localhost kernel: BIOS-e820: [mem 0x0000000000000000-0x000000000009fbff] usable
Apr 16 21:05:16.519643 localhost kernel: BIOS-e820: [mem 0x000000000009fc00-0x000000000009ffff] reserved
Apr 16 21:05:16.519652 localhost kernel: BIOS-e820: [mem 0x00000000000f0000-0x00000000000fffff] reserved
Apr 16 21:05:16.519661 localhost kernel: BIOS-e820: [mem 0x0000000000100000-0x00000000bfffcfff] usable
Apr 16 21:05:16.519670 localhost kernel: BIOS-e820: [mem 0x00000000bfffd000-0x00000000bfffffff] reserved
Apr 16 21:05:16.519679 localhost kernel: BIOS-e820: [mem 0x00000000fffbc000-0x00000000ffffffff] reserved
Apr 16 21:05:16.519693 localhost kernel: BIOS-e820: [mem 0x0000000100000000-0x000000021fffffff] usable
Apr 16 21:05:16.519704 localhost kernel: NX (Execute Disable) protection: active
Apr 16 21:05:16.519715 localhost kernel: SMBIOS 2.4 present.
Apr 16 21:05:16.519724 localhost kernel: DMI: Google Google Compute Engine/Google Compute Engine, BIOS Google 01/01/2011
Apr 16 21:05:16.519734 localhost kernel: Hypervisor detected: KVM
Apr 16 21:05:16.519744 localhost kernel: kvm-clock: Using msrs 4b564d01 and 4b564d00
Apr 16 21:05:16.519753 localhost kernel: kvm-clock: cpu 0, msr 894e6001, primary cpu clock
Apr 16 21:05:16.519763 localhost kernel: kvm-clock: using sched offset of 1016947834 cycles
Apr 16 21:05:16.519772 localhost kernel: clocksource: kvm-clock: mask: 0xffffffffffffffff max_cycles: 0x1cd42e4dffb, max_idle_ns: 881590591483 ns
Apr 16 21:05:16.519782 localhost kernel: tsc: Initial usec timer 924423
Apr 16 21:05:16.519793 localhost kernel: tsc: Detected 2300.000 MHz processor
Apr 16 21:05:16.519803 localhost kernel: e820: update [mem 0x00000000-0x00000fff] usable ==> reserved
Apr 16 21:05:16.519813 localhost kernel: e820: remove [mem 0x000a0000-0x000fffff] usable
Apr 16 21:05:16.519822 localhost kernel: e820: last_pfn = 0x220000 max_arch_pfn = 0x400000000
Apr 16 21:05:16.519832 localhost kernel: MTRR default type: write-back
Apr 16 21:05:16.519841 localhost kernel: MTRR fixed ranges enabled:
Apr 16 21:05:16.519850 localhost kernel:   00000-9FFFF write-back
Apr 16 21:05:16.519860 localhost kernel:   A0000-BFFFF uncachable
Apr 16 21:05:16.519869 localhost kernel:   C0000-FFFFF write-protect
Apr 16 21:05:16.519878 localhost kernel: MTRR variable ranges enabled:
Apr 16 21:05:16.519888 localhost kernel:   0 base 0000C0000000 mask 3FFFC0000000 uncachable
Apr 16 21:05:16.519903 localhost kernel:   1 disabled
Apr 16 21:05:16.519915 localhost kernel:   2 disabled
Apr 16 21:05:16.519926 localhost kernel:   3 disabled
Apr 16 21:05:16.519935 localhost kernel:   4 disabled
Apr 16 21:05:16.519944 localhost kernel:   5 disabled
Apr 16 21:05:16.519983 localhost kernel:   6 disabled
Apr 16 21:05:16.519998 localhost kernel:   7 disabled
Apr 16 21:05:16.520011 localhost kernel: x86/PAT: Configuration [0-7]: WB  WC  UC- UC  WB  WP  UC- WT  
Apr 16 21:05:16.520024 localhost kernel: e820: last_pfn = 0xbfffd max_arch_pfn = 0x400000000
Apr 16 21:05:16.520037 localhost kernel: found SMP MP-table at [mem 0x000f2c70-0x000f2c7f] mapped at [ffffffffff200c70]
Apr 16 21:05:16.520053 localhost kernel: Scanning 1 areas for low memory corruption
Apr 16 21:05:16.520066 localhost kernel: Base memory trampoline at [ffffa0eb80099000] 99000 size 24576
Apr 16 21:05:16.520080 localhost kernel: Using GB pages for direct mapping
Apr 16 21:05:16.520093 localhost kernel: BRK [0x8955a000, 0x8955afff] PGTABLE
Apr 16 21:05:16.520106 localhost kernel: BRK [0x8955b000, 0x8955bfff] PGTABLE
Apr 16 21:05:16.520128 localhost kernel: BRK [0x8955c000, 0x8955cfff] PGTABLE
Apr 16 21:05:16.520143 localhost kernel: BRK [0x8955d000, 0x8955dfff] PGTABLE
Apr 16 21:05:16.520157 localhost kernel: BRK [0x8955e000, 0x8955efff] PGTABLE
Apr 16 21:05:16.520172 localhost kernel: ACPI: Early table checksum verification disabled
Apr 16 21:05:16.520187 localhost kernel: ACPI: RSDP 0x00000000000F2A00 000014 (v00 Google)
Apr 16 21:05:16.520202 localhost kernel: ACPI: RSDT 0x00000000BFFFDA50 000038 (v01 Google GOOGRSDT 00000001 GOOG 00000001)
Apr 16 21:05:16.520217 localhost kernel: ACPI: FACP 0x00000000BFFFFF00 0000F4 (v02 Google GOOGFACP 00000001 GOOG 00000001)
Apr 16 21:05:16.520235 localhost kernel: ACPI: DSDT 0x00000000BFFFDA90 0018BA (v01 Google GOOGDSDT 00000001 GOOG 00000001)
Apr 16 21:05:16.520250 localhost kernel: ACPI: FACS 0x00000000BFFFFEC0 000040
Apr 16 21:05:16.520264 localhost kernel: ACPI: FACS 0x00000000BFFFFEC0 000040
Apr 16 21:05:16.520278 localhost kernel: ACPI: SSDT 0x00000000BFFFF540 000980 (v01 Google GOOGSSDT 00000001 GOOG 00000001)
Apr 16 21:05:16.520292 localhost kernel: ACPI: APIC 0x00000000BFFFF450 000076 (v01 Google GOOGAPIC 00000001 GOOG 00000001)
Apr 16 21:05:16.520306 localhost kernel: ACPI: WAET 0x00000000BFFFF420 000028 (v01 Google GOOGWAET 00000001 GOOG 00000001)
Apr 16 21:05:16.520320 localhost kernel: ACPI: SRAT 0x00000000BFFFF350 0000C8 (v01 Google GOOGSRAT 00000001 GOOG 00000001)
Apr 16 21:05:16.520334 localhost kernel: ACPI: Local APIC address 0xfee00000
Apr 16 21:05:16.520348 localhost kernel: SRAT: PXM 0 -> APIC 0x00 -> Node 0
Apr 16 21:05:16.520362 localhost kernel: SRAT: PXM 0 -> APIC 0x01 -> Node 0
Apr 16 21:05:16.520379 localhost kernel: ACPI: SRAT: Node 0 PXM 0 [mem 0x00000000-0x0009ffff]
Apr 16 21:05:16.520389 localhost kernel: ACPI: SRAT: Node 0 PXM 0 [mem 0x00100000-0xbfffffff]
Apr 16 21:05:16.520412 localhost kernel: ACPI: SRAT: Node 0 PXM 0 [mem 0x100000000-0x21fffffff]
Apr 16 21:05:16.520422 localhost kernel: NUMA: Node 0 [mem 0x00000000-0x0009ffff] + [mem 0x00100000-0xbfffffff] -> [mem 0x00000000-0xbfffffff]
Apr 16 21:05:16.520433 localhost kernel: NUMA: Node 0 [mem 0x00000000-0xbfffffff] + [mem 0x100000000-0x21fffffff] -> [mem 0x00000000-0x21fffffff]
Apr 16 21:05:16.520444 localhost kernel: NODE_DATA(0) allocated [mem 0x21fffa000-0x21fffdfff]
Apr 16 21:05:16.520453 localhost kernel: Zone ranges:
Apr 16 21:05:16.520463 localhost kernel:   DMA      [mem 0x0000000000001000-0x0000000000ffffff]
Apr 16 21:05:16.520473 localhost kernel:   DMA32    [mem 0x0000000001000000-0x00000000ffffffff]
Apr 16 21:05:16.520482 localhost kernel:   Normal   [mem 0x0000000100000000-0x000000021fffffff]
Apr 16 21:05:16.520492 localhost kernel: Movable zone start for each node
Apr 16 21:05:16.520502 localhost kernel: Early memory node ranges
Apr 16 21:05:16.520520 localhost kernel:   node   0: [mem 0x0000000000001000-0x000000000009efff]
Apr 16 21:05:16.520534 localhost kernel:   node   0: [mem 0x0000000000100000-0x00000000bfffcfff]
Apr 16 21:05:16.520548 localhost kernel:   node   0: [mem 0x0000000100000000-0x000000021fffffff]
Apr 16 21:05:16.520563 localhost kernel: Initmem setup node 0 [mem 0x0000000000001000-0x000000021fffffff]
Apr 16 21:05:16.520577 localhost kernel: On node 0 totalpages: 1965979
Apr 16 21:05:16.520591 localhost kernel:   DMA zone: 64 pages used for memmap
Apr 16 21:05:16.520605 localhost kernel:   DMA zone: 21 pages reserved
Apr 16 21:05:16.520618 localhost kernel:   DMA zone: 3998 pages, LIFO batch:0
Apr 16 21:05:16.520632 localhost kernel:   DMA32 zone: 12224 pages used for memmap
Apr 16 21:05:16.520646 localhost kernel:   DMA32 zone: 782333 pages, LIFO batch:31
Apr 16 21:05:16.520660 localhost kernel:   Normal zone: 18432 pages used for memmap
Apr 16 21:05:16.520674 localhost kernel:   Normal zone: 1179648 pages, LIFO batch:31
Apr 16 21:05:16.520684 localhost kernel: ACPI: Local APIC address 0xfee00000
Apr 16 21:05:16.520696 localhost kernel: ACPI: LAPIC_NMI (acpi_id[0xff] dfl dfl lint[0x1])
Apr 16 21:05:16.520706 localhost kernel: IOAPIC[0]: apic_id 0, version 17, address 0xfec00000, GSI 0-23
Apr 16 21:05:16.520716 localhost kernel: ACPI: INT_SRC_OVR (bus 0 bus_irq 5 global_irq 5 high level)
Apr 16 21:05:16.520726 localhost kernel: ACPI: INT_SRC_OVR (bus 0 bus_irq 9 global_irq 9 high level)
Apr 16 21:05:16.520739 localhost kernel: ACPI: INT_SRC_OVR (bus 0 bus_irq 10 global_irq 10 high level)
Apr 16 21:05:16.520753 localhost kernel: ACPI: INT_SRC_OVR (bus 0 bus_irq 11 global_irq 11 high level)
Apr 16 21:05:16.520767 localhost kernel: ACPI: IRQ5 used by override.
Apr 16 21:05:16.520781 localhost kernel: ACPI: IRQ9 used by override.
Apr 16 21:05:16.520796 localhost kernel: ACPI: IRQ10 used by override.
Apr 16 21:05:16.520811 localhost kernel: ACPI: IRQ11 used by override.
Apr 16 21:05:16.520825 localhost kernel: Using ACPI (MADT) for SMP configuration information
Apr 16 21:05:16.520839 localhost kernel: smpboot: Allowing 2 CPUs, 0 hotplug CPUs
Apr 16 21:05:16.520853 localhost kernel: e820: [mem 0xc0000000-0xfffbbfff] available for PCI devices
Apr 16 21:05:16.520869 localhost kernel: Booting paravirtualized kernel on KVM
Apr 16 21:05:16.520880 localhost kernel: clocksource: refined-jiffies: mask: 0xffffffff max_cycles: 0xffffffff, max_idle_ns: 1910969940391419 ns
Apr 16 21:05:16.520889 localhost kernel: random: get_random_bytes called from start_kernel+0x8c/0x487 with crng_init=0
Apr 16 21:05:16.520900 localhost kernel: setup_percpu: NR_CPUS:256 nr_cpumask_bits:256 nr_cpu_ids:2 nr_node_ids:1
Apr 16 21:05:16.520910 localhost kernel: percpu: Embedded 44 pages/cpu @ffffa0ed9fc00000 s140136 r8192 d31896 u1048576
Apr 16 21:05:16.520923 localhost kernel: pcpu-alloc: s140136 r8192 d31896 u1048576 alloc=1*2097152
Apr 16 21:05:16.520933 localhost kernel: pcpu-alloc: [0] 0 1 
Apr 16 21:05:16.520943 localhost kernel: Built 1 zonelists, mobility grouping on.  Total pages: 1935238
Apr 16 21:05:16.520971 localhost kernel: Policy zone: Normal
Apr 16 21:05:16.520993 localhost kernel: Kernel command line: BOOT_IMAGE=/syslinux/vmlinuz.A init=/usr/lib/systemd/systemd boot=local rootwait ro noresume noswap loglevel=7 noinitrd console=ttyS0 vsyscall=emulate security=apparmor virtio_net.napi_tx=1 systemd.unified_cgroup_hierarchy=false systemd.legacy_systemd_cgroup_controller=true csm.disabled=1 dm_verity.error_behavior=3 dm_verity.max_bios=-1 dm_verity.dev_wait=1 i915.modeset=1 cros_efi root=/dev/dm-0 "dm=1 vroot none ro 1,0 2539520 verity payload=PARTUUID=71913957-D6B1-8948-AFA7-574E312FC408 hashtree=PARTUUID=71913957-D6B1-8948-AFA7-574E312FC408 hashstart=2539520 alg=sha1 root_hexdigest=e582525d12c5f702e39eca88f648e851195d84f7 salt=331684cac74749b4944aedce8c7e5dd9abed70e63b61b9be00d8c9efd9d17444"
Apr 16 21:05:16.521015 localhost kernel: device-mapper: init: will configure 1 devices
Apr 16 21:05:16.521029 localhost kernel: PID hash table entries: 4096 (order: 3, 32768 bytes)
Apr 16 21:05:16.521044 localhost kernel: Memory: 7652624K/7863916K available (10252K kernel code, 1149K rwdata, 2056K rodata, 1360K init, 540K bss, 211292K reserved, 0K cma-reserved)
Apr 16 21:05:16.521064 localhost kernel: SLUB: HWalign=64, Order=0-3, MinObjects=0, CPUs=2, Nodes=1
Apr 16 21:05:16.521077 localhost kernel: Kernel/User page tables isolation: enabled
Apr 16 21:05:16.521087 localhost kernel: ftrace: allocating 26803 entries in 105 pages
Apr 16 21:05:16.521098 localhost kernel: Hierarchical RCU implementation.
Apr 16 21:05:16.521111 localhost kernel:         RCU restricting CPUs from NR_CPUS=256 to nr_cpu_ids=2.
Apr 16 21:05:16.521128 localhost kernel: RCU: Adjusting geometry for rcu_fanout_leaf=16, nr_cpu_ids=2
Apr 16 21:05:16.521139 localhost kernel: NR_IRQS: 16640, nr_irqs: 440, preallocated irqs: 16
Apr 16 21:05:16.521149 localhost kernel: console [ttyS0] enabled
Apr 16 21:05:16.521159 localhost kernel: clocksource: tsc-early: mask: 0xffffffffffffffff max_cycles: 0x212735223b2, max_idle_ns: 440795277976 ns
Apr 16 21:05:16.521170 localhost kernel: Calibrating delay loop (skipped) preset value.. 4600.00 BogoMIPS (lpj=2300000)
Apr 16 21:05:16.521181 localhost kernel: pid_max: default: 32768 minimum: 301
Apr 16 21:05:16.521194 localhost kernel: ACPI: Core revision 20170728
Apr 16 21:05:16.521204 localhost kernel: ACPI: 2 ACPI AML tables successfully acquired and loaded
Apr 16 21:05:16.521214 localhost kernel: Security Framework initialized
Apr 16 21:05:16.521224 localhost kernel: Yama: becoming mindful.
Apr 16 21:05:16.521235 localhost kernel: LoadPin: ready to pin (currently enabled)
Apr 16 21:05:16.521245 localhost kernel: Chromium OS LSM: enabled
Apr 16 21:05:16.521256 localhost kernel: AppArmor: AppArmor initialized
Apr 16 21:05:16.521266 localhost kernel: Dentry cache hash table entries: 1048576 (order: 11, 8388608 bytes)
Apr 16 21:05:16.521276 localhost kernel: Inode-cache hash table entries: 524288 (order: 10, 4194304 bytes)
Apr 16 21:05:16.521287 localhost kernel: Mount-cache hash table entries: 16384 (order: 5, 131072 bytes)
Apr 16 21:05:16.521299 localhost kernel: Mountpoint-cache hash table entries: 16384 (order: 5, 131072 bytes)
Apr 16 21:05:16.521310 localhost kernel: Last level iTLB entries: 4KB 1024, 2MB 1024, 4MB 1024
Apr 16 21:05:16.521320 localhost kernel: Last level dTLB entries: 4KB 1024, 2MB 1024, 4MB 1024, 1GB 4
Apr 16 21:05:16.521332 localhost kernel: Spectre V2 : Mitigation: Full generic retpoline
Apr 16 21:05:16.521342 localhost kernel: Spectre V2 : Spectre v2 / SpectreRSB mitigation: Filling RSB on context switch
Apr 16 21:05:16.521353 localhost kernel: Spectre V2 : Enabling Restricted Speculation for firmware calls
Apr 16 21:05:16.521364 localhost kernel: Spectre V2 : mitigation: Enabling conditional Indirect Branch Prediction Barrier
Apr 16 21:05:16.521376 localhost kernel: Spectre V2 : User space: Mitigation: STIBP via seccomp and prctl
Apr 16 21:05:16.521386 localhost kernel: Speculative Store Bypass: Mitigation: Speculative Store Bypass disabled via prctl and seccomp
Apr 16 21:05:16.521409 localhost kernel: Freeing SMP alternatives memory: 28K
Apr 16 21:05:16.521420 localhost kernel: smpboot: Max logical packages: 2
Apr 16 21:05:16.521430 localhost kernel: x2apic enabled
Apr 16 21:05:16.521440 localhost kernel: Switched APIC routing to physical x2apic.
Apr 16 21:05:16.521451 localhost kernel: ..TIMER: vector=0x30 apic1=0 pin1=0 apic2=-1 pin2=-1
Apr 16 21:05:16.521461 localhost kernel: smpboot: CPU0: Intel(R) Xeon(R) CPU @ 2.30GHz (family: 0x6, model: 0x3f, stepping: 0x0)
Apr 16 21:05:16.521472 localhost kernel: Performance Events: unsupported p6 CPU model 63 no PMU driver, software events only.
Apr 16 21:05:16.521482 localhost kernel: Hierarchical SRCU implementation.
Apr 16 21:05:16.521492 localhost kernel: random: crng done (trusting CPU's manufacturer)
Apr 16 21:05:16.521505 localhost kernel: NMI watchdog: Perf event create on CPU 0 failed with -2
Apr 16 21:05:16.521515 localhost kernel: NMI watchdog: Perf NMI watchdog permanently disabled
Apr 16 21:05:16.521526 localhost kernel: smp: Bringing up secondary CPUs ...
Apr 16 21:05:16.521536 localhost kernel: x86: Booting SMP configuration:
Apr 16 21:05:16.521547 localhost kernel: .... node  #0, CPUs:      #1
Apr 16 21:05:16.521559 localhost kernel: kvm-clock: cpu 1, msr 894e6041, secondary cpu clock
Apr 16 21:05:16.521570 localhost kernel: smp: Brought up 1 node, 2 CPUs
Apr 16 21:05:16.521582 localhost kernel: smpboot: Total of 2 processors activated (9200.00 BogoMIPS)
Apr 16 21:05:16.521592 localhost kernel: devtmpfs: initialized
Apr 16 21:05:16.521602 localhost kernel: clocksource: jiffies: mask: 0xffffffff max_cycles: 0xffffffff, max_idle_ns: 1911260446275000 ns
Apr 16 21:05:16.521613 localhost kernel: futex hash table entries: 512 (order: 3, 32768 bytes)
Apr 16 21:05:16.521626 localhost kernel: RTC time: 21:05:15, date: 04/16/19
Apr 16 21:05:16.521636 localhost kernel: NET: Registered protocol family 16
Apr 16 21:05:16.521646 localhost kernel: cpuidle: using governor ladder
Apr 16 21:05:16.521656 localhost kernel: cpuidle: using governor menu
Apr 16 21:05:16.521669 localhost kernel: clocksource: Switched to clocksource kvm-clock
Apr 16 21:05:16.521679 localhost kernel: ACPI: bus type PCI registered
Apr 16 21:05:16.521690 localhost kernel: PCI: Using configuration type 1 for base access
Apr 16 21:05:16.521700 localhost kernel: HugeTLB registered 2.00 MiB page size, pre-allocated 0 pages
Apr 16 21:05:16.521710 localhost kernel: ACPI: Added _OSI(Module Device)
Apr 16 21:05:16.521721 localhost kernel: ACPI: Added _OSI(Processor Device)
Apr 16 21:05:16.521731 localhost kernel: ACPI: Added _OSI(3.0 _SCP Extensions)
Apr 16 21:05:16.521742 localhost kernel: ACPI: Added _OSI(Processor Aggregator Device)
Apr 16 21:05:16.521752 localhost kernel: ACPI: Executed 2 blocks of module-level executable AML code
Apr 16 21:05:16.521765 localhost kernel: ACPI: Interpreter enabled
Apr 16 21:05:16.521776 localhost kernel: ACPI: (supports S0 S3 S5)
Apr 16 21:05:16.521786 localhost kernel: ACPI: Using IOAPIC for interrupt routing
Apr 16 21:05:16.521798 localhost kernel: PCI: Using host bridge windows from ACPI; if necessary, use "pci=nocrs" and report a bug
Apr 16 21:05:16.521808 localhost kernel: ACPI: Enabled 16 GPEs in block 00 to 0F
Apr 16 21:05:16.521831 localhost kernel: ACPI: PCI Root Bridge [PCI0] (domain 0000 [bus 00-ff])
Apr 16 21:05:16.521983 localhost kernel: acpi PNP0A03:00: _OSC: OS supports [ASPM ClockPM Segments MSI]
Apr 16 21:05:16.522053 localhost kernel: acpi PNP0A03:00: _OSC failed (AE_NOT_FOUND); disabling ASPM
Apr 16 21:05:16.522110 localhost kernel: acpi PNP0A03:00: fail to add MMCONFIG information, can't access extended PCI configuration space under this bridge.
Apr 16 21:05:16.522128 localhost kernel: PCI host bridge to bus 0000:00
Apr 16 21:05:16.522197 localhost kernel: pci_bus 0000:00: root bus resource [io  0x0000-0x0cf7 window]
Apr 16 21:05:16.522247 localhost kernel: pci_bus 0000:00: root bus resource [io  0x0d00-0xffff window]
Apr 16 21:05:16.522295 localhost kernel: pci_bus 0000:00: root bus resource [mem 0x000a0000-0x000bffff window]
Apr 16 21:05:16.522344 localhost kernel: pci_bus 0000:00: root bus resource [mem 0xc0000000-0xfebfffff window]
Apr 16 21:05:16.522390 localhost kernel: pci_bus 0000:00: root bus resource [bus 00-ff]
Apr 16 21:05:16.522479 localhost kernel: pci 0000:00:00.0: [8086:1237] type 00 class 0x060000
Apr 16 21:05:16.522547 localhost kernel: pci 0000:00:01.0: [8086:7110] type 00 class 0x060100
Apr 16 21:05:16.522623 localhost kernel: pci 0000:00:01.3: [8086:7113] type 00 class 0x068000
Apr 16 21:05:16.522680 localhost kernel: pci 0000:00:01.3: quirk: [io  0xb000-0xb03f] claimed by PIIX4 ACPI
Apr 16 21:05:16.522746 localhost kernel: pci 0000:00:03.0: [1af4:1004] type 00 class 0x000000
Apr 16 21:05:16.522805 localhost kernel: pci 0000:00:03.0: reg 0x10: [io  0xc000-0xc03f]
Apr 16 21:05:16.522862 localhost kernel: pci 0000:00:03.0: reg 0x14: [mem 0xfebfe000-0xfebfe07f]
Apr 16 21:05:16.522928 localhost kernel: pci 0000:00:04.0: [1af4:1000] type 00 class 0x020000
Apr 16 21:05:16.523048 localhost kernel: pci 0000:00:04.0: reg 0x10: [io  0xc040-0xc07f]
Apr 16 21:05:16.523142 localhost kernel: pci 0000:00:04.0: reg 0x14: [mem 0xfebff000-0xfebff07f]
Apr 16 21:05:16.523161 localhost kernel: ACPI: PCI Interrupt Link [LNKA] (IRQs 5 *10 11)
Apr 16 21:05:16.523177 localhost kernel: ACPI: PCI Interrupt Link [LNKB] (IRQs 5 *10 11)
Apr 16 21:05:16.523193 localhost kernel: ACPI: PCI Interrupt Link [LNKC] (IRQs 5 10 *11)
Apr 16 21:05:16.523214 localhost kernel: ACPI: PCI Interrupt Link [LNKD] (IRQs 5 10 *11)
Apr 16 21:05:16.523230 localhost kernel: ACPI: PCI Interrupt Link [LNKS] (IRQs *9)
Apr 16 21:05:16.523246 localhost kernel: SCSI subsystem initialized
Apr 16 21:05:16.523261 localhost kernel: libata version 3.00 loaded.
Apr 16 21:05:16.523276 localhost kernel: PCI: Using ACPI for IRQ routing
Apr 16 21:05:16.523291 localhost kernel: PCI: pci_cache_line_size set to 64 bytes
Apr 16 21:05:16.523306 localhost kernel: e820: reserve RAM buffer [mem 0x0009fc00-0x0009ffff]
Apr 16 21:05:16.523322 localhost kernel: e820: reserve RAM buffer [mem 0xbfffd000-0xbfffffff]
Apr 16 21:05:16.523337 localhost kernel: VFS: Disk quotas dquot_6.6.0
Apr 16 21:05:16.523353 localhost kernel: VFS: Dquot-cache hash table entries: 512 (order 0, 4096 bytes)
Apr 16 21:05:16.523370 localhost kernel: AppArmor: AppArmor Filesystem Enabled
Apr 16 21:05:16.523382 localhost kernel: pnp: PnP ACPI init
Apr 16 21:05:16.523474 localhost kernel: pnp 00:00: Plug and Play ACPI device, IDs PNP0b00 (active)
Apr 16 21:05:16.523557 localhost kernel: pnp 00:01: Plug and Play ACPI device, IDs PNP0303 (active)
Apr 16 21:05:16.523637 localhost kernel: pnp 00:02: Plug and Play ACPI device, IDs PNP0f13 (active)
Apr 16 21:05:16.523695 localhost kernel: pnp 00:03: Plug and Play ACPI device, IDs PNP0501 (active)
Apr 16 21:05:16.523769 localhost kernel: pnp 00:04: Plug and Play ACPI device, IDs PNP0501 (active)
Apr 16 21:05:16.523849 localhost kernel: pnp 00:05: Plug and Play ACPI device, IDs PNP0501 (active)
Apr 16 21:05:16.523921 localhost kernel: pnp 00:06: Plug and Play ACPI device, IDs PNP0501 (active)
Apr 16 21:05:16.523934 localhost kernel: pnp: PnP ACPI: found 7 devices
Apr 16 21:05:16.524027 localhost kernel: pci_bus 0000:00: resource 4 [io  0x0000-0x0cf7 window]
Apr 16 21:05:16.524121 localhost kernel: pci_bus 0000:00: resource 5 [io  0x0d00-0xffff window]
Apr 16 21:05:16.524182 localhost kernel: pci_bus 0000:00: resource 6 [mem 0x000a0000-0x000bffff window]
Apr 16 21:05:16.524249 localhost kernel: pci_bus 0000:00: resource 7 [mem 0xc0000000-0xfebfffff window]
Apr 16 21:05:16.524266 localhost kernel: NET: Registered protocol family 2
Apr 16 21:05:16.524279 localhost kernel: TCP established hash table entries: 65536 (order: 7, 524288 bytes)
Apr 16 21:05:16.524289 localhost kernel: TCP bind hash table entries: 65536 (order: 9, 2097152 bytes)
Apr 16 21:05:16.524300 localhost kernel: TCP: Hash tables configured (established 65536 bind 65536)
Apr 16 21:05:16.524311 localhost kernel: UDP hash table entries: 4096 (order: 6, 393216 bytes)
Apr 16 21:05:16.524322 localhost kernel: UDP-Lite hash table entries: 4096 (order: 6, 393216 bytes)
Apr 16 21:05:16.524332 localhost kernel: NET: Registered protocol family 1
Apr 16 21:05:16.524406 localhost kernel: pci 0000:00:00.0: Limiting direct PCI/PCI transfers
Apr 16 21:05:16.524422 localhost kernel: PCI: CLS 0 bytes, default 64
Apr 16 21:05:16.524433 localhost kernel: PCI-DMA: Using software bounce buffering for IO (SWIOTLB)
Apr 16 21:05:16.524444 localhost kernel: software IO TLB: mapped [mem 0xbbffd000-0xbfffd000] (64MB)
Apr 16 21:05:16.524455 localhost kernel: RAPL PMU: API unit is 2^-32 Joules, 4 fixed counters, 10737418240 ms ovfl timer
Apr 16 21:05:16.524466 localhost kernel: RAPL PMU: hw unit of domain pp0-core 2^-0 Joules
Apr 16 21:05:16.524477 localhost kernel: RAPL PMU: hw unit of domain package 2^-0 Joules
Apr 16 21:05:16.524487 localhost kernel: RAPL PMU: hw unit of domain dram 2^-0 Joules
Apr 16 21:05:16.524498 localhost kernel: RAPL PMU: hw unit of domain pp1-gpu 2^-0 Joules
Apr 16 21:05:16.524509 localhost kernel: clocksource: tsc: mask: 0xffffffffffffffff max_cycles: 0x212735223b2, max_idle_ns: 440795277976 ns
Apr 16 21:05:16.524535 localhost kernel: Scanning for low memory corruption every 60 seconds
Apr 16 21:05:16.524546 localhost kernel: audit: initializing netlink subsys (disabled)
Apr 16 21:05:16.524559 localhost kernel: audit: type=2000 audit(1555448715.266:1): state=initialized audit_enabled=0 res=1
Apr 16 21:05:16.524569 localhost kernel: Initialise system trusted keyrings
Apr 16 21:05:16.524580 localhost kernel: workingset: timestamp_bits=40 max_order=21 bucket_order=0
Apr 16 21:05:16.524590 localhost kernel: Key type asymmetric registered
Apr 16 21:05:16.524601 localhost kernel: Asymmetric key parser 'x509' registered
Apr 16 21:05:16.524612 localhost kernel: Block layer SCSI generic (bsg) driver version 0.4 loaded (major 250)
Apr 16 21:05:16.524625 localhost kernel: io scheduler noop registered (default)
Apr 16 21:05:16.524638 localhost kernel: io scheduler deadline registered
Apr 16 21:05:16.524648 localhost kernel: io scheduler cfq registered
Apr 16 21:05:16.524659 localhost kernel: io scheduler mq-deadline registered
Apr 16 21:05:16.524669 localhost kernel: intel_idle: Please enable MWAIT in BIOS SETUP
Apr 16 21:05:16.524680 localhost kernel: input: Power Button as /devices/LNXSYSTM:00/LNXPWRBN:00/input/input0
Apr 16 21:05:16.524691 localhost kernel: ACPI: Power Button [PWRF]
Apr 16 21:05:16.524701 localhost kernel: input: Sleep Button as /devices/LNXSYSTM:00/LNXSLPBN:00/input/input1
Apr 16 21:05:16.524712 localhost kernel: ACPI: Sleep Button [SLPF]
Apr 16 21:05:16.524723 localhost kernel: ACPI: PCI Interrupt Link [LNKC] enabled at IRQ 11
Apr 16 21:05:16.524784 localhost kernel: virtio-pci 0000:00:03.0: virtio_pci: leaving for legacy driver
Apr 16 21:05:16.524799 localhost kernel: ACPI: PCI Interrupt Link [LNKD] enabled at IRQ 10
Apr 16 21:05:16.524861 localhost kernel: virtio-pci 0000:00:04.0: virtio_pci: leaving for legacy driver
Apr 16 21:05:16.524873 localhost kernel: Serial: 8250/16550 driver, 4 ports, IRQ sharing disabled
Apr 16 21:05:16.524884 localhost kernel: 00:03: ttyS0 at I/O 0x3f8 (irq = 4, base_baud = 115200) is a 16550A
Apr 16 21:05:16.524894 localhost kernel: 00:04: ttyS1 at I/O 0x2f8 (irq = 3, base_baud = 115200) is a 16550A
Apr 16 21:05:16.524905 localhost kernel: 00:05: ttyS2 at I/O 0x3e8 (irq = 6, base_baud = 115200) is a 16550A
Apr 16 21:05:16.524915 localhost kernel: 00:06: ttyS3 at I/O 0x2e8 (irq = 7, base_baud = 115200) is a 16550A
Apr 16 21:05:16.524926 localhost kernel: Non-volatile memory driver v1.3
Apr 16 21:05:16.524936 localhost kernel: loop: module loaded
Apr 16 21:05:16.525034 localhost kernel: scsi host0: Virtio SCSI HBA
Apr 16 21:05:16.525111 localhost kernel: scsi 0:0:1:0: Direct-Access     Google   PersistentDisk   1    PQ: 0 ANSI: 6
Apr 16 21:05:16.525184 localhost kernel: sd 0:0:1:0: [sda] 209715200 512-byte logical blocks: (107 GB/100 GiB)
Apr 16 21:05:16.525245 localhost kernel: sd 0:0:1:0: [sda] 4096-byte physical blocks
Apr 16 21:05:16.525305 localhost kernel: sd 0:0:1:0: [sda] Write Protect is off
Apr 16 21:05:16.525365 localhost kernel: sd 0:0:1:0: [sda] Mode Sense: 1f 00 00 08
Apr 16 21:05:16.525441 localhost kernel: sd 0:0:1:0: [sda] Write cache: enabled, read cache: enabled, doesn't support DPO or FUA
Apr 16 21:05:16.525455 localhost kernel: i8042: PNP: PS/2 Controller [PNP0303:KBD,PNP0f13:MOU] at 0x60,0x64 irq 1,12
Apr 16 21:05:16.525466 localhost kernel: i8042: Warning: Keylock active
Apr 16 21:05:16.525477 localhost kernel: serio: i8042 KBD port at 0x60,0x64 irq 1
Apr 16 21:05:16.525488 localhost kernel: serio: i8042 AUX port at 0x60,0x64 irq 12
Apr 16 21:05:16.525539 localhost kernel: rtc_cmos 00:00: RTC can wake from S4
Apr 16 21:05:16.525587 localhost kernel: rtc_cmos 00:00: registered as rtc0
Apr 16 21:05:16.525636 localhost kernel: rtc_cmos 00:00: alarms up to one day, 114 bytes nvram
Apr 16 21:05:16.525648 localhost kernel: iTCO_wdt: Intel TCO WatchDog Timer Driver v1.11
Apr 16 21:05:16.525661 localhost kernel: iTCO_vendor_support: vendor-support=0
Apr 16 21:05:16.525673 localhost kernel: device-mapper: ioctl: 4.37.0-ioctl (2017-09-20) initialised: dm-devel@redhat.com
Apr 16 21:05:16.525683 localhost kernel: device-mapper: verity-chromeos: dm-verity-chromeos registered
Apr 16 21:05:16.525694 localhost kernel: Mirror/redirect action on
Apr 16 21:05:16.525705 localhost kernel: Netfilter messages via NETLINK v0.30.
Apr 16 21:05:16.525716 localhost kernel: nf_conntrack version 0.5.0 (65536 buckets, 262144 max)
Apr 16 21:05:16.525727 localhost kernel: ctnetlink v0.93: registering with nfnetlink.
Apr 16 21:05:16.525738 localhost kernel: GPT:Primary header thinks Alt. header is not at the end of the disk.
Apr 16 21:05:16.525748 localhost kernel: ip_tables: (C) 2000-2006 Netfilter Core Team
Apr 16 21:05:16.525761 localhost kernel: GPT:18874524 != 209715199
Apr 16 21:05:16.525772 localhost kernel: GPT:Alternate GPT header not at the end of the disk.
Apr 16 21:05:16.525783 localhost kernel: GPT:18874524 != 209715199
Apr 16 21:05:16.525793 localhost kernel: GPT: Use GNU Parted to correct GPT errors.
Apr 16 21:05:16.525804 localhost kernel:  sda: sda1 sda2 sda3 sda4 sda5 sda6 sda7 sda8 sda9 sda10 sda11 sda12
Apr 16 21:05:16.525814 localhost kernel: Initializing XFRM netlink socket
Apr 16 21:05:16.525875 localhost kernel: sd 0:0:1:0: [sda] Attached SCSI disk
Apr 16 21:05:16.525887 localhost kernel: NET: Registered protocol family 10
Apr 16 21:05:16.525898 localhost kernel: Segment Routing with IPv6
Apr 16 21:05:16.525911 localhost kernel: NET: Registered protocol family 17
Apr 16 21:05:16.525922 localhost kernel: bridge: filtering via arp/ip/ip6tables is no longer available by default. Update your scripts to load br_netfilter if you need this.
Apr 16 21:05:16.525934 localhost kernel: sched_clock: Marking stable (776003109, 0)->(1396075122, -620072013)
Apr 16 21:05:16.525946 localhost kernel: registered taskstats version 1
Apr 16 21:05:16.525982 localhost kernel: Loading compiled-in X.509 certificates
Apr 16 21:05:16.525998 localhost kernel: Loaded X.509 cert 'Google LLC: Container-Optimized OS kernel signing key: cdd9ce572db9e71668e71b5a9113908047a21771'
Apr 16 21:05:16.526008 localhost kernel: Loaded X.509 cert 'Google: Container-Optimized OS: 2efea493fc148b35859d0bc8c3dd71a139fc7ab411283e06f6c10b5a6b17e355'
Apr 16 21:05:16.526020 localhost kernel: AppArmor: AppArmor sha1 policy hashing enabled
Apr 16 21:05:16.526031 localhost kernel: ima: No TPM chip found, activating TPM-bypass! (rc=-19)
Apr 16 21:05:16.526045 localhost kernel: ima: Allocated hash algorithm: sha256
Apr 16 21:05:16.526055 localhost kernel:   Magic number: 15:929:95
Apr 16 21:05:16.526066 localhost kernel: device-mapper: init: attempting early device configuration.
Apr 16 21:05:16.526077 localhost kernel: device-mapper: init: adding target '0 2539520 verity payload=PARTUUID=71913957-D6B1-8948-AFA7-574E312FC408 hashtree=PARTUUID=71913957-D6B1-8948-AFA7-574E312FC408 hashstart=2539520 alg=sha1 root_hexdigest=e582525d12c5f702e39eca88f648e851195d84f7 salt=331684cac74749b4944aedce8c7e5dd9abed70e63b61b9be00d8c9efd9d17444'
Apr 16 21:05:16.526089 localhost kernel: device-mapper: verity: Argument 0: 'payload=PARTUUID=71913957-D6B1-8948-AFA7-574E312FC408'
Apr 16 21:05:16.526099 localhost kernel: device-mapper: verity: Argument 1: 'hashtree=PARTUUID=71913957-D6B1-8948-AFA7-574E312FC408'
Apr 16 21:05:16.526110 localhost kernel: device-mapper: verity: Argument 2: 'hashstart=2539520'
Apr 16 21:05:16.526126 localhost kernel: device-mapper: verity: Argument 3: 'alg=sha1'
Apr 16 21:05:16.526136 localhost kernel: device-mapper: verity: Argument 4: 'root_hexdigest=e582525d12c5f702e39eca88f648e851195d84f7'
Apr 16 21:05:16.526150 localhost kernel: device-mapper: verity: Argument 5: 'salt=331684cac74749b4944aedce8c7e5dd9abed70e63b61b9be00d8c9efd9d17444'
Apr 16 21:05:16.526160 localhost kernel: device-mapper: init: dm-0 is ready
Apr 16 21:05:16.526172 localhost kernel: EXT4-fs (dm-0): mounting ext2 file system using the ext4 subsystem
Apr 16 21:05:16.526183 localhost kernel: EXT4-fs (dm-0): mounted filesystem without journal. Opts: (null)
Apr 16 21:05:16.526193 localhost kernel: VFS: Mounted root (ext2 filesystem) readonly on device 254:0.
Apr 16 21:05:16.526204 localhost kernel: devtmpfs: mounted
Apr 16 21:05:16.526214 localhost kernel: Freeing unused kernel memory: 1360K
Apr 16 21:05:16.526225 localhost kernel: Write protecting the kernel read-only data: 16384k
Apr 16 21:05:16.526235 localhost kernel: Freeing unused kernel memory: 2012K
Apr 16 21:05:16.526249 localhost kernel: Freeing unused kernel memory: 2040K
Apr 16 21:05:16.526263 localhost systemd[1]: systemd 232 running in system mode. (+PAM +AUDIT -SELINUX +IMA +APPARMOR +SMACK -SYSVINIT -UTMP -LIBCRYPTSETUP +GCRYPT -GNUTLS -ACL -XZ +LZ4 +SECCOMP +BLKID -ELFUTILS +KMOD -IDN)
Apr 16 21:05:16.526277 localhost systemd[1]: Detected virtualization kvm.
Apr 16 21:05:16.526290 localhost systemd[1]: Detected architecture x86-64.
Apr 16 21:05:16.526301 localhost systemd[1]: Initializing machine ID from KVM UUID.
Apr 16 21:05:16.526313 localhost systemd[1]: Installed transient /etc/machine-id file.
Apr 16 21:05:16.526324 localhost systemd[1]: Started Dispatch Password Requests to Console Directory Watch.
Apr 16 21:05:16.526338 localhost systemd[1]: Created slice User and Session Slice.
Apr 16 21:05:16.526350 localhost systemd[1]: Listening on Network Service Netlink Socket.
Apr 16 21:05:16.526362 localhost systemd[1]: Listening on Journal Socket.
Apr 16 21:05:16.526373 localhost systemd[1]: Started Forward Password Requests to Wall Directory Watch.
Apr 16 21:05:16.728977 localhost kernel: LoadPin: dev(254,0): read-only
Apr 16 21:05:16.729135 localhost kernel: LoadPin: load pinning engaged.
Apr 16 21:05:16.732991 localhost kernel: LoadPin: kernel-module pinned obj="/lib/modules/4.14.94+/kernel/arch/x86/crypto/glue_helper.ko" pid=130 cmdline="/usr/lib/systemd/systemd-udevd"
Apr 16 21:05:16.768894 localhost kernel: AVX2 version of gcm_enc/dec engaged.
Apr 16 21:05:16.769033 localhost kernel: AES CTR mode by8 optimization enabled
Apr 16 21:05:16.804996 localhost kernel: EXT4-fs (sda8): mounted filesystem with ordered data mode. Opts: (null)
Apr 16 21:05:16.965982 localhost kernel: EXT4-fs (sda1): mounted filesystem with ordered data mode. Opts: commit=30
Apr 16 21:05:17.042029 localhost kernel: EXT4-fs (sda1): re-mounted. Opts: commit=30,data=ordered
Apr 16 21:05:17.047192 localhost kernel: EXT4-fs (sda1): re-mounted. Opts: commit=30,data=ordered
Apr 16 21:05:17.053021 localhost kernel: EXT4-fs (sda1): re-mounted. Opts: commit=30,data=ordered
Apr 16 21:05:17.161998 localhost kernel: EXT4-fs (sda1): resizing filesystem from 1271296 to 25126395 blocks
Apr 16 21:05:18.356032 localhost kernel: EXT4-fs (sda1): resized filesystem to 25126395
Apr 16 21:05:18.590754 localhost kernel: ip6_tables: (C) 2000-2006 Netfilter Core Team
Apr 16 21:05:21.500908 e2e-test-peterhornyack-minion-group-06gd kernel: Bridge firewalling registered
Apr 16 21:05:21.826975 e2e-test-peterhornyack-minion-group-06gd kernel: IPv6: ADDRCONF(NETDEV_UP): docker0: link is not ready
Apr 16 21:05:29.292000 e2e-test-peterhornyack-minion-group-06gd kernel: EXT4-fs (sda1): re-mounted. Opts: commit=30,data=ordered
Apr 16 21:06:43.428968 e2e-test-peterhornyack-minion-group-06gd kernel: EXT4-fs (sda1): re-mounted. Opts: commit=30,data=ordered
Apr 16 21:06:44.265968 e2e-test-peterhornyack-minion-group-06gd kernel: Unsafe core_pattern used with fs.suid_dumpable=2.
                                                                        Pipe handler or fully qualified core dump path required.
                                                                        Set kernel.core_pattern before fs.suid_dumpable.
Apr 16 21:06:50.797086 e2e-test-peterhornyack-minion-group-06gd kernel: EXT4-fs (sda1): re-mounted. Opts: commit=30,data=ordered
Apr 16 21:06:55.185757 e2e-test-peterhornyack-minion-group-06gd kernel: IPVS: Registered protocols (TCP, UDP, SCTP, AH, ESP)
Apr 16 21:06:55.198717 e2e-test-peterhornyack-minion-group-06gd kernel: IPVS: Connection hash table configured (size=4096, memory=64Kbytes)
Apr 16 21:06:55.225172 e2e-test-peterhornyack-minion-group-06gd kernel: IPVS: ipvs loaded.
Apr 16 21:06:55.233018 e2e-test-peterhornyack-minion-group-06gd kernel: IPVS: [rr] scheduler registered.
Apr 16 21:06:55.240985 e2e-test-peterhornyack-minion-group-06gd kernel: IPVS: [wrr] scheduler registered.
Apr 16 21:06:55.250931 e2e-test-peterhornyack-minion-group-06gd kernel: IPVS: [sh] scheduler registered.
Apr 16 21:06:55.390079 e2e-test-peterhornyack-minion-group-06gd kernel: ip_set: protocol 6
Apr 16 21:06:56.713736 e2e-test-peterhornyack-minion-group-06gd kernel: IPv6: ADDRCONF(NETDEV_UP): veth47a89a37: link is not ready
Apr 16 21:06:56.713943 e2e-test-peterhornyack-minion-group-06gd kernel: IPv6: ADDRCONF(NETDEV_CHANGE): veth47a89a37: link becomes ready
Apr 16 21:06:56.757953 e2e-test-peterhornyack-minion-group-06gd kernel: cbr0: port 1(veth47a89a37) entered blocking state
Apr 16 21:06:56.758123 e2e-test-peterhornyack-minion-group-06gd kernel: cbr0: port 1(veth47a89a37) entered disabled state
Apr 16 21:06:56.758160 e2e-test-peterhornyack-minion-group-06gd kernel: device veth47a89a37 entered promiscuous mode
Apr 16 21:06:56.758193 e2e-test-peterhornyack-minion-group-06gd kernel: cbr0: port 1(veth47a89a37) entered blocking state
Apr 16 21:06:56.758221 e2e-test-peterhornyack-minion-group-06gd kernel: cbr0: port 1(veth47a89a37) entered forwarding state
Apr 16 21:06:57.447357 e2e-test-peterhornyack-minion-group-06gd kernel: cbr0: port 2(veth3a4c0c25) entered blocking state
Apr 16 21:06:57.447418 e2e-test-peterhornyack-minion-group-06gd kernel: cbr0: port 2(veth3a4c0c25) entered disabled state
Apr 16 21:06:57.447452 e2e-test-peterhornyack-minion-group-06gd kernel: device veth3a4c0c25 entered promiscuous mode
Apr 16 21:06:57.453610 e2e-test-peterhornyack-minion-group-06gd kernel: cbr0: port 2(veth3a4c0c25) entered blocking state
Apr 16 21:06:57.465229 e2e-test-peterhornyack-minion-group-06gd kernel: cbr0: port 2(veth3a4c0c25) entered forwarding state
Apr 16 21:06:57.596951 e2e-test-peterhornyack-minion-group-06gd kernel: cbr0: port 3(veth1a3de485) entered blocking state
Apr 16 21:06:57.597074 e2e-test-peterhornyack-minion-group-06gd kernel: cbr0: port 3(veth1a3de485) entered disabled state
Apr 16 21:06:57.597134 e2e-test-peterhornyack-minion-group-06gd kernel: device veth1a3de485 entered promiscuous mode
Apr 16 21:06:57.597161 e2e-test-peterhornyack-minion-group-06gd kernel: cbr0: port 3(veth1a3de485) entered blocking state
Apr 16 21:06:57.597185 e2e-test-peterhornyack-minion-group-06gd kernel: cbr0: port 3(veth1a3de485) entered forwarding state
Apr 16 21:06:57.708703 e2e-test-peterhornyack-minion-group-06gd kernel: cbr0: port 4(veth34ae04fb) entered blocking state
Apr 16 21:06:57.708760 e2e-test-peterhornyack-minion-group-06gd kernel: cbr0: port 4(veth34ae04fb) entered disabled state
Apr 16 21:06:57.708792 e2e-test-peterhornyack-minion-group-06gd kernel: device veth34ae04fb entered promiscuous mode
Apr 16 21:06:57.720511 e2e-test-peterhornyack-minion-group-06gd kernel: cbr0: port 4(veth34ae04fb) entered blocking state
Apr 16 21:06:57.720688 e2e-test-peterhornyack-minion-group-06gd kernel: cbr0: port 4(veth34ae04fb) entered forwarding state
Apr 16 21:06:58.079963 e2e-test-peterhornyack-minion-group-06gd kernel: cbr0: port 5(vetha7b25449) entered blocking state
Apr 16 21:06:58.080123 e2e-test-peterhornyack-minion-group-06gd kernel: cbr0: port 5(vetha7b25449) entered disabled state
Apr 16 21:06:58.080160 e2e-test-peterhornyack-minion-group-06gd kernel: device vetha7b25449 entered promiscuous mode
Apr 16 21:06:58.080194 e2e-test-peterhornyack-minion-group-06gd kernel: cbr0: port 5(vetha7b25449) entered blocking state
Apr 16 21:06:58.080238 e2e-test-peterhornyack-minion-group-06gd kernel: cbr0: port 5(vetha7b25449) entered forwarding state
Apr 16 21:06:58.308738 e2e-test-peterhornyack-minion-group-06gd kernel: cbr0: port 6(veth9399fbdc) entered blocking state
Apr 16 21:06:58.308819 e2e-test-peterhornyack-minion-group-06gd kernel: cbr0: port 6(veth9399fbdc) entered disabled state
Apr 16 21:06:58.308849 e2e-test-peterhornyack-minion-group-06gd kernel: device veth9399fbdc entered promiscuous mode
Apr 16 21:06:58.320927 e2e-test-peterhornyack-minion-group-06gd kernel: cbr0: port 6(veth9399fbdc) entered blocking state
Apr 16 21:06:58.321089 e2e-test-peterhornyack-minion-group-06gd kernel: cbr0: port 6(veth9399fbdc) entered forwarding state
Apr 16 21:06:58.637390 e2e-test-peterhornyack-minion-group-06gd kernel: cbr0: port 7(vetha77f3e4c) entered blocking state
Apr 16 21:06:58.637469 e2e-test-peterhornyack-minion-group-06gd kernel: cbr0: port 7(vetha77f3e4c) entered disabled state
Apr 16 21:06:58.637502 e2e-test-peterhornyack-minion-group-06gd kernel: device vetha77f3e4c entered promiscuous mode
Apr 16 21:06:58.648934 e2e-test-peterhornyack-minion-group-06gd kernel: cbr0: port 7(vetha77f3e4c) entered blocking state
Apr 16 21:06:58.649084 e2e-test-peterhornyack-minion-group-06gd kernel: cbr0: port 7(vetha77f3e4c) entered forwarding state
Apr 16 21:07:03.732039 e2e-test-peterhornyack-minion-group-06gd kernel: IPv6: ADDRCONF(NETDEV_UP): vethf179585e: link is not ready
Apr 16 21:07:03.732167 e2e-test-peterhornyack-minion-group-06gd kernel: IPv6: ADDRCONF(NETDEV_CHANGE): vethf179585e: link becomes ready
Apr 16 21:07:03.732210 e2e-test-peterhornyack-minion-group-06gd kernel: cbr0: port 8(vethf179585e) entered blocking state
Apr 16 21:07:03.732240 e2e-test-peterhornyack-minion-group-06gd kernel: cbr0: port 8(vethf179585e) entered disabled state
Apr 16 21:07:03.732276 e2e-test-peterhornyack-minion-group-06gd kernel: device vethf179585e entered promiscuous mode
Apr 16 21:07:03.732317 e2e-test-peterhornyack-minion-group-06gd kernel: cbr0: port 8(vethf179585e) entered blocking state
Apr 16 21:07:03.732343 e2e-test-peterhornyack-minion-group-06gd kernel: cbr0: port 8(vethf179585e) entered forwarding state
Apr 16 21:07:16.860813 e2e-test-peterhornyack-minion-group-06gd kernel: IPv6: ADDRCONF(NETDEV_UP): vethb11a8d37: link is not ready
Apr 16 21:07:16.861013 e2e-test-peterhornyack-minion-group-06gd kernel: IPv6: ADDRCONF(NETDEV_CHANGE): vethb11a8d37: link becomes ready
Apr 16 21:07:16.903331 e2e-test-peterhornyack-minion-group-06gd kernel: cbr0: port 9(vethb11a8d37) entered blocking state
Apr 16 21:07:16.903513 e2e-test-peterhornyack-minion-group-06gd kernel: cbr0: port 9(vethb11a8d37) entered disabled state
Apr 16 21:07:16.903555 e2e-test-peterhornyack-minion-group-06gd kernel: device vethb11a8d37 entered promiscuous mode
Apr 16 21:07:16.903596 e2e-test-peterhornyack-minion-group-06gd kernel: cbr0: port 9(vethb11a8d37) entered blocking state
Apr 16 21:07:16.903623 e2e-test-peterhornyack-minion-group-06gd kernel: cbr0: port 9(vethb11a8d37) entered forwarding state
Apr 16 21:07:19.542177 e2e-test-peterhornyack-minion-group-06gd kernel: IPv6: ADDRCONF(NETDEV_UP): veth36591c8c: link is not ready
Apr 16 21:07:19.542344 e2e-test-peterhornyack-minion-group-06gd kernel: IPv6: ADDRCONF(NETDEV_CHANGE): veth36591c8c: link becomes ready
Apr 16 21:07:19.586727 e2e-test-peterhornyack-minion-group-06gd kernel: cbr0: port 10(veth36591c8c) entered blocking state
Apr 16 21:07:19.586925 e2e-test-peterhornyack-minion-group-06gd kernel: cbr0: port 10(veth36591c8c) entered disabled state
Apr 16 21:07:19.586962 e2e-test-peterhornyack-minion-group-06gd kernel: device veth36591c8c entered promiscuous mode
Apr 16 21:07:19.588185 e2e-test-peterhornyack-minion-group-06gd kernel: cbr0: port 10(veth36591c8c) entered blocking state
Apr 16 21:07:19.600061 e2e-test-peterhornyack-minion-group-06gd kernel: cbr0: port 10(veth36591c8c) entered forwarding state
Apr 16 21:07:21.591956 e2e-test-peterhornyack-minion-group-06gd kernel: cbr0: port 1(veth47a89a37) entered disabled state
Apr 16 21:07:21.607055 e2e-test-peterhornyack-minion-group-06gd kernel: device veth47a89a37 left promiscuous mode
Apr 16 21:07:21.608212 e2e-test-peterhornyack-minion-group-06gd kernel: cbr0: port 1(veth47a89a37) entered disabled state
Apr 16 21:07:25.610053 e2e-test-peterhornyack-minion-group-06gd kernel: cbr0: port 6(veth9399fbdc) entered disabled state
Apr 16 21:07:25.610131 e2e-test-peterhornyack-minion-group-06gd kernel: device veth9399fbdc left promiscuous mode
Apr 16 21:07:25.610173 e2e-test-peterhornyack-minion-group-06gd kernel: cbr0: port 6(veth9399fbdc) entered disabled state
Apr 16 21:09:56.679467 e2e-test-peterhornyack-minion-group-06gd kernel: IPv6: ADDRCONF(NETDEV_UP): vethf4f447df: link is not ready
Apr 16 21:09:56.679654 e2e-test-peterhornyack-minion-group-06gd kernel: IPv6: ADDRCONF(NETDEV_CHANGE): vethf4f447df: link becomes ready
Apr 16 21:09:56.700832 e2e-test-peterhornyack-minion-group-06gd kernel: cbr0: port 1(vethf4f447df) entered blocking state
Apr 16 21:09:56.701002 e2e-test-peterhornyack-minion-group-06gd kernel: cbr0: port 1(vethf4f447df) entered disabled state
Apr 16 21:09:56.701041 e2e-test-peterhornyack-minion-group-06gd kernel: device vethf4f447df entered promiscuous mode
Apr 16 21:09:56.712801 e2e-test-peterhornyack-minion-group-06gd kernel: cbr0: port 1(vethf4f447df) entered blocking state
Apr 16 21:09:56.712970 e2e-test-peterhornyack-minion-group-06gd kernel: cbr0: port 1(vethf4f447df) entered forwarding state
Apr 16 21:26:40.065792 e2e-test-peterhornyack-minion-group-06gd kernel: IPv6: ADDRCONF(NETDEV_UP): veth3c6a8a35: link is not ready
Apr 16 21:26:40.068534 e2e-test-peterhornyack-minion-group-06gd kernel: IPv6: ADDRCONF(NETDEV_CHANGE): veth3c6a8a35: link becomes ready
Apr 16 21:26:40.113263 e2e-test-peterhornyack-minion-group-06gd kernel: cbr0: port 6(veth3c6a8a35) entered blocking state
Apr 16 21:26:40.113479 e2e-test-peterhornyack-minion-group-06gd kernel: cbr0: port 6(veth3c6a8a35) entered disabled state
Apr 16 21:26:40.113518 e2e-test-peterhornyack-minion-group-06gd kernel: device veth3c6a8a35 entered promiscuous mode
Apr 16 21:26:40.113554 e2e-test-peterhornyack-minion-group-06gd kernel: cbr0: port 6(veth3c6a8a35) entered blocking state
Apr 16 21:26:40.113581 e2e-test-peterhornyack-minion-group-06gd kernel: cbr0: port 6(veth3c6a8a35) entered forwarding state
Apr 16 21:26:50.943411 e2e-test-peterhornyack-minion-group-06gd kernel: IPv6: ADDRCONF(NETDEV_UP): vethd276156b: link is not ready
Apr 16 21:26:50.943583 e2e-test-peterhornyack-minion-group-06gd kernel: IPv6: ADDRCONF(NETDEV_CHANGE): vethd276156b: link becomes ready
Apr 16 21:26:50.962939 e2e-test-peterhornyack-minion-group-06gd kernel: cbr0: port 11(vethd276156b) entered blocking state
Apr 16 21:26:50.963088 e2e-test-peterhornyack-minion-group-06gd kernel: cbr0: port 11(vethd276156b) entered disabled state
Apr 16 21:26:50.963133 e2e-test-peterhornyack-minion-group-06gd kernel: device vethd276156b entered promiscuous mode
Apr 16 21:26:50.974862 e2e-test-peterhornyack-minion-group-06gd kernel: cbr0: port 11(vethd276156b) entered blocking state
Apr 16 21:26:50.975083 e2e-test-peterhornyack-minion-group-06gd kernel: cbr0: port 11(vethd276156b) entered forwarding state
Apr 16 21:30:06.928041 e2e-test-peterhornyack-minion-group-06gd kernel: cbr0: port 6(veth3c6a8a35) entered disabled state
Apr 16 21:30:06.947159 e2e-test-peterhornyack-minion-group-06gd kernel: device veth3c6a8a35 left promiscuous mode
Apr 16 21:30:06.947406 e2e-test-peterhornyack-minion-group-06gd kernel: cbr0: port 6(veth3c6a8a35) entered disabled state
Apr 16 21:30:37.234962 e2e-test-peterhornyack-minion-group-06gd kernel: cbr0: port 11(vethd276156b) entered disabled state
Apr 16 21:30:37.249485 e2e-test-peterhornyack-minion-group-06gd kernel: device vethd276156b left promiscuous mode
Apr 16 21:30:37.250588 e2e-test-peterhornyack-minion-group-06gd kernel: cbr0: port 11(vethd276156b) entered disabled state
Apr 16 21:35:54.761641 e2e-test-peterhornyack-minion-group-06gd kernel: IPv6: ADDRCONF(NETDEV_UP): veth2166180b: link is not ready
Apr 16 21:35:54.761833 e2e-test-peterhornyack-minion-group-06gd kernel: IPv6: ADDRCONF(NETDEV_CHANGE): veth2166180b: link becomes ready
Apr 16 21:35:54.802953 e2e-test-peterhornyack-minion-group-06gd kernel: cbr0: port 6(veth2166180b) entered blocking state
Apr 16 21:35:54.803104 e2e-test-peterhornyack-minion-group-06gd kernel: cbr0: port 6(veth2166180b) entered disabled state
Apr 16 21:35:54.803140 e2e-test-peterhornyack-minion-group-06gd kernel: device veth2166180b entered promiscuous mode
Apr 16 21:35:54.803179 e2e-test-peterhornyack-minion-group-06gd kernel: cbr0: port 6(veth2166180b) entered blocking state
Apr 16 21:35:54.803214 e2e-test-peterhornyack-minion-group-06gd kernel: cbr0: port 6(veth2166180b) entered forwarding state
Apr 16 21:36:04.773786 e2e-test-peterhornyack-minion-group-06gd kernel: IPv6: ADDRCONF(NETDEV_UP): veth3bc883df: link is not ready
Apr 16 21:36:04.774796 e2e-test-peterhornyack-minion-group-06gd kernel: IPv6: ADDRCONF(NETDEV_CHANGE): veth3bc883df: link becomes ready
Apr 16 21:36:04.821194 e2e-test-peterhornyack-minion-group-06gd kernel: cbr0: port 11(veth3bc883df) entered blocking state
Apr 16 21:36:04.821352 e2e-test-peterhornyack-minion-group-06gd kernel: cbr0: port 11(veth3bc883df) entered disabled state
Apr 16 21:36:04.821390 e2e-test-peterhornyack-minion-group-06gd kernel: device veth3bc883df entered promiscuous mode
Apr 16 21:36:04.821446 e2e-test-peterhornyack-minion-group-06gd kernel: cbr0: port 11(veth3bc883df) entered blocking state
Apr 16 21:36:04.821477 e2e-test-peterhornyack-minion-group-06gd kernel: cbr0: port 11(veth3bc883df) entered forwarding state
Apr 16 21:37:52.745275 e2e-test-peterhornyack-minion-group-06gd kernel: cbr0: port 6(veth2166180b) entered disabled state
Apr 16 21:37:52.766228 e2e-test-peterhornyack-minion-group-06gd kernel: device veth2166180b left promiscuous mode
Apr 16 21:37:52.766277 e2e-test-peterhornyack-minion-group-06gd kernel: cbr0: port 6(veth2166180b) entered disabled state
Apr 16 21:38:22.730356 e2e-test-peterhornyack-minion-group-06gd kernel: cbr0: port 11(veth3bc883df) entered disabled state
Apr 16 21:38:22.744289 e2e-test-peterhornyack-minion-group-06gd kernel: device veth3bc883df left promiscuous mode
Apr 16 21:38:22.745481 e2e-test-peterhornyack-minion-group-06gd kernel: cbr0: port 11(veth3bc883df) entered disabled state
